# A number, then the words denoting it: 1 one first
# Kyrgyz in Cyrillic script (36 letters). pkg/kb ships kbdkyr (Kyrgyz Cyrillic); CLDR ky is Cyrillic. Letters CLDR keeps in auxiliary (в ф ц щ ь) are included because they belong to the standard alphabet and occur in Russian loans.
0 нөл нөлүнчү
1 бир биринчи
2 эки экинчи
3 үч үчүнчү
4 төрт төртүнчү
5 беш бешинчи
6 алты алтынчы
7 жети жетинчи
8 сегиз сегизинчи
9 тогуз тогузунчу
10 он онунчу
11 онбир онбиринчи
12 онэки онэкинчи
13 онүч онүчүнчү
14 онтөрт онтөртүнчү
15 онбеш онбешинчи
16 оналты оналтынчы
17 онжети онжетинчи
18 онсегиз онсегизинчи
19 онтогуз онтогузунчу
20 жыйырма жыйырманчы
21 жыйырмабир
22 жыйырмаэки
23 жыйырмаүч
24 жыйырматөрт
30 отуз отузунчу
40 кырк кыркынчы
50 элүү элүүнчү
60 алтымыш алтымышынчы
70 жетимиш жетимишинчи
80 сексен сексенинчи
90 токсон токсонунчу
100 жүз жүзүнчү
200 экижүз
300 үчжүз
400 төртжүз
500 бешжүз
600 алтыжүз
700 жетижүз
800 сегизжүз
900 тогузжүз
1000 миң миңинчи
1000000 миллион миллионунчу
1000000000 миллиард миллиардынчы
