# Words carrying no distinguishing sense, one per line.
# Kyrgyz in Cyrillic script (36 letters). pkg/kb ships kbdkyr (Kyrgyz Cyrillic); CLDR ky is Cyrillic. Letters CLDR keeps in auxiliary (в ф ц щ ь) are included because they belong to the standard alphabet and occur in Russian loans.
жана
же
бирок
эмне
үчүн
кантип
ким
кайда
качан
менин
сенин
анын
биздин
сиздин
алардын
мен
сен
ал
биз
сиз
алар
бул
ошол
ушул
да
де
та
те
го
эле
гана
абдан
бардык
ар
кийин
чейин
жөнүндө
аркылуу
сыяктуу
эң
менен
дагы
эч
