# Words of like meaning, one group per line.
# Kyrgyz in Cyrillic script (36 letters). pkg/kb ships kbdkyr (Kyrgyz Cyrillic); CLDR ky is Cyrillic. Letters CLDR keeps in auxiliary (в ф ц щ ь) are included because they belong to the standard alphabet and occur in Russian loans.
баштоо старт башталыш ачуу
дүкөн базар маркет сатыпалуу
кирүү логин киргизүү мүмкүнчүлүк
аккаунт профиль кабинет эсеп
колдонуучу пайдалануучу логин ат
коопсуз ишенимдүү корголгон текшерилген
коопсуздук коргоо сактоо калкан
текшерүү ырастоо тастыктоо көзөмөл
сырсөз пароль пин код
авторизация аутентификация токен сеанс
калыбынакелтирүү калыбына кайтаруу ачуу
колдоо жардам кызмат көмөк
байланыш кайрылуу туташуу суроо
төлөө төлөм касса төлөмакы
эсепфактура фактура квитанция чек
банк каржы акча капчык
карта кредит дебет насыя
которуу транзакция депозит чыгаруу
крипто монета блокчейн майнинг
почта email кабар кат
булут сервер хост хостинг
веб сайт онлайн тармак портал
домен шилтеме дарек url
жаңылык блог басмасөз медиа
акысыз белек бонус промо
арзандатуу сатуу сунуш купон
байге утуш сыйлык лотерея
мыкты топ премиум про
расмий чыныгы түпнуска накта
жаңы акыркы жаңыртылган заманбап
ылдам тез шапшаң экспресс
колдонмо программа софт курал
жүктөө алуу орнотуу тууралоо
жаңыртуу өркүндөтүү узартуу патч
издөө табуу суроо талап
жеткирүү жөнөтүү посылка көзөмөлдөө
заказ себет корзина сатыпалуу
кардар клиент жазылуучу сатыпалуучу
админ башкаруу консоль панель
борбор түйүн негизги жалпы
топ команда компания корпорация
маалымат камдык архив сактагыч
сүрөт фото галерея элес
видео стрим көрүү ойнотуу
музыка аудио үн радио
оюн оюндар оюнчу аркада
чат сүйлөшүү мессенджер түз
социалдык тармак коомчулук достор
жумуш иш кесип жалдоо
денсоолук медицина клиника дарыкана
саякат каттам мейманкана брондоо
тамак ресторан меню ашкана
мектеп окуу курс билим
мыйзам укуктук сот укук
өкмөт мамлекет министрлик мамкызмат
салык киреше бажы алым
камсыздандыруу полис талап каптоо
кыймылсыз ижара үй мүлк
авто унаа мотор транспорт
энергия кубат электр газ
мобилдик телефон смс чалуу
эскертүү дүрбөлөң билдирүү шашылыш
жазылуу мүчөлүк тариф узартуу
упай бонус кэшбэк миль
пикир рейтинг баа ой
