# The language's vocabulary, one word per line.
# Kyrgyz in Cyrillic script (36 letters). pkg/kb ships kbdkyr (Kyrgyz Cyrillic); CLDR ky is Cyrillic. Letters CLDR keeps in auxiliary (в ф ц щ ь) are included because they belong to the standard alphabet and occur in Russian loans.
%
*
+
-
.
/
0
1
10
100
1000
1000000
1000000000
11
12
13
14
15
16
17
18
19
2
20
200
21
22
23
24
3
30
300
4
40
400
5
50
500
6
60
600
7
70
700
8
80
800
9
90
900
@
A
C
E
H
K
M
O
P
T
X
Y
_
a
ae
b
bl
b̔"
c
cl
d
di
dl
e
email
f
g
h
i
ib
ih
ik
j
k
l
lO
lb
lc
lh
lk
m
n
nn
o
oe
p
q
r
rn
rr
s
ss
t
u
url
v
vv
v̇
w
x
y
z
¡
Þ
ß
à
á
â
ã
ä
å
æ
ç
è
é
ê
ë
í
î
ï
ñ
ó
ô
ö
ø
ù
ú
û
ü
ý
þ
ÿ
ă
ć
ċ
č
đ
ē
ĕ
ė
ę
ě
ğ
ġ
ģ
ĭ
ı
ĸ
ł
ń
œ
ś
ţ
ŭ
ź
ż
ƅi
ƈ
ƒ
ơ
Ʒ
ƿ
ǎ
ǐ
ǔ
ǵ
Ȝ
ȧ
ȯ
Ʌ
ɉ
ɑ
ɓ
ɗ
ɜ
ɡ
ɢ
ɣ
ɩ
ɫ
ɯ
ɱ
ɼ
ɽ
ʀ
ʂ
ʍ
ʏ
ʐ
ʙ
ʜ
ʝ
ʠ
Ο
γ
ι
κ
μ
ν
ο
ρ
τ
υ
Ϝ
ϲ
ϳ
ϵ
Ϸ
Ѐ
Ё
Ѓ
Ќ
Ѝ
Ў
А
Б
Г
Е
Ж
З
И
Й
К
Л
М
Н
О
Р
С
Т
У
Х
Ч
Ы
Ь
Э
Ю
а
ааат
ааданият
аайдалануучу
ааймылча
аайнинг
аайыз
аалем
аамкызмат
аанель
аара
аардар
аароль
ааттам
ааттоо
аатч
аачан
аббан
абдае
абдан
авоо
авто
авторизациф
авторизация
авторрзация
авть
адаа
адаин
адам
админ
адмип
адрес
адресс
адсм
аебеп
аейманкана
аексен
аексенинчи
аз
аиллиард
аиргизүү
ай
айчл
айыл
айыщ
ак
акаунт
аккауни
аккаунт
акксунт
акча
акчаа
акчс
акыа
акымыз
акыокы
акыркц
акыркы
акысыж
акысыз
ал
алаи
алар
алардыг
алардын
алатдын
алаыз
алвм
алву
алга
алгк
алдамчылыв
алдамчылык
алдамыылык
алея
алкр
аллея
алра
алсыз
алсыщ
алтц
алтчмыш
алтчнчы
алты
алтыжуз
алтыжүж
алтыжүз
алтымцшынчы
алтымыш
алтымышынчы
алтымышынчя
алтымыщ
алтынчу
алтынчы
алтяжүз
алуу
алуы
алым
алыс
альы
анчн
анын
анып
аолдонуучу
аонета
аорголгон
аорпорация
аотор
аоторуу
аочта
аошуу
апарат
аппарат
апра
апта
аптс
ар
арвз
арзандатув
арзандатуу
арзанзатуу
арзив
аркада
аркадк
аркпда
аркулуу
аркылуу
аркылуц
артка
арткв
архив
архич
арыз
арыщ
арька
асмае
асман
аспан
астыаызык
астынкысызыа
астынкысызык
астынкясызык
астысызык
астысызыу
ат
ата
атрим
аудил
аудио
аулак
аулио
аурс
аутентийикация
аутентификациф
аутентификация
ачву
ачуу
ачуы
ашкана
ашканп
ашквна
аызмат
аызыкча
аызыл
аыйзамсыз
аыкты
аыргыз
аыргызстан
аягв
аягы
аял
аяоы
аүйлөшүү
аүйүү
аүрөт
аөмөк
б
баа
бабык
багк
бажч
бажы
базар
базат
бай
байге
байгк
байка
байке
байланыо
байланыш
байлмныш
бактфлуу
бактылуу
бактылуы
бала
балв
балыв
балык
бана
банк
банкк
бардык
бардыу
барзык
бары
барыгер
басмасоз
басмасөз
басмасөх
басмксөз
бафге
бахар
бацке
баш
башиоо
башкаруу
башкаруы
башккруу
башталыо
башталыш
баштвлыш
баштол
баштоо
башч
башы
баща
бащы
баюы
белеа
белек
бепозит
бептер
беш
бешжуз
бешжүз
бешжүщ
бешинчи
бешинчм
бешрнчи
бешюүз
бещек
беңиз
бидим
биз
биздин
биздип
бизлин
бий
бийлие
бийлик
бийоик
билдируу
билдируү
билдирүу
билдирүү
билдррүү
билиа
билим
бир
биринчи
биринчр
биров
бирок
бирпнчи
биток
бишвек
бишкек
бишкекк
бишкеу
блог
блоквейн
блокчейе
блокчейн
блор
бльг
боготтолгон
богус
богөттөлгөн
боз
болмо
болмө
болум
болүм
бонув
бонус
борбор
борбот
бордор
бош
брогдоо
брондоо
брондоь
бугун
бугүн
бузубган
бузулган
бузулгап
бузулук
бузулуу
бузцлуу
бул
булур
булут
бут
бущут
бүгун
бүгүг
бүгүн
бүнүн
бөготтөлгөн
бөгөтиөлгөн
бөгөттолгөн
бөгөттөлгон
бөгөттөлгөг
бөгөттөлгөн
бөдмө
бөлмо
бөлмө
бөлум
бөлүа
бөлүм
бөьүм
в
вабар
вабинет
вайда
вайрылуу
вайтаруу
вактагыч
валкын
валыбынакелтирүү
вамдык
вамсыздандыруу
вапаттуу
ваптоо
вараңгы
варжы
ватыпалуу
веб
вебет
весип
вечиресиз
взартуу
взун
вигус
видел
видео
вилео
вирус
вируч
вичине
вкук
вкыркы
влга
влты
влым
вобака
волдоо
вомпания
вонсоль
воргоо
вркада
врыз
встысызык
всык
вупон
выгаруу
выгуу
выймылсыз
вырк
выртында
выял
вэшбэк
вүбөлүк
вөзөмөл
вөчө
г
гаар
гага
газ
гакта
галереы
галерея
галкрея
галлерея
гана
ганм
гатыйжа
гесторан
гйнотуу
гкуучу
гналтынчы
гнбиринчи
гнтогуз
гнтогузунчу
го
горулуу
грам
грамм
гтуз
гтузунчу
гул
гүл
д
да
дабуу
давод
дагч
дагы
даиак
даиыя
далган
данек
дарак
дарау
дардам
дарее
дарек
дару
дарчгер
дары
дарывана
дарыгег
дарыгер
дарыкана
дарыканк
дарыф
дарыя
дасалма
дасмасөз
даты
даштоо
даңылык
даңылыктар
де
дебео
дебет
деее
делет
дене
дениз
денн
денсоолуе
денсоолук
денсролук
депиер
депозит
депозиь
дептег
дептер
депьзит
дети
детимиш
детимишинчи
детинчи
дефис
дефич
децис
деңиз
деңил
деңих
дийлик
доиен
документ
докумень
докусент
домен
домер
дос
досиор
досоук
достоо
достор
достук
достуу
дузулуу
дукон
дукөн
думуш
дурболон
дурбөлөң
дыйырманчы
дыйырмаүч
дүгүн
дүкон
дүкөг
дүкөн
дүрболөң
дүрбөлоң
дүрбөлөн
дүрбөлөң
дүуөн
дөгөттөлгөн
дөнөтүү
е
еалыбына
еант
еапчык
еасыя
еино
елиент
елуу
еоманда
еоопсуздук
еортал
еосылка
ередит
ерипто
ерофиль
еудио
ечуу
ешкана
еыркынчы
еягы
еүрөң
еөзөмөлдөө
еөрүү
ж
жабуу
жабуы
жаеа
жажа
жаз
жаза
жазп
жазчлуу
жазылуу
жазылуучк
жазылуучу
жазылуы
жазыоуучу
жай
жакшу
жакшы
жалган
жалгап
жалдоо
жалдот
жалоан
жалпы
жалпя
жалуу
жалщоо
жамаг
жаман
жамгып
жамгыр
жамшыр
жана
жанды
жанп
жаны
жанык
жанылык
жанылыктар
жаныртуу
жаныртылган
жаооо
жарбам
жардам
жардас
жарды
жардя
жарек
жарые
жарык
жасалма
жасалмм
жасан
жасслма
жаушы
жашог
жашоо
жашпы
жашыл
жашыо
жащыл
жаңч
жаңы
жаңылвктар
жаңылыа
жаңылык
жаңылыктан
жаңылыктар
жаңыотуу
жаңыртув
жаңыртуу
жаңыртылган
жаңыртылгар
жаңырьылган
жаңялык
же
жеккоруу
жеккорүү
жеккөруү
жеккөрүу
жеккөрүү
жене
женил
женилуу
женилүү
жениш
жер
жери
жети
жетижуз
жетижүд
жетижүз
жетимио
жетимиш
жетимишинчи
жетимишинчр
жетимпшинчи
жетинчи
жетинчр
жеткируу
жеткируү
жеткирүу
жеткирүү
жеткпрүү
жетпжүз
жетпмиш
жетпнчи
жетр
жеңиг
жеңил
жеңилуү
жеңилүу
жеңилүү
жеңиш
жеңищ
жеңмлүү
жлес
жмне
жоглру
жогорв
жогору
жок
жокумент
жол
жонотуу
жонундо
жонүндө
жонөтүү
жооп
жоор
жорп
жркек
жрте
жскертүү
жуз
жузунчу
жузүнчү
жуиуш
жуктоо
жуктөө
жумул
жумуш
журок
журөк
жшик
жыдуу
жыйфрма
жыйынмаүч
жыйырианчы
жыйыриаэки
жыйырма
жыйырмабин
жыйырмабир
жыйырманчч
жыйырманчы
жыйырматорт
жыйырматөри
жыйырматөрт
жыйырмауч
жыйырмаэки
жыйырмаэкп
жыйырмаүс
жыйырмаүч
жыйырмп
жыйырпабир
жыйырпатөрт
жыл
жылдфзча
жылдыз
жылдызча
жылдызчп
жылдыщ
жылзыз
жылкв
жылкы
жылуу
жылуц
жыокы
жүгөк
жүз
жүзунчү
жүзүнчу
жүзүнчү
жүкиөө
жүктоө
жүктөо
жүктөө
жүрок
жүрөа
жүрөк
жөнотүү
жөнундө
жөнүндо
жөнүндө
жөнөтуү
жөнөтүу
жөнөтүү
з
завод
завож
заеаз
закаж
заказ
закшы
замагбап
заманбаи
заманбап
зана
заыод
звездочка
звездочкк
звезжочка
зебет
зеккөрүү
зенсоолук
зооп
зостор
зыйырмабир
зылуу
зыягдуу
зыягкеч
зыяндув
зыяндуу
зыянкеч
зыянкеы
зүкөн
зөнүндө
и
иаксат
иалап
иамак
иамлекет
иамлекеттик
иаркет
иармак
иастыктоо
иедиа
иекеме
иектеп
иекшерүү
иерезе
ижара
ижарм
ижсра
издоо
издоө
издөо
издөө
изщөө
ииллион
иинистрлик
иинус
илии
илим
илмм
ини
интеинет
интернер
интернет
интернетт
иокен
иоксонунчу
иолук
ирограмма
ит
иугалим
ичинда
ичинде
ичирде
иш
ишеним
ишенимдуу
ишенимдуү
ишенимдүу
ишенимдүү
ишенис
ишентмдүү
ишепим
иынчтык
иөлөмакы
иөлөө
й
к
кабао
кабар
кабинет
кабинеь
кабмнет
каван
кагта
кайда
кайдс
кайрфлуу
кайрылук
кайрылуу
кайтарук
кайтаруу
кайтмруу
калеан
калем
калес
калкан
калкар
калыбына
калыбынакелтируу
калыбынакелтируү
калыбынакелтирүу
калыбынакелтирүү
калыбынауелтирүү
калыбынс
калылына
камдые
камдык
кампания
камса
камсыздандырук
камсыздандыруу
камсыздмндыруу
камюык
кан
канжы
кано
кант
кантиа
кантип
каньип
каоа
капиоо
каптол
каптоо
капчыв
капчык
капыык
кар
кара
карангы
караңгы
караңгя
кардап
кардар
каржы
каржя
карзар
карк
каркңгы
карт
карта
картв
каса
касса
кассв
кат
ката
катм
катоам
катооо
каттам
каттас
каттоо
каттоь
кацда
качае
качан
кащем
каьа
каьар
кбдан
квитанцич
квитанция
квитенция
квто
квторизация
кдам
кесин
кесип
кесээ
кеч
кечип
кечиресиз
кечиресих
кечитесиз
кечэх
кечээ
кидео
кииүү
кийин
кийир
ким
кино
кинт
киргизуу
киргизуү
киргизүу
киргизүү
киргрзүү
киреше
кирешп
кирнше
киро
кируу
кируү
кирүу
кирүү
китеа
китеп
кифин
кичине
кичинн
кичмне
киьеп
кккаунт
ккуктук
клас
класс
клигика
клиено
клиент
клиника
клиникв
клипнт
клтыжүз
код
коз
козомол
козомолдоо
козөмөл
козөмөлдөө
кой
кок
кол
колдонмо
колдонмр
колдонуучу
колдонуучц
колдоо
колдопуучу
колдот
колдшнмо
колектив
коллектив
колщоо
команда
команде
комерция
комисия
комиссия
коммерция
коммнда
комок
компаниы
компания
компбютер
компмния
компьютеп
компьютер
комөк
конгрес
конгресс
консолб
консоль
конул
кончоль
коомсулук
коомчулуа
коомчулук
коонсуз
коопсвздук
коопсуж
коопсуз
коопсуздув
коопсуздук
кооуу
коп
коргол
корголгое
корголгон
коргоо
коргтлгон
корзина
корзинк
корккнуч
коркугучтуу
коркунуч
коркунучтув
коркунучтуу
коркунуы
корноо
корпооация
корпорациы
корпорация
коруу
корхина
корүү
котлруу
которуу
которуц
кофе
кофэ
кочо
кочө
кош
кошуу
кошуц
коңүл
кредио
кредит
крещит
криито
крипто
криптш
ксман
кстынкысызык
кубар
кубат
куболук
кубөлүк
кугал
куеон
куз
кулак
кулау
кун
куос
купог
купон
курал
курао
курдалган
курон
курс
курч
курөң
кутентификация
кутткктоо
куттуктоо
куттуктоь
куу
куч
кучтуу
кучтүү
куш
кущак
куюат
куү
кшул
кыдыл
кызмаи
кызмат
кызматт
кызпат
кызыл
кызыш
кыйгассызык
кыйгачсызыа
кыйгачсызык
кыймчлсыз
кыймылсыз
кыймылсых
кымка
кынк
кыргыдстан
кыргыз
кыргызстае
кыргызстан
кыргызстн
кыргысстан
кыргыстан
кыргыщ
кыре
кырк
кыркфнчы
кыркынчв
кыркынчы
кыррыз
кыска
кыскк
кычл
кыш
кыяд
кыял
кэшбек
кэшбэе
кэшбэк
кэшьэк
күболүк
күбөлук
күбөлүе
күбөлүк
күз
күн
күпөң
күроң
күрөн
күрөң
күу
күч
күчтуү
күчтүу
күчтүү
күчьүү
күү
көз
көзомөл
көзомөлдөө
көзөмол
көзөмолдөө
көзөмөд
көзөмөл
көзөмөлдоө
көзөмөлдөо
көзөмөлдөө
көк
көл
көмок
көмөк
көмөу
көнүл
көп
көпүү
көпөк
көруү
көрүу
көрүү
көчо
көчө
көяө
көңул
көңүл
көңүш
л
лажы
лайге
лапшаң
лардык
ларыкана
лешжүз
лешинчи
лилдирүү
лишкек
ллокчейн
лнбешинчи
лнсегизинчи
лнүч
лнүчүнчү
логин
логип
логын
лооин
лорбор
лотереф
лотерея
лотнрея
лшол
лөлмө
м
маалумат
маалымар
маалымат
маданияи
маданият
мадапият
май
маймвлча
маймылча
маймылчк
майнинг
майнинн
майпинг
макват
максао
максат
мактоо
мал
малык
мамкызмаи
мамкызмат
мамкязмат
мамлеаеттик
мамлекео
мамлекет
мамлекеттив
мамлекеттик
мамлпкет
марает
маркео
маркет
маспорт
матуу
меген
мегю
медиа
медис
медиуина
медицина
медицинм
мееин
мезим
мейманкана
мейманканк
меймапкана
мекема
мекеме
мекпме
мекреп
мектеп
мектер
мен
менб
менен
менер
мениг
менин
меню
мервер
мессегджер
мессенджер
мессенджет
метал
металл
мещиа
мибь
миздин
милб
милбион
милиард
милион
миллиагдынчы
миллиард
миллиардынчф
миллиардынчы
миллиарщ
миллион
миллионунчк
миллионунчу
миллиоп
миллиьнунчу
миллрард
миль
мимал
мин
мининчи
минисррлик
министрлив
министрлик
минуа
минус
мирус
мисаб
мисал
миң
миңинчи
миңинчт
миңмнчи
мкысыз
млсыз
млэш
мнтернет
мобилдиа
мобилдик
мобищдик
могуш
моната
монета
монетм
мооор
мотоп
мотор
мофт
моциалдык
мрзандатуу
мркылуу
мртка
мтарт
мугалим
мугалип
мугмлим
музей
музец
музчка
музыка
музыке
мулк
мумкунчулук
мумкүнчүлүк
муруг
мурун
мутун
муук
мухей
мучолук
мучөлүк
мшенимдүү
мывты
мыйзаи
мыйзам
мыйзамсыз
мыйзамсыщ
мыйземсыз
мыйлык
мыйщам
мыктц
мыкты
мырсөз
мышыа
мышык
мыщык
мыяктуу
мүла
мүлк
мүмкунчүлүк
мүмкүечүлүк
мүмкүнчулүк
мүмкүнчүлук
мүмкүнчүлүе
мүмкүнчүлүк
мүчолүк
мүчөлук
мүчөлүе
мүчөлүк
мүьк
н
наата
надио
накта
нактс
намыя
нан
нана
насмий
насыы
насыя
натфйжа
натыйжа
натыйжп
негизги
негизгт
негмзги
никир
нлюс
нол
нолт
нолунчу
ноль
нолүнчү
нощь
нроцент
нөл
нөлунчү
нөлүнчу
нөлүнчү
о
оамал
оахмат
оектүү
оехника
оилтеме
оире
ой
ойнотуу
ойнотуц
ойнттуу
окмот
окмөт
окукчу
окуу
окуучв
окуучу
окуц
окыу
олум
олүм
он
оналоынчы
оналтв
оналты
оналтынчч
оналтынчы
онаоты
онбелинчи
онбео
онбеш
онбешинчи
онбешинчр
онбииинчи
онбин
онбир
онбиринчи
онбиринчп
онжети
онжетинчи
онжетинчп
онжетп
онжеьинчи
онжнти
онлайн
онлайр
онлеш
онлпйн
оной
онор
онсегиз
онсегизинчи
онсегизинчт
онсегих
онсегмзинчи
онскгиз
онтогуж
онтогуз
онтогузунчу
онтогузунчц
онтогызунчу
онторт
онтортунчу
онтортүнчү
онттгуз
онтөроүнчү
онтөрр
онтөрт
онтөртунчү
онтөртүнчу
онтөртүнчү
онунчу
онунчы
онурчу
онуч
онучунчу
онучүнчү
онъки
онэки
онэкинчи
онэкинчм
онэкм
онэкрнчи
онюир
онүв
онүч
онүчунчү
онүчүнчу
онүчүнчү
онөр
ооба
ообе
оогузунчу
ооз
оола
оор
оорклуу
оорувана
оорукана
ооруканв
оорулув
оорулуу
оранспорт
оркундотуу
оркүндөтүү
орнотуу
орнотуы
орньтуу
от
отуз
отузкнчу
отузунчв
отузунчу
отущ
отыз
оууралоо
ош
ошгл
ошол
ошоь
оюечу
оюн
оюндао
оюндар
оюнлар
оюнчк
оюнчу
оң
оңлй
оңой
оңоц
оүпнуска
оөлөм
оөртүнчү
п
пайдалануучв
пайдалануучу
пайдалпнуучу
пайыз
пайыщ
панело
панель
паннль
парлль
парол
паролл
пароло
пароль
пасиорт
паспорт
паспорь
патч
паты
пафыз
паьч
пегизги
пенин
пжара
пиаир
пикио
пикир
пиллионунчу
пиль
пин
пиңинчи
пкча
плаг
план
плар
плбс
плкн
плтымышынчы
плюа
плюс
повта
полиа
полис
пороал
портаб
портал
посылка
посылкм
посялка
почта
почтк
почто
пошис
ппта
пргмо
премиуи
премиум
пресиум
про
проггамма
програма
программа
программв
пройент
пройиль
промо
промт
професор
профессор
профило
профиль
процент
процень
процес
процесс
прхив
пузыка
пурун
пшеним
пыйзам
пүмкүнчүлүк
пүчөлүк
пөлүнчү
р
рабио
радио
радиь
ралерея
рариф
рарых
расмий
расмиц
распий
рахмат
рахмаь
рахсат
рейтинг
рейтино
рейьинг
рекшерилген
релефон
рестораг
ресторан
рестрран
ркуу
рлан
рлим
рнбир
рнжетинчи
рнлайн
рнтөрт
рнтөртүнчү
рнэкинчи
роксон
ролис
роль
рремиум
рромо
рңой
рүйүн
с
саалымат
саат
сааь
сабаа
сабак
сагы
садам
сайр
сайт
сайыт
сакроо
сактагыч
сактагыя
сактегыч
сактоо
сактот
салаа
салам
салвын
салкые
салкын
салыв
салык
самт
сан
сапаотуу
сапаттуу
сапаттуц
саруу
сарф
сары
сатуу
сатуы
сатыпалуу
сатыпалуучв
сатыпалуучу
сатыпалуц
сатыпслуучу
сатыралуу
сафт
сашык
саюак
саяеат
саякар
саякат
сдмин
сеанв
сеанс
себеи
себен
себеп
себет
сегиж
сегиз
сегизжуз
сегизжүж
сегизжүз
сегизинчи
сегизинчп
сегин
сегихжүз
сегихинчи
седет
седицина
сежим
сезим
сезип
сексег
сексееинчи
сексен
сексенинчи
сексенинчт
секчен
сен
сенен
сенин
сенир
сеню
сепнс
сервеи
сервер
серуер
сесия
сессенджер
сессия
сешиз
сеьеп
сиз
сиздин
сиздип
сизюин
силлиардынчы
синди
сирус
сисал
сиңди
сиңдп
сйыл
слардын
слдамчылык
слтымыш
слтынчы
слъш
слэо
слэш
смс
снын
собака
собакк
собилдик
собпка
согун
согуо
согуш
соз
сол
сонун
сонур
сооуш
сот
софо
софт
социалдыв
социалдык
социвлдык
соят
спаа
спам
сппм
старо
старт
стврт
стним
стрии
стрим
сувк
сугоо
сугуш
сузей
суйлошуу
суйлөшүү
суйуу
суйүү
сунул
сунуш
суроо
сурор
сурот
сурөт
сут
суу
суув
суук
сызцкча
сызыкча
сызыкчс
сыйлыв
сыйлык
сыйоык
сырвөз
сырсоз
сырсөд
сырсөз
сыртунда
сыртында
сыртындв
сышык
сыяатуу
сыяктуу
сыяктуы
сүйлошүү
сүйлөшуү
сүйлөшүу
сүйлөшүү
сүйуү
сүйүу
сүйүү
сүлк
сүпөт
сүрот
сүрөт
сүрөь
сүт
сүцүү
сөз
т
та
таага
табуу
табуы
тагиф
таиак
талаа
талап
талас
талуу
тамаа
тамак
тамга
тамгп
тан
таоых
тариак
тариф
тариы
тармаа
тармак
тарыз
тарых
тастуктоо
тастыктоо
тастыктор
таш
ташаа
тащап
таң
те
теато
театр
тевтр
тез
тейтинг
текшеоилген
текшерилгее
текшерилген
текшеруу
текшеруү
текшерүу
текшерүү
текшнрүү
телафон
телефое
телефон
телифон
телофон
терезе
терезп
територия
тернзе
территория
техеика
техника
техникс
тздөө
тил
тире
тирн
тите
тиш
тоаой
тоба
тогуд
тогужжүз
тогуз
тогузжуз
тогузжүд
тогузжүз
тогузунчк
тогузунчу
тогущунчу
тоеен
токаон
токен
токер
токой
токоф
токсогунчу
токсое
токсон
токсонунчв
токсонунчу
толом
толомакы
толоо
толуа
толук
толөм
толөмакы
толөө
томон
томөн
тоо
тооуз
топ
торт
тортжуз
тортжүз
тортунчу
тортүнчү
точка
точкс
тоыка
тоьук
тоө
транзакциы
транзакция
транзмкция
транспорт
транспорь
транчпорт
трнотуу
туз
туйун
туйүн
тун
тупнуска
тур
тус
туташуу
туташуы
туткшуу
тууралол
тууралоо
туурвлоо
туш
тчинде
тынстык
тынчтыа
тынчтык
түз
түйун
түйүе
түйүн
түн
түпнуска
түпнускп
түпнцска
түр
түс
түфүн
түш
төаөн
төлом
төломакы
төлоө
төлөи
төлөиакы
төлөм
төлөмакц
төлөмакы
төлөо
төлөө
төмон
төмөн
төмөп
төнт
төо
төоөм
төро
төрржүз
төрт
төртжуз
төртжүд
төртжүз
төртунчү
төртүнчу
төртүнчү
төщөө
төө
у
уалкан
уантип
уарта
уасса
уата
убакыт
убакыь
убауыт
увитанция
уечээ
узаотуу
узартуу
узартуц
узуе
узун
узын
уийин
уиреше
уирүү
уитеп
уй
укуатук
укук
укуктув
укуктук
укуу
укык
улиника
улут
улуь
улцт
умут
умүт
унаа
унак
унпа
уолдонмо
уомпьютер
уоомчулук
уоопсуз
уорзина
уоркунуч
уоркунучтуу
упай
упаф
упвй
уткш
утул
утуш
уубат
уурал
уурдалган
уурдалгап
уурдклган
ууттуктоо
учжуз
учжүз
учун
учунчу
учүн
учүнчү
ушвл
ушуд
ушул
уыйгачсызык
уыска
уүчтүү
уөңүл
ф
факиура
фактура
фактуре
фишинг
фишино
фиштнг
фооо
фото
фотр
х
хазылуучу
халпы
харык
хкижүз
хкинчи
хлүү
хнергия
хоат
хогору
хокей
хоккей
хоси
хосоинг
хост
хостинг
хостинн
хсеп
хсепфактура
хыйырмаэки
хылдыз
хүзүнчү
хүрөк
ц
цактура
цлдам
цнаа
црастоо
цтуш
ч
чабак
чай
чайт
чалам
чалув
чалуу
чары
чат
чатыпалуучу
чаьуу
чаякат
чеанс
чегиз
чегизжүз
чегизинчи
чееит
чейие
чейин
чек
чекир
чекит
ченин
чефин
чиңди
чон
чонун
чоп
чоң
чпам
чунуш
чуроо
чыгарук
чыгаруу
чыгмруу
чыгук
чыгуу
чынбык
чынвгы
чындыа
чындык
чынуу
чыныгц
чыныгы
чөп
ш
шаар
шаат
шамал
шамаь
шапоаң
шапшан
шапшаң
шасал
шаср
шашчлыш
шашылыо
шашылыш
шекиүү
шектуу
шектуү
шектүу
шектүү
шилиеме
шилтеме
шилтемн
шналты
шнбеш
шнсегиз
шнунчу
шотерея
шюндар
шюнчу
щ
щагы
щаказ
щаманбап
щарак
щарыя
щашылыш
щвездочка
щефис
щомен
щыяндуу
щыянкеч
ъ
ъгемендүүлүк
ъкспресс
ълектр
ълүүнчү
ъртең
ъски
ъчки
ы
ыбакыт
ыейин
ыишинг
ылбам
ылдам
ылдас
ылут
ыпай
ыр
ыраатоо
ырастоо
ырастоь
ысцк
ысыв
ысык
ь
ьабуу
ьазар
ьала
ьалаа
ьамга
ьанк
ьашы
ьеатр
ьелек
ьилим
ьнжети
ьнэки
ьогин
ьогуз
ьогузжүз
ьокой
ьонус
ьорукана
ьочка
ьранзакция
ьрондоо
ьулут
ьуташуу
ьөлүм
ьөмөн
ьөрт
ьөртжүз
э
эаза
эалдоо
эаман
эамгыр
эаңы
эаңыртуу
эгемендуулук
эгемендуүлүк
эгемендүулүк
эгемендүүлук
эгемендүүлүв
эгемендүүлүк
эгеменлүүлүк
эетижүз
эже
эки
экидүз
экиечи
экижуз
экижүз
экижүх
экинчи
экинчт
экспиесс
экспресс
экспресч
эл
элас
эле
элеатр
электо
электр
элес
элеч
элуу
элуунчу
элуү
элуүнчү
элүу
элүунчү
элүү
элүүнчу
элүүнчү
эмее
эмне
эмнн
эне
эненгия
энергич
энергия
эост
эостинг
эрвек
эриең
эркек
эркеу
эрте
эртен
эртең
эртп
эрье
эсап
эсеа
эсеи
эсеп
эсепфактура
эсепфактурс
эсепфкктура
эскертуу
эскертуү
эскертүу
эскертүү
эскеттүү
эски
эскп
эт
эч
эчви
эчки
эчкм
эшие
эшик
эшмк
эыйырма
эыйырматөрт
эылдызча
эылкы
эң
ю
юазылуу
юайке
юайланыш
юактылуу
юалык
юарды
юашкаруу
юашоо
юашталыш
юашыл
юаңыртылган
юеткирүү
юеңилүү
юеңиш
юиздин
юиринчи
юирок
юлог
юостук
юузулган
юүктөө
юүрбөлөң
я
яалуу
яекит
яото
яындык
яыныгы
ѐ
ё
ѓ
є
ѕ
і
ј
ќ
ѝ
ў
ѡ
ѵ
Ғ
ң
ҫ
Ү
ү
үй
үмут
үмүр
үмүт
үн
үч
үчжуз
үчжүз
үчжүщ
үчун
үчунчү
үчэүз
үчүгчү
үчүе
үчүн
үчүнчу
үчүнчү
ҳ
һ
ҽ
Ӂ
ӂ
Ӑ
ӑ
Ӓ
ӓ
Ӗ
ӗ
Ӝ
ӝ
Ӟ
ӟ
Ӣ
ӣ
Ӥ
ӥ
Ӧ
ӧ
Ө
ө
өкмот
өкмөи
өкмөт
өкпөт
өлум
өлүи
өлүм
өнор
өнөи
өнөр
өркундөтүү
өркүндотүү
өркүндөтуү
өркүндөтүу
өркүндөтүү
өркүнжөтүү
Ӫ
ӫ
Ӭ
ӭ
Ӯ
ӯ
Ӱ
ӱ
Ӳ
ӳ
Ӵ
ӵ
Ӹ
ӹ
ԁ
Ԍ
ԛ
ԝ
Ս
Օ
ա
գ
զ
ժ
հ
ս
ց
ا
ة
ه
١
٨
Ⴝ
Ꭵ
Ꮒ
Ꮪ
ᴄ
ᴈ
ᴋ
ᴍ
ᴎ
ᴏ
ᴑ
ᴙ
ᴛ
ᴜ
ᴡ
ᴢ
ᴦ
ᴫ
ᶌ
ṃ
ẋ
ạ
ẹ
ọ
ỏ
ỿ
ⲕ
ꙇ
Ꝫ
Ɜ
Ꭓ
ꬲ
ꬽ
ꭇ
ꭈ
ꭚ
