semyon semen
авакада авокадо
авакадо авокадо
авенью авеню
авинью авеню
авиню авеню
авокада авокадо
агенство агентство
адресс адрес
ажеатажа ажиотажа
ажеатаже ажиотаже
ажеатажем ажиотажем
ажеатажу ажиотажу
ажеотажа ажиотажа
ажеотаже ажиотаже
ажеотажем ажиотажем
ажеотажу ажиотажу
ажиатажа ажиотажа
ажиатаже ажиотаже
ажиатажем ажиотажем
ажиатажу ажиотажу
акуратная аккуратная
акуратного аккуратного
акуратное аккуратное
акуратной аккуратной
акуратном аккуратном
акуратному аккуратному
акуратною аккуратною
акуратную аккуратную
акуратные аккуратные
акуратный аккуратный
акуратным аккуратным
акуратными аккуратными
акуратных аккуратных
аплет апплет
бангладеша бангладеш
бангладеше бангладеш
бангладешем бангладеш
бангладешу бангладеш
бангладешь бангладеш
бизнесс бизнес
благадоря благодаря
благодоря благодаря
блять блядь
броней бронёй
будующее будущее
будующий будущий
вдвоем вдвоём
вобщем вообще
водалей водолей
воин воинн
вообщем вообще
вперед вперёд
времен времён
все всё
всеже всё же
всёже всё же
выйграть выиграть
гаваи гавайи
господарём господарем
девчёнка девчонка
деревяная деревянная
деревяного деревянного
деревяное деревянное
деревяной деревянной
деревяном деревянном
деревяному деревянному
деревяною деревянною
деревяную деревянную
деревяные деревянные
деревяный деревянный
деревяным деревянным
деревяными деревянными
деревяных деревянных
дермантин дерматин
десятиричное десятеричное
дешев дёшев
дешевая дешёвая
дешевка дешёвка
дешевке дешёвке
дешевки дешёвки
дешево дёшево
дешевого дешёвого
дешевое дешёвое
дешевой дешёвой
дешевом дешёвом
дешевому дешёвому
дешевою дешёвою
дешевую дешёвую
дешевы дёшевы
дешевые дешёвые
дешевый дешёвый
дешевым дешёвым
дешевыми дешёвыми
дешевых дешёвых
длинна длина
днем днём
ее её
еше ещё
еще ещё
жильем жильём
жыр жир
зделать сделать
здраствуйте здравствуйте
землей землёй
змеей змеёй
извените извините
ийти идти
инжинер инженер
интерестно интересно
интригант интриган
информация информацыя
исполненая исполненная
исполненого исполненного
исполненое исполненное
исполненой исполненной
исполненом исполненном
исполненому исполненному
исполненою исполненною
исполненую исполненную
исполненые исполненные
исполненый исполненный
исполненым исполненным
исполнеными исполненными
исполненых исполненных
исчо ещё
ключем ключом
ключём ключом
компания компаниа
компроментировать компрометировать
комфортно комфорто
конем конём
конкурентноспособный конкурентоспособный
координально кардинально
копьем копьём
королек королёк
королем королём
кринжовать кринжевать
ложить класть
малазией малайзией
малазии малайзии
малазию малайзию
малазия малайзия
мертвая мёртвая
мертвого мёртвого
мертвое мёртвое
мертвой мёртвой
мертвом мёртвом
мертвому мёртвому
мертвою мёртвою
мертвую мёртвую
мертвые мёртвые
мертвый мёртвый
мертвым мёртвым
мертвыми мёртвыми
мертвых мёртвых
месяцом месяцем
модет может
мороженное мороженое
мущина мужчина
напирмер например
нарпимер например
насмехаться надсмехаться
ндрав нрав
нее неё
нелзя нельзя
неприменно непременно
нету нет
нилзя нельзя
нильзя нельзя
нинзя ниндзя
облоко облако
оданко однако
оканчание окончание
оленек оленёк
организация организацыя
остает остаёт
остается остаётся
отдышка одышка
отстает отстаёт
отстается отстаётся
перепесей переписей
перепеси переписи
перепесь перепись
перепесью переписью
перепесям переписям
перепесями переписями
перепесях переписях
пиздабол пиздобол
пожалуйсто пожалуйста
пожалуста пожалуйста
покласть положить
поскользнуться подскользнуться
почерк подчерк
првао право
прецендент прецедент
придти прийти
прийдти прийти
прийдя придя
присходит происходить
проблемма проблема
пробовать пробывать
пролет пролёт
пролета пролёта
пролетам пролётам
пролетами пролётами
пролетах пролётах
пролете пролёте
пролетов пролётов
пролетом пролётом
пролету пролёту
пролеты пролёты
професоры профессора
профессия професия
профессор професор
профессоры профессора
проффесоры профессора
проффессоры профессора
путем путём
пятдесят пятьдесят
расса раса
рассам расам
рассами расами
рассах расах
рассе расе
рассой расой
рассу расу
рассчитать расчитать
рассы расы
росией россией
росии россии
росию россию
росия россия
свеого своего
свиньей свиньёй
свое своё
своем своём
сделаная сделанная
сделаного сделанного
сделаное сделанное
сделаной сделанной
сделаном сделанном
сделаному сделанному
сделаною сделанною
сделаную сделанную
сделаные сделанные
сделаный сделанный
сделаным сделанным
сделаными сделанными
сделаных сделанных
сдесь здесь
севодян сегодня
севондя сегодня
сегодян сегодня
сегондя сегодня
семьей семьёй
серебрянный серебряный
сестер сестёр
сиводян сегодня
сивондя сегодня
сигодян сегодня
сигондя сегодня
симпотичный симпатичный
скамьей скамьёй
скурпулезный скрупулезный
следующий следущий
сонце солнце
ссора сора
сссылка ссылка
сссылкаи ссылкаи
сссылкам ссылкам
сссылками ссылками
сссылках ссылках
сссылке ссылке
сссылки ссылки
сссылкой ссылкой
сссылкок ссылкок
сссылку ссылку
статьей статьёй
судьей судьёй
счастье щастье
счете счёте
счетом счётом
тайланд таиланд
таксюганин таксюган
телеграмм телеграм
телек телик
темячко темечко
теплая тёплая
теплого тёплого
теплое тёплое
теплой тёплой
теплою тёплою
теплую тёплую
теплые тёплые
теплый тёплый
теплым тёплым
теплых тёплых
третего третьего
третее третье
третем третьем
третим третьим
третих третьих
третьий третий
третяя третья
тся ться
учавствовать участвовать
учеба учёба
учебе учёбе
учебой учёбой
учебу учёбу
учебы учёбы
цинцинатти цинциннати
цинциннатти цинциннати
черезчур чересчур
чешуей чешуёй
чувствовать чуствовать
шестнадцать шеснадцать
што что
шырота широта
эксперимент експеримент
экспрессо эспрессо
юрисконсульт юристконсульт
якори якоря
