начало старт запуск начать
магазин лавка рынок покупка
вход логин войти доступ
аккаунт профиль кабинет учетка
пользователь юзер имя личность
безопасный защищенный надежный проверенный
безопасность защита оборона щит
проверить подтвердить валидация контроль
пароль код пин ключ
авторизация аутентификация токен сессия
восстановить сбросить вернуть разблокировать
поддержка помощь сервис содействие
контакт связаться подключить запрос
оплата платеж касса оплатить
счет фактура квитанция чек
банк финансы деньги кошелек
карта кредит дебет предоплата
перевод транзакция депозит вывод
крипто монета блокчейн майнинг
почта email сообщение входящие
облако сервер хост хостинг
веб сайт онлайн сеть портал
домен ссылка адрес url
новости блог пресса медиа
бесплатно подарок бонус акция
скидка предложение распродажа купон
приз выигрыш награда лотерея
лучший топ премиум про
официальный подлинный настоящий оригинал
новый последний свежий современный
быстрый скорый экспресс шустрый
приложение программа софт инструмент
скачать получить установить настройка
обновить апгрейд продлить патч
поиск найти искать заявка
доставка отправка посылка отслеживание
заказ корзина покупки оформить
клиент покупатель подписчик
админ управление консоль панель
центр узел главный общий
группа команда компания корпорация
данные бэкап архив хранилище
фото изображение галерея снимок
видео стрим смотреть плеер
музыка аудио звук радио
игра игры игрок аркада
чат разговор мессенджер прямой
социальный сообщество друзья лента
работа вакансия карьера найм
здоровье медицина клиника аптека
путешествие рейс отель бронь
еда ресторан меню кухня
школа учеба курс обучение
закон юридический суд права
правительство государство министерство госуслуги
налог налоговая таможня пошлина
страхование полис ущерб покрытие
недвижимость аренда дом собственность
авто машина мотор транспорт
энергия мощность электро газ
мобильный телефон смс звонок
предупреждение тревога уведомление срочно
подписка членство тариф продление
баллы лояльность кэшбэк мили
отзыв рейтинг оценка мнение
