*
-
.
/
0
1
10
100
1000
1000000
1000000000
11
12
13
14
15
16
17
18
19
2
20
200
21
22
23
24
3
30
300
4
40
400
5
50
500
6
60
600
7
70
700
8
80
800
9
90
900
@
B
H
a
b
bl
b̔"
c
d
e
h
i
ib
io
j
k
l
lb
m
n
o
p
r
s
semen
semyon
t
u
w
x
y
z
zh
¡
Þ
à
á
â
ã
ä
å
ç
é
ê
ë
í
ï
ó
ö
ý
ă
ć
ċ
ē
ĕ
ė
ę
ě
ĭ
ı
ś
ţ
ƈ
ơ
ƽ
ƿ
ǎ
ǐ
ȧ
ȯ
ɑ
ɓ
ɩ
ɱ
ɾ
ʂ
ʏ
ʙ
Λ
Ο
Π
Φ
γ
ι
κ
ξ
ο
ρ
τ
φ
ψ
ω
ϲ
ϵ
Ϸ
Б
Г
О
Ь
а
авакада
авакадо
авенью
авеню
авинью
авиню
авокада
авокадо
агенство
агентство
адрес
адресс
ажеатажа
ажеатаже
ажеатажем
ажеатажу
ажеотажа
ажеотаже
ажеотажем
ажеотажу
ажиатажа
ажиатаже
ажиатажем
ажиатажу
ажиотажа
ажиотаже
ажиотажем
ажиотажу
аккуратная
аккуратного
аккуратное
аккуратной
аккуратном
аккуратному
аккуратною
аккуратную
аккуратные
аккуратный
аккуратным
аккуратными
аккуратных
акуратная
акуратного
акуратное
акуратной
акуратном
акуратному
акуратною
акуратную
акуратные
акуратный
акуратным
акуратными
акуратных
аплет
апплет
б
бал
балл
бангладеш
бангладеша
бангладеше
бангладешем
бангладешу
бангладешь
бачок
белый
бизнес
бизнесс
благадоря
благодаря
благодоря
блядь
блять
бог
бок
большой
бочок
броней
бронёй
будущее
будущий
будующее
будующий
быстро
быстрый
в
вверх
вдвоем
вдвоём
везти
вести
взять
вниз
внутри
вобщем
водалей
водолей
воин
воинн
вообще
вообщем
восемнадцатый
восемнадцать
восемь
восемьдесят
восемьсот
восьмидесятый
восьмой
вперед
вперёд
времен
времён
все
всеже
всё
всё же
всёже
второй
вход
выиграть
выйграть
высокий
выход
г
гаваи
гавайи
горячий
господарем
господарём
гриб
грипп
д
да
дать
два
двадцатый
двадцать
двадцатьдва
двадцатьодин
двадцатьтри
двадцатьчетыре
двенадцатый
двенадцать
двести
девчонка
девчёнка
девяносто
девяностый
девятнадцатый
девятнадцать
девятый
девять
девятьсот
день
деревяная
деревянная
деревянного
деревянное
деревянной
деревянном
деревянному
деревянною
деревянную
деревянные
деревянный
деревянным
деревянными
деревянных
деревяного
деревяное
деревяной
деревяном
деревяному
деревяною
деревяную
деревяные
деревяный
деревяным
деревяными
деревяных
дермантин
дерматин
десятеричное
десятиричное
десятый
десять
дефис
дешев
дешевая
дешевка
дешевке
дешевки
дешево
дешевого
дешевое
дешевой
дешевом
дешевому
дешевою
дешевую
дешевы
дешевые
дешевый
дешевым
дешевыми
дешевых
дешёвая
дешёвка
дешёвке
дешёвки
дешёвого
дешёвое
дешёвой
дешёвом
дешёвому
дешёвою
дешёвую
дешёвые
дешёвый
дешёвым
дешёвыми
дешёвых
длина
длинна
длинный
днем
днём
дёшев
дёшево
дёшевы
е
ее
експеримент
еше
еще
ещё
её
ж
жизнь
жильем
жильём
жир
жыр
з
закрыть
зделать
здесь
здравствуйте
здраствуйте
землей
землёй
змеей
змеёй
и
идти
извените
извините
изморозь
изморось
ийти
инженер
инжинер
интересно
интерестно
интриган
интригант
информация
информацыя
исполненая
исполненная
исполненного
исполненное
исполненной
исполненном
исполненному
исполненною
исполненную
исполненные
исполненный
исполненным
исполненными
исполненных
исполненого
исполненое
исполненой
исполненом
исполненому
исполненою
исполненую
исполненые
исполненый
исполненым
исполнеными
исполненых
исчо
й
к
кампания
кардинально
класть
ключем
ключом
ключём
код
компаниа
компания
компроментировать
компрометировать
комфортно
комфорто
конем
конец
конкурентноспособный
конкурентоспособный
конём
координально
копьем
копьём
королек
королем
королёк
королём
короткий
косный
костный
кот
кринжевать
кринжовать
купить
л
левый
легкий
легко
леса
лиса
ложить
ложь
луг
лук
любить
м
малазией
малазии
малазию
малазия
малайзией
малайзии
малайзию
малайзия
маленький
мало
медленно
медленный
мертвая
мертвого
мертвое
мертвой
мертвом
мертвому
мертвою
мертвую
мертвые
мертвый
мертвым
мертвыми
мертвых
месяцем
месяцом
миллиард
миллиардный
миллион
миллионный
минус
много
мог
модет
может
мок
мороженное
мороженое
мужчина
мущина
мёртвая
мёртвого
мёртвое
мёртвой
мёртвом
мёртвому
мёртвою
мёртвую
мёртвые
мёртвый
мёртвым
мёртвыми
мёртвых
н
надсмехаться
назад
напирмер
например
нарпимер
насмехаться
начало
ндрав
нее
нелзя
нельзя
ненавидеть
непременно
неприменно
нет
нету
неё
низкий
нилзя
нильзя
ниндзя
нинзя
новый
ноль
ночь
нрав
о
облако
облоко
оданко
один
одиннадцатый
одиннадцать
однако
одышка
оканчание
окончание
оленек
оленёк
организация
организацыя
остает
остается
остаёт
остаётся
отварить
отворить
отдышка
открыть
отстает
отстается
отстаёт
отстаётся
п
первый
перепесей
перепеси
перепесь
перепесью
перепесям
перепесями
перепесях
переписей
переписи
перепись
переписью
переписям
переписями
переписях
пиздабол
пиздобол
плод
плот
плохо
плохой
плюс
победа
подскользнуться
подчерк
пожалуйста
пожалуйсто
пожалуста
поздно
позже
покласть
поласкать
полный
положить
полоскать
поражение
порог
порок
поседеть
посидеть
поскользнуться
почерк
правда
право
правый
првао
предать
презирать
прецедент
прецендент
приведение
привидение
придать
придти
придя
призирать
прийдти
прийдя
прийти
примерять
примирять
присходит
приход
проблема
проблемма
пробовать
пробывать
продать
происходить
пролет
пролета
пролетам
пролетами
пролетах
пролете
пролетов
пролетом
пролету
пролеты
пролёт
пролёта
пролётам
пролётами
пролётах
пролёте
пролётов
пролётом
пролёту
пролёты
професия
професор
професоры
профессия
профессор
профессора
профессоры
проффесоры
проффессоры
пруд
прут
пустой
путем
путём
пятдесят
пятидесятый
пятнадцатый
пятнадцать
пятый
пять
пятьдесят
пятьсот
р
развеваться
развиваться
рано
раньше
раса
расам
расами
расах
расе
расой
расса
рассам
рассами
рассах
рассе
рассой
рассу
рассчитать
рассы
расу
расчитать
расы
рог
род
рок
росией
росии
росию
росия
россией
россии
россию
россия
рот
с
свеого
свет
свиньей
свиньёй
свое
своего
своем
своё
своём
сделаная
сделанная
сделанного
сделанное
сделанной
сделанном
сделанному
сделанною
сделанную
сделанные
сделанный
сделанным
сделанными
сделанных
сделаного
сделаное
сделаной
сделаном
сделаному
сделаною
сделаную
сделаные
сделаный
сделаным
сделаными
сделаных
сделать
сдесь
севодян
севондя
сегодня
сегодян
сегондя
седьмой
семидесятый
семнадцатый
семнадцать
семь
семьдесят
семьей
семьсот
семьёй
серебрянный
серебряный
сестер
сестёр
сиводян
сивондя
сигодян
сигондя
сильный
симпатичный
симпотичный
скамьей
скамьёй
скрупулезный
скурпулезный
слабый
следущий
следующий
слезать
слизать
слэш
смерть
снаружи
собака
солнце
сонце
сора
сорок
сороковой
сотый
спешите
спишите
ссора
сссылка
сссылкаи
сссылкам
сссылками
сссылках
сссылке
сссылки
сссылкой
сссылкок
сссылку
ссылка
ссылкаи
ссылкам
ссылками
ссылках
ссылке
ссылки
ссылкой
ссылкок
ссылку
старожил
старый
статьей
статьёй
сто
столб
столп
сторожил
судьей
судьёй
счастье
счете
счетом
счёте
счётом
т
таиланд
тайланд
таксюган
таксюганин
телеграм
телеграмм
телек
телик
темечко
темячко
теплая
теплого
теплое
теплой
теплою
теплую
теплые
теплый
теплым
теплых
точка
третего
третее
третем
третий
третим
третих
третье
третьего
третьем
третьий
третьим
третьих
третья
третяя
три
тридцатый
тридцать
тринадцатый
тринадцать
триста
труд
трудно
трут
тся
туш
тушь
тысяча
тысячный
тьма
ться
тяжелый
тёплая
тёплого
тёплое
тёплой
тёплою
тёплую
тёплые
тёплый
тёплым
тёплых
у
умалять
умолять
уход
учавствовать
участвовать
учеба
учебе
учебой
учебу
учебы
учёба
учёбе
учёбой
учёбу
учёбы
ф
х
холодный
хороший
хорошо
ц
цинцинатти
цинциннати
цинциннатти
ч
частота
черезчур
чересчур
черный
четвертый
четыре
четыреста
четырнадцатый
четырнадцать
чешуей
чешуёй
чистота
что
чувствовать
чуствовать
ш
шеснадцать
шестидесятый
шестнадцатый
шестнадцать
шестой
шесть
шестьдесят
шестьсот
широта
што
шырота
щ
щастье
ъ
ы
ь
э
эксперимент
экспрессо
эспрессо
ю
юрисконсульт
юристконсульт
я
якори
якоря
ё
є
ѕ
і
ј
ѡ
ѧ
ѩ
ѫ
ѭ
ѯ
ѱ
Ү
ү
ҳ
һ
ҽ
ӓ
ӗ
ӧ
Օ
հ
٨
Ⴝ
Ꭵ
Ꮒ
Ꮪ
ᴍ
ᴦ
ṃ
ẋ
ạ
ẹ
ọ
ỏ
€
ⲕ
ꙇ
