# Words habitually confused for each other, one group per line.
abea avea
abem avem
abut avut
acaaă acasă
acasa acasă
acdst acest
aceasta această
aceat acest
aceeaşi aceeași
aceiași aceeași
acelaşi același
aceleaşi aceleași
achm acum
acilo acolo
acoio acolo
acoperiş acoperiș
acqsă acasă
acţiune acțiune
adanc adânc
adapost adăpost
adasă acasă
adest acest
adevar adevăr
adevarat adevărat
adevarata adevărată
adica adică
adolo acolo
adum acum
adînc adânc
adîncime adâncime
afara afară
afunci atunci
afât atât
agrează agreează
agreem agreăm
agăţat agățat
aia ăia
aiba aibă
aicii aici
aidi aici
aii ai
ajci aici
ala ăla
alaturi alături
alba albă
albitru arbitru
aloi apoi
alta altă
alţi alți
alţii alții
amandoi amândoi
amandoua amândouă
ambi ambii
ameninţare amenințare
ameninţat amenințat
americi americii
amândoii amândoi
amîndoi amândoi
amîndouă amândouă
amîndurora amândurora
ani anii
anii ani
apa apă
apara apară
aparare apărare
aparut apărut
apii apoi
apoii apoi
apropi apropii
apropos apropo
arat arăt
arata arată
arata arăta
aratat arătat
arma armă
armata armată
arta artă
arăţi arăți
as aș
asa așa
aseara aseară
asta ăsta
astazi astăzi
astea astia
astia ăstia
astăzii astăzi
atat atât
atata atâta
atatea atâtea
atenta atentă
atenţie atenție
ati ați
atii ati
atubci atunci
atuncii atunci
atundi atunci
atît atât
atîta atâta
atîtea atâtea
auda audă
auzii auzi
avand având
avda avea
avdm avem
aventura aventură
aveti aveți
aveţi aveți
avht avut
avînd având
azii azi
aş aș
aşa așa
aşezat așezat
aşteaptă așteaptă
aştept aștept
aştepta aștepta
aşteptam așteptam
aşteptare așteptare
aşteptat așteptat
aşteptaţi așteptați
aşteptăm așteptăm
aştepţi aștepți
aţi ați
baga băga
bagat băgat
baiat băiat
baiatul băiatul
baiete băiete
baieti băieți
balta baltă
banca bancă
banuiesc bănuiesc
bara bară
barbat bărbat
barca barcă
bataie bătaie
batran bătrân
batut bătut
baut băut
bautura băutură
baza bază
bhnă bună
bibe bine
binecuvîntare binecuvântare
binecuvîntat binecuvântat
binecuvînteze binecuvânteze
bineînţeles bineînțeles
biserica biserică
bjne bine
blînd blând
boala boală
bolnava bolnavă
bomba bombă
branza brânză
brînză brânză
bubă bună
bucata bucată
bucatarie bucătărie
bucăţi bucăți
buna bună
bunici bunicii
băieţi băieți
băieţii băieții
bătrîn bătrân
bătrîna bătrâna
bătrîni bătrâni
bătrînă bătrână
ca că
caci căci
cada cadă
cade care
cai ca-i
cai caii
caine câine
calatorie călătorie
camera cameră
cand când
candva cândva
cant cânt
cantec cântec
capat capăt
capatul capătul
capcana capcană
capitan căpitan
capitane căpitane
casa casă
casatorie căsătorie
casatorit căsătorit
cat cât
cate câte
cateodata câteodată
cateva câteva
catre către
cauta caută
cauta căuta
cautam căutam
cautam căutăm
cautat căutat
cauza cauză
cauţi cauți
cazut căzut
cbiar chiar
cdea ceea
cded cred
cdezi crezi
cdva ceva
cealalta cealaltă
ceaşcă ceașcă
ceba ceva
ceda ceea
cei ce-i
ceilalţi ceilalți
celalalt celălalt
celălant celălalt
cheama cheamă
chiqr chiar
chjar chiar
cina cină
cincii cinci
cindva cineva
cineba cineva
ciocolata ciocolată
ciudata ciudată
cjneva cineva
cladire clădire
clasa clasă
clipa clipă
coboara coboară
coborîm coborâm
coborît coborât
coincidenţă coincidență
colţ colț
comanda comandă
comform conform
comfort confort
complect complet
continua continuă
conversaţie conversație
conştient conștient
copi copii
copii copiii
copiii copii
cqre care
craciun crăciun
crdd cred
crdzi crezi
creada creadă
creai crezi
crează creează
credeţi credeți
credinţa credința
credinţă credință
creem creăm
crezii crezi
crezînd crezând
creşte crește
creştere creștere
crima crimă
cumpar cumpăr
cumpara cumpăra
cumparat cumpărat
cunoaşte cunoaște
cunoşti cunoști
cunoştinţă cunoștință
cunoștiință cunoștință
curata curată
cursa cursă
curva curvă
cuvant cuvânt
cuvînt cuvânt
cuţit cuțit
câbd când
câştigat câștigat
câţi câți
câţiva câțiva
cîine câine
cîmp câmp
cînd când
cîndva cândva
cînt cânt
cîntat cântat
cîntec cântec
cîrlig cârlig
cît cât
cîte câte
cîteodată câteodată
cîteva câteva
cîtă câtă
cîștigat câștigat
cărţi cărți
cărţile cărțile
căutaţi căutați
căutînd căutând
căţea cățea
da dă
daca dacă
dadă dacă
daii dai
dam dăm
data dată
datorita datorită
ddci deci
ddcât decât
ddspre despre
deabia de abia
deacord de acord
deacum de acum
dealtfel de altfel
decat decât
dece de ce
decii deci
declaraţie declarație
decît decât
dedi deci
dedât decât
degraba degrabă
delicvent delincvent
deocamdata deocamdată
deschisa deschisă
deslre despre
despde despre
despărţit despărțit
devi devii
dezamagit dezamăgit
deşi deși
deştept deștept
deţin dețin
dhpă după
diar doar
diferenţă diferență
diferita diferită
dimineaţa dimineața
dimineaţă dimineață
dintro dintr-o
dintrun dintr-un
direcţie direcție
discuţie discuție
diseara diseară
dispara dispară
disparut dispărut
distanţă distanță
distracţie distracție
diuă două
divorţ divorț
doamna doamnă
doborît doborât
doii doi
domnişoară domnișoară
doqr doar
doua două
dovada dovadă
dqcă dacă
draga dragă
dreapta dreaptă
drăguţ drăguț
drăguţă drăguță
duca ducă
ducii duci
dulă după
duminica duminică
dumneavoastra dumneavoastră
dupa după
duş duș
eate este
echipa echipă
ecsemplu exemplu
ecspert expert
eii ei
enginer inginer
engleza engleză
eraii erai
esfe este
esti ești
excelenta excelență
excrocherie escrocherie
experienţă experiență
eşti ești
eștii ești
fa fă
faca facă
facand făcând
facdm facem
facea făcea
faceam făceam
faceţi faceți
facii faci
facut făcut
facuta făcută
fade face
fadem facem
fadi faci
fantoma fantomă
fara fără
fata fată
faţa fața
faţă față
fereastra fereastră
fericita fericită
ferma fermă
fetiţă fetiță
fi fii
fiarte foarte
fii fi
fiindca fiindcă
finala finală
fist fost
fiţi fiți
foadte foarte
foarfe foarte
foat fost
forma formă
forţat forțat
forţă forță
fqce face
fqcem facem
fqci faci
franţa franța
fregvent frecvent
frica frică
frumoasa frumoasă
frustare frustrare
frînghie frânghie
frînt frânt
fuga fugă
funcţie funcție
funcţionare funcționare
făcht făcut
făcînd făcând
fădut făcut
fădă fără
gand gând
gandesc gândesc
gandit gândit
gasesc găsesc
gasit găsit
gat gât
gaura gaură
genoflexiune genuflexiune
genuchi genunchi
gheaţă gheață
glonţ glonț
gluma glumă
goala goală
gramada grămadă
greşeală greșeală
greşit greșit
greşită greșită
grija grijă
grijii griji
grozava grozavă
gura gură
gînd gând
gîndesc gândesc
gîndire gândire
gîndit gândit
gît gât
haice haide
haideţi haideți
haii hai
hajde haide
hambal handbal
hartie hârtie
hawai hawaii
heii hei
hotarat hotărât
hotărît hotărât
hoţ hoț
hqide haide
hîrtie hârtie
i ii
iasa iasă
iata iată
ieii iei
ieşi ieși
ieşim ieșim
ieşire ieșire
ieşit ieșit
ii îi
il îl
imbracat îmbrăcat
imi îmi
importanta importantă
impotriva împotriva
impreuna împreună
in în
inainte înainte
inaintea înaintea
inalt înalt
inapoi înapoi
inauntru înăuntru
inca încă
incantat încântat
incat încât
incearca încearcă
incep încep
inceput început
incerc încerc
incerca încerca
incercam încercam
incercam încercăm
incercand încercând
incercare încercare
incercat încercat
incerci încerci
incet încet
incheiat încheiat
inchid închid
inchis închis
inchisoare închisoare
incoace încoace
incolo încolo
incredere încredere
indata îndată
indentitate identitate
indici indicii
indoiala îndoială
indoiesc îndoiesc
indragostit îndrăgostit
indreapta îndreaptă
infirmierie infirmerie
ingrijorat îngrijorat
ingrijorata îngrijorată
ingrozitor îngrozitor
inima inimă
inimi inimii
innebunit înnebunit
insa însă
insarcinata însărcinată
inseamna înseamnă
instanţă instanță
insula insulă
intai întâi
intalnesc întâlnesc
intalnire întâlnire
intalnit întâlnit
intampla întâmpla
intampla întâmplă
intamplat întâmplat
intample întâmple
intarziat întârziat
inteles înțeles
intenţionat intenționat
intervenţie intervenție
intinerar itinerar
intoarca întoarcă
intoarce întoarce
intoarcem întoarcem
intorc întorc
intorci întorci
intors întors
intotdeauna întotdeauna
intra intră
intram intrăm
intre între
intreaba întreabă
intreaga întreaga
intreaga întreagă
intreb întreb
intreba întreba
intrebam întrebam
intrebare întrebare
intrebat întrebat
intrebi întrebi
intreg întreg
intregi întregi
intregul întregul
intrînd intrând
intuneric întuneric
iti îți
joaca joacă
jucam jucăm
jucări jucării
judecata judecată
judecator judecător
jumatate jumătate
jurămînt jurământ
justiţie justiție
langa lângă
lasa lasă
lasa lăsa
lasam lăsăm
lasat lăsat
laşi lași
lecţie lecție
legatura legătură
legi legii
lhcru lucru
lhmea lumea
libera liberă
linişte liniște
liniştit liniștit
lista listă
locotenient locotenent
lovitura lovitură
luam luăm
luaţi luați
lucdu lucru
ludru lucru
luhea lumea
luii lui
lumda lumea
lumi lumii
lumina lumină
luna lună
lunga lungă
luni lunii
lunii luni
lupta luptă
luînd luând
lînga lânga
lîngă lângă
lămîie lămâie
lăsaţi lăsați
lăsînd lăsând
ma mă
macar măcar
made mare
mai măi
maii mai
maimuţă maimuță
maine mâine
maini mâini
mainile mâinile
mama mamă
mana mâna
mana mână
mananc mănânc
mananca mănâncă
manance mănânce
mananci mănânci
manca mânca
mancam mâncăm
mancare mâncare
mancarea mâncarea
mancat mâncat
mandru mândru
mari marii
marii mari
marturie mărturie
masa masă
masura măsură
maşină mașină
medicala medicală
meii mei
membrii membri
menţionat menționat
mersii mersi
metrii metri
mhlt mult
mi mii
mica mică
mii mi
mila milă
minciuna minciună
mingie minge
mingii mingi
minunata minunată
minţi minți
minţit mințit
mişca mișca
mişcare mișcare
mişto mișto
moara moară
moarta moartă
mormînt mormânt
morţi morți
morţii morții
mqre mare
muit mult
multa multă
multime mulțime
multumesc mulțumesc
mulţime mulțime
mulţumesc mulțumesc
munca muncă
muzica muzică
mîine mâine
mîini mâini
mîinile mâinile
mîna mâna
mînca mânca
mîncare mâncare
mîncarea mâncarea
mîncat mâncat
mîncăm mâncăm
mîndrie mândrie
mîndru mândru
mîndră mândră
mînă mână
mănînc mănânc
mănînce mănânce
mănînci mănânci
mănîncă mănâncă
mătuşa mătușa
naibi naibii
naifa naiba
najba naiba
nascut născut
nava navă
naştere naștere
naţională națională
ndvoie nevoie
neagra neagră
neam ne-am
neaparat neapărat
nebuna nebună
negri negrii
neobişnuit neobișnuit
neregula neregulă
neviie nevoie
nevoje nevoie
nicaieri nicăieri
nicii nici
niciidată niciodată
niciodafă niciodată
niciodata niciodată
nidi nici
nihic nimic
nimanui nimănui
nimdni nimeni
nimebi nimeni
nimenii nimeni
nimjc nimic
niste niște
nişte niște
njci nici
njciodată niciodată
njmeni nimeni
njmic nimic
noastra noastră
noi noii
noii noi
nopţi nopți
nopţii nopții
normala normală
norocoasa norocoasă
noua nouă
noştri noștri
noștrii noștri
nqiba naiba
numa numai
numaii numai
numar număr
numarul numărul
nunta nuntă
oamdni oameni
oamebi oameni
oameni oamenii
oamenii oameni
oara oară
obişnuit obișnuit
obosita obosită
ochelari ochelarii
ocupata ocupată
odata odată
ofera oferă
oferta ofertă
ofiţer ofițer
omoara omoară
omorat omorât
omori omorî
omorâ omorî
omorîm omorâm
omorît omorât
omorîtă omorâtă
operaţie operație
oprobiu oprobriu
opţiune opțiune
oqmeni oameni
ora oră
oraş oraș
oricand oricând
oricînd oricând
oricît oricât
orii ori
oua ouă
pacat păcat
pade pare
padure pădure
pai păi
paine pâine
pamant pământ
pana până
par păr
para pară
parasit părăsit
parca parcă
parea părea
parere părere
parinte părinte
parul părul
parut părut
pasa pasă
pastrat păstrat
pastrez păstrez
pauza pauză
pdea prea
pdin prin
pdntru pentru
penfru pentru
pentdu pentru
perfecta perfectă
perioada perioadă
persoana persoană
personala personală
peşte pește
phtea putea
phtem putem
piace place
piate poate
piatra piatră
piaţa piața
piaţă piață
piesa piesă
placa placă
placea plăcea
placere plăcere
placut plăcut
placuta plăcută
plade place
plaja plajă
planeta planetă
plang plâng
plans plâns
platesc plătesc
platit plătit
pleaca pleacă
plecam plecăm
plecii pleci
plecînd plecând
plina plină
plqce place
plîng plâng
plîngere plângere
plîns plâns
poafe poate
poarta poartă
poata poată
poliţie poliție
poliţist polițist
poqte poate
porţi porți
poti poți
potrivita potrivită
poveşti povești
poza poză
poziţie poziție
poţi poți
pqre pare
pranz prânz
prda prea
pregatesc pregătesc
pregatit pregătit
pregatita pregătită
preşedinte președinte
preţ preț
președenție președinție
prietena prietenă
printrun printr-un
prinţesă prințesă
prizoner prizonier
prjn prin
proasta proastă
proba probă
problema problemă
protecţie protecție
prînz prânz
pufea putea
pufem putem
puii pui
purtînd purtând
putda putea
putdm putem
puteti puteți
puteţi puteți
putin puțin
puştiule puștiule
puţin puțin
puţină puțină
pâbă până
pîine pâine
pînă până
păii păi
pămînt pământ
părţi părți
rabdare răbdare
rai răi
raman rămân
ramas rămas
rand rând
rani răni
ranit rănit
rapida rapidă
rapit răpit
ras râs
raspund răspund
raspuns răspuns
rau râu
rau rău
razboi război
rdgulă regulă
reala reală
reghlă regulă
reguiă regulă
regula regulă
relaţie relație
renunţa renunța
renunţat renunțat
renunţe renunțe
repercursiune repercusiune
reprezinta reprezintă
respiraţie respirație
reuşit reușit
ridichiei ridichii
ridichii ridichi
romîn român
romînesc românesc
romînia românia
roşie roșie
roşu roșu
rugam rugăm
ruşine rușine
rîd râd
rînd rând
rîs râs
rîu râu
rîului râului
rămîn rămân
răzgîndit răzgândit
sa să
sai săi
sala sală
sambata sâmbătă
sange sânge
sangele sângele
saptamana săptămâna
saptamana săptămână
saptamani săptămâni
sarit sărit
sarut sărut
saturat săturat
sau s-au
sau său
scapa scapă
scapa scăpa
scapat scăpat
scena scenă
scoata scoată
scri scrii
scurta scurtă
scîrbos scârbos
seamana seamănă
seara seară
secment segment
secreta secretă
secunda secundă
servici servicii
serviciiile serviciile
sfai stai
sfârşit sfârșit
sfînt sfânt
sfînta sfânta
sfîntul sfântul
sfîntului sfântului
sfîntă sfântă
sfîrșit sfârșit
shnt sunt
shntem suntem
si și
sibur sigur
sighr sigur
sigura sigură
siguranta siguranță
siguranţă siguranță
simpla simplă
simta simtă
simţi simți
simţit simțit
simţiţi simțiți
singura singură
situaţie situație
sjgur sigur
slava slavă
slujba slujbă
slun spun
slus spus
soluţie soluție
sora soră
soţ soț
soţie soție
spaţiu spațiu
speciala specială
speranţa speranța
speranţă speranță
speri sperii
sperînd sperând
sphn spun
sphs spus
spînzurat spânzurat
sta stă
staii stai
stam stăm
stanga stânga
stapane stăpâne
staţi stați
staţie stație
sticla sticlă
stie știe
stii știi
stiu știu
stqi stai
strada stradă
strain străin
strans strâns
strazi străzi
strîng strâng
strîns strâns
străzi străzii
stîncă stâncă
stînd stând
stîng stâng
stînga stânga
stîngă stângă
stăpîn stăpân
stăpîne stăpâne
subt sunt
succesuri succese
sunfem suntem
suntdm suntem
sunteti sunteți
sunteţi sunteți
suparat supărat
supravieţuit supraviețuit
surori surorii
surpriza surpriză
suta sută
sîmbătă sâmbătă
sîn sân
sînge sânge
sîngele sângele
sîngelui sângelui
sînt sunt
sîntem suntem
sînteți sunteți
săptămâni săptămânii
săptămîna săptămâna
săptămîni săptămâni
săptămînii săptămânii
săptămînă săptămână
tabara tabără
tacii taci
tai tăi
taiat tăiat
tanar tânăr
tanara tânără
tarfa târfă
tarziu târziu
tata tată
tatal tatăl
tatalui tatălui
tau tău
tdebuie trebuie
teama teamă
tiate toate
tiată toată
ticalos ticălos
tihp timp
tineri tinerii
titul totul
tjmp timp
toafe toate
toafă toată
toaleta toaletă
toata toată
tocmaii tocmai
toful totul
toqte toate
toqtă toată
tothl totul
toti toți
totuşi totuși
toţi toți
toţii toții
toți toții
tradat trădat
traga tragă
trageţi trageți
traiesc trăiesc
trait trăit
transversa traversa
treaba treabă
trebuje trebuie
trecuta trecută
trefuie trebuie
treii trei
tîmpenie tâmpenie
tîmpit tâmpit
tînăr tânăr
tînăra tânăra
tînărul tânărul
tînără tânără
tîrfă târfă
tîrg târg
tîrziu târziu
tăii tăi
ubul unul
ucida ucidă
ucigaş ucigaș
ucrainian ucrainean
umana umană
uneii unei
uneorii uneori
unhl unul
uni unii
unuii unui
urasc urăsc
urat urât
urgenţă urgență
urma urmă
urmaresc urmăresc
urmarit urmărit
urît urât
urîtă urâtă
urăşte urăște
uşa ușa
uşi uși
uşile ușile
uşoară ușoară
uşor ușor
uşă ușă
va vă
vacanţă vacanță
vad văd
vada vadă
vanatoare vânătoare
vand vând
vandut vândut
vant vânt
varsta vârstă
vazut văzut
vdea vrea
vdeau vreau
vdei vrei
vdnit venit
vdzi vezi
veai vezi
vebit venit
vedeţi vedeți
veii vei
venii veni
veniţi veniți
venjt venit
veri verii
vezii vezi
veşti vești
veţi veți
vi vii
viata viată
viata viața
viata viață
viaţa viața
viaţă viață
victima victimă
vieţi vieți
vieţii vieții
vieţile viețile
vina vină
viteza viteză
vizita vizită
voastra voastră
voii voi
vorba vorbă
voștrii voștri
vrajitoare vrăjitoare
vrda vrea
vrdau vreau
vrdi vrei
vreii vrei
vreodata vreodată
vrequ vreau
vreţi vreți
vroia voia
vroiai voiai
vroiam voiam
vroiau voiau
vîna vâna
vînat vânat
vînd vând
vîndut vândut
vîndă vândă
vînt vânt
vînzare vânzare
vînzător vânzător
vînătoare vânătoare
vînător vânător
vînători vânători
vîrf vârf
vîrstă vârstă
văaut văzut
văzht văzut
văzînd văzând
zau zău
zei zeii
zii zi
zona zonă
zîmbet zâmbet
âi îi
âl îl
âmbrăcat îmbrăcat
âmi îmi
âmpotriva împotriva
âmpreună împreună
âmprumut împrumut
ân în
ânainte înainte
ânaintea înaintea
ânalt înalt
ânapoi înapoi
âncearcă încearcă
âncep încep
ânceput început
âncerc încerc
âncerca încerca
âncercam încercam
âncercare încercare
âncercat încercat
âncerci încerci
âncercând încercând
âncercăm încercăm
âncet încet
âncheiat încheiat
ânchid închid
ânchis închis
ânchisoare închisoare
âncoace încoace
âncolo încolo
âncotro încotro
âncredere încredere
âncântat încântat
âncântată încântată
âncât încât
âncă încă
ândată îndată
ândoială îndoială
ândoiesc îndoiesc
ândreaptă îndreaptă
ândrăgostit îndrăgostit
ânger înger
ângrijorat îngrijorat
ângrijorată îngrijorată
ângropat îngropat
ângrozitor îngrozitor
ânnebunit înnebunit
ânregistrare înregistrare
ânregistrat înregistrat
ânseamnă înseamnă
ânsurat însurat
ânsă însă
ânsărcinată însărcinată
ântoarce întoarce
ântoarcem întoarcem
ântoarcă întoarcă
ântorc întorc
ântorci întorci
ântors întors
ântotdeauna întotdeauna
ântre între
ântreabă întreabă
ântreaga întreaga
ântreagă întreagă
ântreb întreb
ântreba întreba
ântrebam întrebam
ântrebare întrebare
ântrebat întrebat
ântrebi întrebi
ântreg întreg
ântregi întregi
ântregul întregul
ântuneric întuneric
ântâi întâi
ântâlnesc întâlnesc
ântâlnire întâlnire
ântâlnit întâlnit
ântâmpla întâmpla
ântâmplare întâmplare
ântâmplat întâmplat
ântâmple întâmple
ântâmplă întâmplă
ântârziat întârziat
ântârziere întârziere
ânăuntru înăuntru
ânțeleg înțeleg
ânțeles înțeles
âți îți
îbainte înainte
îbcă încă
îbtâmplat întâmplat
îii îi
îmii îmi
împuşcat împușcat
înainfe înainte
înajnte înainte
înapoii înapoi
încercaţi încercați
încercînd încercând
încîntat încântat
încîntată încântată
încîntător încântător
încît încât
îndă încă
înfiinţat înființat
înfricoşător înfricoșător
înfrînt înfrânt
înmormîntare înmormântare
înspăimîntător înspăimântător
însuşi însuși
întrebaţi întrebați
întregi întregii
întro într-o
întrun într-un
întâhplat întâmplat
întâii întâi
întâmplqt întâmplat
întârzi întârzii
întîi întâi
întîlnesc întâlnesc
întîlnire întâlnire
întîlnit întâlnit
întîmpla întâmpla
întîmplare întâmplare
întîmplat întâmplat
întîmple întâmple
întîmplă întâmplă
întîmplător întâmplător
întîrzia întârzia
întîrziat întârziat
întîrzie întârzie
întîrziere întârziere
întîrzii întârzii
înveţe învețe
învîrte învârte
învăţa învăța
învăţat învățat
înşelat înșelat
înşine înșine
înţeleg înțeleg
înţelegere înțelegere
înţelept înțelept
înţeles înțeles
îşi își
îţi îți
ăata ăsta
ăsfa ăsta
ăştia ăștia
şansă șansă
şapte șapte
şase șase
şcoala școala
şcoală școală
şef șef
şi și
şoc șoc
şti ști
ştia știa
ştiai știai
ştiam știam
ştiaţi știați
ştie știe
ştii știi
ştiind știind
ştiinţă știință
ştim știm
ştiu știu
ştiut știut
ştiţi știți
ţară țară
ţi ți
ţie ție
ţin țin
ţintă țintă
ţinut ținut
șii și
ști știi
ștință știință
