# A number, then the words denoting it: 1 one first
0 zero
1 unu primul
2 doi doilea
3 trei treilea
4 patru patrulea
5 cinci cincilea
6 șase șaselea
7 șapte șaptelea
8 opt optulea
9 nouă nouălea
10 zece zecelea
11 unsprezece unsprezecelea
12 doisprezece doisprezecelea
13 treisprezece treisprezecelea
14 paisprezece paisprezecelea
15 cincisprezece cincisprezecelea
16 șaisprezece șaisprezecelea
17 șaptesprezece șaptesprezecelea
18 optsprezece optsprezecelea
19 nouăsprezece nouăsprezecelea
20 douăzeci douăzecilea
21 douăzecișiunu
22 douăzecișidoi
23 douăzecișitrei
24 douăzecișipatru
30 treizeci treizecilea
40 patruzeci patruzecilea
50 cincizeci cincizecilea
60 șaizeci șaizecilea
70 șaptezeci șaptezecilea
80 optzeci optzecilea
90 nouăzeci nouăzecilea
100 sută sutălea
1000 mie miilea
1000000 milion milionulea
1000000000 miliard miliardulea
