# The language's vocabulary, one word per line.
-
.
/
0
1
10
100
1000
1000000
1000000000
11
12
13
14
15
16
17
18
19
2
20
3
30
4
40
5
50
6
60
7
70
8
80
9
90
@
_
abandonat
abea
abem
abia
absolut
absurd
abut
ac
acaaă
acasa
acasă
accept
accepta
acceptat
accepte
acceptă
acces
accident
acdst
acea
aceasta
această
aceat
aceea
aceeaşi
acei
aceia
aceiași
acel
acela
acelaşi
același
acelea
aceleaşi
acelei
acelui
acest
aceste
acestea
acestor
acestui
achm
acilo
acoio
acolo
acoperi
acoperire
acoperit
acoperiş
acoperă
acord
acordat
acqsă
act
activitate
actor
acum
acuma
acuzat
acţiune
adam
adanc
adapost
adaptare
adasă
adesea
adest
adevar
adevarat
adevarata
adevăr
adevărat
adevărată
adica
adică
adio
adjunct
admir
adn
adolo
ador
adormit
adresă
adrian
adu
aduc
adult
adum
adunat
adus
adânc
adînc
adîncime
adăpost
aer
aeroport
afacere
afara
afară
afectat
aflat
aflu
africa
afunci
afât
agent
agitat
agrează
agreem
agăţat
ah
aha
ai
aia
aiba
aibă
aici
aicii
aidi
aii
ajci
ajung
ajuns
ajut
ajutat
ajutor
al
ala
alan
alarmă
alaturi
alb
alba
albastru
albastră
albert
albi
albitru
albă
alcool
alea
aleargă
alee
aleg
alegere
alerga
alertă
ales
alex
ali
alibi
alice
alicia
alison
aloi
alt
alta
altceva
altcineva
altcuiva
alte
altele
altfel
altor
altora
altuia
altul
altundeva
altă
alături
alţi
alţii
am
amabil
amanda
amandoi
amandoua
ambele
ambi
ameninţare
ameninţat
america
american
americană
americi
americii
amestec
amin
aminte
amintesc
amintire
amintit
amuzant
amuzantă
amy
amândoi
amândoii
amândouă
amîndoi
amîndouă
amîndurora
an
anchetă
anderson
andrew
andy
angajat
angel
angela
angeles
anglia
ani
anii
anilor
animal
aniversare
ann
anna
anterior
anthony
antonio
antrenament
antrenat
antrenor
anulat
anume
anumit
anumită
apa
apar
apara
aparare
aparat
apare
aparent
apari
apartament
aparut
apară
apasă
apei
apel
apele
apere
apii
aplauze
apoi
apoii
apreciez
april
aprilie
aprins
aproape
apropi
apropia
apropiat
apropie
apropiem
apropiere
apropii
apropo
apropos
aproximativ
apucat
apă
apăra
apărare
apărea
apărut
ar
aranjat
aranjez
arat
arata
aratat
arate
arată
ard
arde
are
arestat
argint
aripi
arma
armata
armată
armă
ars
arta
arthur
articol
artist
artă
arunc
aruncat
arăt
arăta
arătat
arătăm
arăţi
as
asa
asasin
ascult
ascultat
ascund
ascuns
ascunsă
aseara
aseară
asemenea
ashley
asigur
asigurare
asigurat
asistent
asistentă
aspect
asta
astazi
astea
astfel
astia
astă
astăzi
astăzii
asupra
atac
atacat
atat
atata
atatea
atent
atenta
atentă
atenţie
aterizare
aterizat
ati
atii
ating
atins
atitudine
atrage
atras
atubci
atunci
atuncii
atundi
atât
atâta
atâtea
atît
atîta
atîtea
au
aud
auda
aude
audă
august
aur
auto
autobuz
automat
auzi
auzii
auzim
auzit
avand
avans
avantaj
avda
avdm
avea
aveai
aveam
aveau
avem
aventura
aventură
avere
avertisment
avertizat
avertizez
aveti
aveţi
aveți
avht
avion
avocat
avut
având
avînd
azi
azii
aş
aşa
aşezat
aşteaptă
aştept
aştepta
aşteptam
aşteptare
aşteptat
aşteptaţi
aşteptăm
aştepţi
aţi
aș
așa
așteaptă
ați
ba
baftă
bag
baga
bagat
bage
bagi
bagă
baia
baiat
baiatul
baie
baiete
baieti
bal
balta
baltă
ban
banca
bancă
banda
bandă
bang
banuiesc
bar
bara
barbara
barbat
barca
barcă
barry
bart
bară
baschet
bat
bataie
bate
batem
batran
batut
bată
baut
bautura
baza
bază
bea
beat
beau
becky
bei
bell
bem
ben
benjamin
benny
benzină
bere
berea
berlin
bhnă
biata
bibe
bibliotecă
big
bilet
bill
billy
bine
binecuvânteze
binecuvîntare
binecuvîntat
binecuvînteze
binele
bineînţeles
bingo
birou
biserica
biserică
bjne
blair
blestem
blestemat
blocat
blînd
boala
boală
bob
bogat
bogată
boli
bolnav
bolnava
bolnavă
bomba
bombă
bonnie
bord
boston
brad
brandon
branza
brian
britanic
brown
bruce
brusc
brânză
brînză
bubă
bucata
bucatarie
bucată
bucur
bucura
bucurie
bucuros
bucătărie
bucăţi
bud
bun
buna
bune
bunica
bunici
bunicii
bunico
bună
buzunar
băga
băgat
băiat
băiatul
băiete
băieţi
băieţii
băieți
bănuiesc
bărbat
bătaie
bătrân
bătrâni
bătrână
bătrîn
bătrîna
bătrîni
bătrînă
bătut
bătălie
băut
băutură
ca
caci
cad
cada
cadavru
cade
cadou
cadă
cafea
cai
caii
caine
cal
calatorie
calculator
cald
caldă
cale
calea
california
calitate
calm
calul
cam
camera
cameră
camion
campanie
campion
canada
canal
canapea
cancer
cand
candva
cant
cantec
cap
capabil
capat
capatul
capcana
capcană
capete
capetele
capitan
capitane
capturat
capul
capăt
capătul
card
care
careva
carieră
caritate
carl
carla
carlos
carmen
carne
carnea
carol
carte
cartea
carter
cartier
cartierul
casa
casatorie
casatorit
casele
castel
casă
cat
cate
categoric
cateodata
cateva
catre
caut
cauta
cautam
cautat
caute
caută
cauza
cauzat
cauză
cauţi
cavaler
caz
cazut
cbiar
cdea
cded
cdezi
cdva
cea
ceai
cealalta
cealaltă
ceartă
ceară
ceas
ceaşcă
ceba
cec
ceda
ceea
cei
ceilalţi
cel
celalalt
celei
celelalte
celulă
celălalt
celălant
central
centru
cer
cerc
cercetare
cere
cerem
cerere
ceri
certat
ceruri
cerut
ceva
charles
charlie
chase
cheama
cheamă
chef
chei
cheia
cheie
cheile
cheltuit
chem
chema
chemat
chestie
chestiune
chiar
chicago
china
chip
chiqr
chirurg
chjar
chris
christian
christine
christopher
ci
cimitir
cina
cinci
cincii
cindva
cindy
cineba
cinema
cineva
cinste
cinstea
cinstit
cină
ciocolata
ciocolată
citesc
citit
city
ciudat
ciudata
ciudată
civil
cjneva
cladire
clar
clara
clare
clark
clară
clasa
clasic
clasă
client
clinică
clipa
clipă
club
clădire
cm
coada
coadă
coasta
coastă
coboara
coboară
cobor
coborât
coborîm
coborît
cocaină
cod
coincidenţă
coleg
colegiu
colin
colo
colonel
colonele
color
colţ
comanda
comandant
comandat
comandă
combustibil
comform
comfort
comis
comoara
companie
complect
complet
completă
complicat
comportament
computer
comun
comunitate
comă
concediat
concediu
concert
concurs
condamnat
conduc
conducere
condus
conectat
confirmat
conflict
conform
confortabil
confuz
connor
consider
considerare
considerat
consilier
consiliu
constant
construit
cont
contact
contactat
continua
continuare
continuat
continuă
contract
control
conversaţie
convine
conving
convins
conştient
cool
copac
copaci
copi
copie
copii
copiii
copiilor
copil
copilul
copilului
copilărie
cord
corect
corectă
corp
costa
costum
cowboy
cqre
craciun
crdd
crdzi
creada
creadă
creai
creat
creatură
crează
cred
crede
credea
credeai
credeam
credem
credeţi
credinţa
credinţă
credit
creem
creier
cresc
crescut
crezi
crezii
crezut
crezînd
creşte
creştere
crima
criminal
crimă
criză
crud
crăciun
crăciunul
cu
cui
cuiva
culc
culcare
culcat
culci
culoare
cum
cuminte
cumpar
cumpara
cumparat
cumpere
cumperi
cumpăr
cumpăra
cumpărat
cumpără
cumpărăm
cumva
cunoască
cunoaşte
cunosc
cunoscut
cunoscută
cunoşti
cunoştinţă
cunoștiință
cuplu
cur
curaj
curajos
curat
curata
curată
curent
curios
curs
cursa
cursă
curte
curtea
curtis
curva
curvă
cutie
cuvant
cuvânt
cuvînt
cuţit
câbd
câine
câmp
când
cândva
cânt
cântat
cântec
cât
câte
câteodată
câteva
câtă
câştigat
câţi
câţiva
cîine
cîmp
cînd
cîndva
cînt
cîntat
cîntec
cîrlig
cît
cîte
cîteodată
cîteva
cîtă
cîștigat
că
căcat
căci
cădea
călcat
căldură
călătorie
călătorit
căpitan
căpitane
căreia
cărora
cărui
căruia
cărţi
cărţile
căsătoresc
căsătorie
căsătorit
căsătorită
către
căuta
căutam
căutare
căutat
căutaţi
căutînd
căutăm
căzut
căţea
da
dac
daca
dacă
dadă
dai
daii
dam
dan
dana
daniel
danny
dans
dansez
dar
dat
data
dator
datorez
datorie
datorita
datorită
dată
dau
david
davis
ddci
ddcât
ddspre
de
deabia
deacord
deacum
deal
dealtfel
dean
deasupra
decat
dece
deci
decii
decis
decizie
declarat
declaraţie
decât
decît
dedi
dedât
definitiv
degeaba
deget
degraba
degrabă
deja
dejun
delicios
delicvent
deloc
demon
demult
dennis
deoarece
deocamdata
deocamdată
deodată
deoparte
deosebire
deosebit
departe
dependent
deplin
depozit
depus
deranjat
deranjez
des
deschid
deschis
deschisa
deschisă
descoperi
descoperit
descrie
descurc
descurcat
deseară
desert
desigur
deslre
despde
despre
despărţit
destui
destul
destule
destulă
detaliu
detectiv
deveni
devenit
devi
devii
devin
devine
devreme
dezamagit
dezamăgit
dezastru
dezgustător
dezvoltat
deşi
deştept
deţin
dhpă
diana
diar
dick
diego
diferenţă
diferit
diferita
diferită
dificil
dificilă
dimineaţa
dimineaţă
dimineața
dimineață
din
dinainte
dincolo
dintotdeauna
dintre
dintro
dintrun
direct
director
direcţie
discurs
discut
discutat
discuţie
diseara
diseară
dispar
dispara
dispare
dispari
disparut
dispară
disperat
disponibil
dispozitiv
dispus
dispărea
dispărut
distanţă
distractiv
distracţie
distrat
distrez
distrug
distrus
distrusă
diuă
divorţ
dl
dna
do
doamna
doamnei
doamnă
doar
doare
doarme
doarmă
doborât
doborît
doc
doctor
doctore
doi
doii
doilea
dolar
domn
domnişoară
don
donald
donna
doqr
dor
doresc
dorit
dorm
dormi
dormit
dormitor
dosar
doua
două
douăzeci
dovada
dovadă
dovedesc
dovedit
dovezi
dovezile
dqcă
dr
drace
drag
draga
dragon
dragoste
dragostea
dragă
dreapta
dreaptă
drept
dreptate
dreptul
drogat
drum
drumul
drăguţ
drăguţă
du
dublu
dublă
duc
duca
duce
duci
ducii
ducă
dulap
dulce
dulă
duminica
duminică
dumitale
dumneata
dumneavoastra
dumneavoastră
dumnezeu
dumnezeule
dupa
după
dur
durat
durere
dureros
durut
dură
dus
duş
dv
dvs
dylan
dă
dădea
dăm
ea
earl
eate
echipa
echipaj
echipament
echipă
ecran
ecsemplu
ecspert
ed
edward
efect
efort
egal
egoist
eh
ei
eii
el
ele
electric
elegant
elena
eliberare
eliberat
elicopter
eliminat
elizabeth
elliot
emily
emisiune
emma
energie
enervat
enginer
englez
engleza
engleză
enorm
era
erai
eraii
eram
erau
eric
eroare
erou
esfe
est
este
esti
etaj
eu
euro
europa
eva
evadat
evan
eveniment
evident
evreu
exact
exagerat
excelent
excelenta
excelentă
excrocherie
excursie
exemplu
existat
experienţă
experiment
expert
explic
explicat
explodat
explozie
exterior
extraordinar
extraordinară
extrem
eşti
ești
eștii
fa
fabrica
fabrică
fac
faca
facand
facdm
face
facea
faceam
facem
faceţi
faceți
faci
facii
facultate
facut
facuta
facă
fade
fadem
fadi
faimos
fals
falsă
familie
fan
fantastic
fantoma
fantomă
fapt
fara
fascinant
fata
fato
fată
favoare
faţa
faţă
fața
față
fbi
febră
federal
fel
felix
femeie
fereastra
fereastră
fericire
fericit
fericita
fericite
fericită
ferma
fermă
fete
fetei
fetele
fetelor
fetiţă
fi
fiarte
fie
fiecare
fier
fierbinte
fii
fiica
fiicei
fiică
fiind
fiindca
fiindcă
film
filmat
fim
final
finala
finală
fir
fire
firmă
fist
fiu
fix
fizic
fizică
fiţi
floare
flori
florida
flăcări
foadte
foame
foarfe
foarte
foat
foc
focuri
folos
folosesc
folosit
folosită
font
for
ford
forma
format
formă
fort
forţat
forţă
fost
foster
fotbal
fotografie
fqce
fqcem
fqci
fraier
francez
franceză
francis
francisco
frank
franklin
franţa
frate
fred
fregvent
frica
frică
frig
frigider
friptură
frumoasa
frumoasă
frumos
frustare
frînghie
frînt
fu
fug
fuga
fuge
fugi
fugim
fugit
fugă
fum
fumat
fumez
funcţie
funcţionare
fund
furat
furie
furioasă
furios
furt
furtuna
furtună
fură
fusese
fă
făcea
făceai
făceam
făceau
făcht
făcut
făcută
făcând
făcînd
fădut
fădă
fără
gabriel
galben
gand
gandesc
gandit
garaj
garantez
garcia
garda
gary
gasesc
gasit
gat
gata
gaura
gaură
gay
gaz
geam
geanta
geantă
geloasă
gelos
gen
general
generos
genial
geniu
genoflexiune
genuchi
genunchi
george
german
germania
gest
gheaţă
ghicesc
ghinion
gibbs
gina
glonţ
gloria
gluma
glumesc
glumă
go
goala
goale
goală
gol
golf
gordon
grabă
grace
graham
gramada
grant
gras
gratis
gratuit
grav
gravidă
gravă
greg
greu
greutate
greşeală
greşit
greşită
greșit
gri
grija
griji
grijii
grijă
groaznic
groază
grozav
grozava
grozavă
grup
grăbesc
grădina
grădină
grămadă
gunoi
gura
gură
gust
guvern
guvernator
gând
gândesc
gândire
gândit
gât
gînd
gîndesc
gîndire
gîndit
gît
găsesc
găsit
găsită
gătit
ha
habar
hai
haice
haide
haideţi
haii
hajde
hal
halloween
hambal
han
hank
hannah
haos
harold
harris
harrison
harry
harta
hartie
hartă
harvey
hawai
he
hector
hei
heii
helen
henry
hi
hitler
hm
ho
hol
hollywood
homer
homosexual
hong
hot
hotarat
hotel
hotărât
hotărît
howard
hoţ
hqide
hrană
hristos
hunter
hârtie
hîrtie
i
ia
iad
ian
iar
iarba
iarbă
iarna
iasa
iasă
iata
iată
iau
idee
ideea
idei
ideile
identificat
identitate
idiot
idiotul
ie
ieftin
iei
ieii
iepure
ieri
iert
ierta
iertare
iertat
ies
iese
ieşi
ieşim
ieşire
ieşit
ieși
ii
iisus
iisuse
il
ilegal
imaginat
imagine
imaginez
imbracat
imediat
imens
imi
impact
implicat
implicată
implor
important
importanta
importantă
imposibil
impotriva
impresie
impresionant
impresionat
impreuna
in
inainte
inaintea
inalt
inamic
inapoi
inauntru
inca
incantat
incat
incearca
incendiu
incep
inceput
incerc
incerca
incercam
incercand
incercare
incercat
incerci
incet
inch
incheiat
inchid
inchis
inchisoare
incident
inclusiv
incoace
incolo
incredere
incredibil
incredibilă
indata
indentitate
india
indian
indici
indicii
indiciu
indiferent
individ
indoiala
indoiesc
indragostit
indreapta
inel
infirmierie
informat
ingrijorat
ingrijorata
ingrozitor
inima
inimi
inimii
inimile
inimă
innebunit
insa
insarcinata
inseamna
insistat
inspector
instanţă
insula
insulă
intai
intalnesc
intalnire
intalnit
intampla
intamplat
intample
intarziat
inteles
inteligent
inteligentă
intenţionat
interes
interesant
interesantă
interesat
interesată
interior
internet
intervenţie
interviu
interzis
intinerar
intoarca
intoarce
intoarcem
intorc
intorci
intors
intotdeauna
intra
intram
intrare
intrat
intre
intreaba
intreaga
intreb
intreba
intrebam
intrebare
intrebat
intrebi
intreg
intregi
intregul
intri
intru
intrînd
intră
intrăm
intuneric
inutil
inventat
invers
invit
invitat
istorie
isus
it
italia
iti
iubesc
iubire
iubit
iubită
iulie
iunie
ivan
jack
jackson
jacob
jaf
james
jane
japonia
jean
jeff
jefuit
jenant
jeremy
jerry
jersey
jesse
jessica
jill
jim
jimmy
jo
joaca
joace
joacă
joc
joci
joe
john
johnny
johnson
joi
jones
jordan
jos
joseph
josh
juan
juca
jucam
jucat
jucăm
jucări
jucător
judecat
judecata
judecator
judecată
judecător
jules
julia
julian
julie
jumatate
jumate
jumătate
junior
jur
jurat
juriu
jurămînt
justin
justiţie
karen
karl
kate
keith
kelly
ken
kennedy
kent
kevin
kg
kim
kirk
km
kong
kyle
la
laborator
lac
lacrimi
lady
lana
lance
lane
langa
lansare
lapte
larg
larry
las
lasa
lasam
lasat
lase
lasă
laura
laşi
le
leagă
lecţie
lee
legal
legat
legatura
legată
lege
legea
legi
legii
legile
legătură
lemn
lent
leo
leon
leonard
lewis
lhcru
lhmea
li
liber
libera
libertate
libertatea
liberă
liceu
lider
lift
liga
lily
limba
limbă
limită
limpede
linda
linia
linie
linişte
liniştit
lipsa
lipsesc
lipsit
lipsă
lisa
lista
listă
loc
local
locală
locotenent
locotenient
locuiesc
locuit
locul
logan
logic
logică
loial
lois
londra
lor
lord
los
louis
louise
lovesc
lovit
lovitura
lovitură
lu
lua
luam
luat
luate
luată
luaţi
lucas
lucdu
lucrat
lucrez
lucru
lucy
ludru
luhea
lui
luii
lumda
lume
lumea
lumi
lumii
lumina
luminile
lumină
luna
lung
lunga
lungi
lungul
lungă
luni
lunii
lună
lup
lupt
lupta
luptat
luptă
luptător
lux
luînd
luăm
lângă
lînga
lîngă
lămîie
lăsa
lăsat
lăsaţi
lăsînd
lăsăm
ma
mac
macar
made
maestre
maestru
magazin
magic
magie
mai
maiestate
maii
maimuţă
maine
maini
mainile
maior
majestate
major
mama
mami
mamă
man
mana
manager
mananc
mananca
manance
mananci
manca
mancam
mancare
mancarea
mancat
mandat
mandru
manual
marcat
marco
marcus
mare
marea
marele
marfa
marfă
marginea
mari
maria
marie
marii
marina
mark
marshall
martie
martin
martor
marturie
marty
mary
masa
masaj
masca
mason
masura
masă
material
matt
matthew
max
maxim
maximă
maya
maşină
mașină
me
mea
meci
media
medic
medical
medicala
medicală
medicament
medicină
mediu
mei
meii
mel
mele
melissa
melodie
membrii
membru
memorie
menţionat
mere
mereu
merg
merit
meritat
mers
mersi
mersii
mesaj
metal
metodă
metrii
meu
mexic
mhlt
mi
mia
mic
mica
michael
michelle
mici
mickey
mică
mie
miercuri
miere
mii
mijloc
mike
mila
milion
militar
militare
militară
miller
milă
mina
mincinos
minciuna
minciuni
minciună
minge
mingea
mingie
mingii
ministru
mint
minte
mintea
minunat
minunata
minunată
minune
minut
minţi
minţit
miracol
miranda
mirare
mireasa
miroase
miros
mirosul
misiune
miss
mister
misterios
mizerie
mişca
mişcare
mişto
mm
moale
moara
moare
moarta
moarte
moartea
moartă
moară
mobil
mod
modalitate
model
modul
modă
moment
momentan
mondial
monica
monstru
mor
morgan
mori
mormânt
mormînt
mort
morţi
morţii
moscova
motel
motiv
motor
mqre
muit
mul
mult
multa
multi
multime
multumesc
multă
mulţime
mulţumesc
mulțime
mulțumesc
munca
muncesc
muncit
muncă
munte
muntele
murdar
murdară
muri
murim
murit
murphy
mut
mutat
mută
muzica
muzică
mâine
mâini
mâinile
mâna
mânca
mâncare
mâncarea
mâncat
mâncăm
mândru
mândră
mână
mîine
mîini
mîinile
mîna
mînca
mîncare
mîncarea
mîncat
mîncăm
mîndrie
mîndru
mîndră
mînă
mă
măcar
măi
mănânc
mănânce
mănânci
mănâncă
mănînc
mănînce
mănînci
mănîncă
mărit
măritată
mărturie
măsura
măsură
mătuşa
na
naiba
naibi
naibii
naifa
najba
nancy
naomi
nas
nascut
nasol
natalie
nate
nathan
natural
natură
nava
navă
naştere
naţională
ndvoie
ne
neagra
neagră
neam
neaparat
neapărat
nebun
nebuna
nebunie
nebună
necesar
necesară
necunoscut
nefericire
nefericit
negativ
negre
negri
negru
neil
nelson
nemaipomenit
nemernic
nenorocit
nenorocită
neobişnuit
nepotrivit
neregula
neregulă
nervoasă
nervos
nevasta
nevastă
neviie
nevinovat
nevoia
nevoie
nevoit
nevoje
new
ni
nicaieri
nici
nicii
niciidată
nicio
niciodafă
niciodata
niciodată
niciun
niciuna
niciunul
nicky
nicole
nicăieri
nidi
nihic
nimanui
nimdni
nimebi
nimeni
nimenii
nimerit
nimic
nimjc
nimănui
nina
nisip
niste
nivel
nişte
niște
njci
njciodată
njmeni
njmic
no
noah
noapte
noaptea
noastra
noastre
noastră
nobil
noi
noiembrie
noii
noile
nopţi
nopţii
nora
nord
normal
normala
normală
norman
noroc
norocoasa
norocoasă
norocos
noroi
nostim
nostru
notă
nou
noua
noul
nouă
noştri
noștrii
nqiba
nr
nu
numa
numai
numaii
numar
numarul
nume
numele
numere
numerele
numesc
numit
numită
număr
numărul
nunta
nuntă
născut
oamdni
oamebi
oameni
oamenii
oamenilor
oara
oarecare
oarecum
oară
oase
oasele
obicei
obiect
obişnuit
obligat
obosit
obosita
obosită
obsedat
observat
ocazie
ocean
ochelari
ochelarii
ochi
octombrie
ocup
ocupat
ocupata
ocupată
odata
odată
odihnă
of
ofer
ofera
ofere
oferi
oferim
oferit
oferta
ofertă
oferă
oficial
ofiţer
oglindă
oh
oi
ok
oliver
olivia
om
omoara
omoare
omoară
omor
omorat
omori
omorâ
omorâm
omorât
omorî
omorîm
omorît
omorîtă
omul
omule
omului
online
onoare
onoarea
onorată
operaţie
oportunitate
opresc
oprim
oprire
oprit
oprobiu
opt
opţiune
oqmeni
or
ora
oraş
oraș
orb
ordin
ordine
ordonat
orez
organizat
ori
oribil
oricand
oricare
orice
oricine
oricum
oricând
oricât
oricînd
oricît
original
orii
oriunde
oră
os
oscar
otravă
ou
oua
ouă
ouăle
owen
oxigen
pa
pacat
pace
pacea
pachet
pacient
pade
padure
pagină
pahar
pai
paine
palat
palmer
pamant
pana
panică
papa
par
para
paradis
parasit
parc
parca
parcare
parcă
pardon
pare
parea
parere
pari
pariez
parinte
paris
pariu
park
parte
partea
partener
particular
parul
parut
pară
pas
pasa
pasiune
pastrat
pastrez
pasă
pasăre
pat
patetic
patra
patrick
patru
patty
paul
pauza
pauză
pază
pdea
pdin
pdntru
pe
pedeapsa
pedeapsă
pedepsit
penfru
pentdu
pentru
pereche
perete
perfect
perfecta
perfectă
pericol
periculoasă
periculos
perioada
perioadă
permanent
permis
permit
persoana
persoană
personal
personala
personală
pescuit
pese
peste
pete
peter
petrec
petrecere
petrecut
peşte
phil
philip
phoebe
phtea
phtem
piace
pian
piardă
piate
piatra
piatră
piaţa
piaţă
pic
picat
picior
piele
pielea
piept
pierd
pierde
pierdem
pierdere
pierdut
pierdută
pierzi
piesa
piesă
pietre
pilot
piper
pipi
piscină
pisică
pistol
pistă
plac
placa
place
placea
placere
placi
placut
placuta
placă
plade
plaja
plajă
plan
planeta
planetă
plang
planificat
plans
plastic
plata
platesc
platit
plată
pleaca
pleacă
plec
pleca
plecam
plecare
plecat
plecată
pleci
plecii
plecînd
plecăm
plictisit
plictisitor
plimbare
plin
plina
plină
ploaia
ploaie
plouă
plqce
plus
plâng
plângere
plâns
plîng
plîngere
plîns
plăcea
plăcere
plăcintă
plăcut
plăcută
plănuit
plătesc
plătit
poafe
poarta
poarte
poartă
poata
poate
poată
pod
podea
poftă
poker
politic
politica
politicos
politică
politie
poliţie
poliţist
poliție
pop
poqte
porc
porcărie
pornit
porno
port
porţi
posibil
posibilitate
posibilă
post
pot
poti
potrivesc
potrivit
potrivita
potrivită
poveste
povestea
povestit
poveşti
poza
pozitiv
poziţie
poză
poţi
poți
pqre
practic
practică
prada
praf
pranz
prda
prea
preajmă
precis
precum
preda
predat
predau
preface
prefer
preferat
preferată
pregatesc
pregatit
pregatita
pregătesc
pregătit
pregătită
preia
preluat
premiu
preot
presiune
presupun
presupus
presus
presă
prezent
prezenta
prezentat
prezint
prezintă
preşedinte
preţ
președenție
pricep
pricepe
pricepi
priceput
prieten
prietena
prietenie
prietenă
prim
prima
primar
primesc
primit
primul
prin
principal
principală
prind
prins
prinsă
printre
printrun
prinţesă
privat
privată
privesc
privire
privit
prizoner
prizonier
prjn
proaspăt
proasta
proastă
proba
probabil
problema
problemă
probă
proces
procuror
produs
profesionist
profesor
profesore
profit
profund
program
programare
proiect
promis
promisiune
promit
proprietate
propriu
propun
propunere
prost
prostesc
prostie
prostituată
protecţie
protejat
protejez
provoacă
provoca
provocare
provocat
prânz
prînz
psihiatru
public
publicitate
publică
pufea
pufem
pui
puii
pumn
pun
punct
pungă
punte
puntea
pur
purta
purtat
purtînd
pură
pus
putda
putdm
pute
putea
puteai
puteam
puteau
putem
putere
puternic
puteti
puteţi
puteți
putin
putut
puştiule
puţin
puţină
puțin
pâbă
pâine
până
pîine
pînă
păcat
păcălit
pădure
pădurea
păi
păii
pălărie
pământ
pămînt
păr
părea
părere
părinte
părul
părut
părăsesc
părăsit
părţi
păsa
păstrat
păstrez
păsări
păsările
rabdare
rachel
radar
rade
radio
rahat
rai
ralph
raman
ramas
rana
rand
rani
ranit
rană
rapid
rapida
rapidă
rapit
raport
raportat
raportul
rar
ras
raspund
raspuns
ratat
rau
raymond
razboi
rază
rdgulă
re
rea
real
reala
realitate
realizat
reală
reamintesc
rebecca
rece
recent
reciproc
recompensă
recunoscut
recunoscător
recuperat
red
refer
refuz
refuzat
regatul
rege
regele
regelui
reghlă
regina
regină
regret
regreta
reguiă
regula
reguli
regulile
regulă
relaţie
rele
renunţa
renunţat
renunţe
repar
reparat
repede
repercursiune
repet
repeta
reporter
reprezinta
reprezintă
respect
respectat
respins
respiraţie
responsabil
responsabilitate
restaurant
retrag
retrage
retras
reuşit
revedere
reveni
revenit
revină
rezervă
rezolv
rezolvat
rezultat
richard
rick
ridic
ridicat
ridichiei
ridichii
ridicol
risc
risca
riscant
rita
rob
robert
robin
robot
rochie
rock
rog
roger
rogi
rol
roma
roman
romantic
romîn
romînesc
romînia
ron
rose
rost
roy
roz
roşie
roşu
ruga
rugam
rugat
rugăm
rup
rupt
rusia
ruth
ruşine
ryan
râd
rând
râs
râu
rîd
rînd
rîs
rîu
rîului
răbdare
răi
rămas
rămân
rămîn
rănesc
răni
rănile
rănit
rănită
răpit
răspund
răspuns
rătăcit
rău
răul
război
răzbunare
răzgândit
răzgîndit
sa
sabia
sabie
sac
sai
sala
salariu
sale
sally
salon
salt
salut
salutare
salva
salvare
salvat
salvez
sală
sam
sambata
san
sandy
sange
sangele
santa
saptamana
saptamani
sar
sara
sarah
sarcină
sare
sari
sarit
sarut
sat
satelit
satul
saturat
sau
scandal
scap
scapa
scapat
scape
scapi
scapă
scară
scaun
scena
scenariu
scenă
schimb
schimbare
schimbat
scoală
scoata
scoate
scoatem
scoată
scop
scos
scot
scott
scri
scrie
scrii
scriitor
scris
scrisoare
scriu
scump
scurt
scurta
scurtă
scuză
scârbos
scîrbos
scăpa
scăpare
scăpat
scăpăm
scăzut
se
seama
seamana
seamă
seamănă
sean
seara
seară
sebastian
secment
secret
secreta
secrete
secretă
sectorul
secunda
secundă
securitate
seif
semn
semnal
semnat
senator
sens
sensibil
sentiment
separat
septembrie
sergent
serie
serios
servesc
servici
serviciiile
serviciile
serviciu
serviciul
servit
set
sete
sex
sexual
sexuală
sexy
sezon
sf
sfai
sfat
sfert
sfinte
sfânt
sfârşit
sfînt
sfînta
sfîntul
sfîntului
sfîntă
sfîrșit
shaw
shnt
shntem
show
si
sibur
sighr
sigur
sigura
siguranta
siguranţă
siguranță
sigură
simon
simpla
simplu
simplă
simt
simta
simte
simtă
simţi
simţit
simţiţi
simți
sincer
sinceră
sincronizare
sine
singur
singura
singură
sinucidere
sinucis
sir
sire
sistem
situaţie
sjgur
slab
slabă
slava
slavă
slujba
slujbă
slun
slus
smith
soare
social
socială
societate
sol
soldat
soluţie
somn
sophie
sora
soră
sos
sosit
soţ
soţie
spania
sparg
sparge
spart
spate
spatele
spaţiu
special
speciala
specială
spectacol
sper
speranţa
speranţă
sperat
speri
speria
speriat
sperie
sperii
sperînd
sphn
sphs
spion
spirit
spital
sport
spre
sprijin
spun
spus
spînzurat
spăl
spălat
st
sta
stabilit
stai
staii
stam
stan
standard
stanga
stanley
stapane
star
stare
start
stat
statele
stau
staţi
staţie
stea
stephen
steve
steven
sticla
sticlă
stie
stii
stil
stinge
stiu
stomac
stop
stqi
strada
stradă
strain
strans
strazi
stricat
strict
strigat
strâng
strâns
strîng
strîns
străin
străzi
străzii
străzile
student
studiat
studio
studiu
stupid
stând
stâng
stânga
stângă
stîncă
stînd
stîng
stînga
stîngă
stă
stăm
stăpâne
stăpîn
stăpîne
stătea
stăteam
sua
sub
subiect
subsol
subt
suc
succes
succesuri
sud
sue
suferi
suferit
suferă
suficient
suficientă
suflet
sugerat
sugerez
sumă
sun
sunet
sunfem
sunt
suntdm
suntem
sunteti
sunteţi
sunteți
suparat
super
superb
superi
superior
suplimentare
suport
supraveghere
supravieţuit
supă
supărare
supărat
surori
surorii
surorile
surprinde
surprins
surprinsă
surpriza
surpriză
sursă
sus
susan
suspect
suta
sută
sydney
sâmbătă
sânge
sângele
sîmbătă
sîn
sînge
sîngele
sîngelui
sînt
sîntem
sînteți
să
săi
sălbatic
sănătate
sănătos
săptămâna
săptămâni
săptămână
săptămîna
săptămîni
săptămînii
săptămînă
sări
sărit
sărut
sărutat
săturat
său
ta
tabara
tabăra
tabără
taci
tacii
tai
taiat
taie
tale
talent
tanar
tanara
tare
tarfa
tari
tarziu
tata
tatal
tatalui
tatei
tată
tatăl
tatălui
tau
taxi
taylor
tdebuie
te
team
teama
teamă
teatru
ted
teddy
tehnic
tehnologie
telefon
televiziune
televizor
tem
temi
templu
temporar
teorie
terapie
teren
teribil
termen
termin
terminat
terorist
terry
test
texas
the
thomas
tiate
tiată
ticalos
ticălos
tihp
tim
timp
tina
tinere
tineri
tinerii
tip
titlul
titul
tjmp
toafe
toafă
toaleta
toaletă
toast
toata
toate
toată
tocmai
tocmaii
todd
toful
tom
ton
tony
top
toqte
toqtă
tort
tot
total
totalitate
totală
totdeauna
tothl
toti
totul
totuşi
totuși
toţi
toţii
toți
tradat
traducere
trafic
trag
traga
trage
tragedie
tragem
trageţi
tragi
tragă
trai
traiesc
trait
transfer
transferat
transformat
transmit
transport
transversa
tras
tratament
tratat
treaba
treabă
treaz
trează
trebuie
trebuje
treburi
treburile
trec
trecere
trecut
trecuta
trecută
trefuie
trei
treia
treii
treilea
tren
trezesc
trezit
trib
tribunal
tricou
trimis
trimit
trist
tristă
troy
truc
trădare
trădat
trădător
trăiesc
trăit
tu
tunel
tur
tura
turn
turner
turneu
tură
tuturor
tv
tâmpit
tânăr
tânărul
tânără
târfă
târg
târziu
tîmpenie
tîmpit
tînăr
tînăra
tînărul
tînără
tîrfă
tîrg
tîrziu
tăcere
tăcut
tăi
tăia
tăiat
tăii
tău
ubul
ucid
ucida
ucide
ucidem
ucidă
ucigaş
ucis
ucizi
ucrainian
uimitor
uit
uitat
ulei
ultimă
uman
umana
umane
umană
umblat
umbră
umple
umplut
umăr
un
una
undeva
unei
uneii
unele
uneori
uneorii
unhl
uni
unic
uniformă
unii
unitate
unite
univers
universitate
unor
unt
unu
unui
unuia
unuii
unul
ura
urasc
urat
urc
urca
urcat
ureche
urechea
urechi
urechile
urez
urgent
urgenţă
urma
urmare
urmaresc
urmarit
urmat
urmez
urmă
urmăresc
urmărire
urmărit
următor
urs
urât
urâtă
urît
urîtă
ură
urăsc
urăşte
usa
uscat
util
uşa
uşi
uşile
uşoară
uşor
uşă
ușa
ușor
va
vacanţă
vad
vada
vadă
vai
val
vale
valea
valoare
vampir
van
vanatoare
vand
vandut
vanessa
vant
vara
varsta
vară
vas
vazut
vdea
vdeau
vdei
vdnit
vdzi
veai
vebit
veche
vechea
vechi
vechiul
vede
vedea
vedem
vedere
vedetă
vedeţi
vei
veii
venea
veni
venii
venim
venind
venit
veniţi
venjt
verde
veri
verific
verificare
verificat
veronica
verzi
vest
veste
vestea
vezi
vezii
veşti
veţi
veți
vi
viata
viată
viaţa
viaţă
viața
viață
victima
victimă
victor
victoria
victorie
video
vie
vierme
vieţi
vieţii
vieţile
vii
viitor
vin
vina
vince
vincent
vinde
vindecat
vindem
vine
vineri
vino
vinovat
vinovată
vinzi
vină
violent
violet
virginia
virus
vis
visat
visez
viteza
viteză
viu
vizita
vizitat
vizită
viziune
voastra
voastre
voastră
voce
vocea
voi
voia
voie
voii
voluntar
vom
vopsea
vor
vorba
vorbesc
vorbit
vorbă
vostru
vot
vouă
voștrii
vrajitoare
vrda
vrdau
vrdi
vrea
vreau
vrei
vreii
vrem
vreme
vremea
vremuri
vremurile
vreo
vreodata
vreodată
vrequ
vreun
vreunul
vreţi
vroia
vroiai
vroiam
vroiau
vrut
vrăjitoare
vând
vândut
vândă
vânt
vânzare
vânătoare
vânător
vârf
vârstă
vîna
vînat
vînd
vîndut
vîndă
vînt
vînzare
vînzător
vînătoare
vînător
vînători
vîrf
vîrstă
vă
văaut
văd
văzht
văzut
văzînd
walker
wallace
walt
walter
washington
weekend
wendy
whisky
white
will
william
williams
willie
wilson
xena
york
young
zahăr
zau
zboare
zboară
zbor
zbura
zburat
zece
zeci
zei
zeii
zero
zeu
zgomot
zi
ziar
zic
zid
zii
zile
zilei
zilele
zilnic
zis
ziua
zoe
zona
zonă
zori
zâmbet
zîmbet
zăpadă
zău
âi
âl
âmbrăcat
âmi
âmpotriva
âmpreună
âmprumut
ân
ânainte
ânaintea
ânalt
ânapoi
âncearcă
âncep
ânceput
âncerc
âncerca
âncercam
âncercare
âncercat
âncerci
âncercând
âncercăm
âncet
âncheiat
ânchid
ânchis
ânchisoare
âncoace
âncolo
âncotro
âncredere
âncântat
âncântată
âncât
âncă
ândată
ândoială
ândoiesc
ândreaptă
ândrăgostit
ânger
ângrijorat
ângrijorată
ângropat
ângrozitor
ânnebunit
ânregistrare
ânregistrat
ânseamnă
ânsurat
ânsă
ânsărcinată
ântoarce
ântoarcem
ântoarcă
ântorc
ântorci
ântors
ântotdeauna
ântre
ântreabă
ântreaga
ântreagă
ântreb
ântreba
ântrebam
ântrebare
ântrebat
ântrebi
ântreg
ântregi
ântregul
ântuneric
ântâi
ântâlnesc
ântâlnire
ântâlnit
ântâmpla
ântâmplare
ântâmplat
ântâmple
ântâmplă
ântârziat
ântârziere
ânăuntru
ânțeleg
ânțeles
âți
îbainte
îbcă
îbtâmplat
îi
îii
îl
îmbrăcat
îmbrăcată
îmi
îmii
împins
împotriva
împreună
împrumut
împrumutat
împuşcat
în
înainfe
înainte
înaintea
înajnte
înalt
înaltă
înapoi
înapoii
încearcă
încep
început
încerc
încerca
încercam
încercare
încercat
încercaţi
încerci
încercând
încercînd
încercăm
încet
încetat
încheiat
încheie
închid
închiriat
închis
închisoare
încoace
încolo
înconjurat
încotro
încredere
încuiat
încântat
încântată
încât
încîntat
încîntată
încîntător
încît
încă
încălcat
îndată
îndeajuns
îndepărtat
îndoială
îndoiesc
îndreaptă
îndrăgostit
îndrăgostită
îndă
înfiinţat
înfricoşător
înfrînt
înger
îngrijorat
îngrijorată
îngropat
îngrozitor
înjunghiat
înmormântare
înmormîntare
înnebunit
înot
înregistrare
înregistrat
înseamna
înseamnă
însemnat
înspăimîntător
însumi
însurat
însuşi
însă
însărcinată
întins
întoarce
întoarcem
întoarcere
întoarcă
întorc
întorci
întors
întotdeauna
între
întreabă
întreaga
întreagă
întreb
întreba
întrebam
întrebare
întrebat
întrebaţi
întrebi
întreg
întregi
întregii
întregul
întrerup
întrerupt
întro
întrun
întunecat
întunecată
întuneric
întâhplat
întâi
întâii
întâlnesc
întâlnire
întâlnit
întâmpla
întâmplare
întâmplat
întâmple
întâmplqt
întâmplă
întârzi
întârziat
întârziere
întârzii
întîi
întîlnesc
întîlnire
întîlnit
întîmpla
întîmplare
întîmplat
întîmple
întîmplă
întîmplător
întîrzia
întîrziat
întîrzie
întîrziere
întîrzii
înveţe
învins
învîrte
învăţa
învăţat
înăuntru
înşelat
înşine
înţeleg
înţelegere
înţelept
înţeles
înțeleg
înțeles
îşi
îţi
îți
ăata
ăia
ăla
ăsfa
ăsta
ăştia
şansă
şapte
şase
şcoala
şcoală
şef
şi
şoc
şti
ştia
ştiai
ştiam
ştiaţi
ştie
ştii
ştiind
ştiinţă
ştim
ştiu
ştiut
ştiţi
ţară
ţi
ţie
ţin
ţintă
ţinut
șansă
șase
școală
și
șii
ști
știam
știe
știi
știm
ștință
știu
știut
știți
