开始 开端 启动 起步
商店 商城 市场 购买
登录 登入 签入 访问
账户 账号 资料 会员
用户 用户名 身份
安全 保护 可信 可靠
安保 防护 防御 盾牌
验证 确认 核实 检查
密码 口令 密钥 凭证
授权 认证 令牌 会话
找回 重置 恢复 解锁
支持 帮助 服务 协助
联系 联络 咨询 请求
支付 付款 结算 收银
账单 发票 收据 计费
银行 金融 钱 钱包
卡 信用卡 借记卡 预付
转账 交易 存款 提现
加密 币 区块链 挖矿
邮件 邮箱 消息 收件
云 服务器 主机 托管
网 网站 在线 网络 门户
域名 链接 地址 网址
新闻 博客 报道 媒体
免费 礼物 奖金 优惠
折扣 特价 促销 优惠券
奖品 中奖 奖励 彩票
最佳 顶级 高级 专业
官方 正品 正版 原厂
新 最新 现代 时尚
快速 迅速 快捷 极速
应用 程序 软件 工具
下载 获取 安装 配置
更新 升级 续期 补丁
搜索 查找 检索 查询
配送 物流 包裹 追踪
订单 购物车 购物 结账
客户 买家 订户
管理 后台 控制台 面板
中心 主 总 综合
集团 团队 公司 企业
数据 备份 存档 存储
照片 图片 相册 图像
视频 直播 观看 播放
音乐 音频 声音 电台
游戏 玩 玩家 街机
聊天 对话 通讯 实时
社交 社区 网友 好友
招聘 工作 职业 求职
健康 医疗 诊所 药房
旅行 航班 酒店 预订
美食 餐厅 菜单 厨房
学校 学习 课程 教育
法律 法务 法院 权利
政府 国家 部委 公共
税 税务 海关 关税
保险 保单 理赔 承保
房产 租房 房屋 物业
汽车 车 发动机 车辆
能源 电力 电 燃气
手机 电话 短信 通话
警报 警告 通知 紧急
订阅 会籍 套餐 续费
积分 忠诚 返现 里程
评价 评分 反馈 意见
