-
.
/
0
1
10
100
1000
10000
1000000
1000000000
11
12
13
14
15
16
17
18
19
2
20
3
30
4
40
5
50
6
60
7
70
8
80
9
90
@
a
ae
b
b̔"
c
cl
d
di
dl
e
f
g
h
i
ib
ih
ik
j
k
l
lb
lc
lh
lk
m
n
nn
o
oe
p
q
r
rn
rr
s
ss
t
u
v
vv
v̇
w
x
y
z
¡
Þ
ß
à
á
â
ã
ä
å
æ
ç
è
é
ê
ë
í
î
ï
ñ
ó
ô
ö
ø
ù
ú
û
ü
ý
ÿ
ă
ć
ċ
č
đ
ē
ĕ
ė
ę
ě
ğ
ġ
ģ
ĭ
ı
ł
ń
œ
ś
ţ
ŭ
ź
ż
ƈ
ƒ
ơ
ƿ
ǎ
ǐ
ǔ
ǵ
ȧ
ȯ
ɉ
ɑ
ɓ
ɗ
ɡ
ɢ
ɩ
ɫ
ɱ
ɼ
ɽ
ʀ
ʂ
ʏ
ʐ
ʙ
ʝ
ʠ
Ο
γ
ι
κ
μ
ν
ο
ρ
τ
υ
Ϝ
ϲ
ϳ
ϵ
Ϸ
Б
Г
О
Ь
а
е
к
м
н
о
р
с
т
у
х
ц
є
ѕ
і
ј
ѡ
ѵ
Ғ
ҫ
Ү
ҳ
һ
ҽ
ӓ
ӧ
ԁ
Ԍ
ԛ
ԝ
Ս
Օ
ա
գ
զ
ժ
հ
ս
ց
ا
ة
ه
١
٨
Ⴝ
Ꭵ
Ꮒ
Ꮪ
ᴍ
ᴜ
ᴢ
ᴦ
ṃ
ẋ
ạ
ẹ
ọ
ỏ
ⲕ
。
一
一万
一千
一如既往
一如继往
一愁莫展
一百
一百万
一筹莫展
七
七十
万
三
三十
上
下
下塌
下榻
不假思索
不加思索
不径而走
不恥
不胫而走
不落巢臼
不落窠臼
不齒
世外桃园
世外桃源
中止
主意
义气
九
九十
买
事绩
事迹
二
二十
五
五十
交代
交待
仗义执言
仗义直言
以至
以致
低
假
八
八十
公事
公式
六
六十
关
其他
其它
再接再励
再接再厉
决不
冷
出
出其不意
出奇不意
分辨
分辩
制定
制衣
制订
前
勾通
十
十一
十七
十三
十九
十二
十五
十亿
十億
十八
十六
十四
千
卖
即使
原型
原形
去
反应
反攻
反映
变本加利
变本加厉
句号
右
各抒己见
各抒已见
名噪一时
名燥一时
后
含混
含糊
启用
和蔼可亲
和霭可亲
四
四十
因該
坏
坐落
城市
堵住
墓地
声明
多
大
好
如愿以偿
如愿以尝
妨害
妨碍
学力
学历
定金
实事
实验
对
小
少
屡挫屡战
川流不息
左
布署
帐户
座落
开
引擎
张灯结彩
张灯结采
弱
弱不禁风
弱不经风
强
心心相印
心心相映
必需
必须
快
悬梁刺股
悬梁刺骨
意义
意气
意议
慢
應該
成份
成分
手势
报复
抱负
拖把
拖板
挖墙脚
挖墙角
振聋发聩
振聋发馈
斜杠
新
无
既使
旧
早
时事
明
晚
暗
有
期中
期终
权利
权力
来
横杠
歐式管
歐氏管
民典法
民法典
沖涼
沟通
法制
法治
注意
游泳
灌注
热
甘拜下风
甘败下风
申明
瘦
百
百万
目的
相争
真
短
破斧沉舟
破釜沉舟
禀性
秉性
程式
稍候
稍後
穿流不息
竞然
竟然
第一
第七
第三
第九
第二
第二十
第五
第八
第六
第十
第十一
第十七
第十三
第十九
第十二
第十五
第十八
第十六
第十四
第四
纵横弛骋
纵横驰骋
纷至沓来
纷至踏来
终止
终生
终身
绝不
联接
胖
致意
艾特
蚣蝮
蚣𧏡
衝涼
计日成功
计日程功
订金
试验
谈笑风声
谈笑风生
象征
账户
贯注
赌注
赢
走头无路
走投无路
起用
趴蝮
轻
输
辨证
辩证
近
近世
返工
进
进士
远
连接
迫不及待
迫不急待
迭挫迭战
迷路
遊泳
還押
還柙
部署
重
错
长
隐情
零
電光火石
電光石火
需要
须要
预定
预订
首饰
高
麋鹿
黄梁美梦
黄粱美梦
ꙇ
𧈢𧏡
