&
-
.
0
1
10
100
1000
11
12
2
20
3
30
4
40
5
50
6
60
7
70
8
80
9
90
@
a
ae
at
b
bonus
b̔"
c
centum
cl
d
decem
decimus
di
dl
duo
duodecim
e
et
f
falsus
g
h
i
ib
ih
ik
ita
j
k
l
lb
lc
lh
linea
lk
m
magnus
malus
mille
n
nn
non
nonaginta
nonus
novem
novus
nulla
nullus
o
octavus
octo
octoginta
oe
p
parvus
periculosus
primus
punctum
q
quadraginta
quartus
quattuor
quinquaginta
quinque
quintus
r
rn
rr
s
secundus
septem
septimus
septuaginta
sex
sexaginta
sextus
ss
t
tertius
tres
triginta
tutus
u
undecim
unus
v
verus
vetus
viginti
vv
v̇
w
x
y
z
¡
Þ
ß
à
á
â
ã
ä
å
æ
ç
è
é
ê
ë
í
î
ï
ñ
ó
ô
ö
ø
ù
ú
û
ü
ý
ÿ
ă
ć
ċ
č
đ
ē
ĕ
ė
ę
ě
ğ
ġ
ģ
ĭ
ı
ł
ń
œ
ś
ţ
ŭ
ź
ż
ƈ
ƒ
ơ
ƿ
ǎ
ǐ
ǔ
ǵ
ȧ
ȯ
ɉ
ɑ
ɓ
ɗ
ɡ
ɢ
ɩ
ɫ
ɱ
ɼ
ɽ
ʀ
ʂ
ʏ
ʐ
ʙ
ʝ
ʠ
Ο
γ
ι
κ
μ
ν
ο
ρ
τ
υ
Ϝ
ϲ
ϳ
ϵ
Ϸ
Б
Г
О
Ь
а
е
к
м
н
о
р
с
т
у
х
ц
є
ѕ
і
ј
ѡ
ѵ
Ғ
ҫ
Ү
ҳ
һ
ҽ
ӓ
ӧ
ԁ
Ԍ
ԛ
ԝ
Ս
Օ
ա
գ
զ
ժ
հ
ս
ց
ا
ة
ه
١
٨
Ⴝ
Ꭵ
Ꮒ
Ꮪ
ᴍ
ᴜ
ᴢ
ᴦ
ṃ
ẋ
ạ
ẹ
ọ
ỏ
ⲕ
ꙇ
