بداية بدء انطلاق ابدا
متجر محل سوق شراء
دخول تسجيل ولوج وصول
حساب ملف عضو حسابي
مستخدم اسم هوية
امن محمي موثوق مضمون
امان حماية دفاع درع
تحقق تاكيد توثيق فحص
كلمةالسر رمز سري باسورد
تفويض مصادقة توكن جلسة
استعادة استرجاع اعادة فتح
دعم مساعدة خدمة مساندة
اتصال تواصل ارتباط استفسار
دفع سداد الدفع كاشير
فاتورة ايصال فوترة مطالبة
بنك مالية نقود محفظة
بطاقة ائتمان ديبيت مدفوعة
تحويل معاملة ايداع سحب
كريبتو عملة بلوكتشين تعدين
بريد ايميل رسالة واردة
سحابة خادم استضافة هوست
ويب موقع اونلاين شبكة بوابة
نطاق رابط عنوان url
اخبار مدونة صحافة اعلام
مجاني هدية مكافاة عرض
خصم تخفيض تنزيلات كوبون
جائزة ربح مكافات يانصيب
افضل قمة مميز بريميوم
رسمي اصلي حقيقي اصيل
جديد احدث حديث عصري
سريع عاجل اكسبرس فوري
تطبيق برنامج سوفتوير اداة
تحميل تنزيل تثبيت اعداد
تحديث ترقية تجديد اصلاح
بحث ايجاد بحثي استعلام
توصيل شحن طرد تتبع
طلب سلة مشتريات اتمام
عميل مشتري مشترك
ادمن ادارة كونسول لوحة
مركز رئيسي عام محور
مجموعة فريق شركة مؤسسة
بيانات نسخة ارشيف تخزين
صورة صور معرض لقطة
فيديو بث مشاهدة تشغيل
موسيقى صوت اوديو راديو
لعبة العاب لاعب اركيد
دردشة محادثة ماسنجر مباشر
اجتماعي مجتمع اصدقاء متابعين
وظيفة عمل مهنة توظيف
صحة طبي عيادة صيدلية
سفر رحلة فندق حجز
طعام مطعم قائمة مطبخ
مدرسة تعلم دورة دراسة
قانون قانوني محكمة حقوق
حكومة دولة وزارة مواطن
ضريبة ضرائب جمارك رسوم
تامين وثيقة ضرر تغطية
عقار ايجار منزل ملكية
سيارة مركبة محرك عربة
طاقة كهرباء قوة غاز
جوال هاتف رسائل مكالمة
تنبيه انذار اشعار تحذير
اشتراك عضوية باقة تمديد
نقاط ولاء كاشباك اميال
تقييم مراجعة تعليق راي
