-
.
/
0
1
10
2
3
3ashara
4
5
6
7
7amsa
8
9
@
J
arba3a
athnan
b
etneyn
j
l
sab3a
setta
sifr
talata
tamanya
tes3a
vv
wa7ed
¡
í
ï
ó
ö
ĭ
ı
ơ
ǐ
ȯ
ɩ
Ο
ι
ο
О
в
о
ѡ
ӧ
ԝ
Օ
ա
ءال
آ
آت
آمال
أ
أحدعشر
أحمد
أحياناً
أربعة
أربعةعشر
أربعون
أسامة
أكثر
ألف
أمير
أول
ؤ
إ
إبراهيم
إدارة
إسلام
إلى
إنشاء
ئ
ا
ابراهيم
اثناعشر
اثنان
احمد
احيانا
اداره
اسامه
اسلام
اكثر
التي
الذي
الرحمان
الرحمن
اللتي
اللذي
الى
الي
امال
امير
انشاء
ب
بارد
باطل
بداية
بطيء
بعد
بعيد
بناءا
بناءً
بيع
ة
ت
تاسع
تالب
تحت
تسعة
تسعون
ث
ثابت
ثالث
ثامن
ثاني
ثلاثة
ثلاثةعشر
ثلاثون
ثمانون
ثمانية
ثمن
ج
جامعة
جامعه
جديد
جيد
ح
حار
حافض
حافظ
حتى
حتي
حزين
حق
حكومة
حكومه
حياة
حياه
خ
خارج
خامس
خطأ
خمسة
خمسةعشر
خمسون
د
داخل
داود
داوود
ذ
ذكر
ذلك
ذهب
ر
رءيس
رئيس
رابع
رسالة
رساله
ز
زكر
زلك
زهب
س
سءال
سؤال
سابت
سابر
سابع
سادس
سبعة
سبعون
ستة
ستون
سديق
سريع
سعيد
سلاش
سمن
سهل
سيئ
سيارة
سياره
ش
شؤون
شئون
شراء
شرطة
شركة
شركه
ص
صابر
صحيح
صديق
صعب
صغير
صفر
ض
ضعيف
ضهر
ط
طالب
طويل
ظ
ظلام
ظهر
ع
عاشر
عشرة
عشرون
على
علي
عمر
عمرو
عيسى
عيسي
غ
غني
ف
فقير
فوق
ق
قال
قبل
قديم
قريب
قصير
قليل
قوي
ك
كبير
كثير
ل
لا
لاكن
لذلك
لزلك
لكن
ليل
ليلى
ليلي
م
مئة
مائة
مدرسة
مدرسه
مدينة
مدينه
مسألة
مسؤول
مسئلة
مسئول
مساله
مستشفى
مستشفي
مسول
مصطفى
مصطفي
معنى
معني
مغلق
مفتوح
مكتبة
مكتبه
مليار
مليون
موت
موسى
موسي
ن
نضام
نضير
نظام
نظير
نظيف
نعم
نقطة
نهار
نهاية
نور
ه
هؤلاء
هئولاء
هاذا
هذا
و
واحد
وسخ
ى
ي
يأتي
يذهب
ً
ٌ
ٍ
َ
ُ
ِ
ّ
ْ
٠
١
١٠
١٠٠
١٠٠٠
١٠٠٠٠٠٠
١٠٠٠٠٠٠٠٠٠
١١
١٢
١٣
١٤
١٥
٢
٢٠
٣
٣٠
٤
٤٠
٥
٥٠
٦
٦٠
٧
٧٠
٨
٨٠
٩
٩٠
ٱ
ک
ড
Ꭵ
ọ
ỏ
ꙇ
