დაწყება დასაწყისი გაშვება დაიწყე
მაღაზია ბაზარი ყიდვა შოპინგი
შესვლა ავტორიზაცია login წვდომა
ანგარიში პროფილი წევრი ჩემიანგარიში
მომხმარებელი იუზერი ვინაობა
უსაფრთხო დაცული სანდო საიმედო
უსაფრთხოება დაცვა თავდაცვა ფარი
დადასტურება შემოწმება ვერიფიკაცია კონტროლი
პაროლი კოდი პინი რწმუნებები
ავტორიზება აუთენტიფიკაცია ტოკენი სესია
აღდგენა განულება დაბრუნება განბლოკვა
მხარდაჭერა დახმარება სერვისი ასისტენტი
კონტაქტი დაკავშირება შეკითხვა კავშირი
გადახდა გადაიხადე სალარო checkout
ინვოისი ქვითარი ანგარიშფაქტურა დარიცხვა
ბანკი ფინანსები ფული საფულე
ბარათი საკრედიტო სადებეტო წინასწარი
გადარიცხვა ტრანზაქცია შენატანი გატანა
კრიპტო მონეტა ბლოკჩეინი მაინინგი
ფოსტა წერილი შეტყობინება შემოსული
ღრუბელი სერვერი ჰოსტი ჰოსტინგი
ვები საიტი ონლაინ ქსელი პორტალი
დომენი ბმული მისამართი url
სიახლეები ბლოგი პრესა მედია
უფასო საჩუქარი ბონუსი შეთავაზება
ფასდაკლება აქცია გაყიდვა კუპონი
პრიზი მოგება ჯილდო ლატარია
საუკეთესო ტოპ პრემიუმ პრო
ოფიციალური ორიგინალი ნამდვილი ავთენტური
ახალი უახლესი სუფთა თანამედროვე
სწრაფი ჩქარი ექსპრესი მყისიერი
აპლიკაცია პროგრამა პროგრამული ხელსაწყო
ჩამოტვირთვა მიღება დაყენება კონფიგურაცია
განახლება განაახლე გაგრძელება ჩასწორება
ძებნა პოვნა მოძებნა მოთხოვნა
მიწოდება გადაზიდვა ამანათი თვალყური
შეკვეთა კალათა ყიდვები დასრულება
კლიენტი მყიდველი გამომწერი
ადმინი მართვა კონსოლი პანელი
ცენტრი მთავარი ზოგადი კვანძი
ჯგუფი გუნდი კომპანია კორპორაცია
მონაცემები სარეზერვო არქივი საცავი
ფოტო სურათი გალერეა გამოსახულება
ვიდეო სტრიმი ყურება დაკვრა
მუსიკა აუდიო ხმა რადიო
თამაში თამაშები მოთამაშე არკადა
ჩატი საუბარი მესენჯერი პირდაპირი
სოციალური საზოგადოება მეგობრები მიმდევრები
სამუშაო სამსახური კარიერა დასაქმება
ჯანმრთელობა მედიცინა კლინიკა აფთიაქი
მოგზაურობა ფრენა სასტუმრო დაჯავშნა
საკვები რესტორანი მენიუ სამზარეულო
სკოლა სწავლა კურსი განათლება
კანონი იურიდიული სასამართლო უფლებები
მთავრობა სახელმწიფო სამინისტრო საჯარო
გადასახადი საგადასახადო საბაჟო მოსაკრებელი
დაზღვევა პოლისი ზარალი დაფარვა
უძრავი ქირა სახლი საკუთრება
ავტო მანქანა ძრავა ტრანსპორტი
ენერგია სიმძლავრე ელექტრო გაზი
მობილური ტელეფონი sms ზარი
გაფრთხილება განგაში შენიშვნა სასწრაფო
გამოწერა წევრობა პაკეტი გახანგრძლივება
ქულები ლოიალობა ქეშბექი მილი
მიმოხილვა შეფასება გამოხმაურება აზრი
