-
.
0
1
10
100
1000
1000000
1000000000
11
12
13
14
15
16
17
18
19
2
20
3
30
4
40
5
50
6
60
7
70
8
80
9
90
@
a
ae
b
b̔"
c
cl
d
di
dl
e
f
g
h
i
ib
ih
ik
j
k
l
lb
lc
lh
lk
m
n
nn
o
oe
p
q
r
rn
rr
s
ss
t
u
v
vv
v̇
w
x
y
z
¡
Þ
ß
à
á
â
ã
ä
å
æ
ç
è
é
ê
ë
í
î
ï
ñ
ó
ô
ö
ø
ù
ú
û
ü
ý
ÿ
ă
ć
ċ
č
đ
ē
ĕ
ė
ę
ě
ğ
ġ
ģ
ĭ
ı
ł
ń
œ
ś
ţ
ŭ
ź
ż
ƈ
ƒ
ơ
ƿ
ǎ
ǐ
ǔ
ǵ
ȧ
ȯ
ɉ
ɑ
ɓ
ɗ
ɡ
ɢ
ɩ
ɫ
ɱ
ɼ
ɽ
ʀ
ʂ
ʏ
ʐ
ʙ
ʝ
ʠ
Ο
γ
ι
κ
μ
ν
ο
ρ
τ
υ
Ϝ
ϲ
ϳ
ϵ
Ϸ
Б
Г
О
Ь
а
е
к
м
н
о
р
с
т
у
х
ц
є
ѕ
і
ј
ѡ
ѵ
Ғ
ҫ
Ү
ҳ
һ
ҽ
ӓ
ӧ
ԁ
Ԍ
ԛ
ԝ
Ս
Օ
ա
գ
զ
ժ
հ
ս
ց
ا
ة
ه
١
٨
Ⴝ
ა
ადვილი
ათასი
ათი
ანგარიშ
ანგარიში
არა
არასწორი
ასი
ახალი
ახლოს
ბ
ბევრი
ბნელი
გ
გამარჯვება
გამოსვლა
გაყიდვა
გრძელი
დ
დაბალი
დამარცხება
დახურული
დიდი
ე
ერთი
ეტ
ექვსი
ვ
ვინ
ზ
ზემოთ
თ
თბილისი
თერთმეტი
თექვსმეტი
თვრამეტი
თოთხმეტი
თორმეტი
თხელი
თხუთმეტი
ი
ივანე
კ
კარგი
კი
კომპიუტერი
კომპუტერი
ლ
მ
მარცხენა
მარჯვენა
მაღალი
მეათე
მეექვსე
მეოთხე
მეორე
მერვე
მესამე
მეშვიდე
მეცხრე
მეხუთე
მილიარდი
მილიონი
მისამართი
მისამარტი
მოკლე
მოსვლა
მსუბუქი
მძიმე
ნ
ნათელი
ნელი
ნული
ო
ოთხი
ოთხმოცდაათი
ოთხმოცი
ორი
ორმოცდაათი
ორმოცი
ოცდაათი
ოცი
პ
პაროლ
პაროლი
პატარა
პირველი
ჟ
რ
რეგისტრაცია
რეგისტრცია
რვა
ს
საათი
სამი
სამოცდაათი
სამოცი
საქართველო
საქარტველო
სახათი
სუსტი
სქელი
სწორი
სწრაფი
ტ
ტირე
ტფილისი
უ
უკან
ფ
ფული
ქ
ქვემოთ
ღ
ღია
ყ
ყიდვა
შ
შესვლა
შვიდი
შორს
ჩ
ჩვიდმეტი
ც
ცამეტი
ცივი
ცოტა
ცრუ
ცუდი
ცხელი
ცხრა
ცხრამეტი
ძ
ძველი
ძლიერი
ძნელი
წ
წასვლა
წერტილი
წინ
ჭ
ჭეშმარიტი
ხ
ხაერი
ხავა
ხგავს
ხიდი
ხოლმე
ხუთი
ხქონდა
ხყავს
ჯ
ჰ
ჰაერი
ჰავა
ჰგავს
ჰოლმე
ჰქონდა
ჰყავს
ჲვანე
ჳინ
ჴიდი
ჶული
Ꭵ
Ꮒ
Ꮪ
ᴍ
ᴜ
ᴢ
ᴦ
ṃ
ẋ
ạ
ẹ
ọ
ỏ
ⲕ
ꙇ
