alku aloitus alkaa kaynnista
kauppa myymala markkina osto
kirjautuminen sisaankirjautuminen tunnus paasy
tili profiili jasen omatili
kayttaja kayttajanimi henkilollisyys
turvallinen suojattu luotettava varma
turvallisuus suojaus puolustus kilpi
vahvista varmenna todenna tarkista
salasana tunnusluku pin tunnistetiedot
todennus valtuutus token istunto
palauta nollaa avaa toivuta
tuki apu palvelu avustus
yhteys tavoita yhdista tiedustelu
maksu maksaminen kassa checkout
laskutus lasku kuitti tosite
pankki rahoitus raha lompakko
kortti luotto debit prepaid
siirto tapahtuma talletus nosto
krypto kolikko lohkoketju louhinta
posti sahkoposti viesti saapuneet
pilvi palvelin host webhotelli
web sivusto verkossa verkko portaali
verkkotunnus linkki osoite url
uutiset blogi lehdisto media
ilmainen lahja bonus tarjous
alennus etu ale kuponki
palkinto voitto palkkio arpajaiset
paras huippu premium pro
virallinen aito alkuperainen oikea
uusi uusin tuore moderni
nopea vikkela pika ripea
sovellus ohjelma ohjelmisto tyokalu
lataa hanki asenna asennus
paivita paivitys uudista korjaus
haku etsi hae kysely
toimitus lahetys paketti seuranta
tilaus ostoskori kori tilaa
asiakas ostaja tilaaja
admin hallinta konsoli hallintapaneeli
keskus napa paa yleinen
ryhma tiimi yritys konserni
data varmuuskopio arkisto tallennus
kuva valokuva galleria kuvat
video stream katso toista
musiikki aani audio radio
peli pelit pelaaja arkadi
chat keskustelu viestin suora
sosiaalinen verkosto yhteiso ystavat
tyo tyopaikka ura rekrytointi
terveys laakari klinikka apteekki
matka lento hotelli varaus
ruoka ravintola menu keittio
koulu oppi kurssi opiskelu
laki juridinen tuomioistuin oikeudet
hallitus valtio ministerio julkinen
vero verottaja tulli veroilmoitus
vakuutus vakuutuskirja korvaus turva
kiinteisto vuokra talo omaisuus
auto ajoneuvo moottori vaunu
energia voima sahko kaasu
mobiili puhelin sms soitto
varoitus halytys ilmoitus kiireellinen
kestotilaus jasenyys suunnitelma uusiminen
pisteet kantaasiakas cashback mailit
arvostelu arvosana palaute mielipide
