-
.
0
1
10
100
1000
1000000
1000000000
11
12
13
14
15
16
17
18
19
2
20
21
3
30
4
40
5
50
6
60
7
70
8
80
9
90
@
a
alas
alku
antaa
atmerkki
auki
b
boksi
box
b̔"
c
centti
citaatti
citruuna
cl
d
di
dl
e
ei
ekstra
elämä
ennen
ensimmainen
ensimmäinen
ensimäinen
epätosi
extra
f
faksi
fax
g
h
heikko
helppo
hidas
huono
hyvä
hävitä
i
ib
ih
ik
indeksi
index
iso
j
jatsi
jazz
jälkeen
k
kahdeksan
kahdeksankymmenta
kahdeksankymmentä
kahdeksantoista
kahdeksas
kaksi
kaksikymmenta
kaksikymmentayksi
kaksikymmentä
kaksikymmentäyksi
kaksitoista
kannatta
kannattaa
kaukana
keksi
kex
kiinni
kiosk
kioski
kolmas
kolme
kolmekymmenta
kolmekymmentä
kolmetoista
kompleksi
komplexi
korkea
kuolema
kuudes
kuusi
kuusikymmenta
kuusikymmentä
kuusitoista
kyllä
kylmä
kymmenen
kymmenes
kysmys
kysymys
l
lb
lc
lh
lk
loppu
lyhyt
lähellä
lämmin
m
mahdollinen
mahdollisiman
mahdollisimman
mahdoton
maksimi
matala
maximi
miljardi
miljoona
mita
mitä
myydä
n
nelja
neljakymmenta
neljas
neljatoista
neljä
neljäkymmentä
neljäs
neljätoista
nn
nolla
nopea
o
onnitelut
onnittelut
ostaa
ottaa
p
paljon
pieni
pimeä
piste
pitkä
pitsa
pizza
poyta
päivä
pöytä
q
r
rakastaa
rn
rr
s
sata
seitseman
seitsemankymmenta
seitsemantoista
seitsemas
seitsemän
seitsemänkymmentä
seitsemäntoista
seitsemäs
sekki
sentti
seuraava
seurava
shekki
sina
sinä
sisään
sitaatti
sitruuna
suomalainen
suomlainen
syo
syoda
syö
syödä
t
taksi
talla
tama
tassa
tavuviiva
taxi
teksti
texti
toinen
tosi
tuhat
tyhjä
tällä
tämä
tässä
täysi
u
ulos
uusi
v
vahva
vaikea
valoisa
vanha
vihata
viides
viisi
viisikymmenta
viisikymmentä
viisitoista
voittaa
vv
vähän
v̇
w
x
y
yhdeksan
yhdeksankymmenta
yhdeksantoista
yhdeksas
yhdeksän
yhdeksänkymmentä
yhdeksäntoista
yhdeksäs
yhteensä
yhtensä
yksi
yksitoista
ylös
yo
yö
z
¡
Þ
à
á
â
ã
ä
ätmerkki
å
ç
é
ê
ë
í
ï
ó
ö
ý
ă
ć
ċ
đ
ē
ĕ
ė
ę
ě
ğ
ġ
ģ
ĭ
ı
ł
ń
ś
ţ
ŭ
ź
ż
ƈ
ƒ
ơ
ƿ
ǎ
ǐ
ǔ
ǵ
ȧ
ȯ
ɉ
ɑ
ɓ
ɗ
ɡ
ɢ
ɩ
ɫ
ɱ
ɼ
ɽ
ʀ
ʂ
ʏ
ʐ
ʙ
ʝ
ʠ
Ο
γ
ι
κ
μ
ν
ο
ρ
τ
υ
Ϝ
ϲ
ϳ
ϵ
Ϸ
Б
Г
О
Ь
а
е
м
н
о
р
с
т
у
х
ц
є
ѕ
ј
ѡ
ѵ
Ғ
Ү
ҳ
һ
ҽ
ӓ
ӧ
ԁ
Ԍ
ԛ
ԝ
Ս
Օ
ա
գ
զ
ժ
հ
ս
ց
Ⴝ
Ꭵ
Ꮒ
Ꮪ
ᴍ
ᴜ
ᴢ
ᴦ
ṃ
ẋ
ạ
ẹ
ọ
ỏ
ⲕ
ꙇ
