# Words that sound alike, one group per line.
# Marathi (Devanagari). Graphemes from CLDR exemplarCharacters for mr.
# Character names first, then homophone groups. Vowel length (ि/ी, ु/ू)
# is not phonemic in Marathi, so the tatsama pairs below are true
# homophones as well as spelling variants.
बिंदू .
ॲट @ at
डॅश -
स्लॅश /
अंडरस्कोअर _
दिन दीन
कुल कूल
सुत सूत
शिर शीर
मूल मूळ
चिर चीर
नीर नीड
हरि हरी
रवि रवी
कवि कवी
मुनि मुनी
गुरु गुरू
वायु वायू
शत्रु शत्रू
ऋतु ऋतू
विधि विधी
अग्नि अग्नी
पति पती
गति गती
मति मती
शक्ति शक्ती
भक्ति भक्ती
प्रीति प्रीती
निधि निधी
जाति जाती
बुद्धि बुद्धी
सृष्टि सृष्टी
दृष्टि दृष्टी
शांति शांती
कीर्ति कीर्ती
स्मृति स्मृती
युक्ति युक्ती
भूमि भूमी
रात्रि रात्री
हानि हानी
राशि राशी
स्थिति स्थिती
संस्कृति संस्कृती
प्रकृति प्रकृती
नीति नीती
रीति रीती
जागृति जागृती
अनुभूति अनुभूती
वस्तु वस्तू
हेतु हेतू
सेतु सेतू
मृत्यु मृत्यू
साधु साधू
बाहु बाहू
तंतु तंतू
ऋषि ऋषी
विद्युत विद्युत्
कोटि कोटी
