נקודה .
מקף -
שטרודל @
סלאש /
אור עור
כור קור
כרה קרע
סבל שבל
שיר סיר
ספור סיפור
גדול גדל
אמנות אומנות
אשה אישה
תכנית תוכנית
מזון מזן
מבצע מיבצע
קיבוץ קבוץ
דבור דיבור
צפור ציפור
מלון מילון
עולם עלם
כתוב כתב
זכרון זיכרון
נסיון ניסיון
עתון עיתון
תמונה תמנה
אחוז אחז
בקור ביקור
חלון חלן
כסא כיסא
כרה קרא
קרע קרא
חול כול
אבד עבד
אדן עדן
אין עין
אלה עלה
אשר עשר
כבר קבר
כלה קלה
כרם קרם
כשר קשר
טפל תפל
סער שער
מסה משה
שנוי שינוי
חדוש חידוש
גלוי גילוי
כתוב כיתוב
תאור תיאור
פרוש פירוש
קצור קיצור
סדור סידור
בטוי ביטוי
ענין עניין
בנין בניין
קנין קניין
מנין מניין
זכיון זיכיון
דמיון דימיון
