התחלה תחילה הפעלה להתחיל
חנות מסחר שוק קניה
כניסה התחברות גישה לוגין
חשבון פרופיל חבר כרטיס
משתמש שם זהות
בטוח מוגן אמין מאובטח
אבטחה הגנה ביטחון מגן
אימות אישור תיקוף בדיקה
סיסמה קוד פין הרשאה
הזדהות הרשאות טוקן סשן
שחזור איפוס החזרה שחרור
תמיכה עזרה שירות סיוע
קשר יצירה פניה בקשה
תשלום לשלם קופה סליקה
חשבונית קבלה חיוב דרישה
בנק פיננסים כסף ארנק
כרטיסאשראי אשראי דביט נטען
העברה עסקה הפקדה משיכה
קריפטו מטבע בלוקצין כרייה
דואר אימייל הודעה נכנס
ענן שרת אחסון הוסטינג
אתר אינטרנט מקוון רשת פורטל
דומיין קישור כתובת url
חדשות בלוג עיתונות מדיה
חינם מתנה בונוס מבצע
הנחה הצעה מכירה קופון
פרס זכיה תגמול הגרלה
הטוב מוביל פרימיום פרו
רשמי מקורי אמיתי אותנטי
חדש אחרון עדכני מודרני
מהיר זריז אקספרס דחוף
אפליקציה תוכנה תוכנית כלי
הורדה הורד התקנה הגדרה
עדכון שדרוג חידוש תיקון
חיפוש מציאה לחפש שאילתה
משלוח שילוח חבילה מעקב
הזמנה עגלה סל רכישה
לקוח קונה רוכש
אדמין ניהול קונסולה לוח
מרכז ראשי כללי מוקד
קבוצה צוות חברה תאגיד
נתונים גיבוי ארכיון מאגר
תמונה צילום גלריה תמונות
וידאו סטרים צפיה נגן
מוזיקה שמע אודיו רדיו
משחק משחקים שחקן ארקייד
צאט שיחה מסנגר לייב
חברתי קהילה חברים עוקבים
עבודה משרה קריירה גיוס
בריאות רפואה מרפאה תרופות
נסיעה טיסה מלון תיירות
אוכל מסעדה תפריט מטבח
לימודים למידה קורס חינוך
חוק משפטי משפט זכויות
ממשלה מדינה משרד ציבורי
מס מיסים מכס אגרה
ביטוח פוליסה נזק כיסוי
נדלן שכירות בית נכס
רכב מכונית מנוע אוטו
אנרגיה חשמל כוח גז
נייד טלפון סמס חיוג
התראה אזעקה אזהרה מיידי
מנוי חברות מסלול הארכה
נקודות נאמנות קאשבק מיילים
ביקורת דירוג משוב דעה
