-
.
/
0
1
10
100
1000
1000000
1000000000
11
12
13
14
15
16
17
18
19
2
20
3
30
4
40
5
50
6
60
7
70
8
80
9
90
@
D
J
P
T
U
X
g
i
j
l
n
o
p
t
u
v
w
x
y
ó
ö
ơ
ȯ
Ο
ο
О
о
ӧ
Օ
א
אור
אחד
אחדעשר
אחרי
אימייל
אינטרנט
אינטרנת
אלף
אמת
אפס
אפשרי
ארבע
ארבעים
ארבעעשרה
ב
בחוץ
בלתי אפשרי
בתוך
ג
גבוה
גדול
ד
דואל
ה
הנדון
הנידון
התחלה
ו
ז
ח
חדש
חושך
חזק
חיים
חלש
חם
חמישי
חמישים
חמש
חמשעשרה
ט
טוב
טכנולגיה
טכנולוגיה
י
יום
ישן
כ
כן
כשהגעתי
ל
לא
לאהוב
לאט
להפסיד
לטבוע
לילה
למטה
למכור
למעלה
לנצח
לפני
לקחת
לקנות
לשנוא
לתבוע
לתת
מ
מאה
מאוחר
מהר
מוות
מוקדם
מייל
מיליארד
מיליון
מלא
מלוכלך
מקף
נ
נחרט
נחרת
נכון
נמוך
נקודה
נקי
ס
סגור
סוף
סלאש
ע
עני
עצוב
עשיר
עשירי
עשר
עשרים
פ
פתוח
צ
ק
קטן
קל
קר
קרוב
קשה
ר
ראשון
רביעי
רחוק
ריק
רע
ש
שביעי
שבע
שבעים
שבעעשרה
שגוי
שהגעתי
שטרודל
שישי
שישים
שלוש
שלושים
שלושעשרה
שלישי
שמונה
שמונהעשרה
שמונים
שמח
שמיני
שני
שקר
שש
ששעשרה
שתיים
שתיםעשרה
ת
תשיעי
תשע
תשעים
תשעעשרה
ة
ه
ọ
ỏ
