punkt .
snabela @
bindestreck -
snedstreck /
alt allt
beck bäck
beteckning betäckning
bets betts
bleck bläck
bygd byggd
bocks box
bår bor
egg ägg
elva älva
facks fax
fals falls
fält fällt
ficks fix
gått gott
hals halls
han hann
häller heller
hemma hämma
hetta hätta
håv hov
jord hjord gjord hjort gjort
jul hjul
jämt jämnt
järna gärna hjärna
jäst gäst
kar karl
kast kasst
kat katt
klår klor
kål kol
men män mens mäns
micks mix
och ock
packs pax
pol pool
puts putts
redd rädd
rett rätt
rykte ryckte
rådda rodda
sats satts
saxen sachsen
sej sig
säg sen scen
sensor censor
sett sätt set
sida seeda
sits sitts
släkt släckt
smält smällt
spets spetts spätts
spett spätt
spex späcks
sprits spritts
streck sträck
strecka sträcka
svets svetts
själv skälv
skälva själva
skeppa skäppa
själ skäl stjäl
tips tipps
tryckt tryggt
tom tum
tops topps
tjeck check
tjäcks checks
tjära kära
vals valls
vecka väcka
väcks väx
verk värk
verka värka
vette vätte
vice vise
viste visste
värd värld
hjälte jälte
hjälp jälp
hjärta järta
vitt hvitt
avsett avsätt
enda ända
ess äss
gjuta ljuta
sex säcks
uppblåst upplåst
chippa kippa
kex checks tjecks
