abbonemang abonnemang
abbonnemang abonnemang
abonemang abonnemang
aborre abborre
ackumelera ackumulera
adnra andra
ads aids
affish affisch
afganistan afghanistan
afganistans afghanistans
agressiv aggressiv
aliera alliera
alierad allierad
alierade allierade
alierades allierades
alierads allierads
alierat allierat
alierats allierats
alldrig aldrig
alldrigg aldrig
allför alltför
allmer alltmer
allstå alltså
allså alltså
allteftersmo allteftersom
alstå alltså
alså alltså
altid alltid
altlid alltid
altstå alltså
altså alltså
amdra andra
anama anamma
anamad anammad
anamade anammade
anamat anammat
anant annat
andledning anledning
anektera annektera
anekterad annekterad
anekterade annekterade
anekterades annekterades
anekterads annekterads
anekterat annekterat
anekterats annekterats
anglosaxer anglosaxare
anglosaxerna anglosaxarna
anndra andra
anrda andra
ansvararade ansvarade
ansvarde ansvarade
apeninerna apenninerna
apeninernas apenninernas
appeninerna apenninerna
appeninernas apenninernas
appenninerna apenninerna
appenninernas apenninernas
aprill april
artificell artificiell
artificella artificiella
artificellt artificiellt
artiklen artikeln
atlid alltid
atllid alltid
atteralj attiralj
attt att
avek avvek
avgjör avgör
avgjöra avgöra
avgjörande avgörande
avgjöras avgöras
avgjörs avgörs
avgorde avgjorde
avjord avgjord
avjorde avgjorde
avjordes avgjordes
avjords avgjords
avjort avgjort
avjorts avgjorts
avjör avgör
avjöra avgöra
avjörande avgörande
avjöras avgöras
avjörs avgörs
avsaknand avsaknad
avsaknanden avsaknaden
avsnitter avsnitt
avstog avstod
avstogs avstods
bajersk bayersk
bajerska bayerska
bajerskas bayerskas
bajerske bayerske
bajerskes bayerskes
bajersks bayersks
bajerskt bayerskt
bajerskts bayerskts
ballett balett
balletten baletten
ballettens balettens
balnd bland
banlysa bannlysa
banlysas bannlysas
banlyst bannlyst
banlyste bannlyste
banlystes bannlystes
banlysts bannlysts
beaktning beaktande
begravad begravd
begravat begravt
begravats begravts
begågna begångna
behållt behållit
behållts behållits
belger belgier
belgera belgiera
belgeras belgieras
belgern belgiern
belgerna belgierna
belgernas belgiernas
belgerns belgierns
belgers belgiers
belv blev
benämd benämnd
benämda benämnda
benämdes benämndes
benäms benämns
benämt benämnt
benämts benämnts
beskjöt besköt
beskjöts besköts
beslagstog beslagtog
beslagstogs beslagtogs
besod bestod
bestog bestod
bestogs bestods
betod bestod
betår består
beyda betyda
beydande betydande
beydde betydde
beydelse betydelse
beydelsen betydelsen
beydelsenr betydelsenr
beydelser betydelser
beyder betyder
beydlig betydlig
beydligt betydligt
bildadet bildandet
blanding blandning
blandingar blandningar
blandingara blandningara
blandingaras blandningaras
blandingarn blandningarn
blandingarna blandningarna
blandingarnas blandningarnas
blandingarns blandningarns
blandingars blandningars
blandingen blandningen
blandingens blandningens
blnd bland
blomorna blommorna
blomornas blommornas
bogota bogotá
bogotas bogotás
borgelig borgerlig
borgeliga borgerliga
borgelige borgerlige
borgeligt borgerligt
borglig borgerlig
borgliga borgerliga
borglige borgerlige
borgligt borgerligt
brasilen brasilien
brasilens brasiliens
brazilien brasilien
braziliens brasiliens
brevid bredvid
brorsson brorson
brorssonen brorsonen
brorssonens brorsonens
brorssons brorsons
bruksamhälle brukssamhälle
bruksamhällen brukssamhällen
bruksamhällena brukssamhällena
bruksamhällenas brukssamhällenas
bruksamhällens brukssamhällens
bruksamhället brukssamhället
bruksamhällets brukssamhällets
brytit brutit
brytits brutits
brödrar bröder
brödrara brödera
brödraras bröderas
brödrarn brödern
brödrarna bröderna
brödrarnas brödernas
brödrarns bröderns
brödrars bröders
bulemi bulimi
bulldogar bulldoggar
bulldogarna bulldoggarna
bulldogarnas bulldoggarnas
bulldogars bulldoggars
bulldogen bulldoggen
bulldogens bulldoggens
bullemi bulimi
byggnadet byggandet
byggnandet byggandet
bysantisk bysantinsk
bysantiska bysantinska
bysantiskt bysantinskt
byzantinsk bysantinsk
byzantinska bysantinska
byzantinskt bysantinskt
byzantisk bysantinsk
byzantiska bysantinska
byzantiskt bysantinskt
bästaste bästa
böjade började
böjra börja
böjrade började
böjran början
böjrat börjat
börade började
börjde började
böt bytte
calfornisk kalifornisk
calforniska kaliforniska
calforniske kaliforniske
calforniskt kaliforniskt
californien kalifornien
californiens kaliforniens
californisk kalifornisk
californiska kaliforniska
californiske kaliforniske
californiskt kaliforniskt
casinon kasinon
casinona kasinona
casinonas kasinonas
casinons kasinons
casinot kasinot
casinots kasinots
ceasar caesar
ceasars caesars
centran centra
chassie chassi
chassien chassin
chassiena chassina
civilia civila
coh och
cyckel cykel
damark danmark
damarks danmarks
dannmark danmark
dannmarks danmarks
de dem
deamon daemon
deceniumen decennierna
deceniumens decenniernas
deceniumet decenniet
deceniumets decenniets
decenniumen decennierna
decenniumens decenniernas
decenniumet decenniet
decenniumets decenniets
definera definiera
definitift definitivt
delvist delvis
dem de
deoderant deodorant
desa dessa
dessuom dessutom
desuom dessutom
desutom dessutom
disktrikt distrikt
diskution diskussion
dispans dispens
distrik distrikt
distriken distrikten
distrikens distriktens
distriket distriktet
distrikets distriktets
ditills dittills
ditils dittills
dittils dittills
dne den
dte det
dublett dubblett
dusseldorf düsseldorf
dusseldorfs düsseldorfs
dylig dylik
dyliga dylika
dyligt dylikt
dynastien dynastin
dynastiens dynastins
däefter därefter
däför därför
dämed därmed
därefer därefter
däremed därmed
däreter därefter
därfter därefter
dåligare sämre
dåligast sämst
dåligasta sämsta
dåligaste sämste
efer efter
eferom eftersom
efersmo eftersom
eferson eftersom
efesom eftersom
efterom eftersom
eftersmo eftersom
efterson eftersom
efterträde efterträdde
efterträdes efterträddes
efterätt efterrätt
eftesom eftersom
egenelien egentligen
egeneligen egentligen
egenlien egentligen
egenligen egentligen
egentelien egentligen
egenteligen egentligen
egentlien egentligen
egypen egypten
egypens egyptens
egypien egypten
egypiens egyptens
egyptien egypten
egyptiens egyptens
elvte elfte
emelan emellan
emelanåt emellanåt
endas endast
endå ändå
engangemang engagemang
engangemanget engagemanget
engegemang engagemang
engegemanget engagemanget
engelka engelska
engelsa engelska
engemang engagemang
engemanget engagemanget
engeska engelska
engleska engelska
engligt enligt
englska engelska
enilgt enligt
enlig enligt
enlligt enligt
ensamm ensam
ensammen ensam
ensammna ensamma
ensamna ensamma
entren entrén
erkännd erkänd
erkännde erkände
erkänndes erkändes
erkännt erkänt
erkännts erkänts
ethiopien etiopien
ethiopiens etiopiens
euroasien eurasien
euroasiens eurasiens
europe europé
europeer européer
exern extern
exerna externa
exernt externt
exkusiv exklusiv
exkusiva exklusiva
exkusive exklusive
exkusivt exklusivt
exlusiv exklusiv
exlusiva exklusiva
exlusive exklusive
exlusivt exklusivt
extren extern
extrena externa
extrent externt
exträn extern
exträna externa
extränt externt
extärn extern
extärna externa
extärnt externt
fabauri februari
fabrauri februari
fabruari februari
fabrurari februari
fabuari februari
faburari februari
faktist faktiskt
fakultetet fakulteten
fankrike frankrike
fankrikes frankrikes
fanèret faneret
fanèrets fanerets
fanéret faneret
fanérets fanerets
fastlog fastslog
fastlogr fastslogr
fastlogs fastslogs
fastlå fastslå
fastlår fastslår
fastlås fastslås
febauri februari
febrauri februari
februrari februari
febuari februari
feburari februari
fetme femte
filipinerna filippinernaip
filipinernas filippinernaip
fillipinerna filippinernalip
fillipinernas filippinernalip
fillippinerna filippinernalipp
fillippinernas filippinernalipp
financer finanser
finnancer finanser
fiskeläger fiskeläge
fiskelägret fiskeläget
fiskelägrets fiskelägets
fjädre fjärde
fjörde fjärde
fleral flertal
fleralet flertal
flyckten flykten
flygit flugit
forfarande fortfarande
formelt formellt
forsatt fortsatt
forsatta fortsatta
forsatte fortsatte
forstatt fortsatt
forstatta fortsatta
forstatte fortsatte
fortarande fortfarande
fortfarade fortfarande
fortfaranade fortfarande
fortfarnade fortfarande
fortfarnde fortfarande
fortvarande fortfarande
fotsatt fortsatt
fotsatta fortsatta
fotsatte fortsatte
fotölj fåtölj
frakrike frankrike
frakrikes frankrikes
frammåt framåt
frankike frankrike
frankikes frankrikes
frankrie frankrike
frankriek frankrike
frankrieks frankrikes
frankries frankrikes
franrike frankrike
franrikes frankrikes
frimärkerna frimärkena
främt främst
främta främsta
främte främste
fräsmt främst
fräsmta främsta
fräsmte främste
fråm från
fämst främst
fämsta främsta
fämste främste
fängla fängsla
fänglad fängslad
fänglade fängslade
fänglades fängslades
fänglads fängslads
fänglas fängslas
fänglat fängslat
fänglats fängslats
fänsla fängsla
fänslad fängslad
fänslade fängslade
fänslades fängslades
fänslads fängslads
fänslas fängslas
fänslat fängslat
fänslats fängslats
färggrannt färggrant
färmst främst
färmsta främsta
färmste främste
fårn från
föjade följande
föjande följande
föjlade följande
föjlaktigen följaktligen
föjlande följande
föjldaktigen följaktligen
föjldaktlig följaktlig
föjldaktligen följaktligen
föjldaktligt följaktligt
följade följande
följaktigen följaktligen
följdaktigen följaktligen
följdaktlig följaktlig
följdaktligen följaktligen
följdaktligt följaktligt
fördra föredra
föregånde föregående
föregångar föregångare
förekoma förekomma
förekomas förekommas
förekomer förekommer
förekomit förekommit
förestog förestod
förestogs förestods
företrädelsevis företrädesvis
förgående föregående
förhållanderna förhållandena
förhållandernas förhållandenas
förkommande förekommande
förkommer förekommer
förljande följande
förmodlingen förmodligen
förren förrän
förrens förrän
förrut förut
förrutom förutom
förräns förrän
förråde förrådde
förslogs föreslogs
förstog förstod
förstogs förstods
förän förrän
föräns förrän
fösrt först
fösta första
föstr först
föutom förutom
gamlare äldre
gamlast äldst
gamlasta äldsta
gamlaste äldste
gammla gamla
gammlare äldre
gammlast äldst
gammlasta äldsta
gammlaste äldste
gemensammt gemensamt
geneve genève
genevekonventionen genèvekonventionen
genevekonventionens genèvekonventionens
geneves genèves
genevesalongen genèvesalongen
genevesalongens genèvesalongens
genevesjön genèvesjön
genevesjöns genèvesjöns
genrena genrerna
genrenas genrernas
genrè genre
genrèer genrer
genrèerna genrerna
genrèn genren
genrèr genrer
genrèrna genrerna
genré genre
genréer genrer
genréerna genrerna
genrén genren
genrér genrer
genrérna genrerna
genéve genève
genévekonventionen genèvekonventionen
genévekonventionens genèvekonventionens
genéves genèves
genévesalongen genèvesalongen
genévesalongens genèvesalongens
gjode gjorde
gjore gjorde
gjrde gjorde
gjrode gjorde
gjöt göt
gjöts göts
godkännd godkänd
godkännde godkände
godkänndes godkändes
godkännds godkänds
godkännt godkänt
godkännts godkänts
gorde gjorde
grundandes grundades
gågen gången
gåger gånger
gågnen gången
gågner gånger
gånen gången
gåner gånger
habakuck habackuk
habakucks habackuks
hadde hade
halvägs halvvägs
hellst helst
henens hennes
henns hennes
hisoria historia
hisoriai historia
histora historia
historai historia
hitills hittills
hitils hittills
hitoria historia
hitoriai historia
hittils hittills
hjäp hjälp
hjäpa hjälpa
hjäper hjälper
hjäpt hjälpt
hjäpte hjälpte
homom honom
honnom honom
honon honom
hru hur
hurvida huruvida
huvudaklig huvudsaklig
huvudakliga huvudsakliga
huvudakligen huvudsakligen
huvudsakling huvudsaklig
huvudsaklinga huvudsakliga
huvudsaklingen huvudsakligen
huvudsalig huvudsaklig
huvudsaliga huvudsakliga
huvudsaligen huvudsakligen
huvudsklig huvudsaklig
huvudskliga huvudsakliga
huvudskligen huvudsakligen
hysen hysén
hysens hyséns
hysèn hysén
hysèns hyséns
hälp hjälp
hälpa hjälpa
hälper hjälper
hälpt hjälpt
hälpte hjälpte
härhör härrör
härhöra härröra
härhörande härrörande
härhörandes härrörandes
härhöras härröras
härhörd härrörd
härhörde härrörde
härör härrör
häröra härröra
härörande härrörande
härörandes härrörandes
häröras härröras
härörd härrörd
härörde härrörde
hållde höll
hålldes hölls
hållt hållit
hållts hållits
ibrahimovic ibrahimović
ibrahimovics ibrahimovićs
ideel ideell
ideela ideella
ideele ideelle
ideelt ideellt
ideer idéer
ideerna idéerna
ideernas idéernas
idell ideell
idella ideella
idelle ideelle
idellt ideellt
iden idén
ids aids
idèell ideell
idèella ideella
idèelle ideelle
idèellt ideellt
idèer idéer
idèerna idéerna
idèernas idéernas
idéell ideell
idéella ideella
idéelle ideelle
idéellt ideellt
igenelien egentligen
igeneligen egentligen
igenlien egentligen
igenligen egentligen
igentelien egentligen
igenteligen egentligen
igentlien egentligen
igentligen egentligen
illfart ilfart
imelan emellan
imelanåt emellanåt
imellan emellan
imellanåt emellanåt
inbygd inbyggd
inbygda inbyggda
inbygt inbyggt
inet inte
inflytade inflytande
inflytadet inflytandet
inflytesrik inflytelserik
inflytesrika inflytelserika
inflytesrikae inflytelserikae
inflytesrikat inflytelserikat
inflytesrikate inflytelserikate
inflytesrike inflytelserike
inflytesrikt inflytelserikt
inflytesrikte inflytelserikte
inledningvis inledningsvis
innifrån inifrån
innom inom
innombords inombords
innomhus inomhus
innuti inuti
intenationala internationella
intenationalla internationella
intenationela internationella
intenationella internationella
intenatonala internationella
intenatonalla internationella
intenatonela internationella
intenatonella internationella
internationala internationella
internationalla internationella
internationela internationella
internatonala internationella
internatonalla internationella
internatonela internationella
internatonella internationella
interören interiören
interörens interiörens
intilligande intilliggande
intreserad intresserad
invgdes invigdes
invgides invigdes
invides invigdes
invidgdes invigdes
invidges invigdes
itailen italien
itailens italiens
italen italien
italens italiens
itne inte
ivigdes invigdes
jajamen jajamän
jajamensan jajamänsan
jamaika jamaica
jamaikan jamaican
jamaikanen jamaicanen
jamaikanens jamaicanens
jamaikaner jamaicaner
jamaikanerna jamaicanerna
jamaikanernas jamaicanernas
jamaikaners jamaicaners
jamaikans jamaicans
jamaikas jamaicas
jojomen jojomän
jojomensan jojomänsan
jämnt jämt
jämt jämnt
kalendariumen kalendarierna
kalendariumens kalendariernas
kalendariumet kalendariet
kalendariumets kalendariets
kalfornisk kalifornisk
kalforniska kaliforniska
kalforniske kaliforniske
kalforniskt kaliforniskt
kallde kallade
kalldes kallades
kallendariumen kalendarierna
kallendariumens kalendariernas
kallendariumet kalendariet
kallendariumets kalendariets
kamare kammare
kamaren kammaren
kamarens kammarens
kammrar kamrar
kammrarna kamrarna
kammrarnas kamrarnas
kasakhstan kazakstan
kasakhstans kazakstans
kasakstan kazakstan
kasakstans kazakstans
kashakhstan kazakstan
kashakhstans kazakstans
kashakstan kazakstan
kashakstans kazakstans
kasset kassett
kategorien kategorin
kazakhstan kazakstan
kazakhstans kazakstans
kazhakhstan kazakstan
kazhakhstans kazakstans
kazhakstan kazakstan
kazhakstans kazakstans
kollission kollision
kolosal kolossal
komers kommers
komersen kommersen
komersens kommersens
komitté kommitté
kommite kommitté
kommité kommitté
konferans konferens
konstmusem konstmuseum
konstnärsskap konstnärskap
konstnärsskapet konstnärskapet
konstnärsskapets konstnärskapets
kragerö kragerø
kragerös kragerøs
kringick kringgick
kringicks kringgicks
kringå kringgå
kringående kringgående
kringås kringgås
kristanstad kristianstad
kristanstads kristianstads
kunnde kunde
kvalite kvalité
kvaliten kvalitén
kännd känd
kännda kända
kännde kände
kännetäcknade kännetecknade
kännetäcknades kännetecknades
kännetäcknande kännetecknande
kännetäcknandes kännetecknandes
kännetäcknanr kännetecknanr
kännetäcknans kännetecknans
kännetäcknants kännetecknants
kännetäcknar kännetecknar
kännetäcknas kännetecknas
kännetäcknats kännetecknats
kännt känt
känntecken kännetecken
kännteckens känneteckens
känntecknen kännetecknen
känntecknena kännetecknena
känntecknenas kännetecknenas
känntecknens kännetecknens
känntecknet kännetecknet
känntecknets kännetecknets
labboratoriumen laboratorierna
labboratoriumens laboratoriernas
labboratoriumet laboratoriet
labboratoriumets laboratoriets
labborattoriumen laboratorierna
labborattoriumens laboratoriernas
labborattoriumet laboratoriet
labborattoriumets laboratoriets
labborratoriumen laboratorierna
labborratoriumens laboratoriernas
labborratoriumet laboratoriet
labborratoriumets laboratoriets
labborrattoriumen laboratorierna
labborrattoriumens laboratoriernas
labborrattoriumet laboratoriet
labborrattoriumets laboratoriets
laboratoriumen laboratorierna
laboratoriumens laboratoriernas
laboratoriumet laboratoriet
laboratoriumets laboratoriets
laborattoriumen laboratorierna
laborattoriumens laboratoriernas
laborattoriumet laboratoriet
laborattoriumets laboratoriets
laborratoriumen laboratorierna
laborratoriumens laboratoriernas
laborratoriumet laboratoriet
laborratoriumets laboratoriets
laborrattoriumen laboratorierna
laborrattoriumens laboratoriernas
laborrattoriumet laboratoriet
laborrattoriumets laboratoriets
leauge league
ledarmot ledamot
levera leverera
leverad levererad
leverade levererade
leverades levererades
leverads levererads
leverar levererar
leverara leverera
leverarad levererad
leverarade levererade
leverarades levererades
leverarads levererads
leverarar levererar
leveraras levereras
leveras levereras
leverbröd levebröd
levnadsätt levnadssätt
levnadsättet levnadssättet
licentiatsavhandling licentiatavhandling
licentiatsexamen licentiatexamen
licentiatsstudier licentiatstudier
likande liknande
livstil livsstil
livstilar livsstilar
livstilen livsstilen
logotype logotyp
lousiana louisiana
lousianas louisianas
lovikavante lovikkavante
lungnt lugnt
lungt lugnt
luxemburgisk luxemburgsk
luxemburgiskt luxemburgskt
lämande lämnade
lämandes lämnades
lämlig lämplig
lämliga lämpliga
lämligast lämpligast
lämligaste lämpligaste
lämligt lämpligt
lämnde lämnade
lämndes lämnades
lämpig lämplig
lämpiga lämpliga
lämpigast lämpligast
lämpigaste lämpligaste
lämpigt lämpligt
lärljungar lärjungar
lärljungara lärjungara
lärljungaras lärjungaras
lärljungarn lärjungarn
lärljungarna lärjungarna
lärljungarnas lärjungarnas
lärljungarns lärjungarns
lärljungars lärjungars
lärljunge lärjunge
lärljungen lärjungen
lärljungens lärjungens
lärljunges lärjunges
låneord lånord
låneorden lånorden
låneordens lånordens
låneordet lånordet
låneordets lånordets
låneords lånords
lösensumma lösesumma
lösensumman lösesumman
lösensummans lösesummans
lösensummas lösesummas
lösensummor lösesummor
lösensummora lösesummora
lösensummoras lösesummoras
lösensummorn lösesummorn
lösensummorna lösesummorna
lösensummornas lösesummornas
lösensummorns lösesummorns
lösensummors lösesummors
majoret majoritet
majoreten majoriteten
majoretens majoritetens
majorit majoritet
majoriten majoriteten
majoritens majoritetens
majortet majoritet
majorteten majoriteten
majortetens majoritetens
makedoner makedonier
makedonerna makedonierna
makedonernas makedoniernas
mausolèer mausoleer
mausolèerna mausoleerna
mausolèernas mausoleernas
mausolèers mausoleers
mausolèet mausoleet
mausolèets mausoleets
mausolèum mausoleum
mausolèums mausoleums
mausoléer mausoleer
mausoléerna mausoleerna
mausoléernas mausoleernas
mausoléers mausoleers
mausoléet mausoleet
mausoléets mausoleets
mausoléum mausoleum
mausoléums mausoleums
mcket mycket
medans medan
medecin medicin
mediumet mediet
melan mellan
mella mellan
mellar mellan
mellen mellan
melllan mellan
mellln mellan
melln mellan
mendan medan
midre mindre
mileniumen millennierna
mileniumens millenniernas
mileniumet millenniet
mileniumets millenniets
milenniumen millennierna
milenniumens millenniernas
milenniumet millenniet
milenniumets millenniets
milleniumen millennierna
milleniumens millenniernas
milleniumet millenniet
milleniumets millenniets
millenniumen millennierna
millenniumens millenniernas
millenniumet millenniet
millenniumets millenniets
minde mindre
mindra mindre
minre mindre
misisipi mississippi
misisipis mississippis
misisippi mississippi
misisippis mississippis
misissipi mississippi
misissipis mississippis
misissippi mississippi
misissippis mississippis
mislyckad misslyckad
mislyckade misslyckade
mislyckades misslyckades
mislyckads misslyckads
mislyckande misslyckande
mislyckanden misslyckanden
mislyckandens misslyckandens
mislyckandent misslyckandent
mislyckandents misslyckandents
mislyckandes misslyckandes
mislyckandet misslyckandet
mislyckandets misslyckandets
mislyckas misslyckas
mislyckat misslyckat
mislyckats misslyckats
missisipi mississippi
missisipis mississippis
missisippi mississippi
missisippis mississippis
mississipi mississippi
mississipis mississippis
mkt mycket
mne men
mocambique moçambique
mocambiques moçambiques
mrn men
munchen münchen
munchens münchens
musem museum
musikvideos musikvideor
mustach mustasch
mustachen mustaschen
mustachens mustaschens
mustacher mustascher
mustacherna mustascherna
mustachernas mustaschernas
mustachers mustaschers
mustachs mustaschs
mustash mustasch
mustashen mustaschen
mustashens mustaschens
mustasher mustascher
mustasherna mustascherna
mustashernas mustaschernas
mustashers mustaschers
mustashs mustaschs
myckat mycket
mycker mycket
myket mycket
namet namnet
nationalencyclopedien nationalencyklopedin
nationalencyclopediens nationalencyklopedins
nationalencyclopedin nationalencyklopedin
nationalencyclopedins nationalencyklopedins
nationalencyklopedien nationalencyklopedin
nationalencyklopediens nationalencyklopedins
nationalmusem nationalmuseum
noggran noggrann
noggrannt noggrant
nogran noggrann
nogrann noggrann
nogrannt noggrant
nogrant noggrant
nordvästa nordvästra
nordösta nordöstra
novbember november
novebeber november
novebebr november
novebeer november
noveber november
novemeber november
novemebr november
novemeer november
novemer november
novemner november
novemver november
novenber november
novmber november
novmeber november
nuvande nuvarande
nuvarade nuvarande
nuvarnade nuvarande
nuvarnde nuvarande
nuvrande nuvarande
nägra några
nämlingen nämligen
nämnligen nämligen
nämnlingen nämligen
nån någon
oberende oberoende
obereonde oberoende
oberonde oberoende
ocf och
ocg och
ochså också
ocks också
ocksp också
ockspå också
ockå också
ocn och
odh och
officeraren officeren
officerer officerare
ofh och
oftas oftast
ogoogelbar ogooglebar
oilka olika
ojämt ojämnt
okorekt inkorrekt
okorekta inkorrekta
okorekte inkorrekte
okorrekt inkorrekt
okorrekta inkorrekta
okorrekte inkorrekte
olka olika
olso oslo
olsos oslos
omdelbar omedelbar
omdelbara omedelbara
omdelbart omedelbart
omisskänlig omisskännlig
omisskänliga omisskännliga
omisskänligt omisskännligt
omking omkring
omkrig omkring
omkrin omkring
omring omkring
omrking omkring
omständig omständlig
omständiga omständliga
omständigt omständligt
ooch och
ordagrannt ordagrant
ordinare ordinarie
ordnarie ordinarie
orginell originell
orginella originella
orginellt originellt
orinarie ordinarie
orska orsaka
orskad orsakad
orskade orsakade
orskades orsakades
orskads orsakads
orskar orsakar
orskas orsakas
orskat orsakat
orskats orsakats
ostabil instabil
ostabila instabila
ovh och
oxh och
oxå också
paralell parallell
paralellt parallellt
pch och
perkulator perkolator
pers pärs
persier perser
persierna perserna
persiernas persernas
persiers persers
plattformer plattformar
plattformerna plattformarna
plattformernas plattformarnas
populärisering popularisering
projeket projektet
projeketet projektet
projeketets projektets
projekets projektets
propeler propeller
propelrar propellrar
proppeler propeller
proppeller propeller
proppellrar propellrar
proppelrar propellrar
realtiv relativ
realtivit relativit
realtivt relativt
referade refererade
referar refererar
referarade refererade
referarar refererar
regelbunda regelbundna
rekomendera rekommendera
religös religiös
rellativ relativ
rellativit relativit
rellativt relativt
reltiv relativ
reltivit relativit
reltivt relativt
repektive respektive
repsektive respektive
respekive respektive
respektiva respektive
respetive respektive
restrerande resterande
resturang restaurang
resultater resultat
resulten resultaten
resultet resultatet
rill till
rilll till
rivde rev
rivdes revs
rokad rockad
rättsystem rättssystem
rättsysteme rättssysteme
rättsystemen rättssystemen
rättsystemens rättssystemens
rättsystement rättssystement
rättsystements rättssystements
rättsystemes rättssystemes
rättsystemet rättssystemet
rättsystemets rättssystemets
röros røros
samliga samtliga
samlingskiva samlingsskiva
samlingskivan samlingsskivan
samlingskivans samlingsskivans
samlingskivas samlingsskivas
samlingskivor samlingsskivor
samlingskivora samlingsskivora
samlingskivoras samlingsskivoras
samlingskivorn samlingsskivorn
samlingskivorna samlingsskivorna
samlingskivornas samlingsskivornas
samlingskivorns samlingsskivorns
samlingskivors samlingsskivors
sammanhängade sammanhängande
sammtdig samtidig
sammtdiga samtidiga
sammtdigt samtidigt
sammtidg samtidig
sammtidga samtidiga
sammtidgt samtidigt
samtdig samtidig
samtdiga samtidiga
samtdigt samtidigt
samtidg samtidig
samtidga samtidiga
samtidgt samtidigt
samtiga samtliga
samtilga samtliga
samtiliga samtliga
schweizs schweiz
seanre senare
seare senare
sedemera sedermera
sedmera sedermera
selja sälja
senere senare
sergant sergeant
serganten sergeanten
sergantens sergeantens
serganter sergeanter
sergantera sergeantera
serganteras sergeanteras
sergantern sergeantern
serganterna sergeanterna
serganternas sergeanternas
serganterns sergeanterns
serganters sergeanters
sergants sergeants
sistnämd sistnämnd
sistnämda sistnämnda
sistnämdas sistnämndas
sistnämde sistnämnde
sistnämdes sistnämndes
sistnämn sistnämnd
sistnämna sistnämnda
sistnämnas sistnämndas
sistnämne sistnämnde
sistnämnes sistnämndes
sjudne sjunde
skapde skapade
skapdes skapades
skiljda skilda
skjämt skämt
skjönk sjönk
skjöt sköt
skjöts sköts
skottsk skotsk
skottska skotska
skottske skotske
skottskt skotskt
skönk sjönk
snel snäll
sos sös
spainen spanien
spainens spaniens
spaninen spanien
spaninens spaniens
spead spelad
speade spelade
speades spelades
speciall special
speciallt speciellt
specialt speciellt
specielt speciellt
speld spelad
spelde spelade
speldes spelades
spm som
spännade spännande
stadsministern statsministern
stadsministerns statsministerns
stadsministers statsministers
stadsministrar statsministrar
stadsministrarna statsministrarna
stadsministrarnas statsministrarnas
stadsministrars statsministrars
stog stod
straxt strax
studer studier
studerna studierna
störe större
störtst störst
störtsta största
stöst störst
stösta största
succesiv successiv
succesiva successiva
succesivt successivt
sucessiv successiv
sucessiva successiva
sucessivt successivt
sucsessivt successivt
sudansk sudanesisk
sudanska sudanesiska
sudanskt sudanesiskt
sveige sverige
sveiges sveriges
sveirge sverige
sveirges sveriges
svergie sverige
svergies sveriges
sverie sverige
sveries sveriges
sverig sverige
sverigs sveriges
svischa swisha
svärdsidan svärdssidan
sydvästa sydvästra
sydväster sydväst
sydösta sydöstra
sydöster sydöst
synnerlighet synnerhet
sägga säga
säggas sägas
sägger säger
säja säga
säjas sägas
säjer säger
säjja säga
säjjas sägas
säjjer säger
sämmre sämre
sämmst sämst
sämmsta sämsta
sämmste sämste
särkilt särskilt
särsiklt särskilt
särsilt särskilt
särskillt särskilt
särskit särskilt
särskitl särskilt
talin tallinn
talinn tallinn
talinns tallinns
talins tallinns
tallin tallinn
tallins tallinns
tdig tidig
tdiga tidiga
tdigt tidigt
teras terrass
teroretisk teoretisk
teroretiska teoretiska
teroretiske teoretiske
teroretiskt teoretiskt
terorier teorier
terorierna teorierna
teroriernas teoriernas
teroriers teoriers
terorin teorin
terorins teorins
tidg tidig
tidga tidiga
tidgt tidigt
tidsskrift tidskrift
tii till
tiil till
tilll till
tillll till
titen titeln
tjänstjorde tjänstgjorde
tjänstjort tjänstgjort
tll till
tlll till
tolvte tolfte
transsylvanisk transsylvansk
transsylvaniska transsylvanska
transsylvaniske transsylvanske
transsylvaniskt transsylvanskt
transylvanien transsylvanien
transylvaniens transsylvaniens
transylvanisk transsylvansk
transylvaniska transsylvanska
transylvaniske transsylvanske
transylvaniskt transsylvanskt
transylvansk transsylvansk
transylvanska transsylvanska
transylvanske transsylvanske
transylvanskt transsylvanskt
trdje tredje
trede tredje
trejde tredje
troligvis troligtvis
tromsö tromsø
tromsös tromsøs
tvugna tvungna
tvunga tvungna
tyvär tyvärr
tönsberg tønsberg
tönsbergs tønsbergs
uder under
udner under
umder under
unde under
undertecka underteckna
underteckade undertecknade
underteckades undertecknades
underteckan underteckna
underteckande undertecknade
underteckandes undertecknades
underteckant undertecknat
underteckants undertecknats
underteckat undertecknat
underteckats undertecknats
undet under
ungare yngre
ungast yngst
ungasta yngsta
ungaste yngste
ungdommar ungdomar
ungdommarna ungdomarna
univeriität universität
univerisität universität
univeristy university
univeristät universität
univerity university
univerität universität
universtity university
universtität universität
universtiy university
universtiät universität
univesität universität
univsersity university
univsersität universität
unversität universität
uppbygd uppbyggd
uppbygda uppbyggda
uppbygt uppbyggt
uppmot uppemot
uppnåt uppnått
uppskattningvis uppskattningsvis
upträda uppträda
upträdde uppträdde
upträde uppträde
upträden uppträden
upträtt uppträtt
utav av
utgorde utgjorde
utryck uttryck
utrycka uttrycka
utryckande uttryckande
utryckas uttryckas
utrycken uttrycken
utryckens uttryckens
utrycker uttrycker
utryckes uttryckes
utrycket uttrycket
utryckets uttryckets
utrycklig uttrycklig
utryckliga uttryckliga
utryckligare uttryckligare
utryckligast uttryckligast
utryckligaste uttryckligaste
utryckligen uttryckligen
utryckligt uttryckligt
utrycks uttrycks
utryckt uttryckt
utryckta uttryckta
utryckts uttryckts
vanligtivis vanligtvis
vanligtivs vanligtvis
vanligtvist vanligtvis
vanligvis vanligtvis
vanlitvis vanligtvis
varannat vartannat
varr var
vartifrån varifrån
verklien verkligen
vietnamn vietnam
vietnamns vietnams
viket vilket
vilekt vilket
vilker vilket
villket vilket
vinnade vinnande
virgnia virginia
virgnias virginias
väldens världens
välkomen välkommen
väll väl
värderna värdena
värdernas värdenas
värklien verkligen
värkligen verkligen
västa västra
warsawa warszawa
warsawas warszawas
warzawa warszawa
warzawas warszawas
webbsite webbplats
websajt webbplats
yogurt yoghurt
yterligare ytterligare
yterliggare ytterligare
ytteligare ytterligare
ytteliggare ytterligare
ytterliagre ytterligare
ytterliare ytterligare
ytterligaer ytterligare
ytterligar ytterligare
ytterliggare ytterligare
yttligare ytterligare
yttliggare ytterligare
yttreligare ytterligare
yttrligare ytterligare
yttrliggare ytterligare
ädre äldre
äen även
ända enda
änns ens
äve även
ävn även
ävne även
århundraderna århundradena
århundradernas århundradenas
årskifte årsskifte
årskiften årsskiften
årskiftena årsskiftena
årskiftenas årsskiftenas
årskiftens årsskiftens
årskiftet årsskiftet
årskiftets årsskiftets
åtmindstonde åtminstone
åtmindstone åtminstone
åtmindstonne åtminstone
åtmindstånde åtminstone
åtmindståne åtminstone
åtmindstånne åtminstone
åtminstonde åtminstone
åtminstonne åtminstone
åtminstånde åtminstone
åtminståne åtminstone
åtminstånne åtminstone
österike österrike
österikes österrikes
österriksk österrikisk
österrikska österrikiska
österrikske österrikiske
österrikskisk österrikisk
österrikskiska österrikiska
österrikskiske österrikiske
österrikskiskt österrikiskt
österrikskt österrikiskt
österrisk österrikisk
österriska österrikiska
österriske österrikiske
österriskisk österrikisk
österriskiska österrikiska
österriskiske österrikiske
österriskiskt österrikiskt
österriskt österrikiskt
överraskning överaskning
