start borja begynnelse starta
butik affar marknad kop
inloggning logga inlogg tillgang
konto profil medlem mittkonto
anvandare anvandarnamn identitet
saker skyddad palitlig trygg
sakerhet skydd forsvar skold
verifiera bekrafta validera kontroll
losenord kod pin inloggningsuppgifter
autentisering auktorisera token session
aterstall aterhamta upplas nollstall
support hjalp service bistand
kontakt na ansluta forfragan
betalning betala kassa checkout
fakturering faktura kvitto rakning
bank finans pengar planbok
kort kredit debet forbetalt
overforing transaktion insattning uttag
krypto mynt blockchain brytning
post email meddelande inkorg
moln server host webbhotell
webb sida online natverk portal
doman lank adress url
nyheter blogg press media
gratis present bonus kampanj
rabatt erbjudande rea kupong
pris vinst beloning lotteri
basta topp premium pro
officiell autentisk akta original
ny senaste aktuell modern
snabb kvick express rapp
app applikation programvara verktyg
ladda hamta installera installning
uppdatera uppgradera fornya patch
sok hitta sokning fraga
leverans frakt paket sparning
bestallning kundvagn korg bestall
kund kopare prenumerant
admin hantera konsol instrumentpanel
centrum nav huvud allman
grupp team foretag koncern
data backup arkiv lagring
foto bild galleri bilder
video stream titta uppspelning
musik ljud audio radio
spel spela spelare arkad
chatt samtal messenger direkt
social gemenskap vanner foljare
jobb arbete karriar rekrytering
halsa medicin klinik apotek
resa flyg hotell bokning
mat restaurang meny kok
skola lara kurs studier
lag juridik domstol rattigheter
regering stat departement offentlig
skatt skatteverket tull avgift
forsakring policy skada tackning
fastighet hyra hus egendom
bil fordon motor vagn
energi kraft elektrisk gas
mobil telefon sms ring
varning larm avisering bradskande
prenumeration medlemskap plan fornyelse
poang lojalitet cashback miles
recension betyg omdome asikt
