-
.
/
0
1
10
100
1000
1000000
1000000000
11
12
13
14
15
16
17
18
19
2
20
3
30
4
40
5
50
6
60
7
70
8
80
9
90
@
a
ae
andra
arton
artonde
b
bindestreck
bra
b̔"
c
cl
d
dag
di
dl
dålig
e
efter
elfte
elva
ett
f
falsk
fattig
fem
femte
femtio
femtionde
femton
femtonde
fjorton
fjortonde
fjärde
fjärran
full
fyra
fyrtio
fyrtionde
före
förlora
första
g
gammal
ge
h
hata
hundra
hundrade
hög
i
ib
ih
ik
inne
j
ja
k
kall
köpa
l
lb
lc
lh
liten
ljus
lk
lätt
låg
långsam
m
miljard
miljon
mörk
n
natt
nej
ner
nio
nionde
nittio
nittionde
nitton
nittonde
nn
noll
ny
nära
o
oe
p
punkt
q
r
rik
rn
rr
s
sann
sen
sex
sextio
sextionde
sexton
sextonde
sju
sjunde
sjuttio
sjuttionde
sjutton
sjuttonde
sjätte
slut
snabb
snabela
snedstreck
ss
stark
start
stor
stängd
svag
svår
sälja
t
ta
tidig
tio
tionde
tjugo
tjugonde
tolfte
tolv
tom
tre
tredje
trettio
trettionde
tretton
trettonde
tusen
tusende
två
u
upp
ute
v
varm
vinna
vv
v̇
w
x
y
z
¡
Þ
ß
à
á
â
ã
ä
älska
å
åtta
åttio
åttionde
åttonde
æ
ç
è
é
ê
ë
í
î
ï
ñ
ó
ô
ö
öppen
ø
ù
ú
û
ü
ý
ÿ
ă
ć
ċ
č
đ
ē
ĕ
ė
ę
ě
ğ
ġ
ģ
ĭ
ı
ł
ń
œ
ś
ţ
ŭ
ź
ż
ƈ
ƒ
ơ
ƿ
ǎ
ǐ
ǔ
ǵ
ȧ
ȯ
ɉ
ɑ
ɓ
ɗ
ɡ
ɢ
ɩ
ɫ
ɱ
ɼ
ɽ
ʀ
ʂ
ʏ
ʐ
ʙ
ʝ
ʠ
Ο
γ
ι
κ
μ
ν
ο
ρ
τ
υ
Ϝ
ϲ
ϳ
ϵ
Ϸ
Б
Г
О
Ь
а
е
к
м
н
о
р
с
т
у
х
ц
є
ѕ
і
ј
ѡ
ѵ
Ғ
ҫ
Ү
ҳ
һ
ҽ
ӓ
ӧ
ԁ
Ԍ
ԛ
ԝ
Ս
Օ
ա
գ
զ
ժ
հ
ս
ց
ا
ة
ه
١
٨
Ⴝ
Ꭵ
Ꮒ
Ꮪ
ᴍ
ᴜ
ᴢ
ᴦ
ṃ
ẋ
ạ
ẹ
ọ
ỏ
ⲕ
ꙇ
