start begin launch commence
shop store market buy
login signin logon access
account profile member myaccount
user username id identity
secure safe protected trusted
security protection guard shield
verify confirm validate check
password passcode pin credential
auth authorize token session
recover reset restore unlock
support help service assist
contact reach connect inquiry
pay payment checkout paynow
billing invoice receipt bill
bank finance money wallet
card credit debit prepaid
transfer transaction deposit withdraw
crypto coin blockchain mining
mail email message inbox
cloud server host hosting
web site online net portal
domain link address url
news blog press media
free gift bonus promo
discount sale deal offer coupon
prize win reward lottery jackpot
best top premium pro
official authentic genuine original
new latest fresh modern
fast quick rapid express
app application software tool
download get install setup
update upgrade renew patch
search find lookup query
delivery shipping parcel tracking
order cart basket purchase
customer client subscriber buyer
admin manage console dashboard
center hub main global
group team company corp
data backup archive storage
photo image gallery picture
video stream watch play
music audio sound radio
game gaming player arcade
chat talk messenger live
social network community friends
job work career hire
health medical clinic pharmacy
travel flight hotel booking
food restaurant menu kitchen
school learn course study
law legal court rights
gov state ministry public
tax revenue customs duty
insurance policy claim cover
property rent house estate
auto car motor vehicle
energy power electric gas
mobile phone sms call
alert warning notice urgent
subscription membership plan renewal
points loyalty cashback miles
review rating feedback opinion
