-
.
/
0
1
10
100
1000
1000000
1000000000
11
12
13
14
15
16
17
18
19
1990s
2
20
21
22
23
24
3
30
4
40
5
50
6
60
7
70
8
80
9
90
@
_
a
a lot
a vengeance
a.k.a.
aahed
aaron
abandon
abandoned
abandoning
abandonned
abandons
abbout
abbreviate
abbreviated
abbreviation
aberation
aberration
abilities
ability
abilityes
abilties
abilty
abondon
abondoned
abondoning
abondons
aborigene
aborigine
abortifacient
abortificant
abotu
about
about a
about it
about the
abouta
aboutit
aboutthe
above
abreviate
abreviated
abreviation
abritrary
absail
absailing
abscence
abseil
abseiling
absence
absense
absolutely
absolutly
absorbed
absorbsion
absorbtion
absorption
abudance
abundacies
abundance
abundances
abundancies
abundant
abundunt
abuts
abutts
acadamy
academic
academy
acadmic
accademic
accademy
acccused
acceleration
accelleration
accension
accept
acceptable
acceptance
acceptence
acceptible
accesories
accessable
accessible
accession
accessories
accidant
accident
accidental
accidentally
accidentaly
accidently
acclamation
acclimation
acclimatization
acclimitization
accomadate
accomadated
accomadates
accomadating
accomadation
accomadations
accomdate
accommodate
accommodated
accommodates
accommodating
accommodation
accommodations
accomodate
accomodated
accomodates
accomodating
accomodation
accomodations
accompanied
accompanyed
accomplish
accomplished
accomplishment
accomplishments
accordeon
accordian
according
accordingly
accordion
accoring
accoustic
accquainted
accrediation
accredidation
accreditation
accross
accuracy
accused
accussed
accustom
accustomed
acedemic
acheive
acheived
acheivement
acheivements
acheives
acheiving
acheivment
acheivments
achieve
achieved
achievement
achievements
achieves
achieving
achievment
achievments
achive
achived
achivement
achivements
acident
acknowldeged
acknowledged
acknowledgeing
acknowledging
ackward
acommodate
acomplish
acomplished
acomplishment
acomplishments
acording
acordingly
acoustic
acquaintance
acquaintances
acquainted
acquaintence
acquaintences
acquiantence
acquiantences
acquire
acquired
acquires
acquiring
acquisition
acquited
acquitted
across
active
actively
activites
activities
activly
acts
actually
actualy
acuracy
acused
acustom
acustommed
adavanced
adbandon
add
adders
addional
addionally
additinally
addition
additional
additionally
additionaly
additonal
additonally
addmission
addopt
addopted
addoptive
addres
addresable
addresed
addresing
address
addressable
addressed
addresses
addressess
addressing
adds
addtion
addtional
adecuate
adequate
adequit
adhearing
adherance
adherence
adherents
adhering
adieu
admendment
admininistrative
administered
administrate
administration
administrative
administrator
adminstered
adminstrate
adminstration
adminstrative
adminstrator
admissability
admissable
admissibility
admissible
admission
admit
admited
admitedly
admitted
admittedly
adn
ado
adolecent
adolescence
adolescent
adolescents
adopt
adopted
adoptive
adquire
adquired
adquires
adquiring
adres
adresable
adresing
adress
adressable
adressed
adressing
adult
advanced
adventrous
adventurous
adversary
advertisement
advertisements
advertisment
advertisments
advesary
adviced
advised
adz
adze
aeration
aerial
aerials
aerie
aeriel
aeriels
aerodynamics
aesthetic
aesthetical
aesthetically
afair
affair
affect
afficianados
afficionado
afficionados
affilate
affiliate
affilliate
affirmative
afford
affords
affort
aficionado
aficionados
aforememtioned
aforementioned
afraid
after
again
againnst
agains
against
agaisnt
aganist
aggaravates
aggravate
aggravates
aggreed
aggreement
aggregate
aggregates
aggregious
aggresive
aggression
aggressive
aggressively
aggressor
aggrieved
agian
agianst
agin
agina
aginst
agravate
agre
agred
agree
agreed
agreeement
agreeing
agreement
agreemnt
agregate
agregates
agreing
agression
agressive
agressively
agressor
agricultue
agriculture
agriculure
agricuture
agrieved
ahev
ahppen
ahve
aicraft
aid
aide
ail
aiport
air
airborne
airbourne
aircaft
aircraft
aircraft's
aircrafts
aircrafts'
airport
airporta
airports
airrcraft
airy
aisian
aisle
aka
albeit
albiet
alchohol
alchoholic
alchol
alcholic
alcohal
alcohol
alcoholic
alcoholical
ale
aledge
aledged
aledges
alege
aleged
alegience
algebraic
algebraical
algorhitms
algorithm
algorithms
algoritm
algoritms
alienating
alientating
align
aligned
alike
alive
all
all-time
alledge
alledged
alledgedly
alledges
allege
alleged
allegedely
allegedly
allegedy
allegely
allegence
alleges
allegiance
allegience
alleviate
allign
alligned
alliviate
allophone
allophones
allopone
allopones
allot
allotted
allow
allowed
allowing
allready
allthough
alltime
alltogether
allude
allusion
almost
almsot
alochol
alomst
alot
alotted
aloud
alowed
alowing
already
alreayd
alse
also
alsot
altar
alter
alternatives
alternitives
altho
although
althought
altogether
altough
alusion
alwasy
always
alwyas
amalgamated
amalgomated
amateur
amatuer
amature
ameliorate
amend
amended
amendmant
amendment
amendments
amercia
america
amerliorate
amke
amking
ammend
ammended
ammendment
ammendments
ammount
ammunition
ammused
among
amongst
amoung
amoungst
amount
amung
amunition
amuse
amused
analagous
analitic
analogeous
analogous
analytic
anarchim
anarchism
anarchistm
anbd
ancestors
ancestory
ancestry
ancient
ancillary
ancilliary
and
andd
androgenous
androgeny
androgynous
androgyny
angel
angina
anihilation
animal
aniversary
annihilation
anniversary
annoint
annointed
annointing
annoints
annouced
announced
announcement
annoy
annual
annually
annualy
annuled
annulled
anohter
anoint
anointed
anointing
anoints
anomalies
anomalous
anomaly
anomolies
anomolous
anomoly
anonimity
anonymity
another
anounced
anouncement
ansalisation
ansalization
ansestors
answer
answered
ant
antarctic
antartic
anthromorphization
anthropolgist
anthropolgy
anthropologist
anthropology
anthropomorphization
anti-apartheid
antiapartheid
antonym
anual
anulled
anwsered
any other
anyhwere
anyother
anything
anytying
anywhere
aparent
aparment
apart
apartment
apartments
apenines
apennines
aplication
aplied
apolegetics
apologetics
apologies
apology
apon
appalling
apparant
apparantly
apparent
apparently
appart
appartment
appartments
appealing
appealling
appearance
appearances
appeareance
appearence
appearences
appenines
apperance
apperances
appereance
appereances
applicaiton
applicaitons
application
applications
applied
appologies
appology
appose
apprearance
appreciate
apprehensive
apprieciate
approaches
approachs
appropiate
appropraite
appropriate
appropropiate
approproximate
approval
approxamately
approxiately
approximate
approximately
approximitely
aprehensive
apron
apropriate
aproval
aproximate
aproximately
aquaduct
aquaintance
aquainted
aqueduct
aquiantance
aquire
aquired
aquiring
aquisition
aquitted
aranged
arangement
arbitarily
arbitary
arbitrarily
arbitrary
arc
archaelogical
archaelogists
archaelogy
archaeological
archaeologist
archaeologists
archaeology
archaic
archaoelogy
archaology
archeaologist
archeaologists
archeologist
archeologists
archeology
archetect
archetects
archetectural
archetecturally
archetecture
archetype
archetypes
archiac
archictect
archimedean
archimedian
architecht
architechturally
architechture
architechtures
architect
architects
architectual
architectural
architecturally
architecture
architectures
archive
archived
archtype
archtypes
are
aready
areodynamics
arguably
argubly
argue
arguement
arguements
argument
arguments
arised
arival
ark
armamant
armament
armature
armistace
armistice
arogant
arogent
arose
aroud
around
arranged
arrangement
arrangements
arrangment
arrangments
arrengement
arrengements
arrest
arrested
arrival
arrive
arrogant
arround
artcile
artical
artice
articel
article
artifical
artifically
artificial
artificially
artillary
artillery
arund
as far
as well
ascension
ascent
ascetic
asetic
asfar
asian
aside
asign
ask
asleep
aslo
asociated
asorbed
aspects
asphyxation
asphyxiation
assasin
assasinate
assasinated
assasinates
assasination
assasinations
assasined
assasins
assassin
assassinate
assassinated
assassinates
assassination
assassinations
assassins
assassintation
assault
assaulted
assemble
assemple
assent
assertation
assertion
asside
assign
assisnate
assist
assistant
assit
assitant
assocation
associate
associated
associates
association
assoicate
assoicated
assoicates
assosication
asssassans
assualt
assualted
assume
assymetric
assymetrical
asteriod
asteroid
asthetic
asthetical
asthetically
asume
aswell
asymmetric
asymmetrical
at
atain
ate
atempting
atheism
atheist
atheistic
atheistical
athenean
atheneans
athenian
athenians
athiesm
athiest
atorney
atribute
atributed
atributes
atrocities
attack
attain
attainder
attaindre
attained
attemp
attemped
attempt
attempted
attempting
attempts
attemt
attemted
attemting
attemts
attendance
attendant
attendants
attended
attendence
attendent
attendents
attened
attension
attention
attic
attitide
attitude
attorney
attribute
attributed
attributes
attributred
attrocities
audeince
audience
aunt
aural
auromated
austrailia
austrailian
australia
australian
auther
authobiographic
authobiography
author
authorative
authoritative
authorites
authorithy
authoritiers
authorities
authoritive
authority
authrorities
autobiographic
autobiography
autochthonous
autochtonous
autoctonous
automated
automatically
automaticly
automibile
automobile
automonomous
autonomous
autor
autority
autumn
auxilary
auxiliaries
auxiliary
auxillaries
auxillary
auxilliaries
auxilliary
availabe
availability
available
availablity
availaible
availble
availiable
availible
avalable
avalance
avalanche
avaliable
avation
avengence
averaged
averageed
aviation
avilable
awake
awarded
awared
away
aweigh
awful
awkward
awl
awya
ax
axe
aye
b
baceause
back
backgorund
background
backgrounds
backrounds
backward
bad
bade
badluck
bail
bait
bakc
bald
bale
ball
balled
bananas
banannas
band
bandwidth
bandwith
bankrupcy
bankruptcy
banned
banruptcy
baout
bard
bare
baron
barred
barren
base
based
basically
basicaly
basicly
bass
baste
bate
battleship
bawl
bawled
bayed
bazaar
bcak
be
beach
beachead
beachhead
beacuse
bean
bear
beastiality
beat
beatiful
beaurocracy
beaurocratic
beautiful
beauty
beautyfull
becamae
became
becames
becasue
because
beccause
becomeing
becomes
becoming
becomming
becouse
becuase
bedore
bee
beech
beeing
been
beer
beet
befoer
before
beggin
begginer
begginers
begging
beggining
begginings
beggins
begin
begining
beginner
beginners
beginnig
beginning
beginnings
begins
behavior
behaviour
behavour
behind
being
beleaguered
beleagured
beleif
beleive
beleived
beleives
beleiving
belgium
belief
beliefs
believe
believed
believes
believing
beligum
belive
belived
belives
bell
belle
belligerant
belligerent
bellweather
bellwether
beloved
below
bemusement
bemusemnt
beneficary
beneficial
beneficiary
benefit
benefits
beng
benificial
benifit
benifits
bergamont
bergamot
bernouilli
bernoulli
berry
berth
beseige
beseiged
beseiging
besiege
besieged
besieging
best
bestiality
beteen
better
bettor
between
betwen
beween
bewteen
bier
big
bight
bigining
biginning
bilaterally
bilateraly
bilingualism
billed
billingualism
billion
billionth
bin
binomial
binominal
bird
birth
bite
bitter
bizarre
bizzare
black
blaim
blaimed
blame
blamed
blessing
blessure
blew
blitzkreig
blitzkrieg
blue
blunt
boar
board
boarder
bode
body
bodybuilder
bodydbuilder
bold
bolder
bole
bombardement
bombardment
bombarment
bonanno
bondary
bonnano
book
boook
boor
boos
booze
border
bore
bored
boring
borke
bottom
bough
boulder
boundary
boundry
bout
bouyancy
bouyant
bow
bowed
bowl
bowlder
bowled
boy
boyant
bradcast
braid
braise
braize
brake
brasillian
brave
brayed
brays
braze
brazilian
breach
bread
break
breakthough
breakthrough
breakthroughs
breakthroughts
bred
breech
breif
breifly
brethen
bretheren
brethren
brewed
brews
bridal
bridle
brief
briefly
bright
briliant
brillant
brilliant
brimestone
brimstone
britain
britian
british
brittish
broacasted
broad
broadacasting
broadcast
broadcasting
broadly
broady
broke
brood
brother
bruise
buddah
buddha
buddhist
buddist
build
buisness
buisnessman
buoancy
buoy
buoyancy
buoyant
bureaucracy
bureaucratic
buried
burin
buring
burning
burred
burried
burro
burrow
bury
burying
bus
bused
busines
busineses
business
businesses
businessman
busness
buss
bussiness
bust
busy
but
butt
buy
by
bye
b̔"
c
cache
caculater
cacuses
caesar
cahracters
caisson
calaber
calculate
calculated
calculater
calculator
calculs
calculus
calendars
calenders
caliber
caligraphy
calligraphy
callous
callus
calm
caluclate
caluclated
caluculate
caluculated
calulate
calulated
calulater
cambridge
cambrige
camoflage
camouflage
campagin
campaign
campaigns
campain
campains
candadate
candiate
candidate
candidiate
canister
canisters
cannister
cannisters
cannnot
cannon
cannonical
cannot
cannotation
cannotations
canon
canonical
canter
cantor
caost
capability
capable
cape town
caperbility
capetown
capible
capital
captial
captued
capturd
captured
caracas
carachter
caracterized
carat, caret
carcas
carcass
career
careers
careful
carefull
careing
careless
caribbean
caries
caring
carismatic
carmalite
carmelite
carnage
carnagie
carnagie-mellon
carnege
carnegie
carnegie-mellon
carnige
carnigie
carnigie-mellon
carreer
carrers
carribbean
carribean
carries
carrot
carrying
carryng
cartdridge
carthagian
carthaginian
carthographer
cartilage
cartilege
cartilidge
cartographer
cartridge
cartrige
casette
cash
casion
cassawory
cassette
cassowarry
cassowary
cast
caste
casualties
casualty
casue
casued
casues
casuing
casulaties
casulaty
catagories
catagorized
catagory
catalina
cataline
catapillar
catapillars
catapiller
catapillers
catch
categories
categorize
categorized
category
catepillar
catepillars
catergorize
catergorized
caterpilar
caterpilars
caterpillar
caterpillars
caterpiller
caterpillers
cathlic
catholic
catholicism
catholocism
catiline
catterpilar
catterpilars
catterpillar
catterpillars
cattleship
caucuses
causalities
cause
caused
causes
causing
ceasar
cede
ceiling
celcius
cell
cellar
cellpadding
cellpading
celsius
cementary
cemetarey
cemetaries
cemetary
cemeteries
cemetery
cencus
censor
censur
censure
census
cent
centennial
cententenial
centre
centruies
centruy
cents
centuries
century
centuties
centuty
ceratin
cereal
ceremonial
ceremonies
ceremonious
ceremony
cerimonial
cerimonies
cerimonious
cerimony
ceromony
certain
certainity
certainly
certainty
certian
cession
chairman
chaise
chalenging
chalk
challange
challanged
challege
challenge
challenged
challenging
champagne
champange
chance
changable
changeable
chants
charachter
charachters
character
characteristic
characteristics
characterized
characters
charactersistic
charactor
charactors
charasmatic
charaterized
chariman
charismatic
charistics
chase
chased
chaser
chasr
chaste
cheap
cheep
cheif
cheifs
chemcial
chemcially
chemestry
chemical
chemically
chemicaly
chemistry
chews
chic
chief
chiefs
child
childbird
childbirth
childen
children
chock
choclate
chocolate
choir
choose
choosen
chord, cord
chosen
chracter
chuch
church
churches
churchs
chute
cincinatti
cincinnati
cincinnatti
circuit
circulation
circulaton
circumcision
circumsicion
circut
ciricuit
ciriculum
cite
civilian
civillian
cl
claer
claerer
claerly
claimes
claims
clas
clasic
clasical
clasically
class
classic
classical
classically
clause
claws
clean
clear
clearance
cleareance
clearer
clearly
clera
clever
click
clincial
clinical
clinically
clinicaly
clique
close
closed
clothes
cloud
cloudy
cmo
cmoputer
co-incided
coal
coaled
coarse
coast
coated
coca cola
coca-cola
cocks
cocktail
coctail
coded
coform
cognizant
cognizent
coincedentally
coincided
coincidentally
colaborations
colateral
cold
cole
colelctive
collaberative
collaborations
collaborative
collateral
colleague
colleagues
collection
collective
collecton
collegue
collegues
collonade
collonies
collony
collosal
colonies
colonizators
colonizers
colonnade
colony
colossal
com
comander
comando
comandos
comany
comapany
comback
combanations
combinatins
combinations
combusion
combustion
comdemnation
comeback
comedic
comemmorates
comemoretion
comfortable
coming
comision
comisioned
comisioner
comisioning
comisions
comission
comissioned
comissioner
comissioning
comissions
comited
comiting
comitted
comittee
comitting
commandeer
commander
commando
commandoes
commandos
commedic
commemerative
commemmorate
commemmorating
commemorate
commemorated
commemorates
commemorating
commemoration
commemorative
commercial
commercially
commerical
commerically
commericial
commericially
commerorative
comming
comminication
commision
commisioned
commisioner
commisioning
commisions
commission
commissioned
commissioner
commissioning
commissions
commited
commitee
commiting
commitment
commitments
committe
committed
committee
committing
committment
committments
commmemorated
commongly
commonly
commonwealth
commonweath
commuications
commuinications
communciation
communiation
communication
communications
communites
communities
compability
company
comparable
comparative
comparatively
comparision
comparisions
comparison
comparisons
comparitive
comparitively
compatabilities
compatability
compatable
compatablities
compatablity
compatiable
compatibilities
compatibility
compatible
compatiblities
compatiblity
compeitions
compensantion
compensation
competance
competant
competative
competence
competent
competion
competitiion
competition
competitions
competitive
competitiveness
competitors
competive
competiveness
comphrehensive
compiler
compitent
complement
completed the
completedthe
completely
completelyl
completetion
completion
complier
compliment
componant
component
comprable
comprehensive
comprimise
compromise
compulsary
compulsery
compulsory
computarized
computer
computerized
conceited
conceived
concensus
concentrate
concentrated
concentrates
concept
concern
concerned
concerning
concider
concidered
concidering
conciders
concieted
concieved
concious
conciously
conciousness
condamned
condemmed
condemnation
condemned
condidtion
condidtions
condition
conditions
conditions of
conditionsof
conected
conection
conesencus
confidental
confidentally
confidential
confidentially
confides
confids
configurable
configureable
conform
confortable
congradulations
congratulations
congresional
congressional
conived
conjecture
conjecutre
conjuction
conjunction
connected
connecticut
connection
conneticut
connived
connotation
connotations
conotations
conquerd
conquered
conquerer
conquerers
conqueror
conquerors
conqured
conscent
consciouness
conscious
consciously
consciousness
consdider
consdidered
consdiered
consectutive
consecutive
consenquently
consensus
consent
consentrate
consentrated
consentrates
consept
consequences
consequently
consequentually
consequeseces
consern
conserned
conserning
conservative
conservitive
consiciousness
consicousness
consider
considerd
considered
consideres
considering
considers
consious
consistant
consistantly
consistent
consistently
consituencies
consituency
consituted
consitution
consitutional
consolidate
consolidated
consolodate
consolodated
consonant
consonants
consonent
consonents
consorcium
consortium
conspiracies
conspiracys
conspirator
conspiriator
constaints
constanly
constant
constantly
constarnation
constatn
consternation
constinually
constituant
constituants
constituencies
constituency
constituent
constituents
constituion
constituional
constituted
constitution
constitutional
constraints
construction
consttruction
constuction
consulant
consultant
consumate
consumated
consummate
consummated
contaiminate
contain
containes
contains
contaminate
contamporaries
contamporary
contempoary
contemporaneous
contemporaneus
contemporaries
contemporary
contempory
contender
contendor
contian
contians
contibute
contibuted
contibutes
contigent
contined
continental
continential
contingence
contingent
contingents
continous
continously
continually
continued
continueing
continuing
continuous
continuously
contravercial
contraversy
contribute
contributed
contributer
contributers
contributes
contributions
contributor
contributors
contritutions
control
controled
controling
controll
controlled
controlling
controlls
controls
controvercial
controvercy
controveries
controversal
controversey
controversial
controversies
controversy
controvertial
controvery
contruction
contstruction
conveinent
convenant
convenient
convential
conventional
conversion
convertables
convertibles
convertion
conviced
convienient
convinced
coo
coop
cooperation
coordiantion
coordination
coorperation
coorperations
copmetitors
coputer
copy
copyright
copywrite
cordial
cored
coridal
cornmitted
corosion
corparate
corperations
corporate
corporation
corporations
correcters
correctors
correponding
correposding
correspond
correspondant
correspondants
corresponded
correspondence
correspondent
correspondents
corresponding
corresponds
corridoors
corridors
corrispond
corrispondant
corrispondants
corrisponded
corrisponding
corrisponds
corrosion
cosign
cosine
costitution
coucil
coudl
could
council
councilor
counries
counsel
counselor
countains
countires
countries
country
coup
coupe
courier
course
coururier
couturier
covenant
cowardly
cox
coy
cpoy
creaeted
creak
created
creche
credence
creedence
creek
crewed
crews
critereon
criteria
criterias
criterion
critical
criticise
criticised
criticises
criticising
criticism
criticisms
criticists
criticize
criticized
criticizes
criticizing
critics
critising
critisising
critisism
critisisms
critisize
critisized
critisizes
critisizing
critized
critizing
crockodiles
crocodiles
crowm
crown
crtical
crticised
crucial
crucifiction
crucifixion
crude
cruise
cruises
crusies
crutial
crystalisation
crystallisation
crèche
cue
culiminating
culminating
cumulatative
cumulative
curch
curcuit
currant
currenly
current
currently
curriculem
curriculum
curser
cursor
cxan
cyan
cyclinder
cylinder
d
dacquiri
daed
daiquiri
dalmatian
dalmation
dam
damage
damenor
dammage
damn
dane
dardanelles
dardenelles
dash
daub
daugher
daughter
days
daze
dead
dear
death
debatable
debateable
deceived
decendant
decendants
decendent
decendents
decidable
decide
decideable
decidedly
decidely
deciduous
decieved
decision
decisions
decison
decomissioned
decommissioned
decompose
decomposed
decomposes
decomposing
decomposit
decomposited
decompositing
decomposits
decrees
decress
decribe
decribed
decribes
decribing
dectect
deer
defence
defend
defendant
defendants
defendent
defendents
defensively
deffensively
deffine
deffined
defiance
definance
definate
definately
definatly
define
defined
definetly
defining
definining
definit
definite
definitely
definition
definitly
definiton
defintion
degrade
degrate
deign
deities
deity
delagates
delapidated
delegates
delerious
delevopment
deliberately
deliberatly
delicious
delirious
delusionally
delusively
delves
demeanor
demenor
democracy
demographic
demographical
demolision
demolition
demonstration
demorcracy
demostration
denegrating
denigrating
dense
densely
densly
dents
deny
deparment
deparmental
deparments
depart
department
departmental
departments
departure
dependance
dependancy
dependence
dependency
dependents
depict
deram
derivative
derived
deriviated
derivitive
derogatory
derogitory
descendands
descendant
descendants
descibed
descision
descisions
describe
described
describes
describing
descriibes
descripters
description
descripton
descriptors
desctruction
descuss
desgined
desiccated
deside
desigining
designed
designing
desinations
desintegrated
desintegration
desirable
desireable
desitned
desktiop
desktop
desorder
desoriented
despair
desparate
desperate
desperation
despicable
despict
despiration
despite
dessicated
dessigned
destabilized
destablized
destinations
destined
destory
destroy
destruction
destructive
detached
detailed
detailled
detatched
detect
deteoriated
deteriate
deteriorate
deteriorated
deteriorating
deterioriating
determining
determinining
detremental
detrimental
devastated
devastating
devasted
develop
develope
developed
developement
development
developped
develpment
devels
devestated
devestating
device
devide
devided
devil
devistating
devolopement
dew, do
di
diablical
diabolical
diamonds
diamons
diaster
dichotomy
dichtomy
diconnects
dicover
dicovered
dicovering
dicovers
dicovery
dictionaries
dictionarys
dicussed
didn't
didnt
die
diea
dieing
dieties
diety
diferent
diferrent
different
differentiatiations
differentiations
differnt
difficulity
difficulties
difficulty
diffrent
dificulties
dificulty
dilapidated
dimenions
dimension
dimensional
dimensions
dimention
dimentional
dimentions
dimesnional
diminuitive
diminutive
dimunitive
diocese
diosese
diphthong
diphthongs
diphtong
diphtongs
diplomacy
diplomancy
dipthong
dipthongs
dire
directly
directory
directoty
dirived
dirty
disagreed
disagreeed
disagreement
disapeared
disapointing
disappear
disappearance
disappeared
disappearing
disappearred
disappears
disappointed
disappointing
disapproval
disaproval
disarray
disaster
disasterous
disastrous
disatisfaction
disatisfied
disatrous
disciplined
discomfort
disconnects
discontent
discontentment
discover
discovered
discovering
discovers
discovery
discreet
discrete
discribe
discribed
discribes
discribing
disctinction
disctinctive
discuss
discussed
disemination
disenchanged
disenchanted
disintegrated
disintegration
disiplined
disobediance
disobediant
disobedience
disobedient
disolved
disorder
disoriented
disover
dispair
disparagingly
disparate
disparingly
dispence
dispenced
dispencing
dispense
dispensed
dispensing
dispicable
dispite
displease
disposition
dispostion
disproportiate
disproportionate
disputandem
disputandum
disricts
dissagreement
dissapear
dissapearance
dissapeared
dissapearing
dissapears
dissappear
dissappears
dissappointed
dissarray
dissatisfaction
dissatisfied
dissemination
dissobediance
dissobediant
dissobedience
dissobedient
dissolved
distiction
distinction
distinctive
distingish
distingished
distingishes
distingishing
distingquished
distinguish
distinguished
distinguishes
distinguishing
distributed
distribution
districts
distrubution
distruction
distructive
ditributed
diverged
diverse
diversed
divice
divide
divided
divination
divinition
division
divisions
divison
divisons
dl
doccument
doccumented
doccuments
docrines
doctines
doctrines
documenatry
document
documentary
documented
documents
doe
doens
does
does, doughs
doesn't
doesnt
doign
doing
dominant
domination
dominaton
dominent
dominiant
done
donig
dosen't
dot
doub
double
doubt
dough
doulbe
dowloads
downloads
doze
dram
dramatic
dramtic
draughtman
draughtsman
dravadian
dravidian
dream
dreams
dreasm
dressing
driectly
drink
drnik
druming
drumless
drumming
drummless
dryas
dual
ducked
duct
due
duel
dum
dumb
dun
dupicate
duplicate
durig
during
durring
duting
dyas
dye
dyeing
dyer
dying
e
each
eahc
ealier
earlier
earlies
earliest
early
earn
earned
earnt
ecclectic
eceonomy
ecidious
eclectic
eclipse
eclispe
ecomonic
economic
economy
ect
eearly
eels
efel
effeciency
effecient
effeciently
effect
efficency
efficent
efficently
efficiency
efficient
efficiently
effluence
efford
effords
effort
efforts
effulence
egregious
eight
eighteen
eighteenth
eighth
eightieth
eighty
eigth
eiter
either
elction
elected
electic
election
electon
electrial
electric
electrical
electrically
electricity
electricly
electricty
electron
elementary
elementay
eleminated
eleminating
elephant
eles
eletricity
eleven
eleventh
elicided
elicited
eligable
eligible
elimentary
eliminated
eliminating
ellected
elphant
else
elude
emanate
emanated
embarass
embarassed
embarassing
embarassment
embargoes
embargos
embarras
embarrased
embarrasing
embarrasment
embarrass
embarrassed
embarrassing
embarrassment
embezelled
embezzled
emblamatic
emblematic
emigrant
emigrated
emigration
eminate
eminated
eminent
eminently
emision
emissaries
emissary
emission
emissions
emited
emiting
emition
emitted
emitting
emmediately
emmigrated
emminent
emminently
emmisaries
emmisarries
emmisarry
emmisary
emmision
emmisions
emmited
emmiting
emmitted
emmitting
emnity
emotion
emperical
emperor
emphaised
emphasis
emphasised
emphsis
emphysema
emphysyma
empirial
empirical
employs
emporer
emprisoned
enameld
enameled
enchancement
encouraging
encouraing
encryptiion
encryption
encyclopedia
encylopedia
end
endeavors
endeavour
endevors
endevour
endig
ending
endolithes
endoliths
enduce
ened
enforceing
enforcing
engagement
engagment
engeneer
engeneering
engieneer
engieneers
engineer
engineering
engineers
english
enhancement
enlargement
enlargements
enlargment
enlargments
enlish
enlist
enmity
enormous
enormously
enourmous
enourmously
ensconced
ensconsed
ensure
entaglements
entanglements
enteratinment
entertaining
entertainment
enthusiastic
enthusiatic
entitity
entitled
entitlied
entity
entrepeneur
entrepeneurs
entrepreneur
entrepreneurs
entrusted
enumerable
enviorment
enviormental
enviormentally
enviorments
enviornment
enviornmental
enviornmentalist
enviornmentally
enviornments
enviroment
enviromental
enviromentalist
enviromentally
enviroments
environment
environmental
environmentalist
environmentally
environments
envolutionary
envrionments
enxt
epidsodes
episode
episodes
epsiode
equalibrium
equatorial
equelibrium
equialent
equilibium
equilibrium
equilibrum
equiped
equipment
equipped
equippment
equitorial
equivalent
equivelant
equivelent
equivilant
equivilent
equivlalent
erally
eratic
eratically
eraticly
ere
erected
erested
erin
err
erratic
erratically
erration
errupted
erupted
esential
esitmated
esle
especially
especialy
essence
essencial
essense
essentail
essential
essentially
essentialy
essentual
essesital
estabishes
establishes
establishing
establising
estimated
etc
ether
ethnocentricm
ethnocentrism
ethos
ethose
european
europeans
europian
europians
eurpean
eurpoean
eutopia
even though
evenhtually
eventally
eventhough
eventially
eventually
eventualy
everthing
every
every time
everything
everytime
everyting
eveyr
evidentally
evidently
evil
evolutionary
ewe
exacerbate
exacerbated
exact
exactly
exagerate
exagerated
exagerates
exagerating
exagerrate
exagerrated
exagerrates
exagerrating
exaggerate
exaggerated
exaggerates
exaggerating
exalted
examinated
examined
example
exampt
exapansion
excact
excange
excecute
excecuted
excecutes
excecuting
excecution
excedded
exceeded
exceedingly
excel
excelent
excell
excellance
excellant
excellence
excellent
excells
excels
except
exceptional
excercise
excerpt
excerpts
exchanching
exchange
exchanging
excisted
excited
exciting
excludes
exclusively
exculsivly
execising
exection
exectued
execute
executed
executes
executing
execution
exeedingly
exelent
exellent
exemple
exempt
exept
exeptional
exerbate
exerbated
exerciese
exercise
exercises
exercising
exerpt
exerpts
exersize
exerted
exerternal
exhalted
exhibition
exhibitions
exhibtion
exibition
exibitions
exicting
exiled
exinct
existance
existant
existed
existence
existent
existince
exliled
exludes
exmaple
exonerate
exonorate
exoskelaton
exoskeleton
expalin
expansion
expatriate
expatriot
expeced
expecially
expected
expects
expeditionary
expeditions
expeditonary
expeiments
expel
expell
expells
expels
expensive
experiance
experianced
experience
experienced
experiments
expiditions
expierence
explain
explaination
explaining
explanation
explaning
explicitly
explictly
exploitation
exploitative
exploititive
explotation
expressed
expropiated
expropiation
expropriated
expropriation
exressed
extant
extemely
extension
extensions
extention
extentions
extered
extermist
external
extinct
extint
extradiction
extradition
extraordinarily
extraordinary
extraterrestial
extraterrestials
extraterrestrial
extraterrestrials
extravagant
extravagent
extremely
extrememly
extremeophile
extremist
extremly
extremophile
extrordinarily
extrordinary
eyar
eyars
eyas
eyasr
eye
eyed
f
faciliate
faciliated
faciliates
facilitate
facilitated
facilitates
facilites
facilities
facillitate
facinated
facist
fact
fahrenheit
fain
faint
fair
fairy
familes
familiar
families
familliar
famous
famoust
fanaticism
fanatism
fare
farenheit
fascinated
fascist
fatc
fate
faught
favourable
favoutrable
faze
feasable
feasible
feat
february
febuary
feburary
federally
fedreally
feel
feels
feet
feign
feint
feminist
femminist
feromone
ferry
fertility
fertily
fete
feudal
fianite
fianlly
ficticious
fictious
fictitious
fidn
fiel
field
fields
fiels
fiercely
fiercly
fifteen
fifteenth
fifth
fiftieth
fifty
fighting
fightings
filament
file
files
filiament
fimilies
finacial
finally
finaly
financial
financially
financialy
find
fined
finish
finite
finnish
fir
firends
first
firts
fisionable
fissionable
five
fix
flair
flamable
flammable
flare
flawess
flawless
flea
flecks
fled
flee
fleed
flemish
flemmish
flew
flex
flight
flirts
floor
florescent
flour
flourescent
flourine
flourish
flourishing
flourishment
flower
flue
fluorescent
fluorine
fluorish
foaled
focus
fold
following
follwoing
folowing
fomalhaut
fomed
fomr
fonetic
fontier
fontrier
foootball
football
for
forbad
forbade
forbid
forbidden
forbiden
fore
forego
foreground
forehead
foreign
foremost
forerunner
foresaw
foreseeable
foretelling
foreward
foreword
forfeit
forfiet
forgo
forhead
foriegn
form
formalhaut
formalize
formalized
formallize
formallized
formally
formaly
formed
formelly
formerly
formidable
formidible
formost
forsaw
forseeable
fortelling
forth
forties
fortieth
fortune
forty
forunner
forward
foucs
foudn
fought
fougth
foul
found
foundaries
foundary
foundland
foundries
foundry
four
fourteen
fourteenth
fourth
fourties
fourty
fouth
foward
fowl
franciscan
franciscans
fransiscan
fransiscans
free
freed
frees
freeze
freind
freindly
frequentily
frequently
friar
friend
friendly
friends
frieze
from
frome
fromed
froniter
front
frontier
fryer
fucntion
fucntioning
fufill
fufilled
fulfiled
fulfill
fulfilled
fullfill
fullfilled
function
functioning
fundamental
fundamentals
fundametal
fundametals
fungi
funguses
funtion
fur
further
furthermore
furuther
futhark
futher
futhermore
futhorc
futhroc
futile
g
gage
gait
galactic
galatians
galatic
galations
galaxies
gallaxies
galvanized
galvinized
game boy
gameboy
games
gandhi
ganerate
ganes
gangster
ganster
garantee
garanteed
garantees
gardai
gardaí
garnison
garrison
gate
gauarana
gauge
gauguin
gaurantee
gauranteed
gaurantees
gaurd
gaurentee
gaurenteed
gaurentees
gel
gene
genealogical
genealogies
genealogy
geneological
geneologies
geneology
generally
generaly
generate
generating
generatting
genialia
genitalia
geographical
geographicial
geometer
geometers
geometrician
geometricians
gerat
ghandi
gild
girl
giulia
giulio
giuseppe
glamorous
glamourous
glight
gnawed
gnawwed
gneiss
goddess
goddesses
godess
godesses
godounov
godunov
gogin
goign
going
gonig
good
goodluck
gored
gothenberg
gothenburg
gottleib
gottlieb
gourd
gouvener
govement
govenment
govenrment
goverance
goverment
govermental
governance
governer
government
governmental
governmnet
governor
govorment
govormental
govornment
graceful
gracefull
grade
graet
graffiti
grafitti
gramatically
grammar
grammatically
grammaticaly
grammer
grat
grate
grateful
gratefully
gratuitious
gratuitous
grayed
grays
graze
great
greatful
greatfully
greif
greyed
greys
griddles
gridles
grief
grisly
grizzly
groan
gropu
group
grow
grown
grown-up
grwo
guadalupe
guadeloupe
guaduloupe
guadulupe
guage
guanine
guarantee
guaranteed
guarantees
guaraná
guard
guarentee
guarenteed
guarentees
guatamala
guatamalan
guatemala
guatemalan
guerrila
guerrilas
guerrilla
guerrillas
guessed
guest
guidance
guide
guidence
guild
guilia
guilio
guiness
guinness
guise
guiseppe
gunanine
gurantee
guranteed
gurantees
guttaral
gutteral
guttural
guyed
guys
h
habaeus
habeas
habeus
habsbourg
habsburg
haemorrage
haemorrhage
haev
hail
hair
hairy
haitian
halarious
hale
hall
hallowe'en
hallowean
halloween
halp
halve
hangar
hanger
hapen
hapened
hapening
happen
happend
happended
happened
happening
happenned
harased
harases
harasment
harasments
harass
harassed
harassement
harasses
harassing
harassment
harassments
hare
harras
harrased
harrases
harrasing
harrasment
harrasments
harrassed
harrasses
harrassing
harrassment
harrassments
harry
hasn't
hasnt
hatian
haul
have
haviest
having
hay
hays
haze
headquarer
headquarter
headquartered
headquarters
headquater
headquatered
headquaters
heal
healthcare
healthercare
healthy
hear
heard
heared
heated
heathy
heave
heaviest
hed
heed
heeded
heel
heidelberg
heidelburg
heigher
height
heir
heirarchy
heiroglyphics
hell
helment
helmet
help
helped
helpful
helpfull
helpped
hemmorhage
hemorrhage
hera
herad
herd
here
heredity
heridity
heritage
hero
heroe
heroes
heros
hertiage
hertz
hertzs
hesistant
hesitant
heterogeneous
heterogenous
hew
hey
hi
hieght
hierachical
hierachies
hierachy
hierarchical
hierarchies
hierarchy
hierarcical
hierarcy
hieroglph
hieroglphs
hieroglyph
hieroglyphics
hieroglyphs
higer
higest
high
higher
highest
highway
higway
hijack
hijacking
hilarious
hillarious
him
himself
himselv
hinderance
hinderence
hindrance
hindrence
hipopotamus
hippopotamus
hire
hismelf
histocompatability
histocompatibility
historians
historicians
history
hit singles
hitsingles
ho
hoar
hoard
hoarse
hoe
hoes
hoisted
hold
hole
holed
holey, holy
holf
holiday
holliday
holy
home state
homestate
homogeneize
homogeneized
homogenize
homogenized
honorary
honory
honour
horde
horrifing
horrifying
horse
hose
hosited
hospitable
hospitible
hostel
hostile
hounour
hour
hours
house
housr
however
howver
hsitorians
hstory
htere
htey
htikn
hting
htink
htis
hue
human
humanoid
humer
humerous
humerus
huminoid
humor
humoral
humorous
humour
humoural
humurous
hundred
hundredth
husban
husband
hvae
hvaing
hvea
hwihc
hwile
hwole
hydogen
hydrogen
hydrophile
hydrophilic
hydrophobe
hydrophobic
hydropile
hydropilic
hydropobe
hydropobic
hygeine
hygiene
hyjack
hyjacking
hymn
hypocracy
hypocrasy
hypocricy
hypocrisy
hypocrit
hypocrite
hypocrites
hypocrits
i
ib
iconclastic
iconoclastic
id
idaeidae
idaes
idea
idealogies
idealogy
ideas
identical
identicial
identifers
identifiers
ideologies
ideology
ideosyncratic
ides
idesa
idiosyncracy
idiosyncrasy
idiosyncratic
idle
idol
ih
ihaca
ik
ill
illegal
illegimacy
illegitimacy
illegitimate
illegitmate
illess
illiegal
illness
illogical
illusion
illution
ilness
ilogical
imagenary
imagery
imagin
imaginary
imagine
imaginery
imanent
imbalance
imbalanced
imcomplete
imediately
imense
imigrant
imigrated
imigration
imitate
imitated
imitating
imitator
immanent
immediately
immediatley
immediatly
immense
immidately
immidiately
immigrant
immigrants
immigrated
immigration
imminent
immitate
immitated
immitating
immitator
immunosuppressant
immunosupressant
impeach
impecabbly
impeccably
impedance
impedence
impending
impenetrable
imperial
implamenting
implement
implemented
implementing
impliment
implimented
imploys
impolite
importamt
important
impresario
impressario
imprioned
imprisoned
imprisonment
imprisonned
improvements
improving
improvisation
improvision
improvments
in
in spite
inability
inablility
inaccessable
inaccessible
inadequate
inadiquate
inadquate
inadvertant
inadvertantly
inadvertent
inadvertently
inagurated
inaguration
inappropiate
inappropriate
inaugurated
inaugurates
inauguration
inaugures
inbalance
inbalanced
inbetween
incarcerated
incarcirated
incidence
incidentally
incidentially
incidently
incidents
incite
inclreased
includ
include
including
includng
incompatabilities
incompatability
incompatable
incompatablities
incompatablity
incompatibilities
incompatibility
incompatible
incompatiblities
incompatiblity
incompetance
incompetant
incompetence
incompetent
incomplete
incomptable
incomptetent
inconsistant
inconsistent
incoroporated
incorperation
incorporated
incorporates
incorporation
incorportaed
incorprates
incorruptable
incorruptible
incramentally
increadible
increased
incredable
incredible
incrementally
inctroduce
inctroduced
incuding
incunabla
incunabula
indefinately
indefineable
indefinitely
indefinitly
indented
indentical
indepedantly
indepedence
independance
independant
independantly
independece
independence
independendet
independent
independently
indespensable
indespensible
indict
indictement
indictment
indigenous
indigineous
indipendence
indipendent
indipendently
indispensable
indispensible
indisputable
indisputably
indisputible
indisputibly
indite
individually
individuals
individualy
indpendent
indpendently
induce
indulge
indulgue
industrial
industry
indutrial
indviduals
inefficiently
inefficienty
inequalities
inevatible
inevitable
inevitably
inevitible
inevititably
infalability
infallable
infallibility
infallible
infantryman
infectious
infectuous
infered
inferred
infilitrate
infilitrated
infilitration
infiltrate
infiltrated
infiltration
infinit
infinite
inflamation
inflammation
influenced
influencial
influented
influential
infomation
information
informtion
infrantryman
infrigement
infringement
infront
ingenious
ingenius
ingredients
ingreediants
inhabitans
inhabitants
inherantly
inherently
inheritage
inheritance
inheritence
inital
initally
initation
initiaitive
initial
initially
initiation
initiative
inlcuding
inmigrant
inmigrants
inn
innocence
innoculated
innumerable
inocence
inoculated
inofficial
inot
inpeach
inpending
inpenetrable
inpolite
inprisonment
inproving
insectiverous
insectivorous
insensative
insensitive
inseparable
inseperable
insight
insistance
insistence
insitution
insitutions
inspire
inspite
instade
instance
instants
instatance
instead
institue
institute
institution
institutionalized
institutions
instruction
instrument
instrumental
instruments
instuction
instuments
instutionalized
instutions
insurance
insure
insurence
integrated
integration
intelectual
inteligence
inteligent
intellectual
intelligence
intelligent
intenational
intended
intense
intension
intented
intention
intentional
intents
intepretation
intepretator
interational
interbread
interbred
interbreed
interchangable
interchangably
interchangeable
interchangeably
intercontinental
intercontinential
intercontinetal
intered
interelated
interest
interested
interesting
interferance
interfereing
interference
interfering
intergrated
intergration
interim
interm
internation
international
interned
interpet
interpret
interpretation
interpretor
interred
interregnum
interrelated
interrim
interrugum
interrupt
intertaining
interupt
intervene
intervenes
intervines
intevene
intial
intially
into
intrduced
intrest
introduce
introduced
introdued
intruduced
intrument
intrumental
intruments
intrusted
intuitions
intuitive
intuitively
intutive
intutively
inudstry
inumerable
inventer
inventor
invertebrates
invertibrates
investigate
investingate
involvement
involvment
irelevent
iresistable
iresistably
iresistible
iresistibly
iritable
iritated
ironically
ironicly
irregardless
irrelevant
irrelevent
irreplacable
irreplaceable
irresistable
irresistably
irresistible
irresistibly
irritable
irritated
isle
isn't
isnt
israelies
israelis
issueing
issuing
ithaca
itnroduced
iunior
iwll
iwth
j
jacques
jam
jamb
january
janurary
januray
japanes
japanese
jaques
jean
jeapardy
jell
jeopardy
jewellery
jewllery
johanine
johannine
jorunal
joseph
jospeh
jouney
journal
journey
journeyed
journeys
journied
journies
jstu
jsut
juadaism
juadism
judaism
judical
judicial
judiciary
judisuary
juducial
junior
jurisdiction
jurisdictions
juristiction
juristictions
just
k
keratin
kindergarden
kindergarten
kleenex
klenex
knave
knead, kneed
knew
knife
knifes
knight
knit
knive
knives
knot
know
knowledge
knowledgeable
knowlege
knowlegeable
knows
knwo
knwos
konw
konws
kwno
l
labatory
labeled
labelled
labled
laboratory
labratory
lack
lacks
lade
laguage
laguages
laid
lain
lair
lam
lamb
lane
language
languages
laps
lapse
larg
large
largest
largst
larrry
larry
larvae
last
lastr
latitude
lattitude
launch
launched
launches
launchs
launhed
lavae
lavatory
lax
lay
layed
layer
lays
laze
laziness
lazy
lazyness
lb
lc
leach
lead
leage
league
leak
lean
leant
learn
learns
leased
least
leathal
leave
led
leech
leek
left
lefted
legitamate
legitimate
legitmate
lei
leibnitz
leibniz
leisure
lend
lends
lenght
length
lens
lent
leran
lerans
lessen
lesser
lesson
lessor
lethal
leutenant
levee
level
levetate
levetated
levetates
levetating
levitate
levitated
levitates
levitating
levle
levy
lh
liable
liaison
liaisons
liar
liasion
liason
liasons
libary
libel
libell
libertarianism
libguistic
libguistics
libitarianisn
lible
library
libya
licence
license
lichen
lickerish
licorice
lie
lieing
liek
liekd
lien
liesure
lieuenant
lieutenant
lieved
lifetime
liftime
light year
light years
lightyear
lightyears
like
liked
likelihood
likelyhood
liken
likud
limits
linguistic
linguistics
links
linnaean
linnaena
lipizzaner
lippizaner
liquefy
liquify
liscense
lisence
lisense
listeners
listners
litature
literally
literaly
literature
literture
littel
litterally
little
liuke
lived
lively
livley
lk
lmits
lo
load
loan
loch
lock
locks
lode
loev
lone
loneliness
lonely
lonelyness
longitudinal
longitudonal
lonley
lonly
loop
loos
loose
loosing
lose
losing
lotharingen
lothringen
loupe
love
low
lox
lsat
lukid
lveo
lvoe
lybia
lye
lying
lynx
lyre
m
mackeral
mackerel
made
magasine
magazine
magician
magincian
magisine
magizine
magnificent
magnificient
magnolia
magolia
maid
mail
mailny
main
mainly
maintainance
maintained
maintainence
maintaining
maintance
maintenance
maintenence
maintinaing
maintioned
maize
majority
majoroty
make
maked
makes
making
makse
malcolm
malcom
male
mall
maltese
maltesian
mamal
mamalian
mammal
mammalian
managable
manageable
manageably
management
managment
mane
maneouvre
maneouvred
maneouvres
maneouvring
maneuver
maneuverability
maneuverable
maneuvers
manifestations
manisfestations
manner
manoeuverability
manoeuvrable
manoeuvre
manoeuvred
manoeuvres
manoeuvring
manor
manouver
manouverable
manouvers
mantained
manuever
manuevers
manufacture
manufactured
manufacturedd
manufacturing
manufature
manufatured
manufaturing
manuver
mariage
marjority
marked
markes
marketing
marketting
marks
marmalade
marmelade
marrage
marraige
marriage
married
marrtyred
marry
marryied
marshal
martial
martyred
mary
mass media
massachusetts
massachussets
massachussetts
massed
massmedia
mast
masterbation
masturbation
mat
mataphysical
materalists
materialist
mathamatics
mathematically
mathematican
mathematicas
mathematician
mathematicians
mathematics
matheticians
mathmatically
mathmatician
mathmaticians
matte
maul
mays
maze
mccarthyist
mccarthyst
mchanics
mean
meaning
meaninng
meat
mechandise
mechanics
medacine
medal
meddle
medeival
medevial
medicine
mediciney
mediciny
medieval
medievel
mediterainnean
mediteranean
mediterranean
meerkat
meerkrat
meet
melieux
member
membranaphone
membranophone
memeber
memento
memorable
menally
mend
mentally
mentioned
meranda
mercantile
mercentile
merchandise
merry
messaging
messanger
messenger
messenging
metal
metalic
metallic
metallurgic
metallurgical
metallurgy
metalurgic
metalurgical
metalurgy
metamorphosis
metamorphysis
metaphor
metaphorical
metaphoricial
metaphors
metaphysical
mete
meteorologist
meteorology
meterologist
meterology
methaphor
methaphors
mettle
michagan
michigan
micoscopy
microscopy
midwifes
midwives
mien
might
mileau
milennia
milennium
mileu
miliary
milieu
milieux
miligram
milion
miliraty
militant
military
millenia
millenial
millenialism
millenium
millennia
millennial
millennialism
millennium
millepede
milligram
million
millionaire
millioniare
millionth
millipede
millitant
millitary
millon
miltary
minature
mince
mind
mined
miner
mineral
minerial
miniature
minimum
ministery
ministries
ministry
minor
minsitry
minstries
minstry
mints
minumum
miranda
mirrored
mirrorred
miscelaneous
miscellaneous
miscellanious
miscellanous
mischeivous
mischevious
mischievious
mischievous
misdameanor
misdameanors
misdemeanor
misdemeanors
misdemenor
misdemenors
misfortunes
misfourtunes
misile
misogynist
misogyny
misouri
mispell
mispelled
mispelling
miss
missed
missen
missile
missionary
missisipi
missisippi
mississippi
missle
missonary
missouri
misspell
misspelled
misspelling
mist
misterious
mistery
misteryous
mite
mithraic
mizzen
mkae
mkaes
mkaing
mkea
moat
model
modem
moderm
modern
modle
moent
moeny
mohammedans
moisture
moleclues
molecules
moment
momento
monasteries
monastery
monestaries
monestary
monetary
money
monickers
monikers
monolite
monolithic
monotypic
monserrat
montains
montana
montanous
month
months
montnana
monts
montserrat
montypic
mood
mooed
moor
more
more so
moreso
morgage
morisette
morissette
morning
moroccan
morocco
morrisette
morroccan
morrocco
morroco
mortage
mortgage
mosture
mote
motivated
motiviated
mountainous
mountains
mounth
mourning
movei
movement
movie
movment
mroe
mucous
mucuous
muder
mudering
muhammadan
multicultralism
multiculturalism
multipled
multiplers
multiplied
multipliers
munbers
muncipalities
muncipality
municipalities
municipality
munnicipality
murder
murdering
muscels
muscial
muscician
muscicians
muscle
muscles
musical
musician
musicians
muslim
muslims
mussed
mussel
mussels
must
mutilated
mutiliated
myraid
myriad
mysef
myself
mysogynist
mysogyny
mysterious
mysterous
mystery
mythraic
n
naieve
naive
name
naploeon
napolean
napoleon
napoleonian
napoleonic
narrow
nasalisation
nasalization
natural
naturally
naturaly
naturely
naturual
naturually
naught
naval
nave
navel
nay
nazareth
nazereth
neccesarily
neccesary
neccessarily
neccessary
neccessities
necesarily
necesary
necessarily
necessary
necessiate
necessitate
necessities
need
negative
neglible
negligable
negligible
negociate
negociation
negociations
negotation
negotiate
negotiation
negotiations
neice
neigborhood
neigbour
neigbourhood
neigbouring
neigbours
neigh
neighbor
neighborhood
neighboring
neighbors
neighbour
neighbourhood
neighbouring
neighbours
neolithic
neolitic
nessasarily
nessecary
nestin
nesting
never
nevertheless
neverthless
new
newfoundland
newletters
newsletters
next
nice
nickel
nickle
nicks
niece
night
nightime
nighttime
nine
nineteen
nineteenth
nineth
ninetieth
ninety
ninteenth
ninth
ninties
ninty
nit
nix
nkow
nkwo
nmae
nn
no
no one
noncombatants
noncombatents
none
nonetheless
nonoperational
nonsence
nonsense
nontheless
noone
norhern
north
northeastern
northen
northereastern
northern
nose
not
not yet
notable
notabley
notably
note
noteable
noteably
noteriety
noth
nothern
noticable
noticably
noticeable
noticeably
noticeing
noticible
noticing
notoriety
notwhithstanding
notwithstanding
nouveau
noveau
november
novermber
now
nowadays
nowdays
nowe
nto
nuclear
nucular
nuculear
nuisance
nuisanse
nullabour
nullarbor
numberous
numbers
numerous
nun
nuremberg
nuremburg
nurturing
nusance
nutrient
nutrients
nutritent
nutritents
nuturing
o
oar
obediance
obediant
obedience
obedient
obession
obsessed
obsession
obssessed
obstacal
obstacle
obstacles
obstancles
obstruced
obstructed
ocasion
ocasional
ocasionally
ocasionaly
ocasioned
ocasions
ocassion
ocassional
ocassionally
ocassionaly
ocassioned
ocassions
occaison
occasion
occasional
occasionally
occasioned
occasions
occassion
occassional
occassionally
occassionaly
occassioned
occassions
occationally
occour
occur
occurance
occurances
occured
occurence
occurences
occuring
occurr
occurrance
occurrances
occurred
occurrence
occurrences
occurring
octahedra
octahedral
octahedron
octohedra
octohedral
octohedron
ocuntries
ocuntry
ocurr
ocurrance
ocurred
ocurrence
odd
ode
oeuvre
offcers
offcially
offered
offereings
offerings
offical
offically
officals
officaly
officers
official
officially
officials
officialy
offred
often
oftenly
oging
ogling
oh
olther
omelette
omision
omission
omited
omiting
omitted
omitting
omlette
ommision
ommited
ommiting
ommitted
ommitting
omniverous
omniverously
omnivorous
omnivorously
omre
once
one
only
onot
onyl
oohs
ooze
open
openess
openly
openness
ophthalmic
ophthalmologist
ophthalmology
opinion
oponent
oportunity
opose
oposite
oposition
oppenly
oppinion
opponant
opponent
oppononent
opportunity
oppose
opposed
opposite
opposition
oppositition
oppossed
oppression
oppressive
opprotunity
opression
opressive
opthalmic
opthalmologist
opthalmology
opthamologist
optimism
optimizations
optmizations
optomism
or
oral
orally
orded
ordered
ordinarily
ore
organ
organim
organisation
organise
organism
organistion
organization
organiztion
orgin
orginal
orginally
orginize
oridinarily
origanaly
origin
original
originall
originally
originaly
originially
originnally
origional
orignally
orignially
otehr
other
oublisher
ouevre
our
oustanding
outskirts
outstanding
over there
overseas
oversees
overshaddowed
overshadowed
overthere
overwelming
overwheliming
overwhelming
owe
owed
owrk
owudl
oxigen
oximoron
oxygen
oxymoron
p
paced
packed
pact
pageant
paid
paide
pail
pain
pair, pare
paitience
palace
palate
palce
pale
paleolithic
paleolitic
palestinian
palestinians
palette
paliamentarian
palistian
palistinian
palistinians
pallet
pallete
pamflet
pamphlet
pamplet
pane
pantomime
pantomine
papanicalou
papanicolaou
parade
parakeets
paralel
paralell
paralelly
paralely
parallel
parallelly
parallels
parallely
paranthesis
paraphenalia
paraphernalia
parasitic
parellels
parenthesis
parents
parish
parisitic
parituclar
parliament
parliamentarian
parliment
parrakeets
parralel
parrallel
parrallell
parrallelly
parrallely
partially
partialy
particually
particualr
particuarly
particular
particularily
particularly
particulary
party
pary
pased
pasengers
passed
passengers
passerbys
passersby
past
paste
pastime
pastoral
pasttime
pastural
patented
paticular
patience
patients
pattented
pause
pavilion
pavillion
paws
payed
pblisher
pbulisher
peace
peaceful and
peacefuland
peageant
peak
peal
peaple
peaples
pear
pearl
peculiar
peculure
pedal, peddle
pedestrain
pedestrian
peek
peel
peer
peformed
peice
pejorative
peloponnes
peloponnesus
penalty
penance
penatly
pencil
penerator
penetrator
peninsula
peninsular
penis
penisula
penisular
pennants
penninsula
penninsular
pennisula
pennsylvania
pennyslvania
pensinula
pensle
peom
peoms
peopel
peopels
people
peoples
peotry
per
perade
perceive
perceived
percentage
percepted
percieve
percieved
perenially
perennially
peretrator
perfomance
perfomers
performance
performed
performence
performers
performes
performs
perhaps
perhasp
perheaps
perhpas
period
peripatetic
peripathetic
perish
peristent
perjery
perjorative
perjury
permanant
permanent
permanently
permenant
permenantly
permissable
permissible
permission
perogative
peronal
perosnality
perpendicular
perpertrated
perpetrated
perpetrator
perphas
perpindicular
persan
perseverance
perseverence
persistance
persistant
persistence
persistent
person
personal
personality
personel
personell
personnel
personnell
perspective
persuade
persuaded
persuades
persuading
persuded
persue
persued
persuing
persuit
persuits
pertubation
pertubations
perturbation
perturbations
perverse
pessary
pessiary
petal
petetion
petition
pharaoh
pharoah
phase
phenomena
phenomenal
phenomenally
phenomenom
phenomenon
phenomenonal
phenomenonly
phenomonenon
phenomonon
phenonmena
pheromone
phial
phials
philipines
philippine
philippines
philisopher
philisophical
philisophy
phillipine
phillipines
phillippines
phillosophically
philosopher
philosophical
philosophically
philosophies
philosophy
philospher
philosphies
philosphy
phoenecian
phonecian
phonetic
phongraph
phonograph
phylosophical
physically
physicaly
pi
piblisher
pich
pie
piece
pier
pilgrimage
pilgrimages
pilgrimmage
pilgrimmages
pinapple
pineapple
pinnaple
pinoneered
pioneered
pique
pitch
place
plagarism
plagiarism
plain
plainer
plaintiff
plait
planar
planation
plane
planed
planer
planned
plantation
plantiff
plate
plateau
plateu
plausable
plausible
playright
playwright
playwrights
playwrite
playwrites
pleas
pleasant
please
pleasent
plebicite
plebiscite
plesant
poem
poems
poenis
poeoples
poetry
poety
pogrom
pogroms
poisin
poison
pole
polical
polinator
polinators
political
politican
politicans
politician
politicians
poll
pollinator
pollinators
pollute
polluted
pollutes
polluting
pollution
poltical
polute
poluted
polutes
poluting
polution
polyphonic
polyphonyic
polysaccaride
polysaccharid
polysaccharide
pomegranate
pomegranite
pomotion
poor
poportional
popoulation
populace
popular
popularaty
populare
popularity
population
populations
populer
populous
pore
porshan
porshon
portait
portayed
portion
portraing
portrait
portrayed
portraying
portugese
portuguease
portugues
portuguese
posess
posessed
posesses
posessing
posession
posessions
posion
position
positive
positon
positron
possable
possably
posseses
possesing
possesion
possess
possessed
possesses
possessess
possessing
possession
possessions
possibile
possibilities
possibility
possibilty
possible
possiblility
possiblilty
possiblities
possiblity
possibly
possition
postdam
posthomous
posthumous
postion
postive
potatoes
potatos
potrait
potrayed
potsdam
poulations
pour
poverful
poweful
power
powerful
powerfull
ppublisher
practial
practially
practical
practically
practicaly
practice
practicioner
practicioners
practicly
practioner
practioners
practitioner
practitioners
prairie
prairies
prairy
praise
prarie
praries
pratice
pray
prays
preamble
preample
precede
preceded
precedence
precedents
precedes
precedessor
preceding
preceed
preceeded
preceeding
preceeds
precentage
precice
precise
precisely
precisly
precurser
precursor
predecesors
predecessor
predecessors
predicatble
predicitons
predictable
predictions
predomiantly
predominately
preeminence
preferably
prefered
prefering
preferrably
preferred
preferring
pregancies
pregnancies
preiod
preliferation
premeire
premeired
premier
premiere
premiered
premillenial
premillennial
preminence
premission
premonasterians
premonstratensians
preoccupation
preocupation
prepair
preparation
preparations
preparatory
prepare
prepartion
prepatory
preperation
preperations
preriod
prerogative
presedential
presence
presense
presents
presidenital
presidental
presidential
presitgious
prespective
prestigeous
prestigious
prestigous
presumabely
presumably
presumibly
pretection
prevalent
prevelant
preverse
previous
previvous
prey
preys
pricipal
priciple
pride
pried
prier
pries
priesthood
priestood
primarily
primarly
primative
primatively
primatives
primitive
primitively
primitives
primordal
primordial
prince
principal
principality
principally
principaly
principial
principlaity
principle
principly
prinicipal
prints
prior
privalege
privaleges
private
priveledges
privelege
priveleged
priveleges
privelige
priveliged
priveliges
privelleges
privilage
priviledge
priviledges
privilege
privileged
privileges
privledge
privte
prize
probabilaty
probabilistic
probability
probablistic
probablly
probably
probalibity
probaly
probelm
problem
proccess
proccessing
procede
proceded
procedes
procedger
proceding
procedings
procedure
proceed
proceeded
proceeding
proceedings
proceeds
proceedure
proces
process
processer
processing
processor
proclaimation
proclaimed
proclaiming
proclamation
proclamed
proclaming
proclomation
prodigy
profesion
profesor
professed
professer
profession
professional
professor
proffesed
proffesion
proffesional
proffesor
profilic
profit
profusion
progessed
progidy
program
programable
programmable
programs
progressed
progrom
progroms
prohabition
prohibition
prolegomena
proliferation
prolific
prologomena
prominance
prominant
prominantly
prominately
prominence
prominent
prominently
promiscous
promiscuous
promoted
promotion
promotted
prompted
pronomial
pronominal
pronouced
pronounced
pronouncements
pronounched
pronounciation
pronunciation
proove
prooved
propaganda
propagate
propagates
propagation
proper
properly
prophacy
prophecy
prophet
propietary
propmted
propoganda
propogate
propogates
propogation
proportional
proportions
proposition
propostion
propotions
propper
propperly
proprietary
proprietory
proseletyzing
proselytizing
protaganist
protaganists
protagonist
protagonists
protection
protocal
protocol
protoganist
protrayed
protruberance
protruberances
protuberance
protuberances
prouncements
provacative
provded
prove
proved
provicial
provided
provincial
provinicial
provision
provisional
provisiosn
provisonal
provocative
proximity
proximty
pseudo
pseudononymous
pseudonym
pseudonymous
pseudonyn
psuedo
psychic
psychology
psycology
psyhic
pubilsher
pubisher
publiaher
publically
publicaly
publicher
publicly
publihser
publisehr
publiser
publisger
published
publisheed
publisher
publisherr
publishher
publishor
publishre
publissher
publlisher
publsiher
publusher
puccini
puchasing
pucini
puerto rican
puerto ricans
puertorrican
puertorricans
pulisher
pumkin
pumpkin
puplisher
purchasing
puritanical
puritannical
purl
purportedly
purposedly
purposely
purpotedly
purr
pursuade
pursuaded
pursuades
pursue
pursued
pursuing
pursuit
pursuits
pususading
puting
putting
pwoer
pyscic
q
qtuie
quantaty
quantitiy
quantity
quarantaine
quarantine
queenland
queensland
question
questionable
questonable
queue
quickly
quicklyu
quiet
quinessential
quintessential
quire
quit
quite
quitted
quizes
quizzes
qutie
r
rabbinical
rabinnical
racaus
rack
radiactive
radify
radioactive
raelly
raid
rail
rain
raise
raised
rale
rap
rapid
rapt
rarefied
rarified
ratify
raucous
rayed
rays
raze
re-cover
re-lay
reaccurring
reached
reaching
reacing
reacll
read
readmission
readmition
real
realised
realistic
realitvely
realized
really
realsitic
realtions
realy
realyl
reasearch
rebellions
rebiulding
rebllions
rebounce
rebound
rebuilding
recall
reccomend
reccomendations
reccomended
reccomending
reccommend
reccommended
reccommending
reccuring
recede
receded
receding
receeded
receeding
receipt
receive
received
received from
receivedfrom
receiver
receivers
receivership
receives
receiving
recepient
recepients
receving
rechargable
rechargeable
reched
recide
recided
recident
recidents
reciding
reciepents
reciept
recieve
recieved
reciever
recievers
recieves
recieving
recipiant
recipiants
recipient
recipients
recived
recivership
recogise
recogize
recognise
recognize
recognized
recomend
recomended
recomending
recomends
recommedations
recommend
recommendations
recommended
recommending
recommends
recompence
recompense
reconaissance
reconcilation
reconciliation
reconized
reconnaisance
reconnaissance
reconnaissence
reconstructed
recontructed
record
record producer
recordproducer
recover
recquired
recrational
recreational
recrod
recruiting
recuiting
recuperate
recuring
recurrance
recurrence
recurring
red
redeeming
rediculous
reed
reedeming
reek
reel,
reelected
reenforced
reevaluated
refect
refedendum
referal
referece
refereces
refered
referemce
referemces
reference
referenced
references
referencs
referendum
referenece
refereneced
refereneces
referiang
refering
refernce
refernces
referral
referred
referrence
referrences
referring
referrs
refers
reffered
refference
reffering
reflect
reformist
refrence
refrences
refrers
refridgeration
refridgerator
refrigeration
refrigerator
refromist
refusal
refuse
refusla
regardes
regardless
regards
regluar
reguarly
regulaion
regulaotrs
regular
regularily
regularly
regulation
regulators
rehearsal
rehersal
reicarnation
reigining
reign
reigning
rein
reincarnation
reinforced
reknown
reknowned
rela
relaly
relations
relationship
relatiopnship
relatively
relativly
relay
releases
relected
releive
releived
releiver
releses
relevance
relevant
relevence
relevent
reliability
reliablity
reliant
relient
relieve
relieved
reliever
religeous
religious
religiously
religous
religously
relinquishment
relinqushment
relitavely
relized
relpacement
remaing
remaining
remeber
remember
rememberable
rememberance
remembrance
remembrence
remenant
remenicent
reminent
reminescent
reminiscent
reminscent
reminsicent
remnant
rende
rendevous
rendezous
rendezvous
renedered
renewal
renewl
rennovate
rennovated
rennovating
rennovation
renovate
renovated
renovating
renovation
renown
renowned
renters
rentors
reoccurrence
reorganisation
reorganision
repartition
repatition
repblic
repblican
repblicans
repblics
repeatedly
repectively
repeition
repentance
repentant
repentence
repentent
repertoire
repeteadly
repetion
repetition
repid
replacement
reponse
reponsible
reportadly
reportedly
represantative
representative
representatives
representive
representives
reproducable
reproducible
reprtoire
repsectively
reptition
repubic
repubican
repubicans
repubics
republi
republian
republians
republic
republican
republicans
republics
republis
repulic
repulican
repulicans
repulics
required
requirement
requirment
requred
resaurant
research
reseed
resembelance
resembes
resemblance
resemble
resembled
resemblence
resembles
resembling
reservoir
resevoir
reside
resided
residence
resident
residental
residential
residents
residing
resignement
resignment
resistable
resistance
resistant
resistence
resistent
resistible
respectively
respectivly
responce
responibilities
responisble
responnsibilty
responsability
response
responsibile
responsibilites
responsibilities
responsibility
responsible
responsiblities
responsiblity
ressemblance
ressemble
ressembled
ressemblence
ressembling
resssurecting
ressurect
ressurected
ressurection
ressurrection
rest
restarant
restarants
restaraunt
restaraunteur
restaraunteurs
restaraunts
restaurant
restauranteurs
restaurants
restaurateur
restaurateurs
restauration
restauraunt
resteraunt
resteraunts
resticted
restoration
restraint
restraunt
restricted
resturant
resturants
resturaunt
resturaunts
resurecting
resurrect
resurrected
resurrecting
resurrection
retaliated
retaliation
retalitated
retalitation
retch
retreive
retrieve
returnd
returned
revaluated
reveiw
reveral
reversable
reversal
reversible
review
revolutionar
revolutionary
rewitten
rewriet
rewrite
rewritten
rference
rferences
rhyme
rhymme
rhythem
rhythim
rhythm
rhythmic
rhythms
rhytmic
ridiculous
riel
right
rigorous
rigourous
rime
ring
ringer
ringing
rininging
rise
rised
rite, wright
rn
road
rockefeller
rockerfeller
rococco
rococo
rocord
rode
roe
roil
role
roll
roomate
roomer
roommate
root
rose
rote
roughly
rougly
rout
route
row
rowed
rows
royal
rr
rucuperate
rude
rudimentary
rudimentatry
rued
rues
rule
rulle
rumor
rumour
rung
runing
running
runnung
ruse
russian
russina
russion
rwite
rye
ryes
rythem
rythim
rythm
rythmic
rythyms
s
sacrafice
sacramento
sacreligious
sacremento
sacrifical
sacrifice
sacrificial
sacrilegious
safety
saftey
safty
sail
salary
sale
salery
same
sanctioned
sanctioning
sanctionning
sandwhich
sandwich
sanhedrim
sanhedrin
santioned
sargant
sargeant
sassy
sasy
satelite
satelites
satellite
satellites
saterday
saterdays
satiric
satirical
satirically
satisfactorily
satisfactority
satisfy
satric
satrical
satrically
sattelite
sattelites
saturday
saturdays
satyr
saught
saveing
saving
saxaphone
saxophone
says
scalable
scaleable
scandanavia
scandinavia
scarcity
scaricity
scavanged
scavenged
scenarios
scene
scent
scents
schedual
schedule
scholarhip
scholarly
scholarship
scholarstic
scholastic
science
scientfic
scientifc
scientific
scientis
scientist
scince
scinece
scirpt
sclera
scoll
screenwrighter
screenwriter
script
scroll
scrutinity
scrutiny
sculptures
scuptures
sea
seach
seached
seaches
seam
sear
search
searched
searches
seas
seated
secceeded
secede
seceded
seceed
seceeded
second
secratary
secretary
secretery
sects
sedereal
see
seed
seeded
seeing
seeked
seem
seen
seer
sees
segementation
segmentation
segues
seguoys
seige
seing
seinor
seize
seized
seizing
seizure
seizures
seldom
seldomly
sell
seller
senarios
sence
senior
sense
sensitive
sensor
senstive
sensure
sent
separate
separated
separately
separates
separating
separation
separatism
separatist
seperate
seperated
seperately
seperates
seperating
seperation
seperatism
seperatist
sepina
sepulcher
sepulchre
sepulchure
sepulcre
sergeant
sergent
serial
service
session
settelement
settlement
settlment
seven
seventeen
seventeenth
seventh
seventieth
seventy
several
severeal
severely
severley
severly
sevice
sew
sex
shadaloo
shadasloo
shaddow
shadoloo
shadow
shake
shaman
shamans
shamen
sharp
shear
sheer
sheik
sheild
sherif
sheriff
shield
shineing
shining
shiped
shiping
shipped
shipping
shoe
shone
shoo
shoot
shopkeeepers
shopkeepers
shorly
short while
shortly
shortwhile
shoudl
shoudln
should
should not
shouldn't
shouldnt
show
shown
shreak
shriek
shrinked
shrunk
sic
sick
sicne
sics
side
sideral
sidereal
siege
sieze
siezed
siezing
siezure
siezures
sighed
sighs
sight
siginificant
sign
signatories
signatory
signficant
signficiant
signfies
signifantly
significant
significantly
significently
signifies
signifigant
signifigantly
signitories
signitory
similar
similarily
similarity
similarly
similiar
similiarity
similiarly
simmilar
simpler
simpley
simplier
simply
simultaneous
simultaneously
simultanous
simultanously
since
sincerely
sincerley
sine
sines
singsog
singsong
sinse
sionist
sionists
sister
sistine
site
six
sixteen
sixteenth
sixth
sixtieth
sixtin
sixty
size
sized
sizing
skagerak
skagerrak
skateing
skating
slash
slaughterhouses
slaugterhouses
slay
sleigh
sleight
slew
slighly
slight
slightly
slippery
slippy
slough
slowly
slowy
smae
small
smealting
smelting
smoe
sneaks
sneeks
sneeze
snese
so
soar
soared
socalism
socialism
societies
socities
soem
software
sofware
sohw
soilders
solatary
sold
soldiers
sole
soled
solely
soley
soliders
soliliquy
soliloquy
solitary
soluable
soluble
some
somene
someone
sometimes
somewhere
somtimes
somwhere
son
sophicated
sophisticated
sophmore
sophomore
sorcerer
sorceror
sore
sorrounding
sotry
sotyr
soudn
soudns
sought
soul
sould
sound
sounds
soundtrack
sountrack
soup
sourth
sourthern
south
southern
souvenier
souveniers
souvenir
souvenirs
soveits
sovereign
sovereignity
sovereignty
soverign
soverignity
soverignty
soviets
sow
space
spainish
spanish
speach
specfic
specialised
specialized
speciallized
species
specif
specific
specifiying
specify
specifying
speciman
specimen
spectacular
spectaculars
spectauclar
spectaulars
spectrum
spects
spectum
speech
speeches
speices
spendour
spermatozoan
spermatozoon
spiritual
splendour
spoace
sponser
sponsered
sponsor
sponsored
spontaneous
spontanous
sponzored
spoonfulls
spoonfuls
sppeches
spread
spreaded
sprech
spred
spring
spriritual
spritual
sqaure
square
stability
stablility
stainlees
stainless
staion
stair
stake
standards
standars
stange
stare
start
startegic
startegies
startegy
stateman
statememts
statement
statements
statesman
station
stationary
stationery
statment
steak
steal
steel
step
steppe
stereotypes
steriods
steroids
sterotypes
stilus
stingent
stiring
stirring
stirrs
stirs
stlye
stomach
stomache
stong
stop
stopry
storeis
storey
stories
storise
stornegst
story
stoyr
stpo
stradegies
stradegy
straight
strait
strand
strange
strat
strata
stratagically
strategic
strategically
strategies
strategy
streamlining
streemlining
stregth
strenghen
strenghened
strenghening
strenght
strenghten
strenghtened
strenghtening
strengtened
strength
strengthen
strengthened
strengthening
strenous
strenuous
strictest
strictist
strikely
strikingly
stringent
strnad
strong
strongest
stroy
structual
structural
structure
structured
struggling
stubborness
stubbornness
stucture
stuctured
studdy
student
students
studing
study
studying
stuggling
stupid
sturcture
style
stylus
subcatagories
subcatagory
subcategories
subcategory
subconsciously
subconsiously
subjudgation
subjugation
submachine
submachne
subpecies
subpoena
subsequent
subsequently
subsidary
subsidiary
subsiduary
subspecies
subsquent
subsquently
substace
substance
substances
substancial
substantial
substatial
substituded
substituted
substract
substracted
substracting
substraction
substracts
subtances
subterranean
subterranian
subtract
subtracted
subtracting
subtraction
subtracts
suburb
suburban
suburburban
succceeded
succcesses
succedded
succeded
succeds
succeed
succeeded
succeeding
succeeds
succesful
succesfully
succesfuly
succesion
succesive
success
successes
successful
successfull
successfully
succession
successive
successor
successully
succsess
succsessfull
suceed
suceeded
suceeding
suceeds
sucesful
sucesfully
sucesfuly
sucesion
sucess
sucesses
sucessful
sucessfull
sucessfully
sucessfuly
sucession
sucessive
sucessor
sucessot
sucide
sucidial
sudent
sudents
sufferage
suffered
suffering
sufferred
sufferring
sufficent
sufficently
sufficient
sufficiently
suffrage
suicidal
suicide
suite
sum
sumary
summary
summery
sun
sunglases
sunglasses
sunny
suop
superceeded
superintendant
superintendent
superseded
suphisticated
suplimented
supose
suposed
suposedly
suposes
suposing
supplamented
supplanted
supplemented
supplementing
suppliementing
supply
suppoed
support
suppose
supposed
supposedly
supposes
supposing
supposingly
suppress
suppressed
suppresses
suppressing
suppy
suprassing
supress
supressed
supresses
supressing
suprise
suprised
suprising
suprisingly
suprize
suprized
suprizing
suprizingly
surely
surface
surfce
surley
surly
suround
surounded
surounding
suroundings
surounds
surpassing
surplanted
surpress
surpressed
surprise
surprised
surprising
surprisingly
surprize
surprized
surprizing
surprizingly
surrended
surrendered
surrendering
surrepetitious
surrepetitiously
surreptious
surreptiously
surreptitious
surreptitiously
surronded
surrouded
surrouding
surround
surrounded
surrounding
surroundings
surrounds
surrundering
surveil
surveilence
surveill
surveillance
surveyer
surveyor
survived
surviver
survivers
survivied
survivor
survivors
susceptible
suseptable
suseptible
suspension
suspention
swaer
swaers
swear
swears
sweet
swept
swepth
swiming
swimming
sword
syas
symetrical
symetrically
symetry
symettric
symmetral
symmetric
symmetrical
symmetrically
symmetricaly
symmetry
symphony
symptoms
synagogue
synagouge
synchronization
syncronization
synonomous
synonym
synonymns
synonymous
synonyms
synphony
syphilis
syphyllis
sypmtoms
syrap
syrup
sysmatically
system
systematically
sytem
sytle
t
tabacco
tacked
tacks
tact
tahn
taht
tail
take
takes
taking
tale
talekd
talked
talking
taper
tapir
targeted
targeting
targetted
targetting
tarry
tast
taste
tath
tatoo
tattoo
tattooes
tattoos
taught
taut
tax
taxanomic
taxanomy
taxonomic
taxonomy
tea
teached
team
tears
teas, tease
techician
techicians
techiniques
technician
technicians
techniques
technitian
technnology
technolgy
technology
tee
teem
tees
teh
tehy
telelevision
telephony
television
televsion
telphony
temerature
tempalte
tempaltes
temparate
temperament
temperarily
temperate
temperature
temperment
tempertaure
temperture
template
templates
temporarily
temporary
temprary
ten
tenacle
tenacles
tendacy
tendancies
tendancy
tendencies
tendency
tennis player
tennisplayer
tense
tentacle
tentacles
tenth
tents
tepmorarily
terrestial
terrestrial
terriories
terriory
territories
territorist
territory
territoy
terroist
terrorist
terry
testiclular
testicular
testimony
testomony
tghe
than
thast
that
that's
the
theater
theather
theese
theif
their
theives
themselfs
themselves
themslves
then
therafter
therby
there
thereafter
thereby
theri
these
they
they're
theyre
thgat
thge
thickening
thief
thier
thieves
thign
thigns
thigsn
thikn
thikning
thikns
thing
things
think
thinking
thinks
third
thirteen
thirteenth
thirtieth
thirty
this
thiunk
thn
thna
thne
thnig
thnigs
thorough
thoroughly
those
thoughout
thousand
thousandth
threatend
threatened
threatening
threatning
three
threee
threshhold
threshold
threw
thrid
throne
throrough
through
throughly
throughout
througout
throw
thrown
thru
thsi
thsoe
thta
thyat
thyme
tidal
tide
tied
tiem
tier
tiers
tighten
tihkn
tihs
tim
time
timne
tiome
tire
titan
title
tje
tjhe
tjpanishad
tkae
tkaes
tkaing
tlaking
to
to borrow
to the
toad
tobacco
tobbaco
today
today's
todays
todya
toe
toed
together
toghether
toke
told
tolerance
tolerence
tolkein
tolkien
tolled
tomatoes
tomatos
tome
tommorow
tommorrow
tomorrow
tongiht
tongue
tonight
too,
took
top
torch
toriodal
tormenters
tormentors
tornado
tornadoe
toroidal
torpeados
torpedoes
torpedos
tortise
tortoise
tothe
toubles
touch
tounge
tourch
tow
toward
towards
towed
town
towords
towrad
tracked
tract
trader
tradionally
tradition
traditional
traditionally
traditionaly
traditionnal
traditition
tradtionally
traffic
trafficed
trafficing
trafficked
trafficking
trafic
traitor
trancendent
trancending
tranform
tranformed
transcendance
transcendant
transcendence
transcendent
transcendental
transcendentational
transcending
transcribing
transcripting
transcription
transending
transesxuals
transfered
transfering
transferred
transferring
transform
transformation
transformaton
transformed
transistion
transition
translater
translaters
translator
translators
transmissable
transmissible
transporation
transportation
transsexuals
tray
tremelo
tremelos
tremolo
tremolos
trey
trigered
triggered
triguered
trilogy
triology
troling
trolling
troops
troubles
troup
troupe
troupes
troups
truely
truly
trunk
trust
trustworthiness
trustworthyness
tucson
turnk
turnkey
tuscon
tust
twelfth
twelth
twelve
twentieth
twenty
twentyfour
twentyone
twentythree
twentytwo
two
twon
twpo
tyhat
tyhe
typcial
typical
typically
typicaly
tyranies
tyrannies
tyranny
tyrany
tyrranies
tyrrany
u
ubiquitious
ubiquitous
ublisher
udder
ugliness
ugly
uise
ukrainian
ukranian
ultimately
ultimely
unaccompanied
unacompanied
unahppy
unanimous
unanymous
unathorised
unauthorised
unavailable
unavailible
unbalance
unballance
unbeknownst
unbeknowst
unbeleivable
unbelievable
uncertainity
uncertainty
unchallengable
unchallengeable
unchangable
unchangeable
uncompetitive
uncompetive
unconcious
unconciousness
unconfortability
unconscious
unconsciousness
unconstitutional
uncontitutional
unconvential
unconventional
undecidable
undecideable
undefinable
underground
underscore
understood
understoon
undesirable
undesireable
undetecable
undetectable
undoubtedly
undoubtely
undreground
uneccesary
unecessary
unequalities
unforeseen
unforetunately
unforgetable
unforgettable
unforgivable
unforgiveable
unforseen
unfortunately
unfortunatley
unfortunatly
unfourtunately
unhappy
unihabited
unilateral
unilaterally
unilateraly
unilatreal
unilatreally
uninhabited
uninterruped
uninterrupted
uninterupted
unitedstates
unitesstates
univeral
univeristies
univeristy
univerity
universal
universities
university
universtiy
univesities
univesity
unknown
unkown
unlikely
unlikey
unmaneuverable
unmanoeuvrable
unmanouverable
unmistakably
unmistakeably
unneccesarily
unneccesary
unneccessarily
unneccessary
unnecesarily
unnecesary
unnecessarily
unnecessary
unnoticeable
unoffical
unofficial
unoperational
unoticeable
unpleasant
unplease
unplesant
unprecedented
unprecendented
unprecidented
unrepentant
unrepentent
unrepetant
unrepetent
unsubstanciated
unsubstantiated
unsuccesful
unsuccesfully
unsuccessful
unsuccessfull
unsuccessfully
unsucesful
unsucesfuly
unsucessful
unsucessfull
unsucessfully
unsuprised
unsuprising
unsuprisingly
unsuprized
unsuprizing
unsuprizingly
unsurprised
unsurprising
unsurprisingly
unsurprized
unsurprizing
unsurprizingly
until
untill
untranslatable
untranslateable
unusable
unuseable
unusuable
unviersity
unwarranted
unwarrented
unweildly
unwieldly
unwieldy
up to
upanishad
upcoming
upcomming
upgradded
upgraded
upon
upto
urn
usage
usally
use
useage
useful
usefull
usefully
usefuly
useing
using
usually
usualy
ususally
utopia
utter
v
vaccum
vaccume
vacinity
vacuum
vagaries
vaguaries
vaieties
vailidty
vain
vale
valetta
validity
valletta
valuable
valuble
valueable
vane
varations
variant
variations
varient
varieties
variety
variey
varing
varities
varity
vary
varying
vasall
vasalls
vassal
vassals
vegatarian
vegetable
vegetables
vegetarian
vegitable
vegitables
vegtable
vehicle
vehicule
veil
vein
vell
venemous
vengance
vengeance
vengence
venomous
veranda
verfication
verification
verison
verisons
vermilion
vermillion
versatility
version
versions
versitilaty
versitlity
very
vetween
veyr
vial
vice
vicinity
victories
view
vigilance
vigilence
vigorous
vigourous
vile
vilification
vilify
villain
villian
villification
villify
vincinity
violence
violentce
virtual
virtually
virtualy
virutal
virutally
visable
visably
vise
visible
visibly
visiting
visitors
visting
vistors
vitories
volcano
volcanoe
voleyball
volleyball
volontary
volonteer
volonteered
volonteering
volonteers
volounteer
volounteered
volounteering
volounteers
volume
volumne
voluntary
volunteer
volunteered
volunteering
volunteers
vreity
vrey
vriety
vulnerability
vulnerablility
vv
vyer
vyre
v̇
w
wade
waht
wail
waist
wait
waive
waiver
wale
want
wanted
wants
war
warantee
ward
wardobe
wardrobe
ware
warn
warrant
warranty
warred
warrent
warriors
warrriors
was
wasn't
wasnt
wass
waste
watn
wave
waver
wax
way
wayward
wayword
we
weak
weal
wean
weaponary
weaponry
wear,
wearer
weas
weather
weave
wed
wednesday
wee
weed
week
ween
wehn
weigh
weighed
weight
weild
weilded
weir
weird
well
wendsay
wensday
were
were, were
wereabouts
wet
weve
whacks
whale
whant
whants
what
whcih
wheal
whee
wheel
wheeled
when
wheras
where
whereabouts
whereas
wherease
whereever
wherere
wherever
whet
whether
whey
whic
which
whihc
while
whiled
whine
whined
whir
whirled
whit
white
whith
whither
whlch
whn
whoa
whole
wholey
wholly
wholy
whore
whos
whose
whta
whther
wich
widespread
widesread
wief
wield
wielded
wierd
wiew
wife
wight
wih
wiht
wild
wile
will
wille
willingless
willingness
willk
wind
wine
wined
wirting
wit
witch
with
withdraw
withdrawal
withdrawl
witheld
wither
withh
withheld
withhold
within
withing
withold
witht
witn
wiull
wnat
wnated
wnats
woe
wohle
wokr
wokring
won
wonderful
wonderfull
wood
wordlwide
wore
work
working
workstation
workststion
world
worldwide
worls
worn
worse
worsened
worst
worstened
woudl
would
wrack
wrap
wrapped
wrapt
wreak
wrest
wresters
wrestlers
wretch
wriet
wring
wringer
write
writen
writing
written
wroet
wrok
wroking
wrote
wrung
wry
wtih
wupport
x
xenophobia
xenophoby
y
yaching
yacht
yachting
yack
yaer
yaerly
yaers
yak
yatch
year
yearly
yearm
years
yeasr
yeild
yeilding
yemeni
yemenite
yementite
yera
yeras
yersa
yew
yield
yielding
yoke
yolk
yore
yotube
you
youll
your
youre
yourself
yousef
youseff
youself
youtube
yrea
ytou
yule
yuo
z
zebra
zeebra
zero
zeroth
zionist
zionists
¡
Þ
à
á
â
ã
ä
å
ç
é
ê
ë
í
ï
ó
ö
ý
ă
ć
ċ
đ
ē
ĕ
ė
ę
ě
ğ
ġ
ģ
ĭ
ı
ł
ń
ś
ţ
ŭ
ź
ż
ƈ
ƒ
ơ
ƿ
ǎ
ǐ
ǔ
ǵ
ȧ
ȯ
ɉ
ɑ
ɓ
ɗ
ɡ
ɢ
ɩ
ɫ
ɱ
ɼ
ɽ
ʀ
ʂ
ʏ
ʐ
ʙ
ʝ
ʠ
Ο
γ
ι
κ
μ
ν
ο
ρ
τ
υ
Ϝ
ϲ
ϳ
ϵ
Ϸ
Б
Г
О
Ь
а
е
м
н
о
р
с
т
у
х
ц
є
ѕ
ј
ѡ
ѵ
Ғ
Ү
ҳ
һ
ҽ
ӓ
ӧ
ԁ
Ԍ
ԛ
ԝ
Ս
Օ
ա
գ
զ
ժ
հ
ս
ց
ا
ة
ه
١
٨
Ⴝ
Ꭵ
Ꮒ
Ꮪ
ᴍ
ᴜ
ᴢ
ᴦ
ṃ
ẋ
ạ
ẹ
ọ
ỏ
ⲕ
ꙇ
