# The language's vocabulary, one word per line.
-
.
/
0
1
10
100
1000
1000000
1000000000
11
12
13
14
15
16
17
18
19
2
20
200
21
22
23
24
3
30
300
4
40
400
5
50
500
6
60
600
7
70
700
8
80
800
9
90
900
@
I
_
a
aayt
aağlamlıq
abad
abajurlu
abali
abalı
abasız
abat
abbat
abdal
abhaz
abi
abid
abidə
abir
abit
abort
abses
abune
abunelik
abunə
abxaz
abzas
abı
abır
ac
acar
acgöz
acgözlük
aci
acica
acil
acila
acili
acima
acin
aciq
acis
acit
aciz
acizanə
aciş
acliq
aclıq
aclıx
acma
acmiş
acmış
acı
acıca
acıg
acıla
acılayan
acılı
acıma
acın
acıq
acıqlı
acıt
acıx
acış
ad
ada
adag
adah
adali
adalı
adam
adamcıq
adamlar
adaq
adas
adax
adaxla
adaxlan
adaş
adda
addat
addim
addukt
addım
adekvat
adem
adet
adi
adicə
adil
adilik
adillik
adina
adla
adlan
adli
adliq
adlı
adlıq
adlıx
admin
adqoyma
adres
adsiz
adsız
adına
adəm
adət
adəti
ae
aerasiya
aerometr
aerostat
aerver
afag
afaq
afax
afet
afişa
aftab
aftap
afət
aga
agac
agah
agar
agat
agax
agca
agent
agi
agil
agir
agiz
agla
agna
agri
agro
agus
ahan
ahar
ahil
ahma
ahmaq
ahmaz
ahnaş
ahsa
ahsaq
ahsat
ahta
ahtar
ahu
ahubaxış
ahund
ahur
ahı
ahıcı
ahıl
ahıllan
ahım
ahın
ahır
ahırı
ahıt
ahış
ahşam
ahəng
ahənk
aid
aidiyyət
aifariş
aile
ailə
ailəsiz
ait
akril
akrilat
aksiya
aksiz
akt
aktiv
aktivlik
akula
al
ala
alaca
alaf
alaflat
alag
alahi
alahı
alali
alalı
alan
alaq
alaqarğa
alax
alaxı
alay
alaçi
alaçı
alaşa
alban
albom
aldadıcı
aldan
aldat
aldir
aldır
alem
alet
algi
ali
alibi
alici
alim
alin
aliq
alis
aliş
alkan
alken
alkil
allah
allan
allax
allaş
allen
allil
alliq
allıq
allıx
alma
alman
almaq
almaz
alov
alovlan
aloye
alqiş
alqış
alt
altda
alti
altimetr
altmış
altmışıncı
altun
altxətt
altı
altıncı
altında
aludə
alver
alveris
alçal
alçalıq
alçaq
alçat
alçax
alği
alğı
alıcı
alıg
alın
alıq
alıqlan
alıqlı
alıx
alış
aləm
alət
amal
aman
amani
amanı
amciq
amcıq
amcıx
amerikan
amil
amin
amir
amiranə
amma
amoral
amorf
amper
amyöb
amyöp
an
ana
anali
analoji
analı
anas
anaş
anaşa
anaşlaş
anbar
anbarçı
ancaq
ancax
and
andir
andiz
andır
andız
anemiya
ani
anil
anion
anker
anket
anla
anlam
anlamama
anlamaz
anlaq
anlaqsız
anlat
anlax
anlayış
anlaş
anma
anod
anonim
anons
anot
anqar
anqir
anqut
anqır
anri
anrı
ant
antena
antik
antrasit
anus
ançous
anıl
aorta
apag
apar
aparmaq
aparıl
apağ
apostol
aprel
aptek
aqat
aqibətli
aqil
aqilanə
aqrar
aqressiv
aqro
ar
ara
araba
arada
arag
arala
aralan
aralaş
arali
aralı
aram
aramla
aramsız
aran
aranlı
araq
arasında
arat
arax
araya
araçi
araçı
araüz
ard
ardi
ardic
ardı
ardıc
ardıç
areal
arena
areometr
arfa
argo
arh
arha
arhac
arhiv
ari
arif
arin
ariq
arit
ariya
ariçi
arka
arkada
arktika
arlan
arli
arlı
armatura
armağan
armud
armut
arpa
arqan
arqo
arsen
arsiz
arsız
art
artan
arterial
artezian
artim
artiq
artir
artiş
artma
artım
artıq
artır
artıx
artış
arva
arvad
arvadsız
arvat
arx
arxa
arxac
arxaç
arxeoloq
arxiv
arzu
arzula
arzulu
arı
arıg
arın
arıq
arıt
arıtla
arıx
arıçı
as
asan
asdir
asdır
asgı
asi
asil
asili
asin
asiq
asir
asiya
asket
asla
aslan
asli
asma
asna
aspid
aspit
asqi
asqir
asqı
asqır
asral
asta
astar
astarla
asteroid
astma
asudə
asudəcə
asıl
asılı
at
ata
atabaxan
atali
atalı
atan
atbaz
atbazlıq
atci
atdir
atdır
ateizm
ates
ateş
atici
atil
atim
atis
atiş
atla
atlan
atlantik
atlas
atlaz
atlet
atli
atliq
atlı
atlıq
atlıx
atma
atom
atsiz
atsız
atçi
atçı
atıcı
atıl
atım
atış
atəş
audio
aumqayıt
autentifikasiya
avam
avand
avans
avant
avantüra
avar
avara
avaz
avazi
avazı
avto
avtol
avtor
avtorizasiya
ax
axan
axar
axi
axici
axim
axin
axir
axiri
axis
axit
axiş
axma
axmaq
axmaqla
axmaqlaş
axmaqlıq
axmax
axmaz
axnaş
axsa
axsaq
axsaqlıq
axsat
axsatma
axsax
axta
axtalıq
axtar
axtaris
axtarıl
axtarış
axu
axund
axunt
axur
axı
axıcı
axıcılıq
axıl
axım
axın
axır
axıranda
axırı
axıt
axış
axşam
axəng
ay
ayag
ayama
ayaq
ayaqqabı
ayaqsız
ayaqüstü
ayar
ayax
ayaz
ayazi
ayazı
aybaay
aydin
aydın
aye
ayi
ayib
ayil
ayilt
ayin
ayiq
ayir
ayis
ayiş
ayliq
aylıq
aylıx
aylə
ayna
ayqabaq
ayrac
ayran
ayraç
ayri
ayric
ayril
ayrı
ayrıc
ayrıl
ayrıç
aysiz
aysor
aysız
ayğir
ayğır
ayı
ayıb
ayıg
ayıl
ayılt
ayıp
ayıq
ayır
ayıx
ayış
ayə
az
azad
azadlıq
azadə
azal
azalt
azaltma
azan
azar
azarkeş
azat
azca
azdir
azdır
azi
azix
azliq
azlıq
azlıx
azma
azman
azmiş
azmış
azot
azuqə
azvaxtlı
azğin
azğın
azğınlaş
azğınlıq
azı
azıdişi
azıh
azıx
azərbaycan
aç
açar
açdir
açdır
açil
açiq
açiği
açma
açmaq
açmax
açıg
açıl
açıq
açıqlama
açıqürək
açıx
açığı
ağ
ağa
ağac
ağaclıq
ağar
ağart
ağaç
ağbaş
ağca
ağdaş
ağdərili
ağgün
aği
ağil
ağila
ağili
ağir
ağiz
ağiçi
ağla
ağlar
ağlat
ağlayan
ağlaş
ağliq
ağlıq
ağlıx
ağna
ağnaq
ağnat
ağnax
ağnaş
ağri
ağrit
ağrı
ağrılı
ağrıt
ağsaç
ağtəhər
ağuş
ağyal
ağzıaçıq
ağzıüstə
ağı
ağıl
ağıla
ağılı
ağır
ağız
ağıçı
aş
aşaği
aşağı
aşağılat
aşi
aşig
aşila
aşin
aşina
aşiq
aşir
aşirt
aşix
aşkar
aşkarca
aşkarlıq
aşla
aşlan
aşli
aşlı
aşma
aşna
aşpaz
aşqar
aşı
aşıg
aşıla
aşın
aşıq
aşır
aşırt
aşıx
b
bab
baba
babal
babat
babət
bac
baca
bacar
baci
bacı
bacılıq
bad
badam
badaqlat
bade
badya
badə
bafta
bag
baga
baglama
baglan
bah
baha
bahadır
bahalan
bahar
bahma
baht
bahya
bahıl
bahım
bahış
bahəm
bais
bak
bakal
bakan
baken
bakir
bakı
bal
bala
balalı
balaq
balax
baldır
balet
baliq
baliş
balka
ball
ballada
ballast
balli
ballı
balon
balta
baltala
balzam
balçi
balçı
balıq
balıx
balış
ban
banan
banco
banda
bandurçu
bani
bank
banka
banla
banner
banq
bant
banu
bap
baptist
baqaj
baqqal
bar
barak
barama
baramaçı
barat
barbotaj
barda
bari
barin
barit
bariton
bariz
bariş
barj
barja
bark
barka
barli
barlı
barlılıq
baron
barverən
barı
barın
barıt
barış
barışdır
bas
basil
basiq
bask
basla
baslangic
basma
basqi
basqı
basıl
basıq
basırıq
basıx
bat
batan
bataq
bataqlat
batax
batiq
batir
batma
batıq
batır
batıx
bax
baxa
baxar
baxdır
baxil
baxim
baxiş
baxma
baxt
baxya
baxıl
baxım
baxış
baxəm
bayaq
bayat
bayatı
bayax
bayaz
bayil
bayir
bayka
bayt
bayıl
bayılt
bayır
baza
bazar
bazarlıq
bazarı
bazi
bazis
bazu
baç
bağ
bağa
bağir
bağla
bağlama
bağlanıl
bağlayan
bağli
bağlı
bağça
bağçi
bağçı
bağır
bağırt
baş
başabəla
başaçıq
başbilən
başda
başla
başlama
başlanğıc
başlayan
başli
başlı
başqa
başqası
başçi
başçı
başçılıq
bebe
bece
becər
becərt
bed
bedləm
bedr
beh
behkon
behli
behlə
behs
bej
bekara
bekas
bekon
bel
bela
bele
beli
belil
bellə
belə
bem
bena
bend
beng
benzol
bere
beret
beri
berk
berpa
berq
bes
beta
betn
beton
betər
bex
bexli
bexlə
bext
bey
beyin
beyt
beyət
bez
bezar
bezarlan
bezdirən
beze
bezi
bezmiş
beçe
beçə
beş
beşik
beşinci
beşqatlı
biabırçı
biahəng
biar
bibar
bibi
bibiqızı
bibliya
bibər
bic
biclik
bida
bidamaq
bidar
bidon
bidət
bifər
big
bihudə
bihuş
biinsaf
bik
bikam
bikar
bikarlaş
bikef
bikəs
bil
bildir
bildiris
bilet
bilgi
bilik
bilin
bill
bilmə
bilək
bilən
bilərzik
bimar
bina
binar
bine
binokl
binom
binqo
bint
binə
binəsib
binəva
biokimya
bioloq
biqəm
bir
biratlı
bircə
birdilli
bire
birgə
biri
birinci
birja
birjaçı
birka
birli
biryanlı
biryerli
birə
birədi
bis
bit
bitab
bitap
bitir
bitiş
bitki
bitkin
bitkisiz
bitkiçi
bitli
bitlə
bitmə
bitməmiş
bitməz
bitum
bivaris
bivec
biveç
bixuş
biyan
biyar
biz
bizanslı
bizar
bizim
bizlə
bizlən
bizlət
bizon
biç
biçaq
biçil
biçilmiş
biçim
biçin
biçqi
biğ
biğli
biş
bişir
bişək
biəsil
blank
blin
blockchain
blog
blok
blokhauz
blokla
bloklanib
bloq
blox
bluza
boa
bog
boks
bol
bolid
bolit
bollat
bollu
bolt
boltlat
bomba
bon
bonus
bor
boran
borc
borclan
bork
bormaşın
bors
bort
boru
borucuq
borum
borç
borş
bos
bosa
boss
bot
bov
boy
boya
boyakar
boyama
boyan
boyaq
boyar
boyat
boyax
boyca
boye
boylu
boyluluq
boyu
boyun
boyunluq
boz
bozar
bozarmış
bozay
boçka
boğ
boğan
boğanaq
boğaz
boğazlan
boğma
boğul
boğum
boğuq
boğux
boğuş
boğça
boş
boşa
boşal
boşan
boşat
boşla
boşlan
boşluq
brak
brezent
bric
brig
briq
brits
brix
briç
brom
bron
bronh
bronlasdirma
bronx
brus
bruto
bu
bucaq
bucax
bud
buda
budama
budan
budaq
budarla
budarlat
budax
budda
budka
budur
bufer
bufet
bug
buga
bugel
bugün
buhaq
buhar
buhov
buhta
buk
buket
bul
bula
bulan
bulanmış
bulaq
bulax
bulaş
bulka
bulud
bulun
bulut
bunca
bunlar
bunt
buntçu
bur
bura
burah
burax
buraxkeş
buraxma
buraz
burc
burda
burdur
burma
burmatel
buro
burov
buru
burul
burulu
burum
burun
burunla
buruq
buruqçu
burux
burxulma
burğu
buse
bust
busə
but
buta
butan
buten
butil
butka
buts
buxaq
buxar
buxara
buxax
buxov
buxta
buyer
buyruqçu
buyur
buyurucu
buz
buzdağı
buzla
buzlu
buzov
buzçu
buzək
buğ
buğa
buğalan
buğda
buğdayı
buğum
buğumsuz
buğun
buşel
buşlat
buşmen
böcək
böhtan
böl
bölgü
bölgə
bölmə
bölük
bölüm
bölün
bölünən
bölüş
bölən
börk
böv
böye
böyü
böyük
böyüklən
böyümək
böyür
böyüt
böyə
böyən
büdcə
büdrə
büdrəmə
bühur
bük
bükdürt
bükdəril
bükdərt
bükmə
bükük
bükül
bükülmüş
büküm
büküş
bülbül
bülöv
bülənd
bürc
bürkü
bürmə
büro
bürç
bürü
bürün
bürüş
büsat
büst
büt
bütöv
bütün
bütünlük
büxur
büz
büzmə
büzük
büzül
büzülmüş
büzüş
bık
bıçaq
bıçax
bıçqı
bıçqıla
bığ
bığlı
bəbir
bəbə
bəbək
bəd
bədbəxt
bədgüman
bədihə
bədii
bədir
bədirlə
bədlik
bədr
bədsifət
bədtale
bədöv
bədöy
bədən
bəhrə
bəhrəli
bəhrələn
bəhrəsiz
bəhs
bəhsləş
bəht
bəhər
bəhərli
bəklə
bəla
bəli
bəlim
bəlkə
bəlli
bəlqə
bəlğəmli
bələ
bələd
bələk
bələn
bələt
bəm
bəna
bənd
bəndə
bəng
bəniz
bənk
bənna
bənt
bənzə
bənzətmə
bərg
bəri
bərk
bərki
bərkidil
bərkin
bərni
bərpa
bərq
bərx
bərə
bərəl
bərəçi
bəsit
bəslə
bəstə
bəstələn
bət
bətn
bəxrə
bəxs
bəxt
bəxər
bəy
bəyan
bəyaz
bəyazlıq
bəyir
bəyirmə
bəylik
bəyzadə
bəyən
bəzi
bəzə
bəzək
bəzən
bəzəndir
bəzət
bəşər
bəşəri
b̔"
c
cadar
cadu
cag
cahan
cahil
cahıl
cahıllaş
caiz
cal
cala
calal
calallı
calama
calan
calaq
calat
calax
cam
camal
came
cami
camiş
camış
can
canan
cani
canim
canli
canlı
canlılıq
canı
canım
cap
car
cari
carçi
carçı
cas
casus
cat
catdirilma
cavab
cavan
cavanlar
cavap
cax
caxan
caxil
caxıl
cay
caynaq
caz
cağ
cebr
cedd
cefa
cehd
cehiz
cehl
cek
celd
cele
cem
cemi
cen
ceng
cep
cergi
cevik
cex
cexiz
ceza
cezb
chixish
cib
cibkəsən
cibli
cici
cida
cidalaş
cidar
cidd
ciddi
ciddilik
cideo
cidir
cidt
cift
cig
ciga
cihad
cihat
cihaz
cil
cila
cild
cildxana
ciliz
cilov
cilt
cilvə
cilxa
cim
cin
cinah
cinas
cinax
cinli
cinlilik
cins
cinsi
cip
ciqa
cir
cire
cirə
cisim
cism
cismi
cit
civ
cive
civilti
civə
civəli
cix
cixad
cixaris
cixaz
ciy
ciyər
ciz
cizgi
cl
cod
coge
coin
cok
coke
col
com
con
cop
corab
corap
cos
cot
cox
coz
coğrafi
coş
coşan
coşma
coşqun
coşğun
cuce
cucu
cudo
cul
cum
cuman
cume
cumma
cuna
cunt
cuqqultu
cur
cus
cut
cuz
cuzdan
cuzi
cuş
cöge
cögə
cöke
cökə
cöngə
cövüz
cübbə
cüce
cücü
cücə
cücər
cüme
cümlə
cümə
cür
cürət
cürətlən
cüssə
cüssəli
cüt
cütlə
cütçü
cüyür
cüz
cüzam
cüzi
cıdır
cılha
cılxa
cılız
cındırçı
cıqqa
cıqqılı
cır
cırla
cırmaq
cırmaqla
cırna
cırıl
cırıq
cırıx
cız
cızma
cızıl
cızıq
cızıx
cığır
cəbhə
cəbhəçi
cəbr
cəbxə
cədd
cədt
cəfa
cəftə
cəhd
cəhl
cəhrə
cəht
cəhət
cəld
cəldləş
cəlt
cələ
cəm
cəmi
cəmlik
cəmlə
cənab
cənap
cəng
cəngə
cənk
cənub
cənuba
cənup
cərgə
cərimələ
cəsur
cəsəd
cəsət
cəxd
cəxl
cəxrə
cəza
cəzalan
cəzb
cəzp
d
da
daban
dabancıq
dabanlıq
dabaq
dabax
daca
dad
dadan
dadaş
dadlı
dadıh
dadıl
dadıx
dadız
dag
daga
daha
dahi
dahil
dahiyanə
dahma
dahıl
daim
daima
daimi
dairə
dairələn
dal
dala
dalan
dalaq
dalax
dalaş
dalda
daldan
dali
dalma
dalmış
dalğa
dalğacıq
dalı
dalısı
dam
dama
daman
damaq
damar
damarsız
damax
damba
damcı
damka
damla
damsız
damçı
damğa
damız
dan
dana
danakeş
danan
danla
danlaqlı
danma
danqılda
danqıltı
danıl
danış
daqqa
dar
dara
daral
daralma
daram
daran
daraq
daraqlı
darat
darax
daraş
darboğaz
darca
dargöz
dari
dart
dartdır
dartıl
dartın
darğa
darı
darıh
darıl
darıquşu
darısqal
darıx
das
dasi
dasta
dat
dava
davakar
davam
davar
davul
daxa
daxi
daxil
daxilol
daxma
daxıl
daya
dayan
dayanmaz
dayaq
dayax
dayaz
dayazla
dayazlat
daye
dayi
dayça
dayı
dayə
daz
daça
dağ
dağa
dağal
dağar
dağarcıq
dağda
dağdöşü
dağla
dağlama
dağlan
dağlı
dağüstü
dağıl
dağılma
dağınıq
dağıt
daş
daşan
daşbaşçı
daşi
daşka
daşla
daşlı
daşma
daşsız
daşı
daşın
daşır
daşıt
daşıtdır
daşıyıcı
de
deb
debat
debet
debil
debit
debüt
dec
dede
def
defe
defekt
defis
defn
dehade
dek
dekabr
dekan
dekor
del
dele
deli
delta
dem
deme
demi
demə
demək
den
dendi
dene
deni
depo
depozit
der
derd
dere
deri
derk
ders
derz
des
desant
dest
destek
detal
detektiv
deve
devir
deviz
dexi
dey
deye
deyil
deyin
deyiş
deş
deşdir
deşdiril
deşici
deşik
deşil
deşmə
deşən
di
diafilm
diapazon
diatez
dib
dibdə
dibli
did
dide
didik
didil
didiş
didə
digər
dik
diklik
diktant
diktə
dikəl
dil
dilbər
dile
diliacı
dilik
dilim
dilimlən
dilli
dilxor
dilçi
dilçə
dilə
dilək
dilən
dimdik
dimdikli
din
dinamizm
dinc
ding
dingə
dini
dink
dinlə
dinməz
dinç
dip
dire
diri
dirijabl
diril
diriltmə
dirrik
dirrikçi
dirsəkli
dirçəliş
dirə
dirək
dirən
dirəş
dis
dise
disi
disk
dit
div
divan
divar
divinil
diyar
diz
dizel
dizlə
dizlət
diş
dişe
dişi
dişilik
dişli
dişlə
dişləmə
dişə
dişək
dişənmiş
dl
dodaq
dodax
dog
dogu
dok
doker
doktrina
dol
dola
dolab
dolan
dolanmış
dolap
dolaq
dolax
dolaş
dolaşıq
doldur
dollar
dolma
dolu
doluh
dolux
doluş
dolça
domba
dombal
domen
dominion
domino
domna
domuş
don
donjuan
donlu
donma
donor
donos
donosçu
donsuz
donuh
donuq
donux
donuxmuş
donuz
donuzluq
dopdolu
doqma
doqquz
doqquzuncu
dor
dord
dos
dose
dost
dostlar
dostlaş
dosye
dovlet
dovr
doxsan
doxsanıncı
doy
doyma
doymamış
doymaz
doyumlu
doyunca
doyur
doz
doza
doğ
doğan
doğma
doğmalıq
doğra
doğrat
doğru
doğu
doğul
doğum
doğur
doğuş
doşab
doşap
dram
drama
dramatik
draqa
drel
drujina
du
dua
duaçı
dublyor
duda
duduş
duel
duet
duha
dukan
dul
dulus
duman
dumanlaş
dumanlıq
dun
dunuq
dunux
dupduru
dur
duran
durma
durna
durr
durt
duru
duruh
durul
durum
durux
duruş
durğu
dus
duvaq
duvaqla
duvax
duxovka
duy
duyan
duye
duym
duyma
duyu
duyul
duyum
duyuq
duyux
duyğu
duz
duzaq
duzax
duzla
duzlan
duzlaq
duzlu
duzxana
duş
dvoryan
dyun
döl
döllət
dön
döngə
dönmə
dönmədən
dönməz
dönük
dönüm
dönüş
dönən
dörd
dördayaq
dörducaq
dördüncü
dördəm
dört
dövlət
dövr
dövri
dövrə
dövrələn
döy
döymə
döyük
döyül
döyün
döyüş
döyəc
döyəç
döz
dözmə
dözül
dözüm
döş
döşe
döşlə
döşür
döşə
döşək
döşən
döşət
döşətdir
dücün
düdük
düha
düjün
dükan
dükçə
dümağ
dün
dünkü
dünya
dünən
dürdanə
dürlü
dürr
dürt
dürtül
dürək
düxa
düy
düye
düym
düymə
düyməli
düymələ
düymələn
düyü
düyül
düyümlü
düyün
düyünlü
düyünçə
düyüçü
düyə
düz
düzdür
düzlə
düzmə
düzül
düzüm
düzək
düzəl
düzəliş
düzən
düzənlik
düş
düşmə
düşmən
düşük
düşün
düşür
düşən
dıbır
dımbılı
dırmaşma
dırmıq
dızıx
dığla
dığırla
də
dəb
dəbbə
dəbdə
dəbdəbə
dəbli
dəblə
dəbəlik
dəbər
dəbəriş
dəc
dəclə
dəcəl
dəcəlləş
dədə
dəf
dəfn
dəfnə
dəftər
dəftərçə
dəfçi
dəfə
dəhan
dəhi
dəhlə
dəhnə
dəhrə
dək
dəl
dəli
dəlibəng
dəlik
dəlil
dəlin
dəllal
dəlmə
dələ
dəm
dəmir
dəmiryol
dəmlə
dəmrovlu
dəmyə
dəmək
dən
dəndə
dəni
dəniz
dənli
dənlə
dənə
dəp
dəqiq
dəqix
dər
dərd
dəri
dəril
dərin
dərk
dərkedən
dərs
dərt
dərya
dəryaz
dərz
dərzi
dərə
dərəcə
dəst
dəstxət
dəstə
dəstək
dəstələn
dəvə
dəvət
dəxi
dəxli
dəy
dəyirman
dəyiş
dəyişil
dəyişək
dəymə
dəyə
dəyən
dəyənək
dəyər
dəç
e
eba
ecaz
ecr
eda
edam
edi
edil
edilə
edl
efi
efir
efv
ehd
ehkam
ehl
ehmal
ehram
ehsan
ehtikar
ehtiyat
ejektor
eke
ekiz
eklektik
ekran
eks
eksport
ekspres
ekstrakt
ekzoqam
ekzotika
el
ela
elan
elaqe
elastik
elat
elci
eldaş
ele
elektrik
elektron
elet
elf
elita
elli
ellik
ellin
ellips
elm
elmi
elmli
elsiz
elti
elçi
elə
eləcə
eləsi
elət
elətdir
email
emal
emblem
emeliyyat
emi
emlak
emr
en
endir
endirim
endirt
enen
enerji
eng
eninə
enis
eniş
enişsiz
enli
enliağız
enlicə
enlən
enlət
enləş
enme
enmə
ensiz
ensizlik
enzim
enən
epik
epiqram
epos
epoxa
eqd
eqret
er
era
eri
erika
erk
erkəc
erkək
erkən
erkəç
erotika
erp
ers
erte
ertə
erz
erş
esa
esas
eser
esik
esil
esit
eskiz
esl
esme
esq
esr
esse
estet
estetizm
eston
et
etan
etap
etdir
etdirt
eten
etibarli
etik
etika
etil
etin
etina
etnik
etud
etüd
etüt
ev
evcanlı
evcik
evcil
evdar
evde
evdə
eve
evkalipt
evlad
evlat
evli
evlən
evlənmə
evsiz
evsizlik
evtikmə
evyaran
evə
exi
eydir
eye
eyham
eyi
eyib
eyip
eyle
eylə
eymən
eyni
eyniadlı
eynək
eynən
eys
eyvan
eyvansız
eyzən
eyş
eza
ezm
ezop
eş
eşafot
eşdir
eşelon
eşg
eşik
eşil
eşit
eşme
eşmə
eşq
eşqli
eşx
eşşək
eşələ
eşələn
f
facianə
faciə
faciəvi
faiz
faks
fakt
faktlar
faktura
fal
falçı
faner
fanerlə
fani
faqot
fara
faraş
faringit
fars
farsca
farş
fas
fasad
fasat
faset
fason
fasonsuz
fateh
fauna
fayda
fayl
faza
fazan
fazillik
fağır
faş
faşist
feal
feda
fehm
feil
feili
fel
feli
felən
fen
fena
fend
fenil
fenn
fenol
ferd
fere
ferma
fermaçı
fermer
ferq
fers
ferz
ferş
fes
festival
feth
fetiş
fetr
fexr
feyz
feza
fibra
fidan
fikir
fikri
fikus
fil
filan
filbədən
file
filiz
film
filosof
filtr
fin
final
fincə
finiş
finka
fint
fiord
fiort
fiqur
fir
firildaq
firiş
firma
firon
fis
fit
fitil
fitlə
fitnə
fitnəbaz
fitnələ
fitri
fitrə
fitrən
fitva
fizik
fizika
fişka
flamand
flans
flip
flora
flot
flus
flüor
flüs
fokus
folio
folqa
fon
fond
fonem
font
forma
formalit
formul
fors
forte
forum
fosgen
fosil
foto
fotoqraf
fovq
foye
frak
fraksiya
fraxt
fraza
freska
ftal
fuga
fuk
funt
fuqa
futlyar
fövg
fövq
fövri
fövx
füzun
fınxırıq
fır
fırla
fırlı
fırtıq
fırça
fırıq
fırıx
fıs
fısqırıq
fıstıq
fışıltı
fəal
fəda
fədai
fəhlə
fəhləlik
fəhm
fəhmli
fəhr
fələk
fəna
fəncə
fənd
fənn
fənt
fənər
fəqərəli
fəqət
fəraq
fərar
fərax
fərd
fərdi
fərg
fərli
fərq
fərqli
fərt
fərx
fərz
fərzi
fərş
fərə
fərəh
fərəhlən
fəs
fəsad
fəsat
fəsih
fəsil
fəsli
fəth
fətir
fətx
fəvvarə
fəxm
fəxr
fəxri
fəza
fəğan
g
gab
gaba
gac
gada
gafa
gaga
gah
gaib
gaim
gal
gala
gall
galx
gan
gana
gane
gap
gapa
gapçı
gapı
gar
gara
garp
gart
garı
gat
gatı
gavalı
gax
gay
gaya
gayə
gaz
gazi
gazı
gaç
gaş
gaşı
gebe
gec
gece
gecik
gecə
gecələ
gecələr
geda
gede
gediş
gedək
gedən
gel
gelenqutu
gemi
gen
genc
gene
genit
geniş
genəl
genəlmə
gepard
ger
gerb
geri
geridəki
gerilik
german
gerp
gesab
gest
get
getmə
getməli
getto
gey
geyb
geyd
geydir
geyil
geyim
geyin
geyiş
geymə
geyr
geyz
gez
geç
geşt
gic
gicbaş
gicik
giciş
giclə
gicləş
gicəl
gid
gida
gil
gilas
gile
giley
giliz
gilli
gilə
gips
gipsli
gipslə
gir
girdə
girdəcə
girdələ
girdələn
girgi
giris
girish
giriş
girlə
girmə
girov
girən
gis
gism
git
gitə
giyiş
gizildə
gizir
gizli
gizlə
giç
giş
gişa
gnu
gobu
goca
gol
golf
gom
gomruk
gon
gonderme
gong
gop
gopla
gopçu
gor
gora
gorda
gore
goreşən
goru
goruntu
gorx
got
gov
goxu
goy
goye
goz
goza
goze
gozu
goç
goçu
goş
goşa
graf
gram
gran
grif
gril
grim
grip
grup
guaş
guba
guc
gucu
gud
guda
gugu
gul
gulp
gum
gun
gunesh
gunu
gupa
gupsa
gur
gurd
gurhagur
gurla
gurs
guru
gurz
gus
guse
gutu
guve
guya
guyu
guzu
guç
guş
guşe
guşə
göbək
göbələ
gödək
gödəl
gödən
gökumət
göl
gölləş
gölmə
göm
gömrük
gömül
gön
göndərmə
gör
göre
görmə
görük
görün
görünməz
görüntü
görüş
görə
görən
göstəril
göstəriş
göt
götür
götəş
gövdə
gövşə
gövşək
gövşəyən
göy
göye
göyləş
göynə
göynət
göyün
göyə
göyəm
göyər
göyərçin
göz
gözcük
göze
gözgörə
gözlü
gözlük
gözlə
gözlənti
gözləyin
gözləyən
gözvuran
gözü
gözüaçıq
gözüiti
gözə
gözək
gözəl
gözəmə
gözən
gözət
gübrə
güc
güclü
güclə
güclənən
gücən
güd
güdaz
güdmə
güdük
gül
gülab
gülap
gülbaz
güllü
güllə
güllələn
güllələt
gülmə
gülçü
gülüm
gülümsə
gülüş
gülən
güləş
güman
gümüş
gümüşlən
gün
günah
günahkar
gündüz
gündə
güney
günçıxan
günü
günəş
gür
gürcü
güruh
gürz
gürzə
güt
güve
güvə
güvəc
güvən
güvənmə
güvəç
güzgü
güzəşt
güç
gıc
gıf
gıl
gın
gır
gıs
gıt
gıy
gız
gıç
gığ
gış
gəbə
gəbər
gəc
gəda
gədik
gədə
gəl
gəlin
gəlir
gəliş
gəlmax
gəlmə
gəlmək
gələcək
gələn
gəm
gəmi
gəmir
gəmirtlə
gənc
gənclər
gəncə
gənç
gənə
gənəş
gər
gəril
gərmə
gərməşöv
gərək
gət
gətir
gətirt
gəyir
gəz
gəzin
gəziş
gəzmə
gəzəl
gəzən
gəç
gəşt
h
haca
hacat
hacə
hacət
hagg
hain
hak
haki
hakiki
hakim
haklanib
hal
hala
halal
halay
halda
hale
hali
halq
halqa
halqalan
halqalı
halva
halı
halə
halət
ham
hama
hamam
haman
hamar
hamaş
hami
hamı
hamısı
han
hana
handikap
hansı
hantel
haos
haqla
haqlı
haqq
haqx
har
hara
haram
haray
haraylaş
harın
has
hasar
hasil
hata
hava
haxla
hay
haya
hayla
hazır
hazırlıq
haç
haça
haçala
haçan
haş
haşiyə
heb
hebs
hec
heca
hecalama
hecc
hecm
hecv
hedd
hede
hediyye
hekim
hekk
heksan
hektar
hele
hell
hem
hepatit
heqiqi
her
herb
here
herf
herpes
hesab
hesabagir
hesabfakturasi
hesap
hey
heya
heyf
heyr
heysiz
heyva
heyvan
heyət
hezm
hezz
heç
heçnə
heçvaxt
hicab
hicap
hiddətli
hidra
hidrogen
hifz
hikkə
hil
hilal
him
himlə
himn
hin
hindi
hindu
hipoteza
hippi
hir
hirs
his
hisli
hislə
hiss
hissi
hissə
hiylə
hlor
hobbi
hof
hokm
hokumet
hol
homofon
hon
hop
hopma
hoptur
hoqqa
hor
hora
horra
host
hosting
hotel
hov
hovl
hovla
hovlu
hovur
hovuz
hoş
hoşu
hren
hrom
huk
hulu
hunu
huquqi
huquqlar
hur
huri
hurk
hus
husn
huyuq
huyuqdur
huyux
huzn
huş
huşlu
huşluluq
höcət
höcətçi
hökm
hökmlü
hökumət
hökümət
hör
hörgü
hörmə
hörük
hörül
hövl
hövlank
hövnə
hövzə
höyüş
hücrə
hücum
hüdud
hüdut
hüdüd
hüdüt
hülqum
hündür
hünü
hünər
hünərlə
hüquq
hüqux
hür
hürk
hürmə
hürüş
hürən
hüsn
hüzn
hılt
hına
hır
hırılda
hıçqırıq
hış
hə
həb
həbib
həbip
həbs
həbəş
həcc
həcm
həcv
həcç
hədd
hədis
hədt
hədə
hədəf
hədəfə
hədələn
hədər
həftə
həfə
həkim
həkimanə
həkk
həkə
həlak
həlim
həlimlik
həll
həlli
həlq
həlqə
hələ
həm
həmdin
həmfikir
həmhüdud
həmin
həmişə
həmlə
həmsədr
həmvətən
həmən
həndəsə
hənək
hənəkləş
hənəkçi
həp
həqiqət
həqir
hər
hərb
hərbi
hərbə
hərc
hərf
hərfi
hərif
həris
hərlə
hərlətmə
hərp
hərzə
hərə
hərəkat
hərəm
həsir
həsirçi
həsrətli
həsəd
həsədlə
həsət
həta
hətt
hətta
həvəs
həvəsli
həya
həyan
həyat
həyət
həz
həzin
həzm
həzz
həzər
həşir
həşiş
həştad
i
iane
ianə
iase
iaşe
iaşə
ib
ibadətçi
ibarə
ibarəbaz
iber
iblis
ibrət
ibtidada
ibtidai
icad
icare
icarə
icat
icazə
icbar
icil
icim
icir
icki
iclas
iclasçı
icma
icmal
icme
icra
ictimai
idare
idarə
idbar
iddia
iddiaçı
ideal
identik
ideoloq
ideya
ideyasız
idiom
idiot
idis
idiş
idman
idrak
idxal
iena
ifa
ifadə
ifadəsiz
ifaçı
iflas
iflic
ifliç
ifrat
ifraz
ifsa
iftar
iftiralı
ifşa
igid
igidlər
igidyana
igit
ih
ik
iki
ikicanl
ikicə
ikili
ikilik
ikilikdə
ikilə
ikinci
ikisaplı
ikisi
ikisəsli
ikitağ
ikitağlı
ikiəlli
ikon
ikona
ikrah
ikram
iks
iksir
il
ilahi
ilahilik
ilahə
ilan
ilbiz
ilgi
ilgək
ilham
ilhaq
ilhax
ilhı
ilik
ilikli
iliq
ilis
ilit
iliş
ilişdir
ilk
ilkin
illah
illik
illət
ilme
ilmə
ilot
ilqar
iltifat
ilxi
ilxı
ilği
ilğı
ilğım
ilıg
ilıq
ilıqlan
ilıx
imalə
imam
iman
imdad
imdat
imek
imitator
imkan
imla
immun
import
imrik
imrən
imsik
imza
imzalı
imək
inad
inag
inam
inamsız
inan
inanc
inanç
inaq
inat
inax
ince
inci
incik
incil
incit
incə
incəl
indi
indicə
indiki
induktiv
inek
injit
inkar
inkişaf
inle
inlə
inlət
innab
innap
inqilab
inquş
insa
insaf
insafən
insan
insident
inteqral
internat
internet
intim
intizam
intəha
intəhası
inşa
inək
iomen
ion
ionit
ionlaş
ionlu
ionosfer
ip
ipek
iple
iplik
iplikli
iplə
iplən
iprit
ipsiz
ipək
ipəkçi
iqbal
iqlim
iqlimləş
iqrar
iqrek
irad
iradi
iradə
irag
iraq
irat
irax
irağa
irg
irga
irgi
iri
iridiş
irilə
irin
irinli
iris
iriş
irlandca
irmaq
irmax
irq
irqa
irqi
irqçi
irs
irsi
irsilik
irsən
irx
irəli
irəmə
is
isa
isar
isbat
isde
ise
isequvvesi
isesal
ishal
isim
isin
isindir
isit
islah
islahat
islam
islamlıq
islan
islandca
islaq
islat
islatma
islax
isle
ismət
isnad
isnat
ispan
ispolkom
israf
israilli
israr
iste
isterik
isti
istibdad
istifadeci
istifadəçi
istixana
istə
istək
istəmə
istənil
istər
isveç
isə
it
italyan
itaət
itbaz
iten
ithaf
iti
itiaxan
itidil
itigözlü
itik
itil
itilik
itilə
itilən
itir
itirt
itiuc
itiuclu
itiuç
itki
itkin
itme
itmiş
itmə
itsevən
ittifaq
itələ
itələn
itələyən
itən
ivrit
ixrac
ixraç
iy
iyde
iydə
iyi
iyirmi
iyirmibir
iyirmidörd
iyirmiiki
iyirminci
iyirmiüç
iyit
iyle
iyli
iylə
iylən
iyləndir
iylət
iyləş
iyne
iynə
iynəvari
iyrən
iysiz
iyul
iyun
iz
izafi
izah
izax
izci
izhar
izin
izle
izleme
izleyiciler
izlə
izlən
izlət
izoftal
izotop
izsiz
izzət
izçi
iç
içdir
içiboş
içil
içim
içinə
içir
içirt
içki
içkisiz
içlik
içme
içmiş
içmə
içəri
iş
işar
işarantı
işarə
işarələn
işbaz
işcil
işcillik
işde
işdir
işdə
işdək
işe
işiq
işle
işlə
işlək
işlən
işlər
işlət
işrət
işsiz
iştirak
işve
işvə
işçi
işğal
işıg
işıq
işıqfor
işıqlı
işıx
işə
işəmə
işəyarar
j
jaket
jale
jalə
janr
jart
jele
jest
jet
jeton
jezl
jilet
jiletlik
jirovka
jmix
jmıh
jmıx
jokey
julik
jömək
jüri
k
kab
kabab
kabap
kabel
kabinet
kabinə
kabus
kadet
kadr
kafe
kafel
kafeteri
kafi
kafir
kaftar
kafur
kafər
kaha
kahal
kahi
kahin
kahinə
kahı
kahıl
kainat
kakao
kal
kalan
kalka
kam
kamal
kaman
kamfora
kamil
kamod
kamot
kanal
kanat
kandar
kanoe
kant
kap
kapilyar
kapor
kapot
kapotu
kapsul
kaqız
kar
karat
kardinal
karel
karet
karib
karip
karlaş
karlik
karlı
karp
kart
kartof
karyera
karıx
karıxma
kasa
kasad
kasat
kaset
kaska
kasnı
kassa
kasta
kasıb
kasıblar
kasıblıq
kasıp
katar
kater
katet
katib
katip
katod
katok
katot
kauzativ
kaxa
kaxı
kayut
kağız
kağızla
kağızlı
kaşi
kaşne
kaşı
kebe
kec
kef
kefal
kefikök
kefir
kefli
kefçi
kegl
keke
keks
kel
kele
kelp
kelt
kem
kend
kepka
keql
kere
kert
kes
kesb
kesbek
kese
kesr
kete
key
keyfiyyet
keyi
keyidici
keyit
keylik
keç
keçe
keçi
keçid
keçil
keçin
keçir
keçit
keçmə
keçoy
keçə
keçəl
keçən
keş
keşf
keşik
keşiş
keşniş
ki
kiber
kibr
kibrit
kif
kifir
kifirlik
kifli
kilid
kilidiac
kilim
kilit
kilkə
kilkəli
kilkəşik
kilo
kilsə
kim
kime
kimi
kimin
kimlik
kimsə
kimya
kimə
kin
kinayə
kine
kinli
kino
kinə
kiosk
kip
kipr
kir
kire
kiri
kiril
kirit
kiriş
kirli
kirpi
kirpik
kirs
kirşanla
kirşə
kirə
kirəc
kirəç
kirəçi
kis
kise
kisel
kisib
kisip
kist
kista
kisə
kisəli
kisəçi
kit
kitab
kitap
kitel
kitrə
kiy
kiçik
kiçil
kiçilmə
kiş
kişi
kişnə
klan
klarnet
klerk
kletka
kley
kleymo
klinika
klip
klişe
kloun
klub
klup
klyoş
knyaz
koala
kobra
kobud
kobuq
kobut
kobux
koc
kocurme
kod
kodek
kodeks
kodla
kofta
kok
koka
kokain
kokni
koks
kol
kola
kolaz
kolba
kolenkor
kolit
kolla
kollagen
kolli
kollu
kolon
kolpanlı
kolt
koma
komanda
komek
komik
komisyon
komitet
kommunar
komod
komot
komputer
kompüter
konflikt
konki
konsol
konstant
kontakt
kontrakt
kontrol
konus
kop
kopiya
koppuş
kor
korinka
korla
korluq
korporasiya
kort
koruş
korş
korşalt
kos
kosa
kostyum
kot
kotan
koz
kozır
koğa
koğuş
krab
kral
kran
krap
kredit
kredo
krekinq
krem
kremli
krep
kreslo
kripto
krokus
kross
krujka
kub
kubik
kubok
kudu
kufi
kukla
kul
kulon
kult
kum
kumol
kumıs
kup
kupe
kupel
kuplet
kupon
kur
kurort
kurs
kus
kustar
kut
kuy
kuz
kuze
kuzov
kuzə
kvant
kvaqa
kvars
kvart
kvarta
kvas
kvazi
kvota
köbe
köbə
köbələt
köhnə
köhül
kök
köke
köklü
köklə
köks
kökə
kökəl
köle
kölgə
kölə
köləlik
kömbə
kömür
kömürlü
kömək
köməkləş
könül
könüllü
köp
köpmə
köpük
köpür
köpək
köpəş
körpü
körpə
körpələr
körük
köstəbək
kösöv
kötük
kötək
kövrəlt
köz
közlən
közər
közərtmə
közərən
köç
köçkün
köçmə
köçür
köçürtmə
köçəl
köşk
köşək
kübar
kübarlıq
küdül
küfr
küftə
kükrə
kükrək
kükü
kül
külcə
küldən
külfə
küll
külli
küllü
küllük
küllə
külqabı
külçə
külək
küləş
küləşlə
küləşlət
küm
kümxana
künc
künclü
küncüd
küncüdlü
kündə
küne
künyə
künç
künə
küp
küpe
küpə
kür
kürd
küre
kürk
kürrə
kürsü
kürt
kürü
kürün
kürə
kürək
kürən
kürəçi
küs
küsdür
küsmə
küsü
küsüş
küsən
küt
kütbeyin
kütlə
kütləvi
kütüm
küvet
küvən
küy
küylü
küylə
küyçü
küyül
küyültü
küz
küzlü
küzlə
küzçü
küçe
küçük
küçə
kıbrıs
kırıx
kəbin
kəbə
kəc
kədər
kədərli
kədərlə
kəf
kəfli
kəfən
kəfənli
kəfənlə
kəhər
kəkil
kəkilli
kəkov
kəkə
kəl
kəlam
kəlbətin
kəllə
kəlmə
kəlçə
kələ
kələf
kələk
kələksiz
kələm
kələz
kəm
kəmənd
kəmər
kəmərli
kənaf
kənar
kənd
kəndi
kəniz
kənt
kəpək
kərdi
kərim
kərki
kərkilət
kərkəs
kərt
kərə
kərəm
kərəmsiz
kərən
kəs
kəsb
kəsdir
kəsif
kəsik
kəsikxətt
kəsil
kəsim
kəsir
kəsiş
kəsişən
kəsmikli
kəsmə
kəsp
kəsr
kəsə
kəsək
kəsən
kəsər
kətan
kətil
kətə
kəvər
kəç
kəşf
l
labil
labüd
labüt
lag
lager
lah
lak
lakca
lakey
lakeylik
lakin
lakla
laklı
lakçı
lal
lale
lalıq
lalıx
lalə
lama
lampa
landşaft
lanç
lap
lapta
laqun
lari
ları
latinizm
latun
latın
latış
laureat
lava
lavaş
lax
laxla
laxlayan
laxta
lay
layiq
layiqsiz
layix
layka
layla
laylay
laylı
lazım
laçın
lağ
lağçı
lağım
lb
lc
leb
lec
lehim
lehimlən
lehmə
lehməli
lek
lekal
leke
lel
lele
leli
leme
lems
leng
lent
lepe
les
let
leylək
leğv
leş
lh
liana
libas
liberal
lider
lif
life
lifli
lift
lifə
lig
liga
likör
lil
lilli
lillə
liman
limfa
limit
limon
limonad
ling
link
linoleum
linza
liqa
lira
lire
lirik
lirt
lirə
lisey
litol
litr
litvaca
lizil
liğ
liğa
lk
lobya
login
logo
loja
lok
lokal
lom
lomba
lopa
loqo
lord
lornet
lort
loru
los
losyon
lot
lotereya
lotu
lovğa
loyalliq
loğma
loş
lumu
lut
lyuk
lyük
lök
lövhə
lüks
lüle
lülə
lülək
lüləksiz
lüləsiz
lüme
lümə
lümək
lüstr
lüt
lütf
lütlən
lüzum
lüğət
lüğətcə
lıqqa
lırt
lırtlıq
lığ
lığa
ləb
ləc
ləhcə
ləhlə
ləhzə
lək
ləkə
ləl
ləli
ləlik
ləlit
lələ
lələk
lələş
ləmpə
ləms
ləmə
ləng
ləngi
ləngər
ləngərli
lənk
lənət
ləp
ləpir
ləpirçi
ləpə
ləpəli
ləqəb
ləqəp
lərgə
lərzə
lət
lətafət
lətif
lətli
ləyaqət
ləyən
ləzgi
ləziz
ləç
ləçək
ləçər
ləğv
m
maaş
maaşla
mac
macal
macalsız
macar
macəraçı
madam
maddi
maddiləş
maddə
madencilik
mafal
mafar
mafe
mafə
magaza
mahal
mahir
mahlıc
mahlıcla
mahnı
mahud
mahur
mail
maili
major
makara
makbuz
mal
mala
malakeş
malay
mali
malik
maliyye
malxülya
malı
mama
mamalıq
mamır
mamış
man
manat
mane
manej
maneə
maneəli
maneəlik
manjet
manqa
manqo
manto
manə
maqma
maqnitli
maral
maraq
maraqla
marax
marionet
marka
markasız
market
markizet
mars
mart
marten
martı
març
marıq
marıt
marıx
marş
marşı
mas
masa
masaj
masajist
masin
maska
mason
massa
mat
matah
matdırılma
material
matris
matrisa
matç
matəm
mavi
mavr
maxist
maxizm
may
maya
mayak
maye
mayka
mayor
mayıf
maz
mazaq
mazax
mazer
mazi
mazla
mazlı
mazut
mazı
maç
maça
mağar
mağaza
maş
maşa
maşın
mebel
medal
mede
medh
media
meduza
meh
mehkeme
mehli
mehr
mehsul
mehv
mehz
meke
mekr
mekteb
melamin
mele
meli
melodiya
melumat
memar
memarlıq
meme
men
mena
meni
menimhesabim
menyu
mer
merac
merc
merd
merinos
merkez
merz
mes
mesaj
mesenat
messenger
mest
met
metal
metan
metanal
metbex
metbuat
metil
metis
metn
metod
metr
metro
metroloq
mex
mexr
mey
meyar
meyil
meyillik
meyillən
meyilsiz
meyit
meyl
meymun
meynə
meyvə
meyvəsiz
meyvəçi
meze
meğz
meşe
meşin
meşə
midi
mif
mifik
mifoloji
mihi
mika
mikstura
mil
milad
milis
milli
millibar
millivat
millətçi
milyard
milyardıncı
milyon
milyonuncu
milçə
mim
mimik
min
mina
minarə
minaçı
mindəbir
mini
minik
mininci
minmə
minnətçi
minor
minus
miqren
mirab
miraj
miras
mirat
miriad
mirzə
mis
misal
misil
misilsiz
misir
misirli
misli
misra
mitil
mitinq
mitra
mix
mixi
mixək
miz
mizan
mizi
miçətkən
mişar
mişarla
mnemonik
mobil
mod
moda
modal
modallıq
modasız
model
modem
modla
modul
moizə
mokasin
molla
monoloq
monoqlot
monoton
moped
mops
morfi
morg
morgen
morj
morq
moruq
morux
morx
mot
motal
motiv
motor
muasir
mudafie
muflon
mufta
mukafat
mulat
mulda
mulkiyyet
mum
mumla
mumlu
muqavile
muraciet
murad
musiqi
mustanq
musteri
muza
muzd
muzet
muzey
muzt
muğam
myuon
möcüzəvi
möhür
möhürlən
mömin
mösyö
möthəşəm
mötiv
mövhum
mövqe
mövzu
müayinə
mübhəm
mücrü
müdafiə
müdam
müdaxilə
müdir
müfti
müftə
mühakimə
mühit
mühüm
mühəccər
müjdə
mükəmməl
mülayim
mülk
mülki
mülkədar
münsif
münəccim
mürgü
mürid
mürəbbe
müsibət
müsəhhih
müsəlləh
mütaliə
müti
müttəhim
mütəkkə
mütəmadi
mütərcim
müvafiq
müxəmməs
müzayidə
müzür
müşgül
müşk
müştəri
müəlim
müəllif
müəllim
müəmmalı
mıh
mırtda
mırıq
mırıx
mıx
mıxla
mıxça
mız
mızı
məbəd
məcaz
məcmu
məcnun
məcra
məcum
məcun
mədh
mədhiyyə
mədrəsə
mədx
mədə
mədəd
mədən
mədəni
məftun
məhrum
məhrək
məhrəm
məhsul
məhsül
məhv
məhz
məhşər
məhək
məhərrəm
məkan
məkani
məkik
məkr
məktəb
məkulat
məkə
məlahət
məli
məlik
məlul
məlum
məlumat
məlumluq
məlun
mələ
mələk
mələkotu
mələs
mələt
mələz
mələş
məmlü
məmur
məmə
mən
məna
mənbə
məneə
mənfi
mənfilik
mənfəət
məni
mənim
məntəqə
mənşə
mənən
məqam
məqsad
məqəd
məram
mərc
mərci
mərd
mərifət
mərkəzi
mərmi
mərmərlə
mərt
məruz
mərz
mərç
mərək
mərəz
mərəzli
məs
məsih
məslək
məst
məsud
məsul
məsuliyyət
məsulyyət
məsəl
mət
mətbu
mətin
mətinlik
mətləş
mətn
məxfi
məxmərək
məxv
məxz
məxəz
məyus
məzac
məzar
məzkur
məzun
məzə
məzəli
məzəmmət
məğz
məşg
məşq
məşriq
məşrut
məşum
məşuq
məşux
məşx
məşğələ
məşəl
məşəlçi
n
nabat
nabor
nacaq
nacax
nadan
nadir
nafta
nagah
nagahani
nahaq
nahar
nahax
naib
naip
nakam
nakəs
nal
nalan
nalayiq
nalla
nallı
nalə
namaz
namazsız
namlu
namus
namöhkəm
namə
nan
nanay
nanıx
nanə
napak
napaklıq
naqan
naqil
naqis
naqqa
naqqalla
nar
narta
narın
nas
nasaz
nasazla
nasir
nasos
nasoslat
natiq
natix
natrium
navalça
navar
naxoş
naxır
naxış
naxışla
naxışsız
naxələf
nay
naz
nazik
nazikcə
naziklən
nazil
nazim
nazir
nazirlik
nazla
nazlı
naçaq
naçar
naçax
naçot
nağaraçı
nağaza
nağd
nağdı
nağt
nağıl
naşi
naşir
naşı
necə
nef
neft
neftçi
nehrə
nem
nemət
nen
neqliyyat
ner
nes
nesaj
netto
ney
neytral
nezaret
neçə
neş
nicat
nida
nidalı
nifaq
nifax
nifrətetmək
nigah
nigaran
nikah
nikel
nimfa
nimçə
nirx
nirç
nisbi
nisbətən
nisyə
nitg
nitq
nitx
niyaz
niyyətlə
niyə
nizam
nizamlaş
nizamsız
nizə
nişan
nişansız
nn
nobil
nobl
nohur
nokte
norma
norveçcə
not
nota
nov
novalça
novça
noxta
noxud
noğul
nur
nurlu
nusiqi
nökər
nömrə
nöqtə
növ
növbə
növbətçi
nüans
nüdafiə
nüfus
nüfuz
nüfuzlu
nüsxə
nüvə
nüştəri
nırh
nırx
nırç
nə
nəbi
nəbz
nəcib
nəcibanə
nəcis
nədim
nədə
nədən
nəf
nəfis
nəfli
nəfs
nəfər
nəfəs
nəfəssiz
nəgl
nəhr
nəhs
nəhv
nəktəb
nəm
nəmişli
nəmli
nəmlik
nəmçi
nənni
nənə
nəql
nəqli
nəqşə
nər
nərd
nərdi
nərdivan
nərt
nərə
nəsh
nəsib
nəsil
nəsilsiz
nəsim
nəsl
nəsr
nəsx
nəsə
nəvə
nəvəli
nəxr
nəxs
nəxv
nəzdində
nəzir
nəzm
nəzər
nəçi
nəğmə
nəğməkar
nəğməli
nəş
nəşr
nəşə
o
oarol
oba
oborka
obraz
ocag
ocaq
ocax
od
oddaq
oddax
oddağ
ode
odenis
odeyin
odla
odlan
odlat
odlatdır
odlu
odluq
odlux
odsuz
odun
oe
ofert
ofis
ofset
ogurlanib
ohlu
ohra
ohu
ohun
ohut
ohşa
okean
oksid
oktan
oktol
ol
olan
olay
olc
olma
olmaya
olu
om
oma
omar
omba
omeqa
omlet
omonimik
on
onaltı
onaltıncı
onbaşı
onbeş
onbeşinci
onbir
onbirinci
onda
ondoqquz
ondoqquzuncu
ondörd
ondördüncü
ongünlük
oniki
onikinci
onkoloq
onlar
onlayn
onluq
onlux
onodenisli
onqat
onsuz
onsəkkiz
onsəkkizinci
onun
onuncu
onunku
onyeddi
onyeddinci
onüç
onüçüncü
ooçt
opal
opera
opiat
optik
ora
orada
orag
oral
oralı
oraq
orax
oraya
orbit
orbitdə
ord
orda
orden
order
ordu
ordugah
ore
orijinal
orman
orqan
ort
orta
ortaq
ortodoks
ortuk
oruc
orucluq
oruç
orüş
ostur
osur
osurt
ot
otag
otaq
otar
otart
otarğa
otax
otel
otla
otlan
otlaq
otlar
otlat
otlu
otluq
otsuz
otur
oturt
otuz
otuzuncu
otyığan
otçalan
oul
oulsuz
ov
ova
oval
ovdan
ovdur
ovla
ovma
ovqat
ovsar
ovsun
ovuc
ovug
ovul
ovunmaz
ovuq
ovut
ovux
ovuç
ovxam
ovxar
ovçu
ox
oxala
oxlov
oxlovlan
oxlu
oxluq
oxra
oxu
oxucu
oxuma
oxun
oxut
oxvari
oxşa
oxşadıl
oxşar
oxşat
oy
oyag
oyan
oyaq
oyat
oyax
oydur
oyma
oymaq
oyna
oynan
oynaq
oynat
oynaş
oyu
oyucu
oyug
oyul
oyulmuş
oyum
oyun
oyuncu
oyunlar
oyuq
oyux
oyuçu
ozon
ozu
oçerk
oğlan
oğlaq
oğraş
oğru
oğrun
oğrunca
oğul
oğuz
p
pafos
paj
pak
paket
pakla
pakt
palan
palanlan
palaz
palitra
palma
palto
paltoluq
palçıqlı
palıd
palıdlıq
pamflet
panel
panorama
papa
papaq
papaqlıq
papax
papiros
papış
para
parad
parasız
parazit
parik
park
parket
parla
parnik
parodiya
parol
parta
partılda
parusin
parç
parça
parıldat
pas
pasaj
paslı
passiv
pasta
pasxa
pat
patka
pauza
pavilyon
paxla
paxmel
paxıl
paxır
pay
paya
payacıq
payla
paylaş
payçı
payız
paz
pazi
pazı
paça
paçka
paşa
pdəniş
pec
pedal
pedaqoq
pedoloji
pek
pemza
penis
penni
pens
penya
per
periton
pero
pes
petrol
peyin
peyinlə
peyk
peyman
peç
peşmanla
peşə
phishing
pic
pijon
pik
pike
piket
pillə
pilləkən
pilot
piltə
pilə
pilək
piləkli
pin
pinta
pinti
pinə
pion
pipet
pipik
pir
pirat
piroq
pirs
pis
pislə
piti
piton
pivə
pivəçi
piy
piyada
piyli
piylə
pizza
piç
pişi
pişik
pişka
pişto
plakatçı
plan
planer
plaş
plitə
plomb
plomblan
plov
plum
plyaj
plüş
poct
podratçı
podyayım
poema
poetik
poh
poker
polad
poliamid
poliqlot
polis
polk
poni
populist
populizm
poqon
porno
porsu
port
portal
portağal
portuqal
postulat
posılka
pota
potaş
pox
poz
poza
pozan
pozdur
pozdurul
pozma
pozul
pozulmaz
pozulmuş
pozuq
pozğun
poçt
praktika
praktiki
premium
press
prins
prinses
prinsip
printer
prixod
priz
pro
prob
profil
prop
proqram
proses
prostat
protest
prozaist
psixi
puc
pud
pudel
pudra
pul
pulcuq
pulgir
pullu
pulpa
pulsuz
puma
pus
pusma
pusqu
put
puta
putç
puç
puçal
puçur
pyes
pöhrə
pöhrələ
pört
püfə
pülək
püskür
püstə
püxtə
püşk
püştə
pənah
pəncə
pəncələ
pənir
pər
pərdi
pərdə
pəri
pərqu
pərt
pərçimlə
pərğu
pərə
pəs
pətə
pətək
pəyə
pəzəvəng
pəşo
q
qa
qab
qaba
qabalaş
qaban
qabaq
qabaqlıq
qabar
qabil
qabillik
qabla
qaboy
qabıq
qabıqla
qabıqlı
qac
qacla
qada
qadaq
qadağa
qadir
qadın
qafa
qafil
qafiyəli
qah
qaib
qaibanə
qaim
qaimə
qaip
qal
qala
qalalat
qalan
qalaq
qalat
qalay
qalereya
qalh
qalib
qall
qallac
qalma
qaloş
qalx
qalxan
qalxışma
qalım
qalın
qalınlan
qalıq
qamak
qamarlan
qamaş
qamaşıq
qamma
qamqalat
qamçı
qamış
qamət
qan
qana
qanacaq
qanad
qanalma
qanat
qanaxma
qanbir
qandalla
qandırıl
qane
qanlı
qanov
qanqal
qanqallı
qanqlı
qantökən
qanun
qanunsuz
qanvurma
qanıacı
qanıq
qanıqsa
qanır
qap
qapa
qapan
qapandar
qapaq
qapat
qapaz
qapi
qapma
qapı
qapıl
qapış
qaqa
qaqat
qaqaş
qaqqo
qaqqıltı
qaqum
qar
qara
qarabaş
qaraj
qaral
qaralt
qaranlıq
qarayara
qarağac
qari
qarla
qarlı
qarmon
qarnitur
qarov
qarovluq
qarp
qarrota
qarsaqla
qarsı
qart
qartlıq
qartı
qarus
qarğa
qarğı
qarğılan
qarğış
qarı
qarıldaş
qarın
qarıx
qarış
qarşı
qarşıdan
qarət
qas
qasid
qasidlik
qasnaqlı
qasıq
qasıqotu
qat
qataq
qatar
qatara
qati
qatil
qatla
qatlanan
qatlaş
qatlı
qatma
qatrançı
qatı
qatıl
qatılan
qatıq
qatır
qatış
qatışdır
qaval
qavra
qavrama
qavranıl
qax
qaxac
qaxma
qaxsı
qaxıl
qay
qaya
qayda
qaydalar
qayka
qayma
qaymaqlı
qayna
qaynaşma
qaysat
qaysı
qaysılıq
qaytar
qaytart
qayçı
qayğı
qayın
qayıq
qayır
qayıt
qayış
qayə
qaz
qazan
qazancla
qazax
qazdır
qazel
qazi
qazla
qazlı
qazma
qazon
qazçılıq
qazölçən
qazı
qazıl
qazın
qazıq
qazıt
qaç
qaçan
qaçaq
qaçaraq
qaçma
qaçqın
qaçın
qaçır
qaçış
qaçışçı
qaş
qaşan
qaşi
qaşov
qaşqa
qaşı
qaşın
qaşıq
qaşıqlı
qaşıt
qebz
qem
qeneya
qet
qey
qeyb
qeyd
qeydetmə
qeydiyat
qeydiyyat
qeyp
qeyr
qeyri
qeyt
qeyz
qiblə
qibtə
qic
qica
qici
qida
qidalan
qif
qig
qiji
qil
qin
qina
qir
qirp
qirt
qirx
qis
qisa
qisas
qisim
qism
qismət
qit
qitə
qiy
qiyafət
qiyam
qiymetlendirme
qiymə
qiymət
qiyyə
qiz
qiç
qiça
qiğ
qiş
qişa
qlobal
qnu
qnvan
qoboy
qobu
qobur
qobuz
qoc
qoca
qocal
qocalan
qoduq
qohu
qohum
qohumlaş
qol
qolay
qolazla
qolf
qolla
qollan
qollu
qom
qomla
qon
qonaq
qonorar
qonq
qonur
qonurlaş
qonuş
qonx
qonşu
qop
qopar
qopma
qopuz
qor
qora
qorh
qorla
qorlan
qorodki
qoru
qoruma
qorun
qorunan
qorunma
qoruq
qoruqçu
qorx
qorxaraq
qorxu
qorxudul
qos
qospital
qot
qotaz
qotazlı
qotik
qotur
qoturla
qov
qovaq
qovarlı
qovdur
qovdurt
qovla
qovlat
qovlu
qovluq
qovma
qovsaq
qovul
qovun
qovuq
qovur
qovut
qovuş
qovuşan
qovuşdur
qovza
qovğa
qovğalı
qovğaçı
qoxaq
qoxla
qoxu
qoxut
qoy
qoyan
qoyma
qoyul
qoyulma
qoyun
qoz
qoza
qozbel
qozlu
qozluq
qozlı
qoç
qoçaq
qoçu
qoçubaşı
qoğal
qoş
qoşa
qoşan
qoşasaat
qoşaş
qoşma
qoşqu
qoşul
qoşun
qraf
qrafa
qram
qran
qrant
qreyder
qrif
qrija
qril
qrim
qrimli
qrimləmə
qrip
qripli
qrup
qrıja
qu
quano
quaş
quba
qubar
qubka
quc
qucaq
qucu
qucul
qucum
quda
qudok
qudur
quduz
qul
qulan
qulaq
qullaba
qulp
qulun
qum
qumar
qumaş
qumla
qumlat
qumlu
qummi
qummiqut
qumru
qundaqlı
ququ
qur
qurama
quran
quraq
quraqlıq
qurasdir
quraşma
qurd
qurma
qurna
qurqur
qurs
qursa
qurt
qurtulma
quru
qurul
qurulat
qurulaş
qurulmuş
qurultay
qurum
quruma
qurumla
qurumlu
qurumuş
qurun
qurut
qurutdur
quruyan
quruş
qurğu
qurşa
qurşaqla
qurşat
qus
qusan
qusar
qusdurcu
qusma
qusmaq
qutan
qutu
quyla
quylan
quyma
quyu
quzey
quzu
quzum
quç
quş
quşbağrı
quşçu
qönçə
qövs
qövsi
qübbə
qübhə
qüdsi
qüllə
qürrə
qürub
qürur
qüssə
qüsur
qütb
qütp
qüvvə
qüvvəli
qıc
qıca
qıcan
qıcqırt
qıcı
qıcılı
qıcıq
qıcıqlan
qıcıqlat
qıcırt
qıdıq
qıdıqlaş
qıf
qıfıl
qıjov
qıjı
qıl
qılaf
qıllı
qılça
qılıq
qılıqlı
qılıqsız
qımız
qımış
qın
qına
qınan
qınanma
qınanmış
qınaq
qır
qıraq
qırbasan
qırh
qırla
qırlı
qırma
qırmabığ
qırov
qırp
qırra
qırt
qırtıq
qırx
qırxdır
qırxdırt
qırxıncı
qırxıq
qırçı
qırçınla
qırğı
qırıl
qırıq
qırış
qıs
qısa
qısabığ
qısal
qısalma
qısma
qısna
qısnat
qısqa
qısqı
qısıl
qısın
qısıq
qısır
qısırlıq
qıt
qıy
qıyla
qıyma
qıynaqla
qıyıl
qıyıq
qız
qızar
qızarış
qızcığaz
qızma
qızmar
qızıl
qızın
qızırqa
qızıx
qızış
qızışqan
qıç
qıça
qığ
qığla
qığlama
qığlat
qığıldaş
qış
qışda
qışla
qışlaq
qışlat
qışqır
qışqırıq
qəbih
qəbihlik
qəbil
qəbir
qəbiz
qəbr
qəbul
qəbz
qəbzə
qəbül
qədd
qəddar
qəddə
qəddət
qədim
qədimdə
qədimi
qədir
qədlə
qədt
qədəh
qədək
qədəm
qədər
qəfil
qəfillik
qəfəs
qəhbə
qəhr
qəhvə
qəhər
qəhərlən
qəhət
qəhətlən
qəlb
qəlbi
qəlbiləş
qəlib
qəliz
qəlp
qəlpə
qəlsəmə
qəlyan
qələm
qələt
qələtsiz
qəm
qəmiş
qəmli
qəmzə
qəmə
qəmər
qənaətlə
qənbərli
qənd
qənim
qənnadçı
qənt
qəpik
qəpiklik
qərar
qərargah
qərb
qərbi
qərbə
qərib
qərp
qərq
qərx
qərəz
qərəzsiz
qəsb
qəsd
qəsidə
qəsp
qəsr
qəst
qəsəm
qət
qətfə
qəti
qətl
qətrə
qətən
qəxr
qəyur
qəza
qəzal
qəzet
qəzil
qəzəb
qəzəbli
qəzəl
qəşiş
qəşş
qəşən
r
racə
radar
radikal
radio
radon
rahat
rahatlaş
rahib
rahla
raket
raketka
ramazan
rampa
ranet
rant
ranço
raps
rast
ratin
raund
raxit
rayihə
rayihəli
rayon
razi
razı
razılaş
razılıq
real
redaktor
ref
rejim
reket
reklamçı
rekord
rektor
rele
relefon
rels
renta
rentgen
reostat
reqbi
residiv
resmi
restoran
retuş
revanş
reverans
revolver
rey
reyd
reyhan
reyka
reys
reyt
reyting
rezin
rezol
riayət
rica
ricət
rif
rifah
riformat
rikşa
rinq
rinx
risk
riskli
ritm
ritorika
riya
riz
rizə
riçal
rişxənd
rişə
rişəli
rn
robot
rok
rol
rolik
rom
roman
romantik
romb
romp
rota
rotator
rotor
royal
rozetka
rr
rub
rubl
ruh
ruhi
ruhlu
ruhən
rul
rulet
rulon
rum
rumın
rupi
rupor
rus
rusca
rux
ruxi
ruzi
ryusum
rövnəq
rövzə
röya
rüb
rübab
rübai
rübənd
rüp
rüsum
rüsumlu
rütbə
rısak
rəbb
rəbp
rəbt
rədd
rədt
rəf
rəfiq
rəftar
rəhlükəsizlik
rəhm
rəhn
rəis
rəklif
rəml
rəmz
rəmzi
rəna
rəndə
rəng
rəngləmə
rənglən
rənk
rəqib
rəqs
rəqəm
rəsim
rəsm
rəsmi
rəsul
rəvac
rəvan
rəxm
rəxn
rəy
rəyincə
rəyçi
rəzil
rəzə
rəşid
s
saat
sabah
sabiq
sabit
sabitlik
sabun
sac
sacın
sad
sadalama
sadaq
sadağa
sadiq
sadə
saf
safla
sag
saglamliq
sah
sahib
sahil
sahə
sail
sair
sairə
sait
sakin
sakit
sakitlik
sal
salam
salat
saldo
saleh
salla
salma
salnamə
salon
salyut
salçı
salın
sam
saman
sambo
sami
samit
samur
san
sana
sanan
sanat
sanc
sancan
sancı
sanki
sanskrit
sanç
sanıl
sap
sapan
sapla
saplı
sapma
sapıt
saqa
saqi
saqqa
saqqallı
saqqo
saqqolu
sar
saral
saray
sarağan
sari
sarja
sarp
sarqı
sarsaqla
sarsı
sarsılma
sarsıtma
sarğı
sarı
sarıl
sarılıq
sarımtıl
sarın
sarıq
sarıqlı
sarıt
sarıyan
sarış
sat
sataş
satin
satis
satma
satmaq
satqı
satıl
satış
sauna
sava
savab
savad
savaş
sax
saxla
saxlanma
saxsı
saxta
saxə
say
saya
sayaq
sayca
saylı
sayma
saymama
sayrı
sayt
saytal
sayğı
sayıl
sayılan
sayıq
sayə
saz
sazan
sazaq
saziş
sazla
sazlaş
saç
saçaq
saçla
saçlı
saçma
saçsız
sağ
sağa
sağal
sağda
sağlamlıq
sağma
sağrı
sağrılı
sağıl
sağım
sağın
sağır
sağırlaş
saşe
seans
sebeke
sebet
sec
sef
sefeh
seh
sehr
sehrlən
sehv
sek
sekil
seks
sekta
sektor
sel
seladon
selik
sellə
semestr
seminar
semit
sen
senat
sent
sentyabr
senyor
senz
sep
septik
ser
serb
serp
serum
server
servis
ses
sessiya
setan
setka
sev
sevda
sevgi
sevgilim
sevil
sevim
sevin
sevinc
sevindir
seviş
sevmə
sevmək
sevən
sex
sexr
sey
seyahet
seyf
seyid
seyr
seyrci
sez
sezil
sezmə
seç
seçil
seçim
seçki
seçkiçi
seçmə
sfera
sheher
shem
siam
sian
sicim
sidik
sidr
sie
sifal
sifaris
sifarisci
sifariş
sifirla
sifon
sifre
siftə
sifət
sig
sigorta
sik
sikiş
sikkə
sikl
sikmə
sil
silah
silgi
silikat
silin
silindr
silk
silkə
silkələn
sill
sillə
silmə
silos
silə
sim
sima
simfonik
simi
simic
simli
simlə
simlən
sin
sina
sinc
sincab
sindikat
sinfi
sini
sinif
sinir
sink
sinli
sinmə
sinn
sinqa
sintaqm
sinus
sinç
sinə
sinək
siol
sipa
sipər
siq
siqar
siqnal
sir
sira
sirdaş
sirf
siri
sirk
sirket
sirkon
sirkə
sirli
sirop
sirr
sis
siser
sisli
sit
sital
sitat
sitra
sitəm
siv
sivil
siviş
sivri
sivriləş
sivrə
six
siy
siyir
siymə
siz
sizcə
siçan
siğ
siğə
skafandr
skandium
skanla
skat
sketç
skif
skleroz
skuns
slash
slayd
slıcı
slış
smeta
smoq
smox
sms
soba
soda
sofi
softver
soh
sohbet
sok
soket
sol
sola
solidol
sollaş
solma
solo
soltan
soluq
solux
solçuluq
solğun
som
somen
somnabul
somun
son
sona
sonbeşik
sonda
sonet
sonor
sonra
sonuncu
sopa
soprano
sor
soraq
sorgu
sorgusu
sorma
sort
soru
sorul
soruş
sorğu
sosial
sote
sous
sov
sovet
sovka
sovru
sovul
sovur
sovuş
sox
soxul
soy
soya
soyad
soyma
soyu
soyul
soyun
soyuq
soyuqlar
soyut
soz
soğan
soğanlıq
spam
sperma
spiker
spirt
spor
sport
spurt
ss
ssenari
ssuda
staj
stajor
standart
start
statika
statut
stayer
stellaj
stend
step
stil
stiqma
stol
stul
su
sua
sual
suala
sualsız
suaxan
subasımı
subay
subaylaş
subaylıq
subyekt
suc
sucuq
sucə
sud
suda
sudok
sudur
suf
sufi
sufilik
suita
suiti
sula
sulama
sulan
sulandır
sulaq
sulat
sulu
suluf
suluq
sum
sumaq
sumax
sumka
sumqayıt
sup
supheli
sur
suretli
surroqat
surğuc
surət
sus
susa
susal
susat
susma
susuz
susuzla
sutenyor
sutka
suva
suvacaq
suvan
suvaq
suvar
suvarıcı
suvat
suvaş
sux
suy
suyul
suz
suzu
suç
suçla
suçlu
suçluluq
suçu
suçəkən
suüstü
svastika
svita
sviter
sxem
sxtarış
szərbaycan
söbə
sök
sökmə
sökük
sökül
sökülmə
söküntü
sökə
sön
sönmə
sönük
sönən
sörf
sörfçü
sövda
sövdə
sövdələş
sövlət
sövq
sövx
söy
söykə
söykəkli
söylə
söylənil
söymə
söyuş
söyüd
söyül
söyüş
söyüşkən
söyən
söz
sözbəsöz
sözlü
sözlə
sözönülü
sübh
sübhdən
sübut
sübx
süd
südaşı
südlü
südqabı
südçü
süfrə
süjet
süjetsiz
sükan
sükut
sülh
sülx
sülük
sülən
sülənən
sümsü
sümük
sümüksüz
sümükunu
sümür
sünbə
süngü
süni
sünni
süpür
süpürgə
süpürüş
süqut
sür
sürdürül
sürfə
sürgü
sürmə
sürt
sürtülmə
sürvə
sürçək
sürü
sürül
sürülmə
sürün
sürüş
sürüşdür
sürüşkən
sürüşək
sürək
sürət
sürətli
süs
süst
süsən
süt
sütun
sütün
süxur
süz
süzmə
süzül
süzülmüş
süzən
süzənək
sıcaq
sıfır
sıfırıncı
sıh
sın
sına
sınan
sınaq
sınma
sınqa
sınıq
sınıqlıq
sınıx
sıpa
sıpıx
sıqan
sıra
sıratağ
sırf
sırma
sırğa
sırı
sırın
sırıq
sırıt
sırış
sısqa
sısqalaş
sıtqa
sıx
sıxac
sıxan
sıxca
sıxcam
sıxma
sıxçala
sıxıl
sıxış
sıyıl
sıyıq
sıyıqlat
sıyır
sız
sızanaq
sızaq
sızla
sızma
sızıl
sıçra
sıçrantı
sıçrat
sıçratma
sıçrayış
sığ
sığal
sığallaş
sığım
sığın
sığır
sığırçı
sığış
səadətli
səba
səbat
səbir
səbr
səbəb
səbət
səcdə
səda
sədarət
sədd
sədo
sədr
sədt
sədəf
səf
səfa
səfasiz
səfeh
səfehlik
səfhə
səfil
səfir
səfra
səfər
səhf
səhhət
səhih
səhləb
səhnə
səhnədə
səhnəyə
səhra
səhv
səhər
sək
səki
səkkiz
səkkizinci
səksən
səksəninci
səlib
səlis
sələ
sələf
sələm
sələmçi
səma
səmavi
səmaya
səmimi
səmir
səmt
səmum
səmərə
sən
səna
səncə
səngi
səngit
səngər
sənin
sənəd
sənək
sənəm
sənət
səp
səpgi
səpil
səpin
səpiş
səpki
səpmə
sər
sərf
sərfə
sərgi
səril
sərin
sərraf
sərsəmlə
sərt
sərv
sərçə
sərəfraz
səs
səsboğan
səsli
səslə
səslən
səstək
səsudan
səth
səthi
sətir
sətri
sətx
səvər
səxv
səy
səyir
səyli
səylə
səyri
səyyah
səyyarə
t
ta
taam
tab
tabaq
tabe
tabel
tabesiz
tablet
tablo
tablı
tabu
tabut
tac
tacik
tacir
tacsız
tag
tah
taht
taksi
takt
tala
talan
talaq
talat
talatdır
tale
talon
tam
tamah
tamam
tamamla
tamamlaş
tamamən
tamlı
tana
tani
tank
tanqo
tanrı
tanı
tanın
tanınma
tanınmış
tanıt
tanış
tap
tapan
tapda
tapmaca
tappatap
tapıl
tapın
tapış
tapşırma
taqət
taqətsiz
tar
tara
tarac
taraz
taraş
tarif
tarix
tarla
tarlaçı
tarçı
tarım
tas
tatar
tataran
taun
tava
tavan
tavot
tax
taxt
taxta
taxtabaş
taxça
taxıl
tay
taya
tayfa
taylı
taymer
tayta
tazi
tazı
taç
taçka
tağ
tağlı
tağım
teatr
teb
tecili
tehluke
tehlukeli
tehlukesiz
tehlukesizlik
tehsil
teist
teizm
tek
teklif
tekmillesdir
tel
telefon
telifon
telim
telli
telsiz
tem
tema
tembr
temp
templ
tempo
ten
tenor
tent
tep
ter
terapevt
teras
termos
tesdiq
tesdiqle
tesdiqlenmis
tesma
tesp
tetbiq
tez
teze
tezis
tezkeçən
teşt
tibb
tibbi
tibp
tif
tifaq
tifil
tifli
tig
tigel
tiha
tik
tikan
tikdir
tikdiril
tikil
tikilmiş
tikiş
tikişsiz
tikmə
tikə
tikən
tilda
tilov
tilsimlə
timov
timsal
tin
tində
ting
tingə
tink
tip
tipik
tir
tirada
tiraj
tiran
tire
tirli
tirmə
tirə
tisək
titan
titr
titrə
titul
titə
tix
tixa
tiyə
tiğ
tişə
toh
toha
tohu
tok
tokar
token
tol
tolerant
tom
tomağa
ton
tonometr
tonus
top
topa
topal
topla
toplama
toplanan
toplantı
toplu
topoqraf
toppuz
topuq
topçu
toqqa
toqqala
toqqasız
tor
toran
torba
torf
torlu
tormozla
tort
torta
torçu
tost
totem
totuq
totuqlaş
totuş
tovla
tovuz
tox
toxa
toxac
toxlama
toxmaqlı
toxta
toxu
toxum
toxuma
toxumluq
toxun
toxunma
toxut
toy
toyuq
toz
tozcuq
tozla
tozlaş
tozlu
tozsuz
tozvari
toğlu
tral
trans
tranzit
trek
trel
trest
triko
trio
triol
tromb
tros
truba
tufan
tufli
tug
tuk
tukan
tul
tula
tulla
tuluq
tuluqlu
tum
tumac
tuman
tumançaq
tumar
tumarlat
tumlu
tumov
tumsuz
tun
tunc
tunel
tunç
tupik
tur
turac
turp
turş
turşu
turşulaş
turşuluq
tus
tut
tutac
tutan
tutar
tutarlı
tutaş
tutdurul
tutma
tutul
tutum
tutuş
tutuşma
tuva
tuz
tuğ
tuş
tuşla
tuşlan
tvid
tvist
tvit
töhfə
tök
tökdür
tökmə
tökül
törpü
törpülət
törə
törən
törət
tövbə
tövlə
tövr
tövşü
töycü
tübik
tük
tüklü
tükən
tükənən
tükət
tül
tülkü
tülü
tülüngü
tülək
tün
tünd
tündləş
tünt
tüpür
türbə
türk
türklər
türkü
tüstü
tüstülən
tüstülət
tütün
tütək
tıh
tıha
tıx
tıxa
tıxac
tıxan
tıxlı
tığ
tığla
tığın
təb
təbabət
təbib
təbiblik
təbii
təbil
təbir
təbiətçi
təbliğat
təbliği
təbəə
təcil
təcili
tədbir
tədbirli
təfsirçi
təhkiyə
təhlükəsiz
təhlükəsizlik
təhqiqat
təhsilli
təhər
tək
təkan
təkbətək
təkcə
təkid
təklif
təklə
təklət
təknə
təknəcik
təkqanad
təkə
təkər
təkərcik
təkərli
təkətək
təlaş
təlh
təlim
təlqin
təlx
tələ
tələb
tələbkar
tələbçi
tələffüz
tələs
tələsən
təm
təmas
təmin
təmir
təmiz
təmizkar
təmli
təmsil
təmsilçi
təməl
təməlsiz
təmənna
tən
tənasül
təngi
tənha
tənləş
tənti
təntik
təntənə
tənzif
tənə
tənək
təp
təpi
təpik
təpil
təpin
təpit
təpmə
təpə
təpəl
təpəlik
təpər
təqaüd
təqib
tər
təraşçı
tərgi
tərif
tərk
tərkləş
tərli
tərlə
tərs
tərz
tərəf
tərəfkeş
təsadüf
təsdiq
təsdiqlə
təshihat
təsir
təsis
təslim
təsək
tətik
tətil
təvəkkül
təxir
təxəllüs
təyin
təyini
təz
təzad
təzadsız
təzim
təzə
təzəcə
təzək
təzələt
təşviqat
təşəkkür
təşəkür
təəssüf
u
uc
uca
ucal
ucalt
ucalıq
ucasəsli
uclu
ucluq
ucqar
ucsuz
ucus
ucuz
ud
udan
uddur
udlaq
udma
udmaq
udqun
uducu
udul
udum
udus
uduz
uduzmaq
uduş
ufala
ufaq
ufax
ufulda
ugursuz
ula
ulama
ulan
ulaq
ulas
ulax
ulaş
ulduz
ulu
um
umsun
umsuq
umsut
umumi
un
uni
unitaz
universitet
unla
unlat
unlu
unut
unutma
unvan
unversitet
ur
uran
urk
url
urna
urvat
usan
usanmaz
user
ust
usta
ustad
ustayana
ustifadəçi
ustub
usu
utan
utu
uy
uyar
uydur
uyma
uyu
uyuq
uyut
uyux
uyuş
uyuşqan
uyğun
uyğur
uzan
uzanmış
uzaq
uzat
uzatma
uzax
uzağa
uzağı
uzlaş
uzr
uzun
uzunbığ
uzunlat
uzunu
uzunyal
uzv
uzvluk
uç
uçan
uçar
uçma
uçmuş
uçot
uçqun
uçucu
uçul
uçun
uçuq
uçur
uçurt
uçurum
uçux
uçuş
uğra
uğrat
uğun
uğundur
uğur
uğurlama
uğursuz
uşaq
uşaqlıq
uşax
v
vacib
vadi
vafli
vag
vahid
vaht
vahə
vaiz
vaizlik
vaks
vaksa
vakuum
vakı
val
valet
vali
validasiya
vals
vanil
vank
vanna
vapor
vaqif
vaqiə
vaqon
var
varis
varlı
varvar
vaterpol
vatin
vatt
vaveyla
vaxt
vaxtilə
vaxtkən
vaxtsız
vaxtında
vaxə
vay
vayıldan
vaz
vaza
vağ
vağam
vağlama
vaşaq
veb
vebusta
ved
vedrə
vel
velur
velür
ven
vena
venoz
vep
ver
veranda
verdir
verf
vergi
vergiler
veril
verilən
vermişel
vermə
vermək
verən
vestibül
veto
vetçina
veyil
veyl
vez
vezife
vicdan
vicdanla
vida
video
villa
vinil
vint
viola
viper
viraj
viran
virus
viski
viskozlu
vitrin
viza
vizit
vokal
volan
volebol
volt
votum
vur
vuran
vurma
vurnux
vurnuxan
vurul
vurulmuş
vuruq
vuruş
vurğu
vv
vücud
vücudlu
vüqar
vüqarla
vüqarlı
vürok
vüsal
vüsət
vıcıldaş
vıjılda
vımpel
vıqqıltı
vığıldaş
vışka
və
vəba
vəcd
vəcdli
vəct
vəd
vədə
vədəsiz
vəfa
vəfalı
vəfat
vəhy
vəhşi
vəkil
vəl
vəlayaq
vəliəhd
vələs
vən
vəngilti
vər
vərəm
vərəq
vəsmə
vət
vətəgə
vətən
vətənsiz
vətər
vəxy
vəz
vəzi
vəzir
vəziyyət
vəzn
vəzyət
v̇
w
x
xac
xacə
xadim
xahiş
xahişçi
xain
xak
xaki
xal
xala
xalaqızı
xalat
xali
xaliq
xalis
xalla
xallı
xalq
xalta
xalx
xalça
xalı
xalıçı
xalə
xam
xama
xami
xamla
xamlıq
xamut
xamuş
xamı
xamıt
xan
xana
xanalı
xanım
xaos
xaqan
xaqq
xar
xara
xarab
xaraba
xaral
xaric
xaricdə
xaricdən
xarla
xartılda
xartılti
xas
xassə
xata
xatir
xatın
xava
xaxam
xay
xaya
xayiş
xaç
xaça
xaçla
xaş
xaşal
xeberdarliq
xeberler
xeca
xeres
xey
xeyf
xeyir
xeyli
xeymə
xeyr
xeyri
xez
xeç
xidmet
xidmət
xifz
xil
xilaf
xilas
xillə
xilt
xim
ximer
ximirçək
ximn
xin
xina
xir
xirid
xirs
xis
xiss
xitab
xitam
xiyar
xizək
xiş
xlor
xoduq
xof
xoflu
xol
xon
xonsa
xonça
xop
xor
xora
xorda
xorla
xorna
xortdan
xorum
xoruz
xos
xosbext
xosunlaş
xotma
xov
xovla
xovlu
xoş
xoşbəxt
xoşla
xoşluqla
xoşsəs
xoştəb
xoşu
xoşüz
xren
xrom
xromlan
xuk
xulu
xumar
xumargöz
xunta
xuri
xurma
xuruş
xuş
xökm
xör
xörək
xövl
xülya
xünü
xür
xürk
xüsn
xüsusi
xüsusən
xütbə
xüzn
xılt
xına
xınagülü
xır
xırda
xırlı
xırmançı
xırxı
xırçı
xıxla
xış
xışla
xışmala
xəb
xəbis
xəbs
xəbər
xəbərlər
xəcc
xəcil
xəcm
xəcv
xədd
xədim
xədə
xəfif
xəfə
xəkk
xəkə
xəll
xəlq
xəlvət
xəlvətlə
xəlx
xələ
xələf
xələl
xələt
xəm
xəmir
xəmirgir
xəmrə
xər
xərac
xərb
xərc
xərf
xərç
xərə
xərək
xərəkçi
xəsis
xəstə
xəta
xətdə
xətib
xətli
xətlə
xətmi
xətt
xətti
xətər
xəya
xəyal
xəz
xəzan
xəzli
xəzm
xəzri
xəzz
xəzçi
xəzəl
xəşil
xəşəm
y
ya
yaba
yabi
yabı
yad
yadca
yaddaş
yadlaş
yag
yah
yaha
yahı
yak
yakut
yal
yala
yalan
yalaq
yalaş
yalik
yalla
yallı
yalman
yalmanla
yalqızca
yalvarış
yalın
yalınbaş
yama
yamac
yaman
yamaq
yamaqsız
yamb
yamp
yan
yana
yanan
yanaq
yanar
yanaş
yandan
yandır
yani
yanki
yanla
yanlış
yanma
yantövrü
yanğı
yanı
yanıl
yanından
yanıq
yanıqlı
yanıx
yanşa
yap
yapon
yapıl
yapıx
yapış
yaqut
yar
yara
yaradıcı
yaradıl
yaral
yaramaz
yaran
yaraq
yararlaş
yarat
yaratma
yaraş
yard
yardim
yardırt
yari
yarlıq
yarma
yart
yarus
yarı
yarıl
yarım
yarımbak
yarın
yarıq
yarıt
yarış
yas
yasaq
yasin
yastı
yastıbaş
yastılat
yastıq
yastıqca
yat
yatab
yatan
yataq
yatma
yatım
yatıqlıq
yatır
yatış
yava
yavan
yavaş
yavaşıt
yavru
yavər
yavərlik
yax
yaxa
yaxdırt
yaxi
yaxma
yaxsi
yaxta
yaxud
yaxı
yaxıl
yaxın
yaxında
yaxından
yaxşı
yaxşılıq
yay
yayan
yayda
yaydırt
yayim
yayla
yaylaqla
yaylım
yayma
yayxan
yayıl
yayım
yayın
yaz
yazan
yazda
yazdır
yazi
yazla
yazma
yazı
yazıl
yazıq
yazış
yağ
yağan
yağdırt
yaği
yağla
yağlı
yağma
yağmala
yağsız
yağı
yağır
yağış
yaş
yaşa
yaşar
yaşat
yaşayış
yaşla
yaşlan
yaşlı
yaşıd
yaşıl
yaşıllaş
yaşın
ye
yeddi
yeddinci
yedir
yedək
yedəklən
yeger
yein
yek
yekahəng
yekrəy
yekun
yekunda
yekə
yekəl
yel
yelin
yelkənçi
yellə
yellədil
yellən
yellət
yelən
yelənsiz
yem
yemek
yemiş
yemlə
yemləmə
yemlən
yemlənmə
yemə
yemək
yengə
yeni
yenil
yenile
yenilik
yenot
yenə
yer
yerbəyer
yerdə
yereşən
yeri
yerik
yerit
yeritmə
yeriş
yerli
yerləş
yerölçən
yerüstü
yet
yetim
yetir
yetiş
yetmiş
yetmişinci
yetən
yetər
yetərsiz
yeyil
yeyin
yeyə
yeyən
yeznə
yeşik
yig
yirt
yiv
yivli
yix
yiyə
yiğ
yod
yodla
yodlu
yog
yoh
yol
yolka
yolkəsmə
yolla
yolmala
yolpala
yolu
yolun
yoluq
yolux
yolçu
yon
yonca
yonma
yonqu
yonul
yoq
yor
yort
yorul
yorğa
yorğunla
yosma
yosmalıq
yosun
yot
yovşan
yox
yoxla
yoxlama
yoxlanilmis
yoxlayış
yoxsa
yoxsul
yoxul
yoxuş
yoxuşlu
yoz
yozma
yoğun
yoğunluq
yoğur
yu
yuban
yubat
yubiley
yubka
yuha
yuhu
yuk
yukle
yulaf
yulğun
yum
yuma
yumaq
yumdurt
yumma
yumor
yumru
yumul
yun
yunan
yunlu
yunçu
yupyumru
yuqoslav
yurd
yurt
yut
yuva
yuvacıq
yuvaq
yuvasız
yuxa
yuxarı
yuxu
yuxula
yuyan
yuyul
yuyun
yuz
yön
yönlü
yönəl
yönəlt
yük
yüklü
yüklə
yükləmə
yüklənmə
yüksüz
yükçü
yürüt
yürüş
yüyür
yüyən
yüz
yüzüncü
yıh
yırt
yırğa
yırğala
yıx
yıxma
yıxmaq
yıxıl
yığ
yığan
yığma
yığıl
yığım
yığımcıl
yığın
yığış
yəhudi
yəhər
yəhərli
yəni
yəqin
yəqini
z
zabit
zad
zadə
zag
zahi
zahid
zahir
zahirdə
zahı
zail
zal
zalım
zaman
zamaska
zamin
zamşa
zanqıltı
zaqs
zar
zari
zarlı
zarı
zastava
zat
zatən
zaval
zavod
zaxı
zay
zaçot
zağ
zağa
zağar
zağca
zağla
zağlı
zağça
zağçı
zebr
zebu
zefir
zeh
zehin
zehli
zehn
zehni
zeng
zenit
zer
zerer
zererli
zererliproqram
zex
zexn
zey
zeytunçu
zibil
zidd
zidt
zifaf
zift
zig
zikr
zil
zillə
zillət
zilx
zina
zindan
zinq
zinət
zinətli
zinətlə
zinətlən
zireh
zirehli
zirehlən
ziri
ziriş
zirvə
zirzəmi
zirə
zirək
zivə
zivər
ziya
ziyan
ziyil
ziğ
zob
zod
zodla
zodlu
zog
zol
zola
zolaq
zolla
zona
zonal
zond
zont
zontik
zoopark
zop
zopa
zopalan
zopu
zor
zorba
zorla
zorlu
zot
zoğ
zoğal
zoğla
zoğlu
zubr
zurna
zuy
zökəm
zövc
zövcə
zövq
zövx
zövç
zühur
zülal
zülf
zülm
zümrüd
zümrə
züy
züyüldə
zıl
zılh
zıllı
zılx
zılıq
zınq
zınx
zıqqı
zırpı
zırrama
zırı
zığ
zığla
zığlı
zığlılıq
zəbt
zəbtetmə
zəbun
zəbərlər
zədə
zədələn
zəfər
zəfəran
zəhləkar
zəhm
zəhmətli
zəhr
zəhər
zəhərlət
zəif
zəka
zəkat
zəli
zəlil
zəmi
zəmin
zənci
zəng
zənk
zənn
zənən
zənəx
zər
zərb
zərbə
zərd
zərf
zərif
zərli
zərlə
zərp
zərrə
zərt
zərçəkən
zərər
zərərli
zəxm
zəxr
zəy
zəyli
¡
Ì
Í
Î
Ï
Þ
ß
à
á
â
ã
ä
å
æ
ç
çabalat
çadra
çadralı
çadır
çah
çal
çala
çalar
çaldır
çali
çalla
çalma
çalov
çalsaç
çalxa
çalğı
çalı
çalın
çalış
çalışdır
çamır
çanaq
çanta
çap
çapaq
çapar
çapma
çapçı
çapıl
çapıq
çaqqal
çar
çargül
çarh
çarp
çarx
çarxla
çarxlat
çarıq
çarə
çat
çatdırıl
çatdırılma
çati
çatla
çatlat
çatma
çatı
çatıl
çatış
çavuş
çax
çaxır
çay
çayçı
çağ
çağa
çağla
çağır
çağırıl
çaş
çaşan
çaşma
çaşır
çeh
çek
çem
çen
çep
çevik
çevikləş
çevir
çevrə
çex
çexol
çeynə
çeçə
çeçələ
çeşid
çeşmə
çiban
çidar
çil
çilik
çilli
çillə
çilə
çilən
çilət
çim
çimdik
çimdirmə
çimli
çimlə
çimmə
çin
çinar
çincə
çini
çinli
çinlə
çinədan
çirk
çirkin
çirkli
çirklik
çirkləş
çirkət
çirp
çisə
çit
çitə
çitən
çiv
çivlə
çivzə
çix
çixma
çiy
çiyid
çiyin
çizgi
çizgilən
çiçək
çiçəklə
çiğ
çoban
çocuq
çodar
çoh
çohu
çolaq
çolpa
çomaq
çopur
çox
çoxal
çoxalma
çoxlu
çoxnövçü
çoxsaylı
çoxtutan
çoxu
çoxyeyən
çoşka
çoşqa
çubuq
çuha
çul
çulla
çullu
çulğa
çuqun
çust
çutku
çuval
çuvaş
çuxa
çuxalı
çuxur
çuğul
çuğulluq
çök
çökmə
çökük
çökək
çökəl
çöl
çöldə
çöllü
çölə
çöm
çömçə
çöməl
çön
çöp
çörək
çötkə
çöz
çözüm
çürü
çürük
çürüt
çıh
çınqıllı
çıqqıltı
çıraq
çırma
çırp
çırpı
çırtla
çırtmala
çıtız
çıx
çıxan
çıxar
çıxarma
çıxarıl
çıxdaş
çıxma
çıxmamış
çıxılma
çıxım
çıxıq
çıxış
çığ
çığır
çığırğan
çəbəkə
çək
çəki
çəkic
çəkil
çəkilmiş
çəkin
çəkisiz
çəkiş
çəkişmə
çəkmə
çəlik
çəm
çəmən
çən
çəng
çəngə
çənk
çənli
çənə
çəp
çəpik
çəpiş
çəpər
çərlə
çərlət
çərt
çərtik
çərtil
çərvi
çərçi
çərək
çərən
çərəz
çətin
çətir
è
é
ê
ë
í
î
ï
ñ
ó
ô
ö
öc
öcəş
öd
öddək
öde
ödlük
ödə
ödək
ödəmə
ödən
ödəniş
ödət
öfgə
ögey
öhdə
öküz
öl
öldür
ölgün
ölkə
ölmüş
ölmə
ölməz
ölç
ölçmə
ölçü
ölçül
ölü
ölüm
ölüncə
ölüşkə
ölən
ölənlər
öləri
ömrüaz
ömür
ön
öncül
öncə
öncəki
öndə
öndən
öndər
önlük
önlüklü
önəm
önəmli
öp
öpdür
öpül
öpüş
öpüşdür
öpən
ördək
öre
örnək
örpək
ört
örtdürt
örtü
örtük
örtül
örtülmüş
örtün
örtüncək
örüş
örə
öskür
öt
ötgün
ötkəm
ötmüş
ötmə
ötrü
ötür
ötürmə
ötüş
ötən
ötəri
övlad
övrət
öxdə
öy
öymə
öynə
öyrədici
öyrədən
öyrən
öyrət
öyrəş
öyrəşdir
öyü
öyüd
öyümə
öyün
öyüt
öz
özbək
özbəkcə
özgə
özü
özül
özünü
özünə
özək
özəksiz
özəl
ø
ù
ú
û
ü
üdülə
üflə
üflən
üfüq
üfüqi
üfür
üfürt
üfüx
üiymət
ülfət
ülgü
ülgüc
ülkər
ülvi
ümail
ümdə
ümid
ümit
ümman
ümmət
ümumi
ün
ündirim
üni
ünlə
ünsür
ünvam
ünvan
ünvanlı
ür
ürfan
ürk
ürkü
ürküdül
ürküt
ürküş
ürküşdür
ürkək
ürpən
ürpər
ürpəş
üryan
ürəfa
ürək
üskük
üslub
üst
üstdə
üstüaçıq
üstün
üstündə
üstəlik
üsul
üsuli
üsyan
üsyankar
üsyançı
üt
ütü
ütük
ütül
ütülü
ütülə
üyün
üyüt
üyüş
üz
üzbəgöz
üzdən
üzgü
üzgün
üzgəc
üzlü
üzlük
üzlə
üzlən
üzlət
üzləş
üzləşmə
üzmə
üzmək
üzr
üzrlü
üzsüz
üzv
üzvi
üzçəkmə
üzüağ
üzüağlıq
üzücü
üzüdönük
üzük
üzül
üzüm
üzünə
üzüüstə
üzüş
üzən
üç
üçbir
üçcə
üçgöz
üçgözlü
üçgül
üçlük
üçlükdə
üçoh
üçox
üçqat
üçrəngli
üçtaylı
üçxətli
üçün
üçüncü
üçəm
üşü
üşüt
ý
ÿ
ă
ć
ċ
č
đ
ē
ĕ
ė
ę
ě
ĝ
ğ
ġ
ģ
Ĩ
Ī
Ĭ
ĭ
Į
İ
ı
ılaqə
ł
ń
œ
ś
ŝ
ş
şad
şadara
şadlaş
şah
şahad
şahadlıq
şahanə
şahi
şahid
şahin
şahrah
şahı
şahə
şahənşah
şair
şairə
şakər
şal
şala
şam
şaman
şamil
şamlı
şamçı
şan
şana
şani
şanlı
şans
şanı
şaperon
şapka
şappadan
şaqqa
şaqqılda
şaqqıltı
şaqul
şar
şassi
şat
şatır
şax
şaxlı
şaxta
şaxtalı
şaxı
şaxşax
şaxə
şayba
şayiə
şayəd
şaşka
şef
şeh
şehli
şehlə
şehlən
şehsiz
şeir
şen
şer
şex
şey
şeyda
şeyh
şeyx
şeşə
şhun
şibyə
şiddətlə
şie
şifer
şifon
şifr
şifrə
şikar
şil
şillə
şillələn
şilə
şimal
şin
şinel
şinlə
şinçi
şinəbub
şiq
şir
şirin
şirkət
şirlə
şirma
şirni
şirçi
şirə
şist
şit
şitil
şiv
şivə
şivən
şiğa
şiği
şiş
şişlə
şişlən
şişmə
şişək
şişən
şiə
şkaf
şkala
şkiv
şlak
şlanq
şlem
şleyf
şlyupka
şlüz
şofer
şoferlik
şor
şora
şoran
şorba
şortu
şose
şotka
şoumen
şovinizm
şpal
şpat
şpil
şpindel
şpion
şpionluq
şpon
şpor
şpris
şrift
şrup
ştab
ştamp
ştanq
ştap
ştapel
ştat
ştil
ştrix
şturman
şuh
şuluq
şuluqluq
şum
şumal
şumer
şumla
şumlan
şunt
şup
şur
şura
şuriş
şurup
şux
şxun
şöbə
şöhrətli
şölə
şövq
şövx
şüa
şüalı
şüar
şübhə
şükür
şümşad
şütü
şüur
şüvül
şüy
şüyüd
şüşə
şüşələ
şüşələn
şüşələt
şıg
şıppıltı
şıq
şırma
şırpıltı
şırran
şırtı
şırım
şıx
şığa
şığı
şığıyan
şəban
şəbəkə
şəbəkəli
şəcərə
şəddə
şəfa
şəfəq
şəhid
şəhla
şəhs
şəhvətlə
şəhər
şəkil
şəkilcə
şəkilçi
şəkk
şəkli
şəklə
şəkər
şəlpə
şəltə
şələ
şələli
şəms
şən
şənbə
şər
şərab
şərf
şərh
şərid
şərik
şərir
şərli
şərq
şərqi
şərqə
şərt
şərti
şərtləş
şərtsiz
şərx
şərçi
şərəf
şəst
şəstli
şətəl
şəvə
şəxs
şəxsi
şəxsli
şəxslən
š
ţ
ŭ
ź
ż
ƈ
ƒ
ơ
ƿ
ǎ
ǐ
ǔ
ǵ
ȧ
ȯ
ɉ
ɑ
ɓ
ɗ
ə
əba
əbalı
əbləh
əbləq
əbrəş
əbədi
əbəs
əcaib
əcdad
əcinə
əclaf
əcr
əcuzə
əcza
əcəb
əcəba
əcəl
əcəp
əda
ədalı
ədalətli
ədat
ədavət
ədib
ədip
ədl
ədva
ədvə
ədyal
ədəb
ədəbi
ədəblə
ədəblən
ədəbsiz
ədəd
ədədi
ədəm
ədəp
ədət
əfi
əfqan
əfsun
əfv
əfzəl
əfğan
əfəl
əgd
əgər
əhali
əhatə
əhd
əhi
əhkam
əhl
əht
əhval
əhvalat
əhəng
ək
əkdir
əkil
əkili
əkin
əkiz
əklil
əkmə
əks
əksik
əksqövs
əksər
əkə
əkəs
əl
əla
əlac
əlaclı
əlaf
əlan
əlaqə
əlaqədar
əlaqələr
əlavə
əlaç
əlaçı
əlbir
əlbət
əlbətdə
əlbəttə
əlcək
əlfalı
əlfəcin
əlibağlı
əlif
əlil
əliqanlı
əlli
əllik
əllinci
əllə
əllən
əlləş
əlsiz
əlvan
əlverməz
ələ
ələk
ələm
ələmdar
ələmə
ələn
ələni
əm
əmcək
əmdir
əmdək
əmgək
əmi
əmici
əmil
əmin
əmiqızı
əmir
əmiri
əmiş
əmlak
əmlik
əmliyyat
əmma
əmmalı
əmmə
əmr
əmsal
əmtiə
əmtiəlik
əmtəə
əmud
əmudi
əmut
əmzik
əmək
əməl
əməli
əməliyyat
ən
ənam
ənbir
ənbur
ənbər
ənbərbu
əncam
əncir
əndam
əndər
əng
əngin
ənginlik
əngəc
əngəl
əngəllə
əngəlçi
ənk
ənlik
ənsə
əntiq
əntər
ənvər
ənənə
əqd
əqdəm
əqdəs
əqidə
əqiq
əqix
əqli
əqrəb
əqt
ər
əraf
ərazi
ərdo
ərdəm
ərgən
əri
əridil
əridilmə
ərik
ərimə
ərin
ərit
ərizə
əriş
ərk
ərklə
ərli
ərlik
ərməğan
ərov
ərp
ərpli
ərrə
ərrəçi
ərsin
ərsinlə
ərsiz
əruz
ərz
ərzaq
ərş
ərəb
ərəfə
ərən
ərəp
əs
əsa
əsalı
əsas
əsaslıca
əsdir
əsgi
əsgər
əsil
əsilli
əsir
əsirlik
əskeş
əski
əskik
əskiklik
əskil
əskilmə
əskilt
əskiltmə
əsl
əsla
əsli
əslən
əsmə
əsməcə
əsmər
əsna
əsnaf
əsnə
əsnək
əsnət
əsr
əsrar
əsri
əsrlik
əssasız
əsəb
əsəbi
əsən
əsəp
əsər
ət
ətacı
ətcə
ətiqə
ətir
ətli
ətlik
ətlilik
ətlən
ətqanad
ətraf
ətsiz
əttar
əttökən
ətçi
ətək
ətənə
əvvəl
əvvəlcə
əvvəldən
əvəz
əxd
əxi
əxl
əxlaq
əy
əyal
əyan
əyani
əyanlar
əyar
əydir
əydirt
əydəm
əyil
əyin
əyir
əyirici
əyirt
əyiş
əylik
əylə
əyləc
əylən
əylənmə
əylət
əyləş
əymə
əyri
əyriayaq
əyriağız
əyrigöz
əyril
əyrilmiş
əyrim
əyyam
əyyaş
əyə
əyələ
əz
əza
əzab
əzap
əzbər
əzdir
əzgil
əzgin
əzici
əzik
əzil
əziz
əzm
əzmli
əzmlilik
əzmlə
əzmə
əzvay
əzəl
əzəli
əzələ
əzəmətlə
əğyar
əşrəfi
əşya
ɡ
ɢ
ɩ
ɫ
ɱ
ɼ
ɽ
ʀ
ʂ
ʏ
ʐ
ʙ
ʝ
ʠ
Ο
γ
ι
κ
μ
ν
ο
ρ
τ
υ
Ϝ
ϲ
ϳ
ϵ
Ϸ
Б
Г
О
Ь
а
е
к
м
н
о
р
с
т
у
х
ц
є
ѕ
і
ј
ѡ
ѵ
Ғ
ҫ
Ү
ҳ
һ
ҽ
ӓ
ӧ
ԁ
Ԍ
ԛ
ԝ
Ս
Օ
ա
գ
զ
ժ
հ
ս
ց
ا
ة
ه
١
٨
Ⴝ
Ꭵ
Ꮒ
Ꮪ
ᴍ
ᴜ
ᴢ
ᴦ
ṃ
ẋ
ạ
ẹ
ọ
ỏ
ⲕ
ꙇ
