point .
arobase @
tiret -
slash /
accro accroc
amande amende
autel hôtel
auteur hauteur
boue bout
brin brun
car quart
celle sel selle
cent sang sans
cet cette sept
champ chant
chair cher chère
choeur coeur
comptant content
compte comte conte
cou coup coût
cour cours court
cygne signe
dans dent don dont
encre ancre
faim fin
fard phare
fil file
filtre philtre
foi foie fois
fond fonds
gène gêne
hockey hoquet
jeune jeûne
lac laque
laid lait
leur lheure
maire mer mère
mais mes mets
maître mettre
mâle malle
mon mont
mur mûr mûre
pain pin
paie paix
père pair paire
parti partie
pâte patte
poil poids pois poing point
porc port
près prêt
quand quant camp
reine renne
roue roux
sain saint sein ceint
saut sceau seau sot
sou sous
sol sole
saoul sur sûr
tant temps tante tente
thon ton
tic tique
tous tout toux
vain vin vingt
ver verre vers vert
voie voix
ces ses
cest sest
son sont
peut peux
