debut commencement depart
boutique magasin marche achat
connexion identifiant compte
securise sur protege fiable
support aide service assistance
paiement reglement facturation
banque finance argent portefeuille
courrier email message boite
nuage serveur hebergement
web site enligne reseau portail
actualites blog presse medias
gratuit cadeau bonus promo
meilleur top premium pro
nouveau dernier recent moderne
rapide vite express
appli application logiciel outil
telecharger obtenir installer
contact joindre connecter
recherche trouver
mise a jour renouveler
