-
.
/
0
1
10
100
1000
1000000
1000000000
11
12
13
14
15
16
17
18
19
2
20
21
22
23
24
25
26
27
28
29
3
30
4
40
5
50
6
60
7
70
8
80
9
90
@
a
abbréviation
abréviation
acceuil
acceuillir
accro
accroc
accueil
accueillir
acheter
addresse
adresse
ae
amande
amende
ancien
ancre
apeler
apparament
apparement
apparemment
appas
appeler
appeller
application
appliquation
appât
ardement
ardemment
arobase
arriver
atol
atoll
atribuer
attribuer
autel
auteur
b
bailler
bas
basilic
basilique
bien
blocage
bloquage
bon
boue
bout
brin
brun
bruyament
bruyamment
bâiller
b̔"
c
cafe
café
camp
cane
canne
car
cauchemar
cauchemard
ceint
celle
cellier
censé
cent
ces
cest
cet
cette
chair
champ
chant
chapelle
chappelle
chas
chat
chaud
chaîne
cher
choeur
chère
chêne
cinq
cinquante
cinquieme
cl
coeur
col
colle
competance
competence
comptant
compte
compétence
comte
concurence
concurrence
connaisance
connaissance
connection
connexion
conte
content
cor
corps
cote
cotte
cou
coup
cour
cours
court
coût
creme
cru
crue
crème
crû
cygne
côte
d
dans
date
datte
definitivement
deja
dent
dessein
dessin
deux
deuxieme
developement
developpement
di
difficile
différend
différent
dilemme
dilemne
diligement
diligemment
dix
dixhuit
dixieme
dixneuf
dixsept
dl
don
donner
dont
douze
définitivement
déjà
détoner
détonner
développement
e
ecole
eleve
encre
entrepreneuriat
entrepreunariat
entrer
equipe
evidement
evidemment
exaucer
exhausser
f
facile
faible
faim
fard
faux
fermer
fil
file
filtre
fin
flan
flanc
foi
foie
fois
fond
fonds
foret
fort
forêt
francais
français
froid
fréquement
fréquemment
g
gagner
galament
galamment
golf
golfe
grand
gravage
gravure
gène
gêne
h
haut
hauteur
heureux
hockey
hoquet
hormi
hormis
hotel
huit
huitieme
héraut
héros
hôte
hôtel
i
ib
ih
ik
impossible
independant
indépendant
interessant
interressant
intéressant
j
jamais
jeune
jeûne
jour
k
l
lac
lace
laid
lait
langage
language
laque
lasse
lb
lc
leur
lh
lheure
littérature
litérature
lk
loin
m
maire
mais
mal
malgre
malgré
malgrés
malle
mauvais
maître
mer
mere
mes
mets
mettre
milieu
mille
milliard
millieu
million
miroir
mirroir
mite
mon
mont
mur
mythe
mâle
mère
méchament
méchamment
mûr
mûre
n
necessaire
neuf
neuvieme
nn
noel
non
notament
notamment
nouveau
noël
nuit
nécessaire
o
occulaire
occurence
occurrence
oculaire
oe
onze
organisation
organistation
oui
ouvrir
p
paie
pain
pair
paire
paix
palais
palet
panser
parmi
parmis
parti
partie
partir
patte
pause
pauvre
penser
perdre
pere
personel
personnel
petit
peut
peux
phare
philtre
pieu
pieux
pin
plaine
plein
pleine
plus
plutôt
poids
poil
poing
point
pois
porc
port
pose
possible
premier
prendre
proche
professionel
professionnel
près
précédement
précédemment
prêt
puissament
puissamment
pâte
pèlerinage
père
pécuniaire
pécunier
pélerinage
q
quand
quant
quarante
quart
quatorze
quatre
quatrevingt
quatrevingtdix
quatrieme
quinze
r
raisonner
rappeler
rappeller
recencement
recensement
reddition
reine
renne
renommé
renomé
repaire
repère
resonnance
resume
riche
rn
roue
roux
rr
rédhibitoire
rédibitoire
rédition
répis
répit
résonance
résonner
résumé
rêne
s
sain
saine
saint
sale
salle
sang
sans
saoul
satire
satyre
saut
saynète
sceau
sceptique
scène
scénette
seau
securite
sein
seine
seize
sel
selle
sellier
sensé
sept
septieme
septique
ses
sest
seyant
signe
six
sixieme
slash
societe
société
soixante
soixantedix
sol
sole
son
sont
sortir
sot
sou
sous
statu
statut
succinct
succint
suffisament
suffisamment
sur
surement
séant
sécurité
sûr
sûrement
t
tache
tant
tante
tard
teinter
temps
tente
thon
tic
tinter
tique
tiret
ton
tot
toujours
tous
tout
toux
traffic
trafic
treize
trente
tres
tribu
tribut
triste
trois
troisieme
très
tâche
tôt
u
un
universite
université
v
vain
vanter
vendre
venter
ver
verni
vernis
verre
vers
vert
vide
vieux
vil
ville
vin
vingt
vingtcinq
vingtdeux
vingtetun
vingthuit
vingtneuf
vingtquatre
vingtsept
vingtsix
vingttrois
voie
voir
voire
voix
vrai
vraisemblance
vraissemblance
vv
v̇
w
x
y
z
zero
¡
Þ
à
á
â
ã
ä
å
æ
ç
è
é
école
égout
égoutte
élève
élégament
élégamment
équipe
étain
éteint
évidemment
ê
ë
í
î
ï
ó
ô
ôte
ö
ù
ú
û
ü
ý
ÿ
ă
ć
ċ
č
đ
ē
ĕ
ė
ę
ě
ğ
ġ
ģ
ĭ
ı
ł
ń
œ
ś
ţ
ŭ
ź
ż
ƈ
ƒ
ơ
ƿ
ǎ
ǐ
ǔ
ǵ
ȧ
ȯ
ɉ
ɑ
ɓ
ɗ
ɡ
ɢ
ɩ
ɫ
ɱ
ɼ
ɽ
ʀ
ʂ
ʏ
ʐ
ʙ
ʝ
ʠ
Ο
γ
ι
κ
μ
ν
ο
ρ
τ
υ
Ϝ
ϲ
ϳ
ϵ
Ϸ
Б
Г
О
Ь
а
е
м
н
о
р
с
т
у
х
ц
є
ѕ
ј
ѡ
ѵ
Ғ
ҫ
Ү
ҳ
һ
ҽ
ӓ
ӧ
ԁ
Ԍ
ԛ
ԝ
Ս
Օ
ա
գ
զ
ժ
հ
ս
ց
ا
ة
ه
١
٨
Ⴝ
Ꭵ
Ꮒ
Ꮪ
ᴍ
ᴜ
ᴢ
ᴦ
ṃ
ẋ
ạ
ẹ
ọ
ỏ
ⲕ
ꙇ
