# A character, then the characters that look like it: a à á а
# Alphabet: CLDR exemplarCharacters for 'tg'.
# Script rows derived from Unicode confusables (UTS #39) and NFD decomposition.

a à á â ã ä å ɑ а ạ ǎ ă ȧ ӓ ٨
b d lb ib ʙ Ь b̔" ɓ Б
c ϲ с ƈ ċ ć ç
d b cl dl di ԁ ժ ɗ đ
e é è ê ë ē ĕ ě ė е ẹ ę є ϵ ҽ
f Ϝ ƒ Ғ
g q ɢ ɡ Ԍ ġ ğ ց ǵ ģ
h lh ih һ հ Ꮒ н
i 1 l Ꭵ í ï ı ɩ ι ꙇ ǐ ĭ ¡ і
j ј ʝ ϳ ɉ
k lk ik lc κ ⲕ к
l 1 i ɫ ł ١ ا
m n nn rn rr ṃ ᴍ м ɱ
n m r ń
o 0 Ο ο О о Օ ȯ ọ ỏ ơ ó ö ӧ ه ة
p ρ р ƿ Ϸ Þ
q g զ ԛ գ ʠ
r ʀ Г ᴦ ɼ ɽ
s Ⴝ Ꮪ ʂ ś ѕ
t τ т ţ
u μ υ Ս ս ц ᴜ ǔ ŭ ù ú û ü
v ѵ ν v̇
w vv ѡ ա ԝ
x х ҳ ẋ
y ʏ γ у Ү ý ÿ
z ʐ ż ź ᴢ
ß ss b
á a à â ä
ä a à á â
å a à á â ä
æ ae a e
ç c ć č ҫ ϲ с
é e è ê ë
í i ï î
ñ n ń
ó o ö ô 0
ö o ó ô 0
ø o 0 ö
ú u ü ù û
ü u ú ù û
ł l 1 i
œ oe o e

# tg-specific rows
А A Ӑ Ӓ
В B Ꞵ
Г Ѓ
Е E Ѐ Ё Ӗ
Ж Ӂ Ӝ
З 3 Ɜ Ȝ Ʒ Ꝫ Ӟ
И Ѝ Й Ӣ Ӥ
К K Ќ
Л Ʌ
М M
Н H
О O 0 Ӧ
Р P
С C
Т T
У Y Ў Ӯ Ӱ Ӳ
Х X Ꭓ
Ч Ӵ
Э Ӭ
Ю lO
а a ɑ ӑ ӓ
б 6
в ʙ
г r ꭇ ꭈ ѓ
е e ꬲ ѐ ё ӗ
ж ӂ ӝ
з ɜ ᴈ ӟ
и ᴎ й ѝ ӣ ӥ
й ѝ
к ĸ ᴋ ќ
л ᴫ
м ʍ ᴍ
н ʜ
о o ᴏ ᴑ ꬽ ӧ
р p þ ƿ
с c ᴄ
т ᴛ
у y ɣ ᶌ ʏ ỿ ꭚ ў ӯ ӱ ӳ
ф ɸ
х x
ч ӵ
ш w ɯ ᴡ
э ӭ
я ᴙ
Ҷ Ӌ
ҷ ӌ
