# Words that sound alike, one group per line.
# Arabic script, Urdu. Spoken names of the characters first. Urdu merges four
# letters onto /z/, three onto /s/ and two onto /t/, so those are genuine
# homophone groups and are the richest confusion source in the language.
نقطہ .
ایٹ @ at
ڈیش -
سلیش /
انڈراسکور _
ز ذ ض ظ
س ص ث
ت ط
ح ہ
ا ع
ک ق
ی ے
ن ں
حیات حیاط
ذات زات
نظر نذر
حاضر حازر
مذہب مزہب
ثواب صواب
سفر صفر
ذکر زکر
ارض عرض
خط خت
طالب تالب
صابر سابر
ثابت سابت
راضی رازی
مثل مسل
مقام مکام
شعر شیر
صبر سبر
بحر بہر
سحر سہر
لال لعل
حق ہق
علم الم
غزل غذل
قضا غزا
عزیز عذیض
حسن ہسن
صورت سورت
ظاہر زاہر
طور تور
ثمر سمر
ضامن زامن
ذلیل زلیل
مضمون مزمون
معلوم ملوم
