# A number, then the words denoting it: 1 one first
# Arabic script, Urdu.
0 صفر
1 ایک پہلا
2 دو دوسرا
3 تین تیسرا
4 چار چوتھا
5 پانچ پانچواں
6 چھ چھٹا
7 سات ساتواں
8 آٹھ آٹھواں
9 نو نواں
10 دس دسواں
11 گیارہ گیارہواں
12 بارہ بارہواں
13 تیرہ تیرہواں
14 چودہ چودہواں
15 پندرہ پندرہواں
16 سولہ سولہواں
17 سترہ سترہواں
18 اٹھارہ اٹھارہواں
19 انیس انیسواں
20 بیس بیسواں
21 اکیس
22 بائیس
23 تیئس
24 چوبیس
30 تیس تیسواں
40 چالیس چالیسواں
50 پچاس پچاسواں
60 ساٹھ ساٹھواں
70 ستر سترواں
80 اسی اسیواں
90 نوے نوےواں
100 سو سوواں
1000 ہزار ہزارواں
100000 لاکھ لاکھواں
10000000 کروڑ کروڑواں
۰ صفر
۱ ایک
۲ دو
۳ تین
۴ چار
۵ پانچ
۶ چھ
۷ سات
۸ آٹھ
۹ نو
