# Words of like meaning, one group per line.
# Arabic script, Urdu. Brand-adjacent lure words, most natural first. 65 groups.
شروع آغاز ابتدا لانچ
دکان بازار اسٹور مارکیٹ
لاگان داخلہ رسائی سائنان
اکاؤنٹ کھاتہ پروفائل ممبر
صارف صارفنام شناخت یوزر
محفوظ مامون قابلاعتماد سیف
سیکیورٹی حفاظت تحفظ ڈھال
تصدیق توثیق جانچ پڑتال
پاسورڈ خفیہکوڈ پن کلمہشناخت
اجازت توثیقشناخت ٹوکن سیشن
بحالی ریسیٹ واپسی انلاک
مدد سپورٹ خدمت اعانت
رابطہ کنیکٹ استفسار درخواست
ادائیگی پیمنٹ چیکآؤٹ بھگتان
انوائس رسید بل بلنگ
بینک مالیات پیسہ والٹ
کارڈ کریڈٹ ڈیبٹ پریپیڈ
منتقلی ٹرانزیکشن جمع نکاسی
کرپٹو سکہ بلاکچین مائننگ
ڈاک ایمیل پیغام انباکس
کلاؤڈ سرور ہوسٹ ہوسٹنگ
ویب سائٹ آنلائن نیٹورک پورٹل
ڈومین لنک پتہ url
خبریں بلاگ پریس میڈیا
مفت تحفہ بونس پرومو
رعایت سیل ڈیل کوپن
انعام جیت لاٹری جیکپاٹ
بہترین ٹاپ پریمیم پرو
سرکاری اصلی مستند آفیشل
نیا تازہ جدید لیٹسٹ
تیز فوری ایکسپریس فاسٹ
ایپ ایپلیکیشن سافٹویئر ٹول
ڈاؤنلوڈ حاصل انسٹال سیٹاپ
اپڈیٹ اپگریڈ تجدید پیچ
تلاش ڈھونڈ سرچ کھوج
ڈیلیوری شپنگ پارسل ٹریکنگ
آرڈر کارٹ ٹوکری خریداری
گاہک کسٹمر خریدار سبسکرائبر
ایڈمن انتظام کنسول ڈیشبورڈ
مرکز مین بنیادی ہب
گروپ ٹیم کمپنی ادارہ
ڈیٹا بیکاپ آرکائیو اسٹوریج
تصویر فوٹو گیلری عکس
ویڈیو اسٹریم دیکھیں چلائیں
موسیقی آڈیو آواز ریڈیو
گیم کھیل کھلاڑی آرکیڈ
چیٹ گفتگو میسنجر لائیو
سوشل کمیونٹی دوست فالوور
نوکری کام کیریئر بھرتی
صحت طبی کلینک فارمیسی
سفر پرواز ہوٹل بکنگ
کھانا ریستوران مینو کچن
اسکول سیکھیں کورس تعلیم
قانون قانونی عدالت حقوق
حکومت ریاست وزارت عوامی
ٹیکس محصول کسٹمز ڈیوٹی
انشورنس پالیسی دعویٰ کور
جائیداد کرایہ گھر مکان
آٹو کار موٹر گاڑی
توانائی بجلی طاقت گیس
موبائل فون پیغامرسانی کال
الرٹ انتباہ اطلاع فوریاطلاع
سبسکرپشن ممبرشپ پلان تجدیدنو
پوائنٹس لائلٹی کیشبیک مائلز
ریویو ریٹنگ فیڈبیک رائے
