# Words that sound alike, one group per line.
# Tamil script. Spoken names of the characters first, then the pairs that the
# ல/ள/ழ, ர/ற and ன/ண/ந mergers make homophonous.
புள்ளி .
அட் @ at
கோடு -
சாய்வுக்கோடு /
அடிக்கோடு _
ல ள ழ
ர ற
ன ண ந
ஜ ச
ஷ ச
ஸ ச
ஹ அ
வலி வழி வளி
அரி அறி
கரி கறி
மனம் மணம்
கண் கன்
புலி புளி
விலை விளை
கலை களை
தலை தழை
வேலை வேளை
ஆல் ஆள்
தோல் தோள்
வாழை வாலை
எலி எளி
பணி பனி
மண் மன்
கண்ணன் கன்னன்
மரம் மறம்
பரவை பறவை
வெல்லம் வெள்ளம்
பல்லி பள்ளி
மலை மழை
காலை காளை
ஒலி ஒளி
புலு புழு
அளி அழி
விளி விழி
நாள் நால்
ராஜா ராசா
ஜன்னல் சன்னல்
விஷயம் விசயம்
காஷ் காச்
ஹோட்டல் ஓட்டல்
புஷ்பம் புசுபம்
ஸ்ரீ சிறீ
கஷ்டம் கசுடம்
ஸ்கூல் சுகூல்
