# Words habitually confused for each other, one group per line.
# Tamil script. wrong right. The ல/ள/ழ, ர/ற and ன/ண/ந confusions dominate;
# they are near-homophonous in speech and are the whole squatting surface.
வாள்த்துக்கள் வாழ்த்துக்கள்
வால்த்துக்கள் வாழ்த்துக்கள்
வாழ்துகள் வாழ்த்துகள்
தமில் தமிழ்
தமிள் தமிழ்
தமில்நாடு தமிழ்நாடு
அளகு அழகு
அலகு அழகு
வாலைப்பழம் வாழைப்பழம்
வாலை வாழை
கீலே கீழே
கீளே கீழே
எலுது எழுது
எளுது எழுது
பலக்கம் பழக்கம்
பளக்கம் பழக்கம்
ஆலம் ஆழம்
ஆளம் ஆழம்
கலுத்து கழுத்து
வெலியே வெளியே
கிலை கிளை
அலவு அளவு
உல்லே உள்ளே
கல்லம் கள்ளம்
நள்ள நல்ல
கள்வி கல்வி
வேளை வேலை
ஆல் ஆள்
தோல் தோள்
புலி புளி
விலை விளை
மலை மழை
வலி வழி
கலை களை
பல்லி பள்ளி
பல்லிக்கூடம் பள்ளிக்கூடம்
தழை தலை
சுலி சுழி
வேலாண்மை வேளாண்மை
மாலிகை மாளிகை
ஒலி ஒளி
வெல்லம் வெள்ளம்
புலு புழு
நுல் நூல்
காலை காளை
வால் வாள்
அளி அழி
விளி விழி
பொருல் பொருள்
காளம் காலம்
நால் நாள்
சாளை சாலை
பயனாலர் பயனாளர்
வெலியீடு வெளியீடு
மறம் மரம்
பரவை பறவை
அரிவு அறிவு
குரிப்பு குறிப்பு
திரன் திறன்
மருபடியும் மறுபடியும்
கரி கறி
ஆரு ஆறு
நாரு நாறு
பெறிய பெரிய
சிரிய சிறிய
உரவு உறவு
வேரு வேறு
போர்று போற்று
பிரகு பிறகு
அரம் அறம்
பொருமை பொறுமை
கூரு கூறு
சிரப்பு சிறப்பு
நேறம் நேரம்
முர்று முற்று
கர்று கற்று
பர்று பற்று
ஒர்றுமை ஒற்றுமை
வேர்றுமை வேற்றுமை
அத்புதம் அற்புதம்
கத்து கற்று
இருக்கிரது இருக்கிறது
முகவறி முகவரி
அறசு அரசு
மணம் மனம்
பனம் பணம்
கன் கண்
மன் மண்
அனு அணு
வன்னம் வண்ணம்
என்னம் எண்ணம்
கன்னன் கண்ணன்
நாண் நான்
அண்று அன்று
ஒன்ரு ஒன்று
நன்ரி நன்றி
நண்று நன்று
எண்ண என்ன
இன்த இந்த
வன்து வந்து
சொண்ணான் சொன்னான்
பென் பெண்
உன்மை உண்மை
கன்னீர் கண்ணீர்
மன்டபம் மண்டபம்
அன்னன் அண்ணன்
வின்னப்பம் விண்ணப்பம்
தன்னீர் தண்ணீர்
வேன்டும் வேண்டும்
இண்று இன்று
நன்பன் நண்பன்
பன்பு பண்பு
ஆன்டு ஆண்டு
செண்ணை சென்னை
வனக்கம் வணக்கம்
மானவன் மாணவன்
மருத்துவமணை மருத்துவமனை
அன்சல் அஞ்சல்
இன்தியா இந்தியா
இனையம் இணையம்
கனினி கணினி
வன்கி வங்கி
கனக்கு கணக்கு
சன்னல் ஜன்னல்
ராசா ராஜா
சாப் ஷாப்
சுகூல் ஸ்கூல்
ஓட்டல் ஹோட்டல்
அரி ஹரி
விசயம் விஷயம்
ஆசுபத்திரி ஆஸ்பத்திரி
பச் பஸ்
காச் காஷ்
கசுடம் கஷ்டம்
இசுடம் இஷ்டம்
சிறீ ஸ்ரீ
புசுபம் புஷ்பம்
படிதேன் படித்தேன்
பாதுகாபு பாதுகாப்பு
கடவுசொல் கடவுச்சொல்
தொலைபெசி தொலைபேசி
கிரமம் கிராமம்
