# A number, then the words denoting it: 1 one first
# Tamil script.
0 சுழியம் பூஜ்யம்
1 ஒன்று முதல்
2 இரண்டு இரண்டாம்
3 மூன்று மூன்றாம்
4 நான்கு நான்காம்
5 ஐந்து ஐந்தாம்
6 ஆறு ஆறாம்
7 ஏழு ஏழாம்
8 எட்டு எட்டாம்
9 ஒன்பது ஒன்பதாம்
10 பத்து பத்தாம்
11 பதினொன்று பதினொன்றாம்
12 பன்னிரண்டு பன்னிரண்டாம்
13 பதின்மூன்று பதின்மூன்றாம்
14 பதினான்கு பதினான்காம்
15 பதினைந்து பதினைந்தாம்
16 பதினாறு பதினாறாம்
17 பதினேழு பதினேழாம்
18 பதினெட்டு பதினெட்டாம்
19 பத்தொன்பது பத்தொன்பதாம்
20 இருபது இருபதாம்
21 இருபத்தொன்று
22 இருபத்திரண்டு
23 இருபத்துமூன்று
24 இருபத்துநான்கு
30 முப்பது முப்பதாம்
40 நாற்பது நாற்பதாம்
50 ஐம்பது ஐம்பதாம்
60 அறுபது அறுபதாம்
70 எழுபது எழுபதாம்
80 எண்பது எண்பதாம்
90 தொண்ணூறு தொண்ணூறாம்
100 நூறு நூறாம்
1000 ஆயிரம் ஆயிரமாம்
100000 லட்சம் இலட்சம்
10000000 கோடி கோடியாம்
௦ சுழியம்
௧ ஒன்று
௨ இரண்டு
௩ மூன்று
௪ நான்கு
௫ ஐந்து
௬ ஆறு
௭ ஏழு
௮ எட்டு
௯ ஒன்பது
