# The language's vocabulary, one word per line.
# Vocabulary, one word per line. Sourced from the Tamil Virtual University
# dictionary word list shipped in Ezhil-Language-Foundation/open-tamil
# (MIT, so GPL-3.0 compatible): every one- and two-character entry plus a
# systematic 1-in-N sample of the whole list, which keeps its own length and
# alphabetic distribution, unioned with every token of the other ta/*.lst
# files -- so the wrong halves of misspelling.lst are in here too.
# The LibreOffice ta_IN Hunspell dictionary was NOT used: it is MPL-1.1,
# which is incompatible with this repo's GPL-3.0-or-later.
-
.
/
0
1
10
100
1000
100000
10000000
11
12
13
14
15
16
17
18
19
2
20
21
22
23
24
3
30
4
40
5
50
6
60
7
70
8
80
9
90
@
_
at
url
ஃ
ஃபிஷிங்
அ
அஃகுள்
அஆ
அகக்கரணம்
அகங்கை
அகடம்
அகண்
அகண்டிதம்
அகத்தான்
அகத்துரைப்போன்
அகநிலை
அகப்படை
அகப்பாடு
அகப்புறத்திணை
அகப்பொருள்
அகமலர்ச்சி
அகம்படி
அகம்மியம்
அகருதம்
அகற்பவிபூதி
அகலம்
அகல்லியமாமிசம்
அகழ்தல்
அகவல்
அகவுதல்
அகாரம்
அகிதம்
அகிலாண்டவல்லி
அகுரு
அகைப்புவண்ணம்
அகோரை
அக்கணா
அக்கமாலை
அக்கரைப்பச்சை
அக்காரம்
அக்கினிகோணம்
அக்கினிதிசை
அக்கினிமணி
அக்கியெழுதுதல்
அக்கிரபூசை
அக்குத்தொக்கு
அக்கோ
அங்கசாலைக்காரன்
அங்கதம்
அங்கனம்
அங்கமணி
அங்கர்
அங்கவீனம்
அங்காடி
அங்காரகம்
அங்கி
அங்கிட்டு
அங்கீகாரம்
அங்குசதாரி
அங்குத்தை
அங்குலியம்
அங்ஙன்
அசங்கதம்
அசங்கை
அசட்டாட்டம்
அசனம்
அசப்பு
அசமோதகம்
அசம்பிரேட்சியம்
அசரை
அசலக்கால்
அசவாகனன்
அசாரம்
அசிதன்
அசிந்திதன்
அசிரவணம்
அசுக்காட்டுதல்
அசுத்தை
அசுரகுரு
அசுரை
அசுவமேதம்
அசேடம்
அசைநிலை
அசைவுசெய்தல்
அச்சடையாளம்
அச்சமம்
அச்சாரம்
அச்சுக்கட்டு
அச்சுமரம்
அஞன்
அஞ்சனம்
அஞ்சன்
அஞ்சலிகை
அஞ்சல்
அஞ்சிக்கை
அஞ்சுதல்
அஞ்ஞதை
அடக்கம்
அடங்காப்பிடாரி
அடப்பனார்
அடர்தல்
அடலி
அடா
அடாநெறி
அடிகாரன்
அடிக்கீழ்
அடிக்கோடு
அடிசிற்சாலை
அடிச்சுவடு
அடிதாளம்
அடித்திப்பை
அடிநகர்தல்
அடிபறிதல்
அடிப்படுத்துதல்
அடிப்பாய்தல்
அடிமடை
அடிமாடு
அடிமையோலை
அடியளபெடைத்தொடை
அடியீடு
அடியோடு
அடிவினை
அடுகலம்
அடுக்கல்
அடுங்குன்றம்
அடுத்தூண்
அடை
அடைகுத்துதல்
அடைக்கலம்
அடைசொல்
அடைந்தோர்
அடைப்பை
அடைய
அடையாளம்
அடைவு
அட்
அட்சயன்
அட்சராரம்பம்
அட்டக்கறுப்பு
அட்டநேமிநாதர்
அட்டமம்
அட்டலோககற்பம்
அட்டவிஞ்சதி
அட்டாலை
அட்டியல்
அட்டை
அட்டையாடல்
அணங்குதாக்கு
அணல்
அணார்
அணி
அணிதல்
அணிமை
அணில்வரிக்கொடுங்காய்
அணு
அணுகலர்
அணுகல்
அணுகு
அணுத்துவம்
அணைக்கை
அணையாடை
அண்டகோசம்
அண்டப்பித்தி
அண்டர்
அண்டா
அண்டுதள்ளுகை
அண்ணன்
அண்ணம்
அண்ணி
அண்முதல்
அண்று
அதட்டு
அதமாதமன்
அதர்கோள்
அதலன்
அதவுதல்
அதிகப்பிரசங்கி
அதிகம்
அதிகாரப்பூர்வ
அதிகாரி
அதிசயமொழி
அதிட்டாத்திரு
அதிதிசேவை
அதிபம்
அதிமதுரம்
அதியாச்சிரமம்
அதிராயம்
அதிர்
அதிலோகம்
அதிவினயம்
அதிவேக
அதீனம்
அது
அதைத்தல்
அத்தகடகம்
அத்தமனம்
அத்தான்
அத்திசுரம்
அத்தியக்கன்
அத்தியவசாயம்
அத்தியாபனம்
அத்திராசம்
அத்துதல்
அத்துவா
அத்தை
அத்புதம்
அநவத்திதம்
அநாமதேயன்
அநியாயம்
அநீதி
அந்த
அந்தகோலம்
அந்தணாளன்
அந்தரங்கம்
அந்தரவல்லி
அந்தரிதம்
அந்தரீயம்
அந்தளகத்தாளார்
அந்தாதித்தொடை
அந்திகாவலன்
அந்தித்தல்
அந்திமல்லிகை
அந்தியேட்டி
அந்திவண்ணன்
அந்தேவாசி
அனங்கன்
அனத்தியயனம்
அனந்தபீதம்
அனந்தலோசனன்
அனனுபாடணம்
அனரசம்
அனற்பொறி
அனலி
அனவத்தை
அனாசாரம்
அனாதி
அனாதிபாழ்
அனான்மா
அனாவசியகம்
அனிச்சை
அனிலன்
அனு
அனுகரித்தல்
அனுகூலித்தல்
அனுக்குசிரம்
அனுசரணை
அனுசுருதி
அனுட்டணம்
அனுதானம்
அனுபத்தி
அனுபவக்காட்சி
அனுபாலனம்
அனுப்பிரவேசம்
அனுப்புதல்
அனுமதி
அனுமதிச்சொல்
அனுமனித்தல்
அனுமித்தல்
அனுரூபம்
அனுவாதம்
அனேகன்
அனைத்து
அன்சல்
அன்னக்கொடி
அன்னணம்
அன்னத்தூவி
அன்னன்
அன்னபோதம்
அன்னம்
அன்னவன்
அன்னாசயம்
அன்னாலாத்தி
அன்னியபரன்
அன்னியாயம்
அன்னுவயித்தல்
அன்புறல்
அன்றாடகம்
அன்றியனைத்தும்
அன்று
அன்றைக்கன்று
அப
அபகடம்
அபக்குவம்
அபசரிதம்
அபட்சியம்
அபமிருத்து
அபயாத்தம்
அபராங்கம்
அபரிமிதம்
அபவருத்தனம்
அபானன்
அபாரம்
அபிசாரம்
அபிநயம்
அபிமதம்
அபியோகம்
அபிலாசை
அபூபம்
அபோதம்
அப்பட்டம்
அப்பளம்
அப்பிகை
அப்பியாகமனம்
அப்பிரதட்சிணம்
அப்பிரம்
அப்புக்கட்டு
அப்பொழுது
அமட்டு
அமந்தி
அமரமாதர்
அமராடல்
அமரியம்
அமர்க்களம்
அமர்வு
அமலம்
அமளி
அமானி
அமிசகம்
அமினா
அமிர்தயோகம்
அமிழ்த்தல்
அமுக்குதல்
அமுதகுண்டம்
அமுததாரணை
அமுதாசனர்
அமுத்தம்
அமை
அமைச்சகம்
அமைவன்
அமைவு
அம்சம்
அம்பணவர்
அம்பலத்தாடி
அம்பாரி
அம்பிகைபாகன்
அம்புதம்
அம்புயாதம்
அம்புவாகம்
அம்போருகத்தாள்
அம்மணத்தர்
அம்மனைமடக்கு
அம்மாச்சன்
அம்மானை
அம்மாள்
அம்முக்கள்ளன்
அம்மையார்
அயக்களங்கு
அயனம்
அயன்மை
அயர்ச்சி
அயலவன்
அயவி
அயிக்கியம்
அயிந்திரதிசை
அயிராவதம்
அயிலவன்
அயுத்தி
அய்யன்
அர
அரக்கி
அரங்க
அரங்கு
அரசநீதி
அரசளித்தல்
அரசாளுதல்
அரசு
அரசுவா
அரட்டு
அரட்டை
அரணியா
அரண்
அரத்தன்
அரன்நாள்
அரமனை
அரம்
அரம்பையர்
அரவக்கொடியோன்
அரவப்பகை
அரவிந்தலோசனன்
அராக்கோள்
அராமுனிவர்
அரி
அரிகரகுமரன்
அரிக்கஞ்சட்டி
அரிசி
அரிடம்
அரிதம்
அரிதொடர்
அரிப்பனி
அரிப்புழுக்கல்
அரிமுகவம்பி
அரியம்
அரில்
அரிவு
அரு
அருகம்
அருகில்
அருகுகால்
அருங்கதி
அருச்சனை
அருஞ்சிறை
அருட்டி
அருணவூரி
அருத்தபாகை
அருத்தித்தல்
அருந்திறல்
அருமந்தன்ன
அரும்பல்
அரும்பூட்டு
அருளாளன்
அருள்
அருவாட்டி
அரூபம்
அரைக்கச்சு
அரைத்தல்
அரைமூடி
அரைவைரக்கண்
அர்கேட்
அர்க்கபந்து
அர்ச்சியசிட்டர்
அர்த்தமண்டபம்
அர்ப்பித்தல்
அற
அறக்களவழி
அறங்கடை
அறசு
அறச்சோலை
அறத்துறுப்பு
அறநீர்
அறப்பரிகாரம்
அறம்
அறம்பகர்ந்தோன்
அறவி
அறவுமடம்படுதல்
அறவைப்பிணஞ்சுடுதல்
அறாம்பை
அறி
அறிகுறி
அறிதல்
அறியக்கொடுத்தல்
அறிவன்
அறிவித்தல்
அறிவிப்பு
அறிவு
அறிவுகொளுத்துதல்
அறிவுவரம்பிகந்தோன்
அறுகிலிப்பூடு
அறுகோணம்
அறுதல்
அறுதிப்பட்டு
அறுத்தவள்
அறுநீர்
அறுபதாங்கொட்டை
அறுபதாம்
அறுபது
அறுப்பம்புல்
அறுமணை
அறும்பு
அறுவாய்போதல்
அறைகுறை
அறைதல்
அறையினாம்
அற்கன்
அற்பகந்தம்
அற்பபத்திரம்
அற்பாயு
அற்புதம்
அற்புத்தளை
அற்றுப்போதல்
அற்றைப்பிழைப்பு
அலகு
அலகுகட்டுதல்
அலகுபூட்டு
அலக்கழித்தல்
அலங்கனாரி
அலங்காரப்பிரியன்
அலங்கோலம்
அலட்டுச்சன்னி
அலந்தலை
அலப்பல்
அலமாரி
அலரவன்
அலறல்
அலவான்
அலவு
அலாயுதன்
அலிப்பேடு
அலுத்தல்
அலைக்கழிதல்
அலைதரல்
அலைமகள்
அல்கா
அல்லகுறிப்படுதல்
அல்லது
அல்லவை
அல்லாமலும்
அல்லிப்பாவை
அல்லிருள்
அல்லோலகல்லோலம்
அளகவல்லி
அளகு
அளக்கர்
அளத்துப்பூளை
அளப்பு
அளர்க்கம்
அளவன்
அளவழித்தாண்டகம்
அளவிறத்தல்
அளவு
அளவுநாழி
அளவைநூல்
அளி
அளிது
அளிலாமயம்
அளைச்சல்
அள்ளாத்தி
அள்ளிவிடுதல்
அள்ளூறுதல்
அழகப்பன்காளை
அழகியவாணன்
அழகு
அழகோலக்கம்
அழறு
அழற்சி
அழலம்பூ
அழலோன்
அழவணம்
அழி
அழிகரு
அழிசெலவு
அழிதகை
அழிநோய்
அழிப்படுத்தல்
அழிம்பு
அழிவாய்
அழுகற்சிரங்கு
அழுகுசிறை
அழுக்கன்
அழுக்குமூட்டை
அழுத்தம்
அழும்பு
அழைப்பு
அழைப்புப்பத்திரம்
அவ
அவகாரம்
அவக்கிரகம்
அவசரக்குடுக்கை
அவசரம்
அவச்சேதகம்
அவதந்திரம்
அவதி
அவத்தன்
அவநீதன்
அவனி
அவன்
அவபத்தியம்
அவப்பேர்
அவமாக்குதல்
அவயோகம்
அவரது
அவரைப்பிராயம்
அவர்
அவர்கள்
அவர்ணியம்
அவலம்பித்தல்
அவலோகித்தல்
அவள்
அவாசீனம்
அவாய்நிலை
அவிகாரன்
அவிசாரி
அவிட்டம்
அவிநயர்
அவிப்பலி
அவிர்
அவிவு
அவுணன்
அவுல்தார்
அவையம்
அவ்வது
அவ்வியம்
ஆ
ஆஅ
ஆக
ஆகக்கொள்ள
ஆகதர்
ஆகப்பாடு
ஆகம்
ஆகருடம்
ஆகவம்
ஆகாசகரடம்
ஆகாசசபை
ஆகாசப்பாலம்
ஆகாத
ஆகாயசாரிகள்
ஆகாயம்
ஆகிரந்தம்
ஆகுஞ்சனம்
ஆகுலம்
ஆகேறு
ஆக்கங்கூறுதல்
ஆக்கப்பெருக்கம்
ஆக்கவும்மை
ஆக்கியரிவாள்
ஆக்கிரமம்
ஆக்குப்புரை
ஆக்கொல்லி
ஆங்காரித்தல்
ஆசடை
ஆசனபவுத்திரம்
ஆசம்
ஆசறுதி
ஆசாடபூதி
ஆசாபந்தம்
ஆசாரக்கள்ளன்
ஆசாரம்பண்ணுதல்
ஆசாரியசம்பாவனை
ஆசாள்
ஆசிதம்
ஆசிரமி
ஆசிரியத்தாழிசை
ஆசீயம்
ஆசுகன்
ஆசுபத்திரி
ஆசுமணை
ஆசுவாசம்
ஆசெறூண்
ஆசைப்படுதல்
ஆச்சன்
ஆச்சாட்டுப்பயிர்
ஆச்சியம்
ஆச்சு
ஆஞ்சான்பற்றி
ஆஞ்ஞாபித்தல்
ஆடகை
ஆடலிடம்
ஆடவை
ஆடிக்குறுவை
ஆடிப்போதல்
ஆடுதலி
ஆடுமாலை
ஆடைக்காதி
ஆட்கடியன்
ஆட்சிப்படுதல்
ஆட்சேபித்தல்
ஆட்சேர்ப்பு
ஆட்டம்
ஆட்டி
ஆட்டுக்கல்
ஆட்டுச்சக்கரணி
ஆட்டுப்பலகை
ஆட்டுவாணியன்
ஆட்டைப்பாழ்
ஆட்பலி
ஆணன்
ஆணாப்பிறந்தோன்
ஆணிச்சவ்வு
ஆணிமலர்திருப்பி
ஆணை
ஆண்குமஞ்சான்
ஆண்சோடனை
ஆண்டவரசு
ஆண்டித்தாரர்
ஆண்டு
ஆண்டைச்சிகை
ஆண்பாலெழுத்து
ஆண்மைத்தனம்
ஆதனமூர்த்தி
ஆதமிலி
ஆதரவு
ஆதரிக்கை
ஆதவன்
ஆதாரசிலை
ஆதாரபூர்வ
ஆதாளித்தல்
ஆதிக்கடுஞ்சாரி
ஆதிசத்தி
ஆதிதிராவிடர்
ஆதித்தமண்டலம்
ஆதிநாராயணன்
ஆதிபுங்கவன்
ஆதிமலை
ஆதியந்தகாலம்
ஆதிரன்
ஆதிவிந்து
ஆது
ஆதுலர்சாலை
ஆத்தவாக்கியம்
ஆத்திசூடி
ஆத்திரகம்
ஆத்துமகுப்தா
ஆத்துமநிவேதனம்
ஆத்துமவதிகாசனம்
ஆத்தை
ஆந்தைக்காதல்
ஆன
ஆனது
ஆனந்தக்கண்ணீர்
ஆனந்தபைரவம்
ஆனந்தவல்லி
ஆனம்
ஆனாங்குருவி
ஆனால்
ஆனித்தூக்கம்
ஆனும்
ஆனைக்கற்றாழை
ஆனைக்குரு
ஆனைசேனை
ஆனைச்சொறி
ஆனைத்தும்பை
ஆனைப்படுவன்
ஆனைமீக்குவம்
ஆனையாடுதல்
ஆனைவசம்பு
ஆன்டு
ஆன்பொருந்தம்
ஆன்மரூபம்
ஆன்ற
ஆன்வல்லோர்
ஆபத்சகாயன்
ஆபத்தான
ஆபத்து
ஆபரணச்செப்பு
ஆபாதன்
ஆபாலவிருத்தர்
ஆபூபிகன்
ஆப்தவாக்கியம்
ஆப்புலுதம்
ஆமசுரம்
ஆமதி
ஆமலகமலம்
ஆமாத்தியன்
ஆமிடம்
ஆமுகர்
ஆமையாழ்
ஆம்
ஆம்பற்குழல்
ஆம்பிலம்
ஆயக்கட்டுமானியம்
ஆயசூரி
ஆயத்துறை
ஆயமுற்கரவலன்
ஆயானம்
ஆயின்மேனி
ஆயிரஞ்சோதி
ஆயிரமாம்
ஆயிரம்
ஆயிழை
ஆயுட்டோமம்
ஆயுர்வேதம்
ஆயோதனம்
ஆய்தக்குறுக்கம்
ஆய்ப்பு
ஆர
ஆரக்கால்
ஆரணவாணன்
ஆரதிகர்ப்பூரம்
ஆரம்பம்
ஆரம்பவாதம்
ஆரவாரித்தல்
ஆராதித்தல்
ஆராய்ச்சி
ஆராவம்
ஆரியகுச்சரி
ஆரியம்
ஆரு
ஆருத்திராதரிசனம்
ஆரூரன்
ஆரோகணம்
ஆரோபணம்
ஆர்க்கம்
ஆர்ச்சித்தல்
ஆர்டர்
ஆர்த்தி
ஆர்பதன்
ஆர்வமொழி
ஆறதீகம்
ஆறவிடுதல்
ஆறாம்
ஆறாயிரப்படி
ஆறு
ஆறுதல்
ஆற்பணம்
ஆற்றமாட்டாமை
ஆற்றல்
ஆற்றிடைக்குறை
ஆற்றுக்கெண்டை
ஆற்றுநீர்
ஆற்றுப்பாய்ச்சி
ஆற்றுமுள்ளங்கி
ஆல¦டம்
ஆலக்கரண்டி
ஆலத்தியெடுத்தல்
ஆலம்
ஆலம்பனம்
ஆலவாட்டுதல்
ஆலாட்டுதல்
ஆலாலம்
ஆலிம்
ஆலைக்குழி
ஆலோபம்
ஆல்
ஆளன்
ஆளம்
ஆளாபம்
ஆளுங்கணம்
ஆளோடி
ஆள்
ஆள்மாகாணம்
ஆள்வினை
ஆழம்
ஆழாக்கு
ஆழித்தல்
ஆழிவலியான்மணி
ஆழ்வார்
ஆவ
ஆவச்சீவாளம்
ஆவணி
ஆவயின்
ஆவர்
ஆவலர்
ஆவளிச்சேவகம்
ஆவாபனம்
ஆவி
ஆவிநீர்
ஆவிரம்
ஆவிர்ப்பாவம்
ஆவுதல்
ஆவேசம்
ஆவோ
ஆஸ்பத்திரி
இ
இக
இகந்துழி
இகரம்
இகளை
இகா
இகும்
இக்கன்
இக்குமுடிச்சு
இங்கம்
இங்கிற்றி
இங்குதாழி
இசகுபிசகு
இசலாட்டம்
இசிகர்
இசுடம்
இசும்பு
இசை
இசைக்குழல்
இசைநூல்
இசைமகள்
இசையின்செல்வி
இசைவுகுவைவு
இச்சாப்பிராரத்தம்
இச்சுக்கொட்டுதல்
இஞ்சித்தேறு
இடகலை
இடக்கு
இடங்கணிப்பொறி
இடங்கை
இடது
இடத்தகைவு
இடனெறிந்தொழுகல்
இடபி
இடமிடைஞ்சல்
இடம்புதல்
இடறல்
இடவன்
இடாகினி
இடாமுடாங்கு
இடிகம்
இடிசாமம்
இடித்துக்கூறல்
இடிமீன்
இடியேறு
இடுகுதல்
இடுக்கண்
இடுக்குத்தடி
இடுங்கலம்
இடுநெறி
இடுமருந்து
இடுவந்தி
இடைக்கணம்
இடைக்குழி
இடைச்சியார்
இடைச்சோழகம்
இடைநாழிகை
இடைப்படுதல்
இடைப்பூட்டு
இடைமை
இடையாட்டம்
இடையியற்சொல்
இடையொடிவு
இடைவிடுதல்
இட்டங்கட்டுதல்
இட்டபோகம்
இட்டளம்
இட்டிடைஞ்சல்
இட்டுக்கட்டுதல்
இட்டுவட்டி
இணக்குதல்
இணங்கு
இணை
இணைத்தொடை
இணைப்பு
இணையடிகால்
இணையம்
இணையெழுத்து
இண்டிகன்
இண்று
இதடி
இதயம்
இதளை
இதா
இது
இதோளி
இத்துமம்
இந்த
இந்தம்
இந்தியன்
இந்தியா
இந்திரசாலம்
இந்திரதிசை
இந்திரபதம்
இந்திரலோகம்
இந்திரவில்
இந்திரி
இந்திரியவொழுக்கு
இந்துசிகாமணி
இந்துரேகை
இந்துஸ்தானம்
இனமுறை
இனாம்
இனியர்
இனையம்
இன்
இன்த
இன்தியா
இன்னம்
இன்னாப்பு
இன்னினி
இன்பக்கொடி
இன்பூறல்
இன்றி
இன்று
இபங்கம்
இப்பாடு
இப்போது
இப்போதுசெலுத்து
இமயம்
இமவான்
இமிழி
இமைபிறத்தல்
இமையார்
இம்பில்
இம்மை
இயக்கு
இயக்குதல்
இயசுரு
இயனெறி
இயமங்கியர்
இயமான்
இயற்கையளபெடை
இயற்பெயர்
இயற்றும்வினை
இயல்
இயல்பூதி
இயவுள்
இயைந்துரை
இயைமே
இர
இரக்கக்குறிப்பு
இரங்கூன்மல்லி
இரசகுளிகை
இரசதசபை
இரசனி
இரசம்
இரசாயனநூல்
இரசித்தல்
இரச்சுலம்
இரட்சகம்
இரட்சிப்பு
இரட்டு
இரட்டைக்கத்தி
இரட்டையாட்சி
இரணசங்கம்
இரணபாதகம்
இரணவைத்தியம்
இரணியமரம்
இரண்டாநிலம்
இரண்டாம்
இரண்டு
இரண்டுவவு
இரதனை
இரதி
இரத்தகுமுதம்
இரத்தக்கிராணி
இரத்தசாரம்
இரத்தபாரதம்
இரத்தப்பிரமேகம்
இரத்தமேகம்
இரத்தவுதிரி
இரத்தினகம்பளம்
இரத்தினப்பிரபை
இரத்தோற்பலம்
இரமடம்
இரமித்தல்
இரம்மியம்
இரவரசு
இரவிகாந்தம்
இரவிவிக்கேபம்
இரவு
இரவை
இராகமெடுத்தல்
இராகவேகம்
இராக்கதன்
இராசகரம்
இராசகோலம்
இராசசூயம்
இராசதானம்
இராசநோக்காடு
இராசபாட்டை
இராசமணி
இராசமுத்திரை
இராசருகம்
இராசவர்க்கம்
இராசவீதி
இராசான்னம்
இராசிகூடுதல்
இராசிப்பணம்
இராசியளத்தல்
இராச்சியபாரம்
இராட்டினஞ்சுற்றுதல்
இராணிவாசம்
இராத்திரிவேதம்
இராப்பிரமாணம்
இராமசீத்தா
இராமன்
இராமானம்
இராமேசுவரம்
இராவடி
இராவிரேகு
இரிசல்
இரித்தை
இரு
இருக்கமாலி
இருக்கிரது
இருக்கிறது
இருங்கரம்
இருசுழி
இருட்சரன்
இருணபாதகன்
இருதம்
இருதலைப்புடையன்
இருதுசங்கமணம்
இருத்தினன்
இருநிதி
இருந்தாற்போல்
இருபதாம்
இருபது
இருபத்திரண்டு
இருபத்துநான்கு
இருபத்துமூன்று
இருபத்தொன்று
இருபன்னியம்
இருபுட்சி
இருபேருரு
இருப்பு
இருப்புச்சட்டம்
இருப்புநகம்
இருப்புமுள்
இருமடங்கு
இருமா
இருமுற்றிரட்டை
இரும்புக்காய்வேளை
இரும்புள்
இருளி
இருள்
இருள்மரம்
இருவகைப்பொருவு
இருவாய்ச்சி
இருவுதல்
இரேகித்தல்
இரேசனி
இரேபன்
இரைக்குடல்
இரைப்பற்று
இரௌத்தன்
இறக்கம்
இறங்கல்
இறஞ்சி
இறந்துபடுதல்
இறவாரம்
இறாட்டாணியம்
இறுகரை
இறுக்குவாதம்
இறுத்தருதல்
இறும்பூது
இறைகுடி
இறைசூதன்
இறைதல்
இறைமகன்
இறையான்
இறைவரை
இற்செறிப்புணர்த்தல்
இற்றுப்போதல்
இற்றைப்படுத்தல்
இல
இல¦லாவதி
இலகிரி
இலகுவான
இலகோட்டா
இலக்கணை
இலக்கினச்சட்டுவருக்கம்
இலக்குவைத்தல்
இலங்கிகன்
இலசுனம்
இலஞ்சிலி
இலட்சம்
இலட்சியார்த்தம்
இலண்டம்
இலபித்தல்
இலம்பம்
இலயகாலம்
இலயம்
இலலிதம்
இலவச
இலவசம்
இலவந்தி
இலவுகிகம்
இலாக்கை
இலாசிகை
இலாடசங்கிலி
இலாபநட்டம்
இலாலனை
இலாவிருதம்
இலிங்கக்கட்டு
இலிங்கபற்பம்
இலிங்கவிரணம்
இலிந்தகம்
இலுப்பைப்பூச்சம்பா
இலேகை
இலேலிகம்
இலைச்சித்தல்
இலைப்பசளி
இலையமுதிடுவார்
இலைவாணியர்
இல்லது
இல்லாக்குற்றம்
இல்லாளி
இல்லுறைகல்
இல்லை
இல்லொழுக்கம்
இளகுதல்
இளங்கற்றா
இளங்கிளை
இளசு
இளநீரமுது
இளந்தண்டு
இளமணல்
இளம்பசி
இளம்பிறை
இளவழிபாடு
இளாவிருதம்
இளிந்தகாய்
இளைஞன்
இளைப்பு
இளையான்
இழப்பு
இழி
இழிச்சல்வாய்
இழிநீர்
இழிப்பு
இழுகுணி
இழுங்கு
இழுப்பாணி
இழுவை
இழைத்துணர்தல்
இழையாடுதல்
இவர்
இவவு
இஷ்டம்
ஈ
ஈகுதல்
ஈங்கம்
ஈசன்றார்
ஈசிதை
ஈசுவரி
ஈச்சுரம்
ஈடன்
ஈடுகொள்ளுதல்
ஈட்டுக்கீடு
ஈண்டுநீர்
ஈனசுரம்
ஈனில்
ஈன்றவள்
ஈமப்பறவை
ஈயம்
ஈரடிப்பயன்
ஈரப்பசை
ஈரவிதைப்பு
ஈரிழை
ஈர்கொல்லி
ஈர்தல்
ஈர்வாள்
ஈற்றா
ஈழத்தலரி
ஈவுசோர்வு
உ
உகந்தார்
உகலுதல்
உகாந்தம்
உகுதல்
உக்கல்
உக்கிடர்
உக்கிராந்தி
உங்கனம்
உங்கள்
உசனன்
உசாதல்
உசிர்
உசுவாசநிசுவாசம்
உச்சம்
உச்சாசனம்
உச்சிக்கடன்
உச்சிட்டம்
உச்சிமோத்தல்
உச்சிவேர்
உஞற்று
உடக்குதல்
உடனிகழ்ச்சி
உடனே
உடன்
உடன்பங்கு
உடன்பிறந்தாள்
உடப்பு
உடம்புக்கீடு
உடற்காப்பு
உடலம்
உடல்
உடுத்துதல்
உடுமானம்
உடைக்கல்
உடைமணி
உடையார்சாலை
உட்கதவு
உட்கார்
உட்கூதல்
உட்சமயம்
உட்டிரம்
உட்படுதல்
உட்பொருள்
உண
உணப்பாடு
உணர்ப்பு
உணவகம்
உணவு
உணைவு
உண்டாதல்
உண்டுகம்
உண்டைவிடுதல்
உண்ணாழிகையுடையார்
உண்மடம்
உண்மை
உண்மையான
உதகமூலம்
உதசம்
உதம்
உதயராகம்
உதரபந்தனம்
உதறுவாதம்
உதவாக்கடை
உதவி
உதாகரித்தல்
உதானன்
உதி
உதிரங்களைதல்
உதிரித்தழும்பு
உதை
உதைப்பு
உத்தண்டமாலை
உத்தமபாத்திரம்
உத்தம்பிரி
உத்தரகோளார்த்தம்
உத்தரமீன்
உத்தராடம்
உத்தரித்தல்
உத்தாபம்
உத்தியம்
உத்திரி
உத்துவேகம்
உந்தரம்
உந்து
உன்
உன்னம்
உன்னியர்
உன்மத்தை
உன்மை
உப
உபகிரகம்
உபக்கிரமணம்
உபசரித்தல்
உபசாரக்கை
உபசீவனம்
உபதேசம்
உபத்திரவம்
உபநிதி
உபமானம்
உபயம்
உபயோகம்
உபரி
உபலாளனம்
உபவேட்டனம்
உபாசகன்
உபாதானம்
உபானம்
உபேந்திரன்
உப்பரவர்
உப்பாரக்காரன்
உப்புக்கீரை
உப்புப்பால்
உமணன்
உமலகம்
உமி
உமிநகம்
உமை
உம்பர்
உம்மை
உயர்குலம்
உயர்நிலம்
உயர்ந்த
உயவல்
உயிரளபு
உயிரொடுங்குதல்
உயிர்க்கொலை
உயிர்த்தோற்றம்
உயிர்ப்பு
உயிர்விளக்கம்
உய்தி
உய்யல்
உரகன்
உரங்குத்துதல்
உரத்தல்
உரப்பிரம்
உரற்கல்
உரல்
உரவு
உராஞ்சுதல்
உரிஞ்சல்
உரிப்பொருள்
உரிமை
உரிமைகோரல்
உரிமைச்சுற்றம்
உரிமையிடம்
உரியோன்
உருக்காட்டி
உருக்குமம்
உருடை
உருண்டை
உருத்திரன்
உருத்திராட்சம்
உருபுமயக்கம்
உருப்பிரமம்
உருமாறுதல்
உருளரசி
உருள்வண்டு
உருவத்திருமேனி
உருவாணிபற்றுதல்
உருவிலி
உருவெழுத்து
உரூபகாரம்
உரைகலங்குதல்
உரைசுதல்
உரைநூல்
உரையசைக்கிளவி
உரையாடல்
உரையேடு
உரோங்கல்
உரோணி
உரோமக்கிழங்கு
உரோமாஞ்சிதம்
உற
உறட்டலன்
உறன்முறை
உறழ்பொரு
உறவின்முறையார்
உறவு
உறாவுதல்
உறுகண்
உறுதிக்கட்டுரை
உறுதிப்படுத்தல்
உறுதியான
உறுதியோர்
உறுபொருள்
உறுப்பினர்
உறுப்பினர்தன்மை
உறுமாலை
உறுவன்
உறைக்கிணறு
உறைமோர்
உற்கம்
உற்கை
உற்சாகம்
உற்பவித்தல்
உற்றறிதல்
உற்றுக்கேட்டல்
உலகஞானம்
உலகபாலர்
உலகமீன்றாள்
உலகவாதம்
உலகியற்கை
உலக்கை
உலங்காரணை
உலமருதல்
உலர்த்துதல்
உலவைராசி
உலாத்துதல்
உலுக்குதல்
உலுவம்
உலைக்குறடு
உலைமுகம்
உலோகமணல்
உலோசனம்
உலோபம்
உல்கு
உல்லாசத்தலம்
உல்லி
உல்லே
உளகு
உளப்பு
உளறுதல்
உளிக்குத்து
உளுப்புத்தாவுதல்
உளைவு
உள்நுழைவு
உள்பெட்டி
உள்ள
உள்ளடக்கம்
உள்ளநிகழ்ச்சி
உள்ளப்புணர்ச்சி
உள்ளளவும்
உள்ளான்
உள்ளிடுதல்
உள்ளீடு
உள்ளுயிர்
உள்ளூர்
உள்ளே
உள்வயிரம்
உள்வாரம்
உழக்குருட்டுதல்
உழப்புதல்
உழலுதல்
உழவாரம்
உழால்
உழுதூண்
உழுவல்
உழைதல்
உழையோர்
உவ
உவக்காண்
உவணன்
உவத்தல்
உவமவாசகம்
உவமையின்மை
உவர்க்கம்
உவர்மண்
உவவனம்
உவாத்து
உவியல்
ஊ
ஊகனி
ஊக்கம்
ஊங்குதல்
ஊசி
ஊசித்தொண்டை
ஊச்சில்
ஊடகம்
ஊடரம்
ஊடுதல்
ஊட்டல்
ஊட்டுவான்
ஊண்டழல்
ஊதாம்பை
ஊதுகட்டி
ஊதுவத்தி
ஊத்தை
ஊனமர்குறடு
ஊன்கணார்
ஊன்றிப்பார்த்தல்
ஊமணை
ஊமற்கரி
ஊமைக்கிளாத்தி
ஊமையன்
ஊரதிசயங்காட்டி
ஊராட்சி
ஊரிலிகம்பலை
ஊருணி
ஊரை
ஊர்க்கற்செம்மை
ஊர்ச்சுற்று
ஊர்தி
ஊர்த்துவம்
ஊர்ப்புரட்டு
ஊர்மன்று
ஊர்வாரி
ஊறுகறி
ஊற்றங்கால்
ஊற்றுக்களம்
ஊற்றுப்பெட்டி
ஊளான்
ஊழலத்தி
ஊழிக்கால்
ஊழியான்
ஊழ்த்தசை
எ
எகடம்
எகிருதல்
எக்கர்
எக்குத்தக்கு
எங்கை
எசமான்
எச்சரிக்கை
எச்சிற்படுத்தல்
எச்சிலிலை
எஞ்ஞம்
எடுத்தடிவைத்தல்
எடுத்தாட்சி
எடுத்துக்காரர்
எடுத்துப்பேசுதல்
எடுத்தேறு
எடுப்பல்
எடுப்பு
எடுவுதல்
எட்சி
எட்டன்மட்டம்
எட்டாம்
எட்டிகம்
எட்டு
எட்டுக்கொண்டார்
எண்
எண்கோவை
எண்டோளி
எண்ண
எண்ணம்
எண்ணலங்காரம்
எண்ணாதவன்
எண்ணிலி
எண்ணெய்க்காரன்
எண்ணெய்ப்பிசுக்கு
எண்பதாம்
எண்பது
எண்மையன்
எதார்த்தம்
எதிரி
எதிரூன்றுதல்
எதிர்கழறுதல்
எதிர்க்கை
எதிர்த்தட்டு
எதிர்நிலை
எதிர்ப்பு
எதிர்மீன்
எதிர்வரவு
எதிர்விற்பனை
எதோளி
எத்துக்கண்ணி
எந்திரன்
எந்து
என
எனதுகணக்கு
எனை
எனைவன்
என்
என்ன
என்னம்
என்னர்
என்னோரும்
என்புருக்கி
என்று
என்றுமபாவம்
எப்பொழுதும்
எமதருமன்
எமராசன்
எம்பிரான்
எம்மவர்
எயின்சேரி
எயிற்றுவலி
எய்ப்பாடி
எரிகரும்பு
எரிகும்பவாயு
எரிதூவுதல்
எரிபிடாரி
எரிமலர்
எரிவட்டம்
எரிவாயு
எரு
எருச்சாட்டி
எருத்து
எருமணம்
எருமைநாக்கள்ளி
எருவறட்டி
எறிபடுதல்
எறியல்
எறுழி
எற்றம்
எற்றே
எலி
எலிக்குஞ்சப்புல்
எலிப்பயல்
எலியாலங்காய்
எலு
எலுது
எலும்பு
எலுவ
எல்லரி
எல்லாம்
எல்லிநாயகன்
எல்லேமும்
எல்லைக்குறிப்பு
எல்லையின்மை
எளி
எளிதரவு
எளிதான
எளிது
எளிவிலையன்
எளுது
எள்ளு
எள்ளோரை
எழில்
எழுச்சி
எழுதம்
எழுது
எழுதுகோல்
எழுத்தறப்படித்தல்
எழுத்தின்கிழத்தி
எழுத்துச்சிற்றாடை
எழுத்துப்புடைவை
எழுநகரம்
எழுந்தருளுதல்
எழுபதாம்
எழுபது
எழுபோது
எழுமுகனை
எழுவாய்
எவையும்
எவ்வெலாம்
ஏ
ஏஎ
ஏஏ
ஏககுடும்பம்
ஏகசரம்
ஏகதாளம்
ஏகபத்தினிவிரதம்
ஏகப்பசலி
ஏகலபுச்சன்
ஏகவெளி
ஏகாங்கி
ஏகாதசி
ஏகாந்தவாழ்வு
ஏகாலத்தியம்
ஏகை
ஏக்கழுத்தம்
ஏசம்
ஏச்சுரை
ஏடல்
ஏடுகம்
ஏட்டுப்படிப்பு
ஏணிச்சீகு
ஏணைக்குக்கோணை
ஏதம்
ஏதிலாளன்
ஏதுநிகழ்ச்சி
ஏத்திவாபாசம்
ஏந்திழை
ஏன
ஏனப்படம்
ஏனை
ஏப்பியன்
ஏமந்தம்
ஏமல்
ஏமார்த்தல்
ஏமுறுதல்
ஏய
ஏயில்
ஏர
ஏரகம்
ஏரா
ஏரிப்பாய்ச்சி
ஏர்க்களவுருவகம்
ஏர்ப்பு
ஏற
ஏறடுதல்
ஏறாண்முல்லை
ஏறு
ஏறுண்ணுதல்
ஏறுமிராசி
ஏறுவெயில்
ஏற்பாடு
ஏற்றச்சால்
ஏற்றம்
ஏற்றுக்கொள்ளுதல்
ஏற்றெழுதல்
ஏல
ஏலரிசி
ஏலாபர்ணி
ஏல்
ஏழாநீர்ச்சடங்கு
ஏழாம்
ஏழு
ஏழுநரகம்
ஏழை
ஏழையாளன்
ஏவங்கம்
ஏவற்காரப்பேய்
ஏவல்விடை
ஏவுதற்கருத்தா
ஐ
ஐகிகம்
ஐங்கணையவத்தை
ஐங்கூந்தல்
ஐஞ்ஞூறு
ஐந்தரு
ஐந்தானம்
ஐந்தாம்
ஐந்து
ஐந்துபா
ஐந்தொகைவினா
ஐம்படைப்பருவம்
ஐம்பதாம்
ஐம்பது
ஐம்பெருங்காப்பியம்
ஐம்முகம்
ஐய
ஐயங்கவீனம்
ஐயப்படுதல்
ஐயவித்துலாம்
ஐயுறவு
ஐராவதம்
ஐவகைமன்றம்
ஐவர்
ஒ
ஒஃகுதல்
ஒக்கலித்தல்
ஒசித்தல்
ஒஞ்சித்தல்
ஒடியல்மா
ஒடுக்கு
ஒடுங்கல்
ஒட்ட
ஒட்டத்தி
ஒட்டல்
ஒட்டினர்
ஒட்டு
ஒட்டுக்கேட்டல்
ஒட்டுத்துத்தி
ஒட்டுப்போடுதல்
ஒட்டுவைத்தல்
ஒண்டிக்காரன்
ஒதி
ஒதுக்குப்பச்சை
ஒத்தபண்புரைப்போர்
ஒத்திகை
ஒத்துப்பாடுதல்
ஒத்துவருதல்
ஒன்னுதல்
ஒன்பதாம்
ஒன்பது
ஒன்ரு
ஒன்றரைக்கண்ணன்
ஒன்றாமை
ஒன்றியவஞ்சித்தளை
ஒன்று
ஒன்றுக்கிருத்தல்
ஒன்றுமற்றவன்
ஒப்பங்கொடுத்தல்
ஒப்பந்தம்
ஒப்பனைகாட்டுதல்
ஒப்பாரியிடுதல்
ஒப்புக்கழுதல்
ஒப்புமொழி
ஒயில்வண்டி
ஒரானொரு
ஒரு
ஒருகால்
ஒருக்க
ஒருங்கே
ஒருசிறிது
ஒருதனி
ஒருத்தல்
ஒருபது
ஒருபொருள்
ஒருப்பாடு
ஒருமிக்க
ஒருமைப்பாடு
ஒருவழித்தணத்தல்
ஒருவுதல்
ஒர்றுமை
ஒறுத்தல்
ஒற்கம்
ஒற்றிக்கரணம்
ஒற்றிமீட்டல்
ஒற்றுமை
ஒற்றுமைகோடல்
ஒற்றைக்குச்சி
ஒற்றையடிப்பாதை
ஒலி
ஒலிசை
ஒலியல்
ஒல்லல்
ஒல்லுதல்
ஒளி
ஒளிக்கடல்
ஒளிபரப்பு
ஒளிப்புடம்
ஒளிர்தல்
ஒளிவளவாய்
ஒள்ளியன்
ஒழிபியல்
ஒழிவு
ஒழுகு
ஒழுக்கவணக்கம்
ஒழுக்கை
ஒவ்வாமை
ஓ
ஓஒ
ஓகணி
ஓக்காளம்
ஓங்காரி
ஓசனை
ஓசுநன்
ஓச்சுதல்
ஓட
ஓடல்
ஓடியம்
ஓடுகாலி
ஓடுவிப்புருதிக்கட்டி
ஓட்டப்பம்
ஓட்டல்
ஓட்டிரம்
ஓட்டைக்கை
ஓணான்
ஓதவனம்
ஓதியிடுதல்
ஓதைவாரி
ஓனம்
ஓமத்திராவகம்
ஓமவள்ளி
ஓமுடிதல்
ஓய்ச்சலொழிவில்லாமை
ஓரக்கண்ணன்
ஓரம்
ஓராண்காணி
ஓரிலைத்துத்தி
ஓரையயர்தல்
ஓர்க்கோலை
ஓர்மம்
ஓலமிடுதல்
ஓலைக்கண்
ஓலைதீட்டுதல்
ஓலைப்பூ
ஓலைவாளை
ஓவி
ஔ
ஔகம்
ஔடவம்
ஔத்திரி
ஔவித்தல்
க
கஃறெனல்
ககம்
ககுளம்
கக்கசம்
கக்கரி
கக்கிருமல்
கங்கணம்
கங்காணம்
கங்காளம்
கங்குல்விழிப்பு
கங்கைமாத்திரர்
கசகம்
கசக்குதல்
கசத்தல்
கசம்
கசா
கசிதம்
கசுடம்
கசேந்திரன்
கச்சங்கம்
கச்சற்கருவாடு
கச்சாத்து
கச்சிதம்
கச்சூரம்
கச்சோரம்
கஞ்சனம்
கஞ்சா
கஞ்சி
கஞ்சிவார்த்தல்
கடகத்தண்டு
கடதாசி
கடனாய்
கடன்அட்டை
கடன்காரி
கடன்மல்லை
கடப்பாடு
கடமுடெனல்
கடம்பவனம்
கடற்காற்று
கடற்கொழுப்பை
கடற்பஞ்சு
கடற்பிறந்தாள்
கடலகம்
கடலாடி
கடலுடும்பு
கடலைக்கொட்டை
கடல்கலக்கி
கடல்விராஞ்சி
கடவுசொல்
கடவுச்சொல்
கடவுட்சடை
கடவுதல்
கடவை
கடாசலம்
கடாய்
கடிகண்டு
கடிகொள்ளுதல்
கடிதடம்
கடினம்
கடிப்பு
கடியன்
கடிவாய்
கடுகலாத்தி
கடுகுரோகிணி
கடுக்கும்
கடுங்காய்
கடுங்கூர்மை
கடுஞ்சினப்பூமி
கடுத்தலை
கடுநிம்பம்
கடுப்பு
கடுமுடுக்கு
கடும்பத்தியம்
கடுவன்
கடுவான்கரப்பன்
கடுவெளி
கடை
கடைகாப்பாளன்
கடைக்கணோக்கம்
கடைக்குறை
கடைக்கோடி
கடைசோரி
கடைஞன்
கடைத்திறப்பு
கடைநிலையெழுத்து
கடைப்பிடி
கடைமரம்
கடையகம்
கடையழித்தல்
கடையுணி
கடையெழுவள்ளல்கள்
கடைவிரித்தல்
கட்காஞ்சி
கட்சிக்காரன்
கட்டடம்
கட்டணப்பட்டியல்
கட்டணம்
கட்டர்
கட்டளைச்சட்டம்
கட்டழல்
கட்டாடியார்
கட்டாரம்
கட்டிபடுதல்
கட்டியங்கூறுதல்
கட்டிவிடுதல்
கட்டுக்காடை
கட்டுங்காவலுமாதல்
கட்டுண்கை
கட்டுப்படகு
கட்டுப்பாளை
கட்டுமானம்
கட்டுவன்
கட்டுவித்தி
கட்டைகட்டுதல்
கட்டைபோடுதல்
கட்டைவிரல்
கணகணத்தல்
கணக்கழிவு
கணக்கு
கணக்குச்சுருணை
கணச்சூடு
கணபங்கம்
கணப்பொருத்தம்
கணவாளம்
கணிகாரம்
கணிதம்
கணினி
கணுக்கால்
கணைக்கட்டு
கணையாழி
கண்
கண்கயில்
கண்காட்சிச்சாலை
கண்காணித்தல்
கண்காணிப்பு
கண்குழி
கண்கெடச்செய்தல்
கண்சவ்வு
கண்செம்முதல்
கண்டகாரி
கண்டக்குருகு
கண்டசருக்கரைத்தேறு
கண்டதுண்டம்
கண்டபதம்
கண்டமாலை
கண்டவன்
கண்டாலம்
கண்டிகும்
கண்டில்
கண்டுங்காணாமை
கண்டுபிடி
கண்டுமுதல்செய்தல்
கண்டெடங்கடத்தி
கண்ணசாரம்
கண்ணன்
கண்ணமரம்
கண்ணறையன்
கண்ணா
கண்ணாமண்டை
கண்ணாளன்
கண்ணிக்கால்
கண்ணியம்
கண்ணீர்
கண்ணுகம்
கண்ணுறுதல்
கண்ணெச்சில்
கண்ணைப்பறித்தல்
கண்ணோய்
கண்படுத்தல்
கண்பிடி
கண்பெறுதல்
கண்மட்டம்
கண்மலர்
கண்மூக்கி
கண்வளர்தல்
கண்விடுத்தல்
கதகதெனல்
கதம்பு
கதலிப்பூ
கதாசித்து
கதிக்கும்பச்சை
கதியற்றவன்
கதிரோன்
கதிர்ச்சாலேகம்
கதிர்ப்புல்
கதிர்வீசுதல்
கதுவாய்
கதைபண்ணுதல்
கத்தன்
கத்தரிமணியன்
கத்திதீட்டுதல்
கத்திரிக்கோல்
கத்து
கத்துரு
கத்தை
கந்தங்குவளம்
கந்தன்
கந்தமூலி
கந்தருவம்
கந்தவகன்
கந்தாரம்
கந்திருவர்
கந்துதல்
கந்தோடம்
கன
கனகதர்
கனகாங்கி
கனக்கு
கனசாரம்
கனப்பாடு
கனமான
கனருசி
கனலுதல்
கனவான்
கனிகாலம்
கனினி
கனிப்பு
கனைப்பு
கன்
கன்னக்கிரந்தி
கன்னத்தட்டு
கன்னன்
கன்னமிடுதல்
கன்னா
கன்னிகழிதல்
கன்னிக்குடமுடைதல்
கன்னிநகர்
கன்னிமடம்
கன்னியழித்தல்
கன்னிவேட்டை
கன்னீர்
கன்மசாந்தி
கன்மலி
கன்முலை
கன்றுகாலி
கபடக்காரன்
கபந்தம்
கபாடக்கட்டி
கபாலன்
கபால்
கபிலை
கப்படம்
கப்பற்கதலி
கப்பலோட்டுதல்
கப்பிப்பூ
கப்புமஞ்சள்
கமக்காரன்
கமனசித்தி
கமலகுண்டலமாய்
கமலம்
கமலாசனன்
கமல்
கமுக்கக்காரன்
கம்பக்கணை
கம்பஞ்சம்பா
கம்பத்து
கம்பலை
கம்பளி
கம்பிதம்
கம்பீரித்தல்
கம்பெனி
கம்மத்தம்
கம்மாளன்
கய
கயக்கால்
கயப்பு
கயவன்
கயிப்பு
கயிறுதடி
கயிற்றரவு
கயிலாயம்
கர
கரகம்
கரஞ்சம்
கரடிவிடுதல்
கரட்டுவாதம்
கரணம்பாய்தல்
கரண்டகம்
கரதபத்திரம்
கரந்துறை
கரன்
கரப்பான்
கரமசாலை
கரம்பதிவுக்கணக்கு
கரவதம்
கரவாளம்
கராசனம்
கராளன்
கரி
கரிக்கட்டை
கரிக்கிடங்கு
கரிசனம்
கரிசை
கரித்தண்ணீர்
கரிப்பு
கரிமுரடு
கரியமிலவாயு
கரிவாளை
கருகுமணி
கருக்கல்
கருக்கிடை
கருக்குவாள்
கருங்கந்து
கருங்காடை
கருங்குங்கிலியம்
கருங்குறுவை
கருங்கொல்லன்
கருஞ்சிலை
கருஞ்செவ்வாப்பு
கருடசானம்
கருடபஞ்சாக்கரம்
கருடிவித்தை
கருணாகரன்
கருணைமறம்
கருத்தபம்
கருத்தாவாகுபெயர்
கருத்து
கருத்தெடுத்தல்
கருநாடர்
கருநெறி
கருந்தாமக்கொடி
கருப்பகோளகை
கருப்பதும்பம்
கருப்பம்
கருப்புக்கட்டி
கருப்போட்டம்
கருமக்காமம்
கருமஞ்சரி
கருமபந்தனம்
கருமம்
கருமவியாதி
கருமானுபவம்
கருமுரடன்
கரும்பாடு
கரும்புறத்தோர்
கரும்பொன்
கருவரி
கருவாடு
கருவி
கருவிக்குயிலுவர்
கருவிரலூகம்
கருவிழி
கருவூலம்
கரைகட்டுதல்
கரைசிலை
கரைத்தல்
கரைப்பாதை
கரையல்
கரையோலை
கரோடிகை
கர்ச்சிப்பு
கர்ணபரம்பரை
கர்த்தன்
கர்ப்பகோளகை
கர்ப்பச்சூடு
கர்ப்புரை
கர்ப்பூரவாழை
கர்று
கர்வடம்
கறங்குதல்
கறமண்
கறவைக்கலம்
கறி
கறித்தல்
கறிவடகம்
கறுத்தவன்
கறுப்புவீரம்
கறுவு
கறைமிடற்றண்ணல்
கற்கடகம்
கற்கரம்
கற்காரம்
கற்கை
கற்சாலர்வேலை
கற்பகநாடு
கற்பணம்
கற்பா
கற்பாழி
கற்புரை
கற்பை
கற்றடம்
கற்றல்
கற்றா
கற்று
கற்றுக்கொடுத்தல்
கற்றைவைத்துக்கட்டுதல்
கலகக்கை
கலகவாயன்
கலங்கல்
கலசுதல்
கலத்திற்பிரிவு
கலனிலி
கலப்பற்றுக்காரன்
கலப்பை
கலம்பகக்கலி
கலரை
கலவரை
கலவிகரணன்
கலவைத்தசை
கலாதரன்
கலாபேதம்
கலாவம்
கலிக்கம்
கலித்தல்
கலின்கலினெனல்
கலிமாரகம்
கலியாணக்கோலம்
கலியாணமால்
கலிலம்
கலுத்து
கலுழக்கல்
கலேகபோதநியாயம்
கலை
கலைஞன்
கலைப்பாகி
கலையூர்தி
கல்கம்
கல்பு
கல்யாணதரம்
கல்லகாரம்
கல்லத்தி
கல்லம்
கல்லழிஞ்சில்
கல்லாமை
கல்லின்காரம்
கல்லுக்காரர்
கல்லுப்போடுதல்
கல்லூன்றுதல்
கல்லேறு
கல்வி
கல்விக்களஞ்சியம்
கல்விமான்
கல்வெட்டு
கள
களகளப்பு
களஞ்சம்
களந்தூன்றி
களப்பூசை
களம்
களம்பழம்
களரிவிடுதல்
களவாணி
களவேர்வாழ்க்கை
களாவம்
களிதூங்குதல்
களிமகன்
களியன்
களிற்றியானை
களேபரம்
களை
களைஞன்
களைவாங்குதல்
கள்ளக்கப்பல்
கள்ளக்கையெழுத்து
கள்ளச்சுரம்
கள்ளநோக்கு
கள்ளமார்க்கம்
கள்ளம்
கள்ளவிழி
கள்ளிமந்தாரை
கள்வி
கள்விலையாட்டி
கழங்குமெய்ப்படுத்தல்
கழப்பாளி
கழற்று
கழலை
கழாய்
கழிகெட்டவன்
கழிநிலம்
கழிப்பாம்பு
கழிய
கழிவிரக்கம்
கழுக்கடை
கழுதைக்குடத்தி
கழுத்திருத்தல்
கழுத்து
கழுத்துத்திருகுதல்
கழுத்துவெட்டி
கழுமரம்
கழுவாய்
கழுவேறுதல்
கவசம்
கவடம்
கவட்டன்
கவண்டி
கவனித்தல்
கவராயுதம்
கவர்கோடல்
கவர்படுமொழி
கவற்சி
கவலையேற்றம்
கவவு
கவாட்சி
கவிகண்ணோக்கு
கவிச்சு
கவிநாயகன்
கவிரத்தினம்
கவிவாணர்
கவுஞ்சயூகம்
கவுதகம்
கவுமோதகி
கவேது
கவைக்கொம்பு
கவையடி
கஷ்டம்
கா
காகச்சிலை
காகத்துரத்தி
காகபீலி
காகவாகனன்
காகு
காகோதரம்
காக்கப்பட்ட
காக்காந்தோல்
காக்குறட்டை
காங்கிசை
காசமர்த்தகம்
காசாம்பூவண்ணன்
காசிரம்
காசுமாலை
காச்
காச்சுமூச்செனல்
காஞ்சித்திணை
காஞ்சொறி
காடவிளக்கு
காடிகம்
காடுகட்டுதல்
காடுகொல்லுதல்
காடுமேய்தல்
காட்சி
காட்சிப்பிரமாணம்
காட்சிவரி
காட்டழல்
காட்டாறு
காட்டிலுமிழி
காட்டுக்கருணை
காட்டுதல்
காட்டுப்புத்தி
காட்டுமா
காட்டுவெள்வெங்காயம்
காணம்
காணாக்கோல்
காணிக்கை
காணுதல்
காண்டலளவை
காண்டாவனம்
காண்டு
காதகம்
காதரம்
காதற்பரத்தை
காதலித்தவன்
காதிலி
காதுகுத்தல்
காதுதல்
காதைகரப்பு
காத்திகைக்காசு
காத்திரை
காந்தபசாசம்
காந்தருப்பம்
காந்தர்ப்பர்
காந்தாரபஞ்சமம்
காந்திருவம்
கானகத்தும்பி
கானத்தேறு
கானயூகம்
கானவிருக்கம்
கானிலம்
கான்மியம்
காபணங்கட்டுதல்
காபினி
காப்பகம்
காப்பி
காப்பீடு
காப்புக்கட்டுதல்
காப்புப்பிரதி
காப்புமறம்
காமக்கவலை
காமசலம்
காமநாசன்
காமன்கொடி
காமப்புணர்ச்சி
காமரம்
காமலை
காமவேள்
காமாப்பலகை
காமியசத்தி
காமோத்தீபகம்
காம்புச்சத்தகம்
காயக்கிலேசம்
காயத்திரி
காயாபுரி
காய்க்கும்பருவம்
காய்ச்சுக்கட்டி
காய்த்தல்
காய்ப்பு
காய்ம்பாளை
காரகவேது
காரடை
காரணன்
காரணவாராய்ச்சி
காரத்திரி
காரறுத்தல்
காரானை
காரிகை
காரியகாரன்
காரியசுத்தம்
காரியத்துக்குவருதல்
காரியம்
காருகத்தம்
காருடயூகம்
காரூடம்
கார்
கார்கரணை
கார்க்கோழி
கார்த்திகைத்தேவிமார்
கார்நிறம்
கார்ப்பாளன்
கார்வண்ணர்
காறற்கத்தரி
காறுவடித்தல்
காற்காறை
காற்சிலம்பு
காற்பாசம்
காற்றடக்கி
காற்றினாள்
காற்றுதல்
காற்றுவாங்குதல்
காலகரணம்
காலக்கிரயம்
காலசங்கை
காலடியில்
காலத்தீ
காலபடர்
காலப்பிரமாணம்
காலமாறு
காலம்
காலராத்திரி
காலவழு
காலாக்கினி
காலாதீதம்
காலாவதி
காலிலி
காலேகவண்ணம்
காலை
காலைமுழவு
காலோலம்
கால்கொள்ளுதல்
கால்நடை
கால்மரத்தல்
கால்வாங்குதல்
கால்வீச்சு
காளச்சிலை
காளம்
காளவாயன்
காளிக்கமெழுதுதல்
காளிப்பணம்
காளை
காழகம்
காழ்கோளி
காவணம்
காவன்முல்லை
காவற்சாலை
காவலாளன்
காவல்
காவாய்
காவிதிப்பூ
காவிரிபுதல்வர்
காவோலை
காஷ்
கி
கிங்கிலியன்
கிச்சிலாட்டம்
கிஞ்சப்பண்ணி
கிஞ்சிஞ்ஞம்
கிட
கிடத்தல்
கிடாக்காலன்
கிடுகிடாயமானம்
கிடுக்கட்டி
கிடைக்காரன்
கிடைமறித்தல்
கிட்டம்
கிட்டிக்கிழங்கு
கிட்டியடித்தல்
கிணற்றுறை
கிணை
கிண்டன்
கிண்ணம்
கித்தான்
கினிதல்
கின்னரர்
கிமித்துக்கினம்
கிரககழிப்பு
கிரகணி
கிரகமண்டலம்
கிரக்கம்
கிரந்தகர்த்தா
கிரமக்காரன்
கிரமம்
கிரயபத்திரம்
கிராணி
கிராமக்கணக்கன்
கிராமநத்தம்
கிராமம்
கிராம்பு
கிரிகை
கிரிப்டோ
கிரிமல்லிகை
கிரீசன்
கிரீட்டுமம்
கிருகரன்
கிருட்டிணபட்சம்
கிருதக்கு
கிருது
கிருத்திவாசன்
கிருபாளு
கிரேதயுகம்
கிறி
கிறுக்கன்
கிற்பன்
கிலிசம்பறை
கிலுக்குதல்
கிலை
கில்கில்லெனல்
கிளம்பல்
கிளறிப்பார்த்தல்
கிளவுட்
கிளாய்
கிளிஞ்சில்
கிளுகிளெனல்
கிளை
கிளைத்தல்
கிளையோடுதல்
கிள்ளிக்கொடுத்தல்
கிழக்கதை
கிழங்கெடுத்தல்
கிழமைவட்டம்
கிழாஅன்
கிழிக்கட்டு
கிழியல்
கீ
கீசம்பறை
கீச்சிடுதல்
கீடம்
கீதவீதி
கீன்றல்
கீரிப்பூச்சி
கீரைமணி
கீர்த்திமான்
கீற்கதவு
கீலகம்
கீலே
கீல்கீலாய்
கீளுடை
கீளே
கீழறை
கீழுலகு
கீழே
கீழ்
கீழ்க்கடை
கீழ்த்திசை
கீழ்ப்படுதல்
கீழ்ப்பாவல்
கீழ்மை
கு
குகம்
குகூகம்
குக்கி
குக்குடி
குக்கூடல்
குங்குமச்சோரன்
குசத்தனம்
குசலக்காரன்
குசவன்
குசு
குசேசயம்
குச்சி
குச்சுப்பிடித்தல்
குஞ்சரத்தீ
குஞ்சிதநடம்
குஞ்சுக்கடகம்
குட
குடக்கி
குடங்கர்
குடஞ்சாய்தல்
குடநாடு
குடப்பாம்பு
குடமாடல்
குடமூக்கில்
குடற்பிடுங்கி
குடலேற்றம்
குடல்பதறுதல்
குடவறை
குடாக்கடல்
குடாரி
குடிகேடு
குடிங்கு
குடிஞைக்கல்
குடித்தரம்
குடிபடை
குடிப்பிறப்பாளர்
குடிமை
குடியிருக்கை
குடியேறுதல்
குடிலை
குடீசகன்
குடுகுடுக்கை
குடுப்பம்
குடும்பத்தானம்
குடைகரி
குடைச்சூல்
குடையாணி
குட்டநாடு
குட்டிக்கும்பிடுதல்
குட்டிமம்
குட்டுதல்
குணகண்டி
குணக்கிராகி
குணங்குதல்
குணதிசை
குணன்
குணப்பண்பு
குணலை
குணவியது
குணாம்புதல்
குணிப்பு
குணுக்குதல்
குண்டக்கிரியை
குண்டம்பாய்தல்
குண்டா
குண்டிக்காயெரிச்சல்
குண்டுக்கட்டை
குண்டுதைரியம்
குண்டெழுத்து
குதனை
குதர்
குதலைமை
குதிப்பு
குதிரைக்கொம்பு
குதிரைமறம்
குதிரைவலி
குதுகுதுப்பு
குதைத்தல்
குத்தகையெடுத்தல்
குத்தார்க்கு
குத்திப்பிடுங்குதல்
குத்திருமல்
குத்துக்கால்
குத்துத்திராய்
குத்துவல்லயம்
குந்தனக்காரன்
குந்தாலம்
குந்துகாலன்
குனாபீ
குன்னாத்தல்
குன்றவில்லி
குன்றுதல்
குபதம்
குபேரன்
குப்பான்
குப்புறவிழுதல்
குப்பையன்
குமண்டையிடுதல்
குமரம்
குமரிப்படை
குமாரசுவாமி
குமிண்சிரிப்பு
குமிலி
குமிழ்ப்பு
குமுதச்சிலந்தி
குமுறல்
கும்பகாம்போதி
கும்பனாற்றம்
கும்பா
கும்பிடுகள்ளன்
கும்பீரளம்
கும்மாயம்
குயக்காலம்
குயவரி
குயிலாயம்
குய்மனத்தாளர்
குரக்கன்சாறுதல்
குரங்காட்டி
குரங்குமார்க்கம்
குரத்தம்
குரல்காட்டுதல்
குரவை
குரிசில்
குரிப்பு
குருகுலம்
குருக்குத்தி
குருடன்
குருட்டுநாள்
குருதி
குருத்துமணல்
குருநிந்தை
குருபரம்பரை
குருமன்
குரும்பட்டி
குருவன்
குருவிக்காரன்
குருவுக்காதி
குரைமுகன்
குரோதம்
குறடு
குறத்தனம்
குறளை
குறவி
குறிக்கொள்ளுதல்
குறிஞ்சிக்கிழவன்
குறிஞ்சிவேந்தன்
குறிப்பிடம்
குறிப்பு
குறிப்புவமை
குறியிடம்
குறுகியது
குறுகுத்தாளி
குறுக்கல்
குறுக்குப்பாதை
குறுக்கை
குறுங்கூலி
குறுஞ்செய்தி
குறுநகை
குறுநெறி
குறுமக்கள்
குறுமுயல்
குறும்பலா
குறும்பூழ்
குறுவிலை
குறைக்காரியம்
குறைத்தலை
குறைபாடு
குறையலாளி
குறைவாளர்
குறைவு
குற்சித்தல்
குற்றப்படுதல்
குற்றிகரம்
குற்றேவல்
குலக்காய்
குலச்சுமால்
குலநாசகம்
குலமதம்
குலம்புகுந்தவன்
குலவு
குலாசாரியன்
குலாலன்
குலிசவேறு
குலுக்கெனல்
குலைக்கல்
குலைவட்டம்
குல்லிரி
குளக்கால்
குளப்பாடு
குளவஞ்சி
குளிகாரன்
குளிப்பித்தல்
குளிர்
குளிர்காணல்
குளிர்ந்தபேச்சு
குளுத்தி
குள்ளக்குடைதல்
குழ
குழந்தைகுட்டி
குழமகன்
குழறுதல்
குழலூதி
குழவிஞாயிறு
குழிக்கண்ணி
குழிநரி
குழியச்சு
குழு
குழுப்படை
குழூஉநிலை
குழைச்சு
குழையல்
குவளை
குவால்
குவிவு
கூ
கூகாவெனல்
கூசனம்
கூச்சக்காரன்
கூட
கூடகம்
கூடசாலம்
கூடயந்திரம்
கூடாகாரம்
கூடினரைப்பிரித்தல்
கூடுவாய்மூலை
கூடை
கூட்டக்கொள்ளை
கூட்டரக்கு
கூட்டிக்கொள்ளுதல்
கூட்டுக்காரன்
கூட்டுவர்த்தகம்
கூண்டுதல்
கூதிர்ப்பாசறை
கூத்தரிசி
கூத்துக்களரி
கூந்தல்
கூனலங்காய்
கூன்
கூப்பன்
கூப்பிடு
கூம்புவிடல்
கூரிலவணம்
கூரு
கூர்க்கறுப்பன்
கூர்ச்சு
கூர்ப்பிடுதல்
கூர்மை
கூறு
கூறுபாடல்
கூற்றன்வாய்
கூலங்கடம்
கூலிப்பாடு
கூள்தல்
கூழாமட்டி
கூழைத்தொடை
கூழ்த்தல்
கூவநூல்
கூவிளநறுநிழல்
கூவை
கெ
கெக்களம்
கெச்சக்காய்
கெடலணங்கு
கெடுகிடுதல்
கெடுபுத்தி
கெட்ட
கெட்டகேடு
கெட்டது
கெட்டாரகெட்டி
கெட்டிமூங்கில்
கெணணை
கெண்டைபுரட்டுதல்
கெந்தம்
கெம்பத்து
கெற்பாதானம்
கெளிசு
கெழுதகைமை
கெவுரிசங்கம்
கே
கேசகன்
கேசரிகம்
கேடன்
கேட்டித்தடி
கேண்மை
கேதாரம்
கேதுரத்தினம்
கேனன்
கேரளன்
கேளலர்
கேள்
கேள்விமுறை
கேழ்வரகு
கேவலப்பொருள்
கை
கைகழிதல்
கைகூசுதல்
கைக்கடனாற்றல்
கைக்கிளவன்
கைக்குற்றம்
கைக்கோல்
கைசிகவிருத்தி
கைச்சரி
கைச்சுத்தம்
கைடவை
கைதளர்தல்
கைதுசெய்தல்
கைதை
கைத்தடி
கைத்தாள்
கைத்துடுப்பு
கைநாட்டுதல்
கைநெல்லி
கைந்நீவுதல்
கைபறிதல்
கைபூசுதல்
கைபேசி
கைப்பட்டை
கைப்பற்றுநிலம்
கைப்பிடிச்சுவர்
கைப்புலி
கைமட்டு
கைமாறாட்டம்
கைமுதல்
கைமேற்பணம்
கைம்மயக்கம்
கைம்மாறு
கைம்மேலே
கையடுத்தல்
கையயர்தல்
கையறிதல்
கையல்லது
கையாற்றுதல்
கையிணக்கம்
கையிளைத்தல்
கையுயர்தல்
கையெடுப்பு
கையேற்பு
கையொலி
கையோட்டம்
கைலாகு
கைவசம்
கைவரை
கைவல்லியம்
கைவாங்குதல்
கைவிசேடம்
கைவினைஞன்
கைவேலை
கொ
கொக்காட்டல்
கொக்குக்கல்
கொங்கணி
கொசவம்
கொச்சகக்கயிறு
கொச்சை
கொஞ்சப்படுத்துதல்
கொடாரி
கொடிக்கழல்
கொடிஞ்சிற்பலகை
கொடிநிலை
கொடிப்புல்
கொடிமூக்கு
கொடியாள்
கொடியோன்
கொடுகுதல்
கொடுங்கரி
கொடுஞ்சூரி
கொடுந்துயர்
கொடுமடி
கொடுமைத்தானம்
கொடும்புலி
கொடுவை
கொடையாளன்
கொட்டகம்
கொட்டமடித்தல்
கொட்டாவி
கொட்டியான்
கொட்டுப்பிடி
கொட்டைக்கரந்தை
கொட்டைமுத்து
கொணாதல்
கொண்டலாத்தி
கொண்டான்
கொண்டின்னி
கொண்டுகூட்டு
கொண்டை
கொண்டைப்பூ
கொதிகருப்பநீர்
கொதுகு
கொத்தமுரி
கொத்தவரை
கொத்துக்கணக்கு
கொத்துச்சரப்பளி
கொந்தரிவாள்
கொந்தாழை
கொன்னேச்சன்
கொப்பரி
கொப்புளித்தல்
கொம்பன்
கொம்புக்காரன்
கொம்புமுளைத்தல்
கொம்மைகொட்டுதல்
கொய்யாக்கட்டை
கொறிதலை
கொறுக்கை
கொற்றப்பெருங்கணி
கொற்றவுழிஞை
கொற்றுறை
கொலை
கொலைநவிலுதல்
கொலைவன்
கொல்லன்பட்டடை
கொல்லாக்கொலை
கொல்லிச்சி
கொல்லெனல்
கொளகொளெனல்
கொளுத்து
கொளையமைத்தல்
கொள்கை
கொள்ளப்படுதல்
கொள்ளிக்கரப்பான்
கொள்ளிவட்டம்
கொள்ளெனல்
கொள்ளையாடுதல்
கொழிஞ்சி
கொழுக்கொடுத்தல்
கொழுநன்
கொழுந்துவிடுதல்
கொழுமுறி
கொவ்வைக்காய்ப்பதம்
கோ
கோகனதன்
கோகலி
கோகுத்தம்
கோங்கம்
கோசன்
கோசரித்தல்
கோசாலை
கோசுமந்தில்
கோடம்
கோடாங்கி
கோடாலிக்காம்பு
கோடி
கோடிக்காரன்
கோடிமுரிதல்
கோடியாம்
கோடு
கோடுகீறுதல்
கோட்காரன்
கோட்டி
கோட்டுப்பூ
கோட்டெங்கு
கோட்பறை
கோணன்
கோணாய்
கோணைமாதம்
கோதடி
கோதா
கோதி
கோதும்பை
கோத்திரப்பெயர்
கோத்துக்கொடுத்தல்
கோந்து
கோபக்காரன்
கோபன்
கோபிதம்
கோபுரம்
கோப்புமுறை
கோமடந்தை
கோமாதாக்கள்
கோமியம்
கோமூத்திரிகை
கோயின்மேரை
கோயிற்சுற்று
கோயில்கொள்ளுதல்
கோரசம்
கோரம்பலம்
கோரிக்கை
கோரித்தல்
கோர்க்கலம்
கோற்கூத்து
கோலக்கல்
கோலப்பொடி
கோலறையிடுதல்
கோலாடி
கோலிக்கற்றை
கோலை
கோல்வலித்தல்
கோளம்
கோளாளன்
கோள்முடித்தல்
கோழிக்குடி
கோழிமுள்
கோழைபடுதல்
கோவணாண்டி
கோவலூர்
கோவிந்தன்
கோவில்
கௌ
கௌசனை
கௌஞ்சிகன்
கௌதமன்
கௌந்தி
கௌரவம்
கௌரியன்
கௌளிபாத்திரம்
ங
ஙனம்
ச
சக
சகசநிட்டை
சகசாலம்
சகடம்
சகடோல்
சகதாமத்தி
சகத்திரநாமன்
சகனம்
சகரநீர்
சகலன்
சகலாவத்தை
சகளீகரித்தல்
சகாப்தம்
சகாரித்தல்
சகியம்
சகுனி
சகோதரி
சக்கதேவி
சக்கரச்செல்வம்
சக்கரபந்தம்
சக்கரவர்த்தித்திருமகன்
சக்கராயுதி
சக்கவாலர்
சக்கியார்த்தம்
சக்கிராதம்
சக்குக்கட்டுதல்
சக்தி
சங்கஞ்செடி
சங்கத்தார்
சங்கப்பலகை
சங்கமேந்தி
சங்கராபரணம்
சங்கறுப்போர்
சங்கலம்
சங்காட்டம்
சங்காரன்
சங்கிதம்
சங்கிரக்கூர்மை
சங்கிராந்தவாதம்
சங்கிலிக்கோவை
சங்கீர்தம்
சங்குத்தாலி
சங்குருளை
சங்கைமான்
சசன்
சசிதரன்
சச்சனம்
சச்சிதானந்தன்
சஞ்சயனம்
சஞ்சாரன்
சஞ்சிகை
சஞ்சீவிமூலிகை
சடக்கடை
சடங்கம்போடுதல்
சடன்
சடலம்
சடாதரன்
சடாமாஞ்சி
சடாலம்
சடுத்தாசனம்
சடைகந்தம்
சடைபி
சடையப்பன்
சட்சு
சட்டசபை
சட்டமழித்தல்
சட்டம்
சட்டவிரோத
சட்டவிளக்கு
சட்டிபூர்த்தி
சட்டுவஞ்செலுத்துதல்
சட்டைப்புரை
சணப்பொழுது
சண்டகோலாகலம்
சண்டவேகம்
சண்டிக்கடா
சண்டைக்குநிற்றல்
சண்பனி
சதகோடிசங்கம்
சதங்கைப்பூரமி
சததம்
சதபுட்பி
சதவீரியம்
சதாசாரம்
சதாபலம்
சதாய்த்தல்
சதித்தல்
சதிரம்
சதுக்கபூதர்
சதுப்பேதி
சதுரங்கபந்தம்
சதுரப்பலகை
சதுருபாயம்
சதுர்த்தம்
சதுர்ப்பேதி
சதேகரு
சதைத்தல்
சதைவைத்தவள்
சத்தங்காட்டுதல்
சத்தநதி
சத்தமண்டலம்
சத்தம்
சத்தாவரணம்
சத்திசாரணை
சத்தின்வட்டம்
சத்தியஞ்செய்தல்
சத்தியவந்தன்
சத்திரசாலை
சத்திரூபம்
சத்துருசங்காரம்
சத்துவாரி
சந்தக்கவி
சந்ததம்
சந்தனக்கூட்டு
சந்தனப்பில்லை
சந்தனாதித்தைலம்
சந்தர்ப்பணம்
சந்தா
சந்தாதாரர்
சந்தானபரம்பரை
சந்திகை
சந்திமிதித்தல்
சந்திரகணம்
சந்திரகாந்தி
சந்திரசாலிகை
சந்திரநாதம்
சந்திரமண்டலம்
சந்திரவட்டம்
சந்திராபீடன்
சந்திவந்தனை
சந்துசொல்லுதல்
சந்துயிர்
சந்தேகத்திற்குரிய
சந்தேசம்
சந்தை
சனகம்
சனம்
சனித்தல்
சன்னசாலம்
சன்னம்வைத்தல்
சன்னல்
சன்னிதானம்
சன்னியாசி
சன்மானம்
சபம்
சபலை
சபிண்டர்
சபையேறுதல்
சப்பரமஞ்சம்
சப்பாணிப்பருவம்
சப்பிரம்
சமகலி
சமசித்தத்துவம்
சமட்டுவண்டி
சமதீதம்
சமநிலை
சமன்
சமயக்கணக்கர்
சமயத்தறுவாய்
சமயமுதல்வி
சமயாசாரம்
சமரி
சமர்ப்பணம்
சமவாசம்
சமாதிக்கல்
சமானரகிதம்
சமாலி
சமிஞ்ஞை
சமிப்பாகம்
சமீபத்திய
சமீரணி
சமுசாரி
சமுதாயம்
சமுத்திரவிலாசம்
சமூக
சமை
சமையல்
சம்சாரம்
சம்பத்தி
சம்பந்தித்தல்
சம்பர்க்கம்
சம்பா
சம்பாபதி
சம்பிரதம்
சம்பீரம்
சம்புபட்சம்
சம்பைதாளம்
சம்மதம்
சம்மெனல்
சம்வாதம்
சய
சயதாளம்
சயபேரிகை
சயிக்கர்
சயிந்தவி
சயை
சரக்குப்பிடித்தல்
சரசரப்பு
சரசுவதிபீடம்
சரடுமுறுக்குதல்
சரணாகதன்
சரண்புகுதல்
சரப்பலகை
சரம்
சரளை
சரவருடம்
சராகம்
சராயு
சரி
சரிக்கட்டுதல்
சரிதி
சரிபாதி
சரிபார்
சரிபார்க்கப்பட்ட
சரிபார்ப்பு
சரியம்
சரிவர
சரீரபதனம்
சருகொட்டி
சருப்பம்
சருவக்கியன்
சருவு
சரோசனம்
சர்க்கரைப்பொங்கல்
சர்வசக்தி
சர்வன்
சறுக்கல்
சற்கரித்தல்
சற்பாத்திரம்
சலகன்
சலக்கரணை
சலசரம்
சலசை
சலதி
சலப்பிரளயம்
சலரோகம்
சலாகு
சலாபம்
சலுகை
சலுகைகாட்டுதல்
சல்லகம்
சல்லவட்டம்
சல்லிக்காசு
சல்லியம்
சளசளெனல்
சளிப்பு
சள்ளிடுதல்
சழக்கன்
சவக்களித்தல்
சவசவவெனல்
சவட்டுநிலம்
சவனிக்கைமண்டபம்
சவரிமான்
சவலம்
சவலைவெண்பா
சவள்
சவி
சவித்தல்
சவுக்கம்
சவுங்குதல்
சவுதம்
சவுரர்
சவைமகள்
சா
சாகரணம்
சாகாதுண்டம்
சாகியம்
சாக்காத்தல்
சாக்கிரம்
சாக்தம்
சாங்கியம்
சாசி
சாடிலி
சாட்குலி
சாட்சியம்
சாட்டுதல்
சாணண்
சாணிச்சுருணை
சாண்
சாதகன்மம்
சாதகராகத்தி
சாதனப்பத்திரம்
சாதரூபி
சாதாரண
சாதாவேலி
சாதிக்காரன்
சாதிப்பதங்கம்
சாதிரேகம்
சாதுகை
சாதுரியம்
சாத்தல்
சாத்திக்கொள்ளுதல்
சாத்திரி
சாத்துறி
சாந்தம்
சாந்திரமானம்
சாந்துப்பொட்டு
சானித்தியம்
சான்றார்
சாபம்
சாப்
சாப்பிடுதல்
சாமக்கோழி
சாமரை
சாமி
சாமுதம்
சாம்பர்
சாம்பவம்
சாம்பு
சாயந்தீர்தல்
சாயரி
சாயாதனயன்
சாயுச்சியம்
சாய்ப்பு
சாய்வுக்கோடு
சாரங்கம்
சாரதர்
சாரப்பருப்பு
சாராயம்
சாரிநாதன்
சாரு
சாரையோட்டம்
சார்ச்சார்
சார்ந்தவர்
சார்புநூல்
சார்வாரம்
சாறுதல்
சாற்றுவாரி
சாலக்கிராமம்
சாலாதார்
சாலுகம்
சாலை
சாலோக்கியம்
சாளகம்
சாளியல்
சாளை
சாழைகொட்டுதல்
சாவட்டைப்பயிர்
சாவல்
சாவித்திரம்
சாவு
சாவோலை
சி
சிகநாதம்
சிகல்
சிகாவர்க்கம்
சிகிமுனி
சிகைதாடுகுச்சு
சிக்கம்
சிக்கு
சிக்குவாங்குதல்
சிங்கத்திசை
சிங்கப்பெருமாள்
சிங்களம்
சிங்காடி
சிங்காரப்பேச்சு
சிங்கினி
சிசம்
சிசுரம்
சிச்சிலுப்பான்
சிடம்
சிட்சைப்படுதல்
சிட்டி
சிணாட்டு
சிணுக்குதல்
சிதகம்
சிதனம்
சிதம்புதல்
சிதறுதல்
சிதானந்தம்
சிதி
சிதேந்திரியன்
சித்தகம்
சித்தசுவாதீனம்
சித்தம்
சித்தவைத்தியம்
சித்தார்த்தன்
சித்தின்பம்
சித்திரகாரி
சித்திரச்சூடகம்
சித்திரப்பா
சித்திரம்
சித்திரவோடாவி
சித்திலி
சித்துரூபம்
சிந்தனை
சிந்தாமணி
சிந்து
சிந்துரித்தல்
சிந்தைகூரியன்
சினம்
சினாது
சினைத்தல்
சினையாறுபடுகை
சின்னத்தனம்
சின்னமனிதன்
சின்னல்
சின்னை
சிப்பம்
சிமிக்கி
சிமிண்டு
சிமிழ்ப்பு
சிம்பிளித்தல்
சிம்புவெடித்தல்
சிம்முதல்
சிரக்கம்பம்
சிரஞ்சீவி
சிரத்தை
சிரப்பு
சிரமநிலை
சிரல்
சிராபரன்
சிரிட்டம்
சிரிய
சிரீதரன்
சிருங்கலம்
சிருட்டிகர்த்தா
சிரேட்டி
சிரோசம்
சிரோமுட்டி
சிறகறுதல்
சிறகுகோழி
சிறந்த
சிறப்பணி
சிறப்பு
சிறப்புப்பாயிரம்
சிறாங்கை
சிறிட்டம்
சிறிய
சிறிவில்
சிறீ
சிறுகிராமம்
சிறுக்கி
சிறுச்சிறிது
சிறுதாலி
சிறுதேர்ப்பருவம்
சிறுநீர்
சிறுபயிர்
சிறுபூளை
சிறுமட்டம்
சிறுமுதுக்குறைவி
சிறுமையர்
சிறுவாடு
சிறுவீடு
சிறைக்கோட்டம்
சிறைப்பள்ளி
சிறைவைத்தல்
சிற்பன்
சிற்பி
சிற்றம்பலவன்
சிற்றாமுட்டி
சிற்றிரு
சிற்றுதல்
சிற்றெறும்பு
சிலக்குணம்
சிலமன்
சிலம்பமாடுதல்
சிலம்புரி
சிலாசம்
சிலாந்தி
சிலாம்பு
சிலாவிந்து
சிலுகி
சிலுசிலுத்தல்
சிலும்பல்
சிலேடை
சிலைக்கல்
சிலையிராசன்
சில்சொல்
சில்லறை
சில்லான்
சில்லிரத்தம்
சில்வண்டு
சிள்ளுப்புள்ளெனல்
சிவகம்
சிவசமயம்
சிவண
சிவத்ததாசி
சிவந்திரம்
சிவபீசம்
சிவப்பு
சிவமல்லி
சிவளிகை
சிவாதரம்
சிவிகையார்
சிவேதை
சீ
சீகம்
சீக்கட்டுதல்
சீக்கிரியன்
சீசா
சீட்டு
சீட்டுப்போடுதல்
சீண்டல்
சீதக்கட்டு
சீதனவாட்சி
சீதமண்டலி
சீதளாதேவி
சீதாபதி
சீதோதகம்
சீத்தைக்காடு
சீனம்
சீபாதம்
சீப்போம்பு
சீமந்தரேகை
சீமுதகூடம்
சீமைச்சுண்ணாம்பு
சீயாள்
சீரணி
சீராட்டு
சீரியது
சீரை
சீர்சிறப்பு
சீர்த்தல்
சீர்ப்பிழை
சீறளவு
சீற்காரம்
சீலவிருத்தன்
சீலைநாட்டுதல்
சீழ்க்கை
சீவகாலம்
சீவதம்
சீவனகம்
சீவன்முத்தி
சீவரேக்கு
சீவாளம்
சீவுதல்
சு
சுகக்கேடு
சுகதாரு
சுகந்தவாழை
சுகப்படுதல்
சுகவாழ்வு
சுகாதாரம்
சுகாந்திக்கல்
சுகிர்தசாலி
சுகுச்சை
சுகூல்
சுகோதரம்
சுக்கான்
சுக்கிரவாரம்
சுக்கிலமண்டலம்
சுக்குமாந்தடி
சுங்கம்
சுங்கி
சுசிதம்
சுசுலம்
சுடர்க்கொடி
சுடர்விட்டெரிதல்
சுடல்
சுடுகாட்டுப்பாட்டம்
சுடுதண்ணீர்
சுடுபொன்
சுட்குதல்
சுட்டிக்காட்டுதல்
சுட்டு
சுட்டெழுத்து
சுணங்கழிதல்
சுணைத்தல்
சுண்டன்
சுண்டாலம்
சுண்டுவிரல்
சுண்ணப்பொடி
சுண்ணாம்புக்கரை
சுதசித்தம்
சுதனம்
சுதா
சுதி
சுதை
சுத்தசைதன்னியம்
சுத்தமாயை
சுத்தவீரன்
சுத்திசெய்தல்
சுந்தரத்தோளுடையான்
சுனக்குடம்
சுனிசனம்
சுன்
சுபகருமம்
சுபசோபனம்
சுபர்ணன்
சுபாவசித்தம்
சுபை
சுப்பிரதீபன்
சுப்பிவிறகு
சுமடி
சுமனசம்
சுமாலி
சுமைதாங்கி
சும்பனம்
சும்மாடு
சுயஞ்சோதி
சுயம்பாவித்தல்
சுயவிவரம்
சுயாதீனம்
சுரங்கம்
சுரஞ்சனம்
சுரதரு
சுரபதி
சுரமகளிர்
சுரம்போக்கு
சுரளிகை
சுராலை
சுரிப்புறம்
சுருக்களஞ்சி
சுருக்குப்பை
சுருங்கச்சொல்லணி
சுருசுரெனல்
சுருட்டுக்குடித்தல்
சுருதி
சுரும்பு
சுருவம்
சுரைக்கந்தகம்
சுரோத்திரியம்
சுறட்டை
சுறவை
சுறுக்கெனல்
சுற்பம்
சுற்றிச்சுழலுதல்
சுற்றுக்கல்
சுற்றுதல்
சுற்றுமதில்
சுற்றுவீதி
சுலி
சுலு
சுல்லி
சுளிக்கு
சுளுக்குநாயகம்
சுளைப்பிடாம்
சுள்ளாணி
சுள்ளுச்சுள்ளெனல்
சுழற்று
சுழல்காற்று
சுழி
சுழிப்பு
சுழியம்
சுழியாணி
சுழுனை
சுவடிஎழுதுதல்
சுவண்டு
சுவரகழ்கருவி
சுவர்க்கன்
சுவர்மேல்பூனை
சுவாகதம்
சுவாசம்வாங்குதல்
சுவாந்தம்
சுவாமிநாதன்
சுவாலித்தல்
சுவீகாரம்
சுவேதசம்
சுவை
சூ
சூகை
சூக்குமதாரி
சூக்கொட்டுதல்
சூசிகன்
சூசிக்கை
சூடகம்
சூடி
சூடுபோடுதல்
சூட்சுமம்
சூட்டுதல்
சூதகப்பாண்டு
சூதன்
சூதானக்காரன்
சூதுபொருதல்
சூத்திரப்பதுமை
சூத்தை
சூனியமெடுத்தல்
சூன்
சூம்படைதல்
சூரதை
சூராட்டி
சூரியகிரகணம்
சூரியபுடம்
சூரை
சூர்த்தல்
சூறு
சூறைத்தேங்காய்
சூலபாணி
சூலுதல்
சூளாமணி
சூழல்
சூழ்ச்சி
சூழ்வளி
செ
செகச்சாலம்
செகுத்தல்
செக்கர்வானிறத்தன்
செக்குமேடு
செங்கண்ணி
செங்கயல்
செங்கல்
செங்கானாரை
செங்கிடை
செங்குந்தம்
செங்கொடிவெலி
செங்கோலறுகு
செஞ்சம்
செஞ்செழிப்பு
செடி
செட்டுக்காரன்
செண்டேறுதல்
செண்ணை
செதிள்
செதுக்குப்பாரை
செதும்புதல்
செந்தணக்கு
செந்தரா
செந்தழல்
செந்திரிக்கம்
செந்தீவளர்ப்போர்
செந்துருத்தி
செந்தொடையன்
செந்நிறுவுதல்
செனனி
சென்னியம்
சென்னை
சென்மித்தல்
செபித்தல்
செப்பம்
செப்பிடுவித்தை
செப்புத்திருமேனி
செம்
செம்பஞ்சூட்டுதல்
செம்பருத்தி
செம்பாட்டுநிலம்
செம்பித்தரோகம்
செம்புண்
செம்புலியாடு
செம்பொன்
செம்மட்டி
செம்மலை
செம்மீன்
செம்மொழி
செயம்
செயலறுதல்
செயலி
செய்
செய்குறை
செய்கைத்தாழ்ச்சி
செய்தி
செய்திகள்
செய்தொழில்
செய்யன்
செய்யுட்கலம்பகம்
செய்யுள்
செரித்தல்
செருக்களம்
செருநர்
செருமல்
செறிஞர்
செறுதொழில்
செற்றம்
செலக்குரு
செலவழித்தல்
செலவுகொல்லுதல்
செலுத்துகை
செலுந்தில்
செல்சுடர்
செல்லன்
செல்லாக்காலம்
செல்லு
செல்வச்சிரஞ்சீவி
செல்வு
செள்ளு
செழுசெழுத்தல்
செவத்தல்
செவிக்கெட்டுதல்
செவிடுபடுதல்
செவிப்படுத்துதல்
செவிமடுத்தல்
செவியறிவு
செவிரம்
செவ்வணம்
செவ்வரத்தை
செவ்வழிப்பாலை
செவ்வாழை
செவ்வியம்
செவ்வெண்
சே
சேகன்
சேகிலி
சேக்கை
சேடகம்
சேடவட்டில்
சேடையரிசி
சேட்டித்தல்
சேணம்
சேண்
சேதாரம்
சேத்திரம்
சேனம்
சேனாபத்தியம்
சேனைப்படைகள்
சேப்பு
சேமத்தேர்
சேமவைப்பு
சேமிப்பு
சேயான்
சேய்மரபு
சேரமான்
சேரி
சேர்கட்டுதல்
சேர்தல்
சேர்ந்தகைமை
சேர்ப்பூட்டு
சேர்வைச்சந்தனம்
சேறுஞ்சுரியுமாய்
சேலம்
சேழம்
சேவதக்குதல்
சேவாகாலம்
சேவை
சேவையகம்
சை
சைதனியவான்
சைத்திரி
சைமானம்
சையோகசம்பந்தம்
சைலதரன்
சைவர்
சொ
சொக்கட்டான்கவறு
சொக்கம்
சொக்காலி
சொங்கு
சொடுதலை
சொட்டுவைத்தல்
சொணைப்பு
சொண்டுசொல்
சொண்ணான்
சொத்தலி
சொத்து
சொத்தையிற்போடுதல்
சொன்னம்
சொன்னான்
சொன்றி
சொரங்கம்
சொரிமித்தல்
சொரூபி
சொறிகொள்ளிநாய்
சொறியன்
சொற்சிதைவு
சொற்பசீவனம்
சொற்பழுத்தவர்
சொற்புரட்டு
சொற்றிரிபு
சொல்
சொல்லாடுதல்
சொல்லிக்கொடுத்தல்
சொல்லுரிமை
சொல்வளர்த்தல்
சோ
சோகம்
சோகை
சோச்சி
சோடி
சோட்டை
சோணிதக்கட்டு
சோதம்
சோதிடர்
சோதியம்
சோத்திரியம்
சோனாவாரி
சோபநித்திரை
சோபானம்
சோப்பு
சோமநாதி
சோமவாரம்
சோம்பாயி
சோரத்துவம்
சோரம்போதல்
சோர்தல்
சோறுகொல்லி
சோற்றுக்கட்டி
சோற்றுப்பை
சோலைநுகர்வு
சோழகக்கொண்டல்
சோழி
சோவி
சௌ
சௌகம்
சௌடு
சௌந்தரம்
சௌபாக்கியம்
சௌமியன்
சௌரமாதம்
சௌரு
ஜ
ஜன்னல்
ஞ
ஞண்டு
ஞரிவாளை
ஞா
ஞாண்
ஞாத்தல்
ஞானசமாதி
ஞானதிட்டி
ஞானன்
ஞானப்பூங்கோதை
ஞானவீரன்
ஞானி
ஞாபகக்கருவி
ஞாபகம்பண்ணுதல்
ஞாய்
ஞாலுதல்
ஞாழ்
ஞெண்டுதல்
ஞெமிதல்
ஞெரிதல்
ஞெளிதல்
ஞேயர்
ட
டாஷ்போர்டு
டோக்கன்
ண
த
தகடுதைத்தல்
தகத்து
தகப்பன்
தகராறு
தகலோன்
தகவு
தகிலிமா
தகுந
தகைதல்
தக்கடி
தக்கணாயனம்
தக்கர்
தக்காளிப்பிள்ளை
தக்கிருத்தல்
தக்கோர்
தங்கக்குணம்
தங்கல்
தங்குதல்
தங்கைச்சி
தச
தசநாடி
தசம்
தசாவதாரம்
தசைதல்
தசைவலி
தச்சாசாரி
தஞ்சக்கேடு
தட
தடக்குதல்
தடத்தம்
தடயம்
தடவிக்கொடுத்தல்
தடாகம்
தடாரித்தல்
தடித்து
தடிமிண்டன்
தடுக்கப்பட்ட
தடுக்குப்பாய்
தடுமாறுவமம்
தடைத்தல்
தட்சணம்
தட்சிணாமூர்த்தம்
தட்டறை
தட்டான்
தட்டிச்சொல்லுதல்
தட்டியம்
தட்டுக்கிளிபாய்தல்
தட்டுத்தடங்கல்
தட்டுமாறுதல்
தட்டொளி
தணல்
தணிப்பு
தண்டகநாடு
தண்டசக்கரம்
தண்டத்துக்கழுதல்
தண்டபாசிகன்
தண்டம்போடுதல்
தண்டவாளம்
தண்டாரம்
தண்டியல்
தண்டுமிண்டு
தண்டை
தண்ணம்
தண்ணீர்
தண்ணீர்காட்டுதல்
தண்ணீர்பட்டபாடு
தண்ணுமை
ததம்
ததிசம்
ததைதல்
தத்தம்
தத்தாங்கிகொட்டுதல்
தத்தியம்
தத்துவசதுக்கம்
தத்துவவாதம்
தந்தக்காரி
தந்ததி
தந்தபாகம்
தந்தார்
தந்திமருப்பு
தந்திரன்
தந்திரை
தந்துரம்
தந்தையன்
தனதானியம்
தனபாரம்
தனவான்
தனாது
தனிக்கோல்
தனிதர்
தனிநிலையொரியல்
தனிமுடி
தனியூர்
தனுசாத்திரம்
தனுரசம்
தனுவேதி
தன்காரியம்
தன்னந்தனித்தல்
தன்னாட்சி
தன்னிலை
தன்னீர்
தன்னை
தன்பாட்டில்
தன்மப்புத்திரன்
தன்மிட்டன்
தன்வினை
தபனம்
தபாது
தபுதி
தப்படி
தப்பிதம்
தப்புச்செடி
தமசம்
தமனியன்
தமரகவாயு
தமர்
தமிசிரம்
தமில்
தமில்நாடு
தமிள்
தமிழக்கூத்து
தமிழ்
தமிழ்நாடு
தமிழ்மறை
தமுக்குப்போடுதல்
தம்பட்டை
தம்பலம்
தம்பிடித்தல்
தம்மடக்குதல்
தம்மோன்
தயாதர்மம்
தயாவீரன்
தயிர்கடைதாழி
தரகன்
தரங்கிணி
தரதூது
தரமான
தரவழி
தரவு
தராசு
தராதலம்
தரிசனம்
தரிஞ்சகம்
தரிப்பு
தருக்கித்தல்
தருணை
தருப்பம்
தருமக்கல்
தருமசிந்தை
தருமதாயம்
தருமபீடிகை
தருமம்
தருமவாடி
தருமாத்திகாயம்
தரூடம்
தரையிடுதல்
தர்மம்
தறிகை
தறிவலை
தறுகுறும்பு
தறுவுதல்
தற்காவல்
தற்கேடர்
தற்சாட்சி
தற்பகீடம்
தற்பாடி
தற்போதைய
தலக்கு
தலம்
தலாதிபன்
தலை
தலைகாத்தல்
தலைக்கட்டு
தலைக்கீடு
தலைக்கூட்டு
தலைக்கோலாசான்
தலைசெய்தல்
தலைச்சுமை
தலைதடவுதல்
தலைதெறிக்க
தலைத்திமிர்
தலைநறுக்கு
தலைநீர்ப்பாடு
தலைப்படுதானம்
தலைப்பாட்டு
தலைப்புணர்த்தல்
தலைப்பெயல்
தலைமடுத்தல்
தலைமாடு
தலைமுழுகுதல்
தலைமை
தலையடித்துக்கொளுதல்
தலையரட்டை
தலையாகுமோனை
தலையிடி
தலையீண்டுதல்
தலையேறுதண்டம்
தலைவழுக்கை
தலைவாருதல்
தலைவைத்தல்
தளகர்த்தம்
தளப்பு
தளம்
தளர்தல்
தளவான்
தளித்தல்
தளுகன்
தளைதல்
தளையவிழ்தல்
தள்ளாட்டம்
தள்ளிவைத்தல்
தள்ளுபடி
தள்ளை
தழலாடி
தழிஞ்சி
தழும்பு
தழூஉ
தழை
தழையிடுவார்
தவ
தவங்கம்
தவணைச்சீட்டு
தவநிலை
தவமுதல்வி
தவறு
தவறைவாரி
தவளத்தொடை
தவளோற்பலம்
தவாக்கினி
தவிடுபொடியாதல்
தவிர
தவுசெலம்
தவ்வெனல்
தா
தாகமெடுத்தல்
தாக்காட்டுதல்
தாங்கித்தடுக்கிடுதல்
தாசநெறி
தாசியம்
தாடங்கம்
தாடித்தல்
தாட்கவசம்
தாட்சம்
தாட்டானை
தாட்படை
தாண்டகச்சந்தம்
தாண்டு
தாதமார்க்கம்
தாதின்றூள்
தாதுநட்டம்
தாதுவிழுதல்
தாத்திரம்
தாந்தாமெனல்
தானக்கணக்கு
தானத்தார்
தானவண்ணம்
தானாதல்
தானிகை
தானீகம்
தான்
தாபசி
தாபத்திரயம்
தாபரம்
தாப்பிசை
தாமதம்
தாமரைக்கண்ணன்
தாமரைப்பீடிகை
தாமரைவாசி
தாமிரப்பட்டயம்
தாம்பணி
தாம்பிரபத்திரம்
தாம்பூலங்கொடுத்தல்
தாம்போகி
தாயம்
தாயேடு
தாய்க்கிழங்கு
தாய்மாமன்
தாரகற்செற்றோன்
தாரணநட்சத்திரம்
தாரவெழுத்து
தாராட்டுதல்
தாராமூக்கன்
தாரித்திரியம்
தாருகாரி
தாரைமழுங்கல்
தார்ட்டியம்
தார்யம்
தாற்றுதல்
தாலபோதம்
தாலாட்டுதல்
தாலிக்கோவை
தாலு
தாளக்கட்டு
தாளம்
தாளிக்கை
தாளியடித்தல்
தாழறை
தாழ்த்துதல்
தாழ்ப்பு
தாழ்வு
தாவணி
தாவரித்தல்
தாவா
தி
திகதி
திகளர்
திகிரிக்கல்
திகை
திக்கம்
திக்கிடுதல்
திக்குப்பலி
திக்குவிசயம்
திங்கள்மணி
திசைகட்டுதல்
திசைப்பாலகர்
திடசித்தம்
திடம்
திடாரிக்கம்
திடுதிடெனல்
திட்டனம்
திட்டம்
திட்டித்தல்
திட்டெனல்
திணி
திணுக்கம்
திணைமயக்கம்
திண்டிமகவி
திண்ணம்
திண்மை
திதிசர்
திதியம்
தித்தி
தித்திரி
திந்நாகம்
தினந்தினம்
தினம்பார்த்தல்
தினாரம்பம்
தின்னி
தின்றல்
திப்பிரயகம்
திமிசடித்தல்
திமிரன்
திமிர்பிடித்தல்
திமிலி
திம்மை
தியரடி
தியாச்சியம்
தியூதம்
திரங்கல்
திரட்டுப்பால்
திரன்
திரயம்
திரளி
திரவித்தல்
திராட்சாபாகம்
திராமரம்
திராவணஞ்செய்தல்
திரிகண்டகம்
திரிகாலவர்த்தமானம்
திரிசங்குசுவர்க்கம்
திரிசிகை
திரிசூலி
திரிதல்
திரிபங்கம்
திரிபழுகம்
திரிபுடிபலம்
திரிபுரி
திரிமலம்
திரியட்சி
திரியேகத்துவம்
திரிலோகேசன்
திரிவேணி
திருகல்முறுகல்
திருகுபலை
திருக்கடைக்காப்பு
திருக்கலியாணம்
திருக்குறிப்பு
திருசியம்
திருச்சுற்றாலை
திருடபலம்
திருட்டி
திருட்டு
திருணகம்
திருதி
திருத்தம்
திருத்துழாய்
திருநந்தாவிளக்கு
திருநாமப்பாலை
திருநீற்றுப்பத்திரி
திருந்தார்
திருப்பதி
திருப்பள்ளியெழுச்சி
திருப்புளி
திருமகள்கொழுநன்
திருமடைப்பள்ளி
திருமந்திரவோலைநாயகம்
திருமாலவதாரம்
திருமுகம்
திருமுன்
திருமெய்ப்பூச்சு
திரும்புதல்
திருவடிபிடிப்பான்
திருவன்
திருவள்ளுவப்பயன்
திருவாணை
திருவாறாடல்
திருவிடையாட்டம்
திருவிளம்
திருவுரு
திருவுளம்வைத்தல்
திருவேடம்
திரேதாயுகம்
திரையன்
திரோதம்
திரோபவித்தல்
திற
திறத்தல்
திறத்தி
திறன்
திறப்படுதல்
திறலோன்
திறாங்கு
திலகடம்
திலதர்ப்பணம்
தில்
தில்லைநாயகம்
திவலை
திவான்
திவ்வியசட்சு
திவ்வியமுத்திரை
தீ
தீகுறுதல்
தீக்கனா
தீக்காற்று
தீக்குருவி
தீங்கனி
தீங்கிழைக்கும்
தீச்சலம்
தீட்சணகந்தகம்
தீட்சாகுரு
தீட்டரிசி
தீட்டுதல்
தீது
தீத்தருகோல்
தீத்திரள்
தீநிமித்தம்
தீனரட்சகன்
தீபக்கால்
தீபபுட்பம்
தீபாரத்தி
தீப்படுதல்
தீப்புட்பம்
தீமூட்டு
தீம்பு
தீம்பொருள்
தீயம்
தீயார்
தீய்வு
தீரவாசி
தீர்க்ககந்தை
தீர்க்கசிகுவம்
தீர்க்கதரு
தீர்க்கம்
தீர்க்கவைரம்
தீர்த்தங்கரர்
தீர்த்திகை
தீர்வு
தீர்வை
தீவகமிருகம்
தீவறை
தீவாளி
தீவிரகந்தம்
தீவேள்வி
து
துகினம்
துகிற்பீசம்
துகையல்
துக்கத்திரயம்
துக்காதீதம்
துக்கை
துங்கீசன்
துச்சரிதம்
துஞ்சற
துடக்கறுப்பான்
துடவர்
துடிப்பு
துடுப்பு
துடைப்பக்கட்டை
துட்கெனல்
துட்டநிக்கிரகம்
துட்டுத்தடி
துணதுணத்தல்
துணிக்கை
துணிபொருள்
துணுக்கெறிதல்
துணை
துணைப்படை
துணையிருத்தல்
துண்டரிக்கம்
துண்டுகத்திரி
துதம்
துது
துத்தல்
துந்தகூபதி
துந்துருபாவை
துனிப்பு
துன்னர்
துன்னு
துன்புறுத்துதல்
துன்றுநர்
துப்பற்காளாஞ்சி
துப்புக்கூலி
துமானம்
தும்
தும்பி
தும்புக்கயிறு
தும்மற்காதல்
துயங்குதல்
துயல்தல்
துயிலுணர்தல்
துயிலேற்றல்
துய்ய
துரக்கு
துரத்தல்
துரமி
துராசை
துரால்
துரிதம்
துரியாதீதம்
துருக்கு
துருதுரும்பை
துருபவருணி
துருமவருணி
துருவங்கட்டுதல்
துருவல்
துருவை
துரோகம்
துர்
துர்க்குணன்
துர்நடத்தை
துர்விநியோகம்
துறட்டுக்கோல்
துறப்பு
துறுட்டி
துறுவல்
துறைபோதல்
துற்கை
துலங்கு
துலாக்கோல்
துலாம்
துலுக்கி
துலோபம்
துளக்குதல்
துளம்பிக்கிரி
துளித்தல்
துளுவவேளாளர்
துளைப்பொன்
துள்ளு
துழனி
துவக்கம்
துவக்கு
துவஞ்சம்
துவட்டுதல்
துவன்
துவரிதம்
துவர்த்து
துவல்
துவாதசாதித்தர்
துவாரம்
துவிதம்
துவிபாசி
துவை
துவ்வு
தூ
தூக்கணங்குருவி
தூக்கியடித்தல்
தூக்குக்கோல்
தூங்கமளி
தூங்காவிளக்கு
தூங்குமஞ்சம்
தூசறுத்தல்
தூடணை
தூணியங்கம்
தூண்டில்வேட்டுவன்
தூதாள்
தூது
தூதூவெனல்
தூபங்காட்டுதல்
தூபவருக்கம்
தூமக்கொடி
தூமம்போக்கி
தூம்
தூயன்
தூரகமணம்
தூரம்
தூராதூரம்
தூரேத்தி
தூர்த்தல்
தூர்வைசெய்தல்
தூறுதலையன்
தூற்றிக்கொள்ளுதல்
தூலகம்
தூலி
தூளிதம்
தூவல்
தூவெளி
தெ
தெகுட்டி
தெங்கங்காய்
தெட்சணாவிருத்தம்
தெட்டி
தெண்டு
தெந்தனமடித்தல்
தென்கலையார்
தென்னகர்
தென்னர்
தென்னுதல்
தென்பார்
தென்மொழி
தென்றிசைப்பாலன்
தெப்பலங்கெட்டவன்
தெய்தெய்யெனல்
தெய்வக்கண்ணோர்
தெய்வசங்கற்பம்
தெய்வஞ்செப்புதல்
தெய்வத்தரு
தெய்வப்பிரமம்
தெய்வமந்திரி
தெய்வமேறுதல்
தெய்வவிரதன்
தெய்வோபாசனை
தெரிசொல்
தெரிந்துணர்ச்சி
தெரியத்தெரிதல்
தெரிவை
தெருண்டபெண்
தெருவிலழகி
தெறித்தளத்தல்
தெறுதல்
தெற்றியம்பலம்
தெலிங்கம்
தெல்லுப்பு
தெளிர்தல்
தெள்ளிச்சி
தெழித்தல்
தெவுளுதல்
தே
தேஎம்
தேகதிடம்
தேகளீதீபநியாயம்
தேக்கிடுதல்
தேங்காய்துருவி
தேங்காய்மூரி
தேசன்
தேசவாசி
தேசாந்தரம்
தேசோமந்தரம்
தேடல்
தேடு
தேட்கடை
தேட்டாளன்
தேத்தடை
தேனருவி
தேனு
தேன்குழாய்
தேமல்
தேயப்பரிச்சேதம்
தேயுடலி
தேய்ந்துமாய்ந்துபோதல்
தேரன்
தேரை
தேர்க்கூம்பு
தேர்தல்
தேர்ப்பார்
தேர்வு
தேறு
தேற்றரவாளன்
தேற்றேகாரம்
தேவகணிகை
தேவகுண்டம்
தேவசபை
தேவதரு
தேவதாரம்
தேவதை
தேவபாடை
தேவம்
தேவரம்பை
தேவலகன்
தேவாசிரியன்
தேவாயுதம்
தேவில்
தை
தைஇ
தைத்தல்
தைனியம்
தைரியசாலி
தைலமெடுத்தல்
தைவம்
தொ
தொகம்
தொகுத்துச்சுட்டல்
தொகுப்பு
தொகைநூல்
தொகையேற்றுதல்
தொக்கம்
தொங்கல்
தொங்குகாது
தொடக்கம்
தொடக்கு
தொடங்கு
தொடர்
தொடர்பு
தொடர்ப்பாடு
தொடி
தொடுதல்
தொடுவழக்கு
தொடைக்கயிறு
தொட்டகுறை
தொட்டாற்சிணுங்கி
தொட்டிலிடுதல்
தொட்டுத்தொட்டு
தொண்டர்சீர்பரவுவார்
தொண்டுகிழவன்
தொண்டைதிறத்தல்
தொண்டைவிடுதல்
தொண்ணூறாம்
தொண்ணூறு
தொத்திப்பிடித்தல்
தொந்தக்காரர்
தொந்தரை
தொந்தோமெனல்
தொன்னை
தொப்பிக்காரர்
தொம்பம்
தொம்மெனல்
தொய்யவிடுதல்
தொறுவிடம்
தொலியல்
தொலைபெசி
தொலைபேசி
தொலைவு
தொல்லை
தொளிவிதைப்பு
தொள்ளல்
தொழிதல்
தொழிற்பண்பு
தொழில்
தொழுகுலத்தோர்
தொழுநோய்
தொழும்பி
தோ
தோகதம்
தோக்கியம்
தோசைதிருப்பி
தோடை
தோட்டம்
தோட்டுணை
தோணிப்பாலம்
தோண்முதல்
தோது
தோன்றாவெழுவாய்
தோப்புக்கண்டம்
தோயதி
தோய்தல்
தோரணக்கல்
தோரத்தம்
தோர்வை
தோற்காற்பறவை
தோற்பாவை
தோற்றவொடுக்கம்
தோலனம்
தோலாவழக்கு
தோல்
தோல்வி
தோல்வினைஞர்
தோள்
தோள்வலி
தோவம்
தௌ
தௌத்தியம்
தௌவல்
ந
நகக்குத்தன்
நகமுகம்
நகரவிரம்
நகர்த்துதல்
நகாஅர்
நகுதல்
நகைகொட்டுதல்
நகையாடுதல்
நக்கபாரம்
நக்கவாலப்படுதல்
நக்குணி
நங்குரம்
நசாரி
நசிறாணி
நசுக்குதல்
நசுநசெனல்
நசைவினை
நச்சுக்கத்தி
நச்சுப்பால்
நச்சுவிறகு
நஞ்சி
நஞ்சுபாய்ச்சுதல்
நடக்கை
நடந்துகொள்ளுதல்
நடபாவி
நடமாட்டம்
நடலை
நடவுதல்
நடு
நடுக்கல்வாதம்
நடுங்கலன்
நடுத்தரம்
நடுநாயகம்
நடுப்பார்
நடுவண்
நடுவாந்தரம்
நடுவுநிலைமை
நடை
நடைச்சலங்கு
நடைபாவாடை
நடைமனை
நடையாட்டம்
நடைவாவி
நட்சத்திரமண்டலம்
நட்டதுட்டி
நட்டவம்
நட்டு
நட்டுவிழல்
நட்பு
நணுங்குதல்
நண்டுவாய்க்காலி
நண்பன்
நண்பர்கள்
நண்பல்
நண்று
நதிபதி
நத்தி
நந்தகம்
நந்தனி
நந்தாவனம்
நந்தியாவருத்தனன்
நனந்தலை
நன்கனம்
நன்னடை
நன்னிலமிதித்தல்
நன்பன்
நன்பு
நன்மையாதல்
நன்ரி
நன்றி
நன்றிகொல்லுதல்
நன்று
நபனம்
நப்பாசை
நம
நமசன்
நமது
நமத்தம்
நமுகுதல்
நமைதல்
நம்பகமான
நம்பிக்கை
நம்பிரான்
நயக்கன்
நயநிலைப்படலம்
நயனம்
நயப்பித்தல்
நயம்பேசுதல்
நயவார்த்தை
நரகன்
நரகாந்தகன்
நரசிங்கமூர்த்தி
நரன்
நரம்
நரம்புச்சிலந்தி
நரம்பெரிச்சல்
நரவல்
நராப்பற்றுதல்
நரித்தலை
நரியிலந்தை
நருங்குதல்
நரைக்கொம்பு
நரையான்
நற
நறா
நறுதடி
நறுமா
நறும்புன்னை
நற்காமம்
நற்சாட்சி
நற்பலம்
நற்றாய்
நலங்கிடுதல்
நலம்பாடு
நலிதல்
நல்கூர்
நல்ல
நல்லதனம்பண்ணுதல்
நல்லது
நல்லபுத்தி
நல்லவளம்
நல்லாடை
நல்லினம்
நல்லேறு
நல்வினை
நள
நளினாட்சமாலை
நளுக்கல்
நள்ள
நள்ளிடை
நழுங்குதல்
நவகோணத்தாள்
நவதாரணை
நவநிதி
நவமேகம்
நவாக்கரி
நவிரம்
நவீன
நவை
நா
நாககர்ணம்
நாகணம்
நாகதீபம்
நாகன்
நாகப்பூச்சி
நாகரத்தினம்
நாகரிகி
நாகவல்லி
நாகாத்திரம்
நாகுகன்று
நாக்குத்தவறுதல்
நாக்குறுதி
நாங்கள்
நாங்கு
நாசன்
நாசிகாபீடம்
நாசோற்பத்தி
நாடகக்காரன்
நாடகத்துறை
நாடகம்
நாடல்
நாடிமண்டலம்
நாடேயன்
நாட்கவி
நாட்கொள்ளுதல்
நாட்டம்கார்
நாட்டியம்
நாட்டுச்சார்பு
நாட்டுவளப்பம்
நாட்பார்த்தல்
நாணயக்காரன்
நாணயம்
நாணி
நாணுவம்
நாண்
நாண்பூட்டுதல்
நாண்முல்லை
நாததத்துவம்
நாதாக்கியை
நாதித்தல்
நாத்தாங்கி
நாந்தல்
நானார்த்தபதம்
நான்
நான்காம்
நான்கு
நான்முகத்தோன்
நாபதி
நாப்பண்
நாமக்கட்டி
நாமதாரணம்
நாமயம்
நாமுடி
நாம்
நாயகப்பத்தி
நாயக்கன்
நாயாட்டம்
நாயோட்டம்
நாய்க்கெரித்தல்
நாய்ப்புடல்
நாரணி
நாரன்
நாராயணம்
நாரிக்குத்து
நாரு
நார்மடி
நாறு
நாறுப்பாக்கு
நாற்சந்தி
நாற்பதாம்
நாற்பது
நாற்பால்மரம்
நாற்றவுணவு
நாற்றுமுடி
நாலாவான்
நாலைங்கள்ளி
நால்
நால்வகைப்பொன்
நால்வகையூறுபாடு
நாளடைவில்
நாளவை
நாளிடுதல்
நாளுநாளினும்
நாளைநின்று
நாள்
நாள்கேட்டல்
நாழிகைக்கணக்கன்
நாழ்மை
நாவரசர்
நாவலம்பொலம்
நாவாரிகன்
நாவித்தண்டை
நாவுதல்
நி
நிகணம்
நிகப்பிரபை
நிகர்
நிகற்பம்
நிகாதன்
நிகிருதி
நிகுதி
நிக்கந்தன்
நிசதம்
நிசாசரன்
நிசாந்தம்
நிசாரி
நிசித்தம்
நிசுலகம்
நிச்சயித்தல்
நிச்சாலங்கம்
நிச்சுவசனம்
நிடூதனம்
நிட்களர்
நிட்டூரம்
நிணநரம்புகள்
நிதகம்
நிதானக்காரன்
நிதி
நிதிக்கோன்
நிதீசன்
நித்தம்
நித்தியகருமம்
நித்தியப்பிரளயம்
நித்தியவிதி
நித்திரித்தல்
நித்தில்
நிந்து
நினைப்பாயிருத்தல்
நினைவுத்தப்பு
நின்மாலியம்
நின்றுசிணுங்கி
நிபந்தனம்
நிபுடம்
நிமம்
நிமிடுதல்
நிமித்தம்
நிமை
நிம்மளம்
நியதிபண்ணுதல்
நியமனம்
நியாதம்
நியாயத்தீர்ப்பு
நியாயம்பேசுதல்
நியோககுற்றம்
நிரங்கிருதி
நிரட்சரகுட்சி
நிரத்தியயம்
நிரன்னுவயன்
நிரம்பரன்
நிரம்பிப்பாய்தல்
நிரலுதல்
நிரவயவம்
நிராகாரன்
நிராடங்கம்
நிராலம்பன்
நிரீட்சணம்
நிருணாமன்
நிருத்தன்
நிருநாசன்
நிருபம்
நிருமலம்
நிருவாகம்
நிரேதுகம்
நிரைச்சம்
நிரைமீட்டல்
நிரோதம்
நிர்ச்சலம்
நிர்த்தாட்சிணியம்
நிர்நிமித்தம்
நிர்மாணம்
நிர்வமிசம்
நிர்வாகி
நிர்வாணம்
நிறக்கேடு
நிறுத்தம்
நிறுத்துக்கட்டுதல்
நிறுவனம்
நிறுவு
நிறைகர்ப்பிணி
நிறைதருதூறு
நிறைந்தமனம்
நிறைய
நிறைவேற்றுதல்
நிலக்கடம்பு
நிலக்கூந்தல்
நிலத்துளக்கு
நிலப்பனை
நிலப்பூச்சி
நிலமடந்தை
நிலம்
நிலம்புலம்
நிலவருந்தி
நிலவு
நிலவேர்
நிலாமண்டலம்
நிலைகலங்குதல்
நிலைக்கண்ணாடி
நிலைசெல்லுதல்
நிலைத்திணை
நிலைபெறுதல்
நிலைப்பாடு
நிலைமைக்காரன்
நிலையாடி
நிலையூன்றுதல்
நிழறுதல்
நிழலல்
நிழல்காண்மண்டிலம்
நிவப்புத்தூக்கு
நிவாரணம்
நிவேதித்தல்
நீ
நீக்கல்
நீங்கள்
நீசசாதி
நீச்சுத்தண்ணீர்
நீடுநினைந்திரங்கல்
நீட்டலளவை
நீட்டு
நீணுதல்
நீதம்
நீதிநியாயம்
நீதிமன்றம்
நீதிவான்
நீந்துபுனல்
நீம்
நீரணி
நீரழிவு
நீராட்டம்
நீராளம்
நீரிலாநிலம்
நீரெட்டி
நீர்
நீர்க்கட்டுதல்
நீர்க்காவி
நீர்க்கைக்கதவு
நீர்க்கோவை
நீர்ச்சுனை
நீர்த்தலை
நீர்த்துறை
நீர்பிரிதல்
நீர்ப்பயிர்
நீர்ப்பீனசம்
நீர்மாங்காய்
நீர்மை
நீர்வலி
நீர்விட்டுப்போதல்
நீறணிந்தோன்
நீற்றமுது
நீலகண்டி
நீலக்கோலன்
நீலப்பைங்குடம்
நீலம்
நீலாஞ்சனை
நீலிதம்
நீளம்
நீளி
நீள்சடையோன்
நீவியம்
நு
நுகம்
நுகர்வோர்
நுகைவு
நுங்குப்பாக்கு
நுட்பக்காரன்
நுணவு
நுணுக்கம்
நுண்டுகில்
நுண்ணேலம்
நுதற்கண்
நுதி
நுனித்தல்
நுமையன்
நுரைதப்புதல்
நுல்
நுளுப்புதல்
நுழுதுதல்
நுழைத்தல்
நுவறுதல்
நூ
நூதனன்
நூனாழி
நூப்பு
நூறாம்
நூறு
நூறை
நூற்புறத்திணை
நூற்றுறை
நூலாசிரியன்
நூலுறிஞ்சி
நூல்
நூல்கேட்டல்
நூல்விடுதல்
நூவு
நெ
நெகிழ்தல்
நெக்குருகுதல்
நெஞ்சடைப்பு
நெஞ்சார
நெஞ்சுச்சளி
நெஞ்சுரப்பு
நெஞ்செரிதல்
நெடித்தற்பொழுது
நெடுக
நெடுங்கடை
நெடுங்காலம்
நெடுங்கோடிச்சுவர்
நெடுநாவை
நெடுந்துருத்தி
நெடுமன்
நெடுமூச்செறிதல்
நெடும்பா
நெடுவல்
நெட்டாங்கு
நெட்டில்
நெட்டுயிர்ப்பு
நெட்டைச்சி
நெத்தம்
நெம்பு
நெய்ச்சிட்டி
நெய்த்தல்
நெய்ம்மிதி
நெய்வான்மீன்
நெரிசல்
நெரிவு
நெருக்கெனல்
நெருட்டுக்கருத்து
நெருப்பு
நெருப்புத்தணல்
நெருப்புவிழுதல்
நெறிதல்
நெறிமுறைமை
நெற்கடை
நெற்பயிர்
நெற்றிக்கண்ணன்
நெற்றிப்பொட்டு
நெல்லிச்சி
நெளிப்பு
நெளிர்தல்
நே
நேசி
நேத்திரபரியந்தம்
நேனம்
நேமித்தல்
நேயன்
நேரஞ்செல்லுதல்
நேரம்
நேரலை
நேராக்குதல்
நேரியது
நேர்
நேர்சீர்
நேர்த்தி
நேர்ந்தார்
நேர்பிடித்தல்
நேர்வளம்
நேறம்
நேளி
நை
நைச்சியம்
நைத்தியம்
நையநருக்குதல்
நைலம்
நொ
நொக்கு
நொசிவு
நொடித்துப்போதல்
நொடுநொடெனல்
நொண்டி
நொதுநொதுத்தல்
நொந்தலைமை
நொய்தல்
நொய்யெனல்
நொறுக்கித்தள்ளுதல்
நொறுவைப்பண்டம்
நொள்குதல்
நொவ்வல்
நோ
நோக்கல்
நோஞ்சல்
நோண்டுதல்
நோன்பு
நோம்பு
நோய்த்தல்
நோலுதல்
நோவுசாத்துதல்
நௌ
ன
ப
பஃறி
பகடையடித்தல்
பகம்
பகற்கள்ளன்
பகலடி
பகல்
பகல்வத்தி
பகழி
பகாநிலை
பகிரங்கம்
பகீலெனல்
பகுத்தறிதல்
பகுமூத்திரம்
பகைதணிவினை
பகையகம்
பக்கச்சுவர்
பக்கத்துமீட்சி
பக்கர்
பக்கவேர்
பக்குப்பக்கெனல்
பக்குவாசயம்
பங்கசம்
பங்கயச்செல்வி
பங்களன்
பங்கி
பங்குசம்
பங்கேசம்
பசபசத்தல்
பசலை
பசாசு
பசிபட்டினி
பசிரி
பசுங்கதிர்
பசுங்கூட்டு
பசுநிலை
பசுமந்தை
பசும்புல்
பசைதல்
பச்
பச்சாத்தாபம்
பச்சிலைப்பட்டு
பச்சைகட்டு
பச்சைக்கோடு
பச்சைப்பசேரெனல்
பச்சைப்பிள்ளைத்தாய்ச்சி
பச்சையிரும்பு
பச்சோலை
பஞ்சகவ்வியம்
பஞ்சசத்தி
பஞ்சதன்மாத்திரை
பஞ்சதூபம்
பஞ்சபட்சி
பஞ்சப்பொழுது
பஞ்சமூர்த்தி
பஞ்சலிங்கம்
பஞ்சவன்
பஞ்சாக்கரம்
பஞ்சானுங்குஞ்சும்
பஞ்சாயுதபாணி
பஞ்சாவமுதம்
பஞ்சு
பஞ்சைத்தனம்
பட
படகுவலித்தல்
படதீபம்
படப்பொறி
படம்
படரடி
படர்பயிர்
படல்
படாடோபம்
படாரர்
படிகமிடுதல்
படிக்காசு
படிச்செலவு
படிதேன்
படித்தேன்
படிப்படி
படிப்பு
படிமம்
படியப்பார்த்தல்
படிறி
படீரம்
படுகள்ளம்
படுகிழவன்
படுக்காளிப்பயல்
படுதம்
படுநிலம்
படுபுரளி
படுவசை
படைகூட்டுதல்
படைசாற்றுதல்
படைத்தலைவன்
படைநிலை
படைமரம்
படையாளன்
படைவகுப்பு
பட்கை
பட்சித்தல்
பட்டடையார்
பட்டந்தரித்தல்
பட்டறிவு
பட்டாக்கத்தி
பட்டி
பட்டினம்
பட்டிபுத்திரன்
பட்டிமேய்தல்
பட்டியல்
பட்டுத்தெளிதல்
பட்டைக்காறை
பட்டையம்
பணக்காரன்
பணச்சலுகை
பணத்திரும்பல்
பணப்பை
பணமுடக்கம்
பணம்
பணம்செலுத்து
பணவெடை
பணி
பணிகொள்ளுதல்
பணிக்கை
பணித்தல்
பணிப்பொத்தி
பணியகம்
பணியல்
பணிவிடைக்காரன்
பண்
பண்டடை
பண்டரங்கன்
பண்டாரம்
பண்டிதம்
பண்டைநாள்
பண்ணறை
பண்ணியவிலைஞர்
பண்ணுவன்
பண்ணையார்
பண்பி
பண்பு
பண்புரைப்பார்
பதகளித்தல்
பதங்கம்
பதடி
பதனழிதல்
பதபாடம்
பதப்பேறு
பதரி
பதலைவங்கு
பதவுரை
பதி
பதிட்டை
பதினான்காம்
பதினான்கு
பதினாறாம்
பதினாறு
பதினாறுபேறு
பதினெட்டாம்
பதினெட்டு
பதினேழாம்
பதினேழு
பதினைந்தாம்
பதினைந்து
பதினொன்றாம்
பதினொன்று
பதினோராடல்
பதின்மூன்றாம்
பதின்மூன்று
பதியிலார்
பதிவிரதாதருமம்
பதிவிறக்கம்
பதுக்காய்
பதுமநாபன்
பதுமராகம்
பதுமாஞ்சலி
பத்தசாரம்
பத்தாசு
பத்தாம்
பத்திநெறி
பத்திமுகம்
பத்திரப்படுத்துதல்
பத்திராலாபனம்
பத்திரிகை
பத்து
பத்துக்காலோன்
பத்தொன்பதாம்
பத்தொன்பது
பந்தனம்
பந்தல்
பந்துக்கட்டு
பனங்கருக்கு
பனங்கொட்டை
பனந்தாமன்
பனம்
பனர்
பனி
பனிக்காற்று
பனிப்பகை
பனிப்பெயர்தல்
பனுக்குதல்
பனைநார்
பனைவட்டு
பன்னகர்
பன்னத்தை
பன்னாங்குழி
பன்னிரண்டாம்
பன்னிரண்டு
பன்னிருகரத்தோன்
பன்னொன்று
பன்பு
பன்மொழித்தொகை
பன்றிப்பத்தர்
பப்பளி
பம்பரமாட்டுதல்
பம்மாத்து
பயசுகம்
பயணம்
பயந்தோர்ப்பழிச்சல்
பயனர்
பயனர்பெயர்
பயனாலர்
பயனாளர்
பயன்படுதல்
பயன்பாடு
பயம்
பயானகம்
பயிரழிவு
பயிர்தல்
பயிலல்
பயோதிகம்
பரகுபரகெனல்
பரசியம்
பரஞானதீபவிளக்கம்
பரணி
பரதமோகினி
பரதி
பரத்தி
பரநியாசம்
பரபதம்
பரபுட்டை
பரமகாரணன்
பரமசுந்தரி
பரமபதம்
பரமாணு
பரமீசன்
பரம்
பரர்
பரவர்
பரவெளி
பரவை
பராகாசய
பராங்குசன்
பராதீனம்பண்ணுதல்
பராபரவத்து
பராமரிசித்தல்
பரார்த்தம்
பரிகம்
பரிகாரி
பரிக்கிரயம்
பரிசனை
பரிசாரம்
பரிசு
பரிசுப்பொருள்
பரிசோதனை
பரிச்சை
பரிணாமம்
பரிதி
பரிநாமம்
பரிபவித்தல்
பரிபுலம்புதல்
பரிப்பு
பரிமாறுதல்
பரிமாற்றம்
பரிமுகம்
பரியந்தம்
பரியாசகர்
பரியாரி
பரிவருத்தனம்
பரிவர்த்தனை
பரிவாரம்
பரிவேடிப்பு
பரு
பருங்கி
பருத்திக்காடு
பருந்து
பருப்பொருள்
பருமித்தல்
பருவதவர்த்தனி
பருவம்பார்த்தல்
பரேண்
பர்க்கன்
பர்று
பறக்கடித்தல்
பறட்டைச்சி
பறபறத்தல்
பறம்பி
பறவை
பறிதலைக்கையர்
பறியோலை
பறைச்சல்
பறைப்பேச்சு
பறைவு
பற்குறி
பற்பதம்
பற்றடித்தல்
பற்றாக்கை
பற்றி
பற்று
பற்றுஅட்டை
பற்றுமஞ்சள்
பல
பல¦
பலகையடித்தல்
பலக்கம்
பலண்டு
பலபத்திரன்
பலப்பம்
பலம்
பலர்க்கம்
பலவறிசொல்
பலவீனம்
பலவேலைக்காரன்
பலாட்டியம்
பலாற்காரம்
பலிதேர்தல்
பலிப்பு
பலேந்திரன்
பல்கலைக்கழகம்
பல்முளைத்தல்
பல்லரணை
பல்லவை
பல்லி
பல்லிக்கூடம்
பல்லிபற்றுதல்
பல்லுக்காட்டுதல்
பல்லைக்கடித்தல்
பளகர்
பளக்கம்
பளிக்காய்
பளீரெனல்
பள்ளச்சி
பள்ளாடு
பள்ளி
பள்ளிக்குறிப்பு
பள்ளிக்கூடம்
பள்ளிபடை
பள்ளியறை
பள்ளையம்
பழக்கம்
பழங்கணாளர்
பழஞ்சரக்கு
பழனல்வெதிர்
பழமெடுத்தல்
பழம்பாசி
பழி
பழிசை
பழிபாதகம்
பழிமூளுதல்
பழுக்கப்போடுதல்
பழுத்தல்
பழுவம்
பழைய
பழையபடி
பவ
பவஞ்சம்
பவந்தம்
பவனி
பவர்க்கம்
பவளமணி
பவானி
பவித்திரவான்
பவுந்திரம்
பவ்வி
பஸ்
பா
பாகதாரி
பாகர்
பாகிடுதல்
பாகுபடுதல்
பாக்கம்
பாக்கியவதி
பாக்குப்பாளை
பாக்கை
பாங்கோர்
பாசடை
பாசனக்கால்
பாசறவு
பாசாங்கடித்தல்
பாசிதம்
பாசிபற்றினபல்
பாசிமறன்
பாசுரம்
பாஞ்சசத்திகம்
பாடகன்
பாடநெறி
பாடனுபவித்தல்
பாடலி
பாடல்
பாடாகுதல்
பாடாவதி
பாடினி
பாடீரம்
பாடுபடுதல்
பாடுவித்தல்
பாட்டா
பாட்டுக்கச்சேரி
பாட்டை
பாணா
பாணிசரியை
பாணிப்பதம்
பாண்டம்
பாண்டவர்
பாண்டியன்
பாண்டுகம்பளம்
பாண்மகள்
பாதகேசம்
பாதசாலம்
பாதனம்
பாதமயக்கு
பாதலத்தம்பி
பாதாதிகேசம்
பாதாளவஞ்சனம்
பாதிரம்
பாதுகாபு
பாதுகாப்பற்ற
பாதுகாப்பான
பாதுகாப்பு
பாதுகாப்புத்திட்டம்
பாத்தல்
பாத்திரன்
பாத்தில்
பாந்தவம்
பானசியர்
பானியம்
பான்
பாபத்தி
பாப்பாத்தி
பாமரன்
பாம்பு
பாம்புப்புற்று
பாயலுணர்த்துதல்
பாய்க்கிடை
பாய்ச்சுத்தேள்
பாய்வலித்தல்
பாரசிகை
பாரதவருடம்
பாரத்தனம்
பாரமார்த்திகம்
பாரவதம்
பாராயணன்
பாரிகன்
பாரித்தல்
பாரு
பார்
பார்சுவகிரகணம்
பார்ப்பதி
பார்மிசைநடந்தோன்
பார்வைத்தாழ்ச்சி
பாறை
பாற்கரியோன்
பாற்குனி
பாற்பசு
பாற்று
பாலடி
பாலமணிக்கோவை
பாலவன்
பாலி
பாலிறுவி
பாலைநிலம்
பால்கட்டுதல்
பால்தோய்தல்
பால்பொழிதல்
பால்மேனியாள்
பால்வாய்க்குழவி
பாளை
பாழிமை
பாழ்ங்குடி
பாழ்வாய்கூறுதல்
பாவச்சுமை
பாவனாதீதம்
பாவரசம்
பாவாபாவம்
பாவியம்
பாவைத்தீபம்
பி
பிகம்
பிக்காரி
பிங்கள
பிசகு
பிசண்டம்
பிசாசு
பிசினம்
பிசுகுதல்
பிசுபிசுத்தவன்
பிச்சாபாத்திரம்
பிச்சைத்தனம்
பிஞ்சு
பிடகம்
பிடவு
பிடார்
பிடிச்சராவி
பிடிபடுதல்
பிடியல்
பிடுங்கித்தின்னுதல்
பிட்சாபாத்திரம்
பிட்டை
பிணநெஞ்சு
பிணாப்பிள்ளை
பிணிப்பு
பிணை
பிணையடித்தல்
பிண்டசூத்திரம்
பிண்டவுரை
பிண்டிப்பகவன்
பிண்ணாக்கு
பிதாமகன்
பிதிர்க்கடன்
பிதிர்பிதிர்
பிதுங்குதல்
பித்தசாந்தி
பித்தம்
பித்தாசயம்
பித்தேறி
பினாகி
பின்
பின்குடுமி
பின்தொடர்பவர்
பின்னடைப்பன்
பின்னபதம்
பின்னல்
பின்னாலே
பின்னிலவு
பின்னூட்டம்
பின்னே
பின்னை
பின்பக்கம்
பின்புறணி
பின்மோனை
பின்வாங்குதல்
பிம்பம்
பிரகதி
பிரகிருதி
பிரகு
பிரசண்டன்
பிரசவசன்னி
பிரசாதித்தல்
பிரசுரன்
பிரஞ்ஞானம்
பிரணயம்
பிரதமம்
பிரதானி
பிரதிக்கினை
பிரதிதானம்
பிரதிபலித்தல்
பிரதிமண்டலம்
பிரதேசம்
பிரத்தியருத்தம்
பிரபஞ்சவாழ்வு
பிரபவ
பிரபுத்தன்
பிரமகாயத்திரி
பிரமஞானம்
பிரமதாளம்
பிரமன்றந்தை
பிரமயாகம்
பிரமவமிசம்
பிரமாணிக்கம்
பிரமானந்தம்
பிரமுகம்
பிரம்படிக்காரர்
பிரயாணம்
பிரலாபம்
பிரவரம்
பிரவிடை
பிரவை
பிராசம்
பிராஞ்ஞம்
பிராணநாயகன்
பிராணி
பிராந்தகன்
பிராப்தி
பிராயச்சித்தம்
பிராறு
பிரிநிலையெச்சம்
பிரியதரிசினி
பிரியாவுடையாள்
பிரீமியம்
பிருகற்பதி
பிருதிவி
பிரேதகருமம்
பிரேரகப்பிரேரியபாவம்
பிரோகம்
பிறகு
பிறக்கம்
பிறங்குதல்
பிறனில்
பிறப்பில்லான்
பிறழ்ச்சி
பிறவிக்குருடன்
பிறாண்டு
பிறியகம்
பிறைத்தலையம்பு
பிற்கட்டு
பிற்படுதல்
பிலகரி
பிலவங்க
பிலிற்றுதல்
பில்
பில்லி
பிளவை
பிளாக்செயின்
பிள்
பிள்ளைக்கிணறு
பிள்ளைப்பூச்சி
பிள்ளைவங்கு
பிழா
பிழுக்கைமாணி
பிழை
பிழைப்பூட்டுதல்
பீ
பீக்கலாத்தி
பீசாங்குரநியாயம்
பீச்சாங்கொள்ளி
பீடம்
பீடைமாதம்
பீதகாட்டம்
பீதபீசம்
பீதி
பீந்துதல்
பீமநாதம்
பீராய்தல்
பீரோடுதல்
பீர்விடுதல்
பீலிக்குஞ்சம்
பீலுகன்
பீவரம்
பு
புகர்முகம்
புகல்வு
புகழ்தல்
புகார்
புகுபதிகை
புகுபுகெனல்
புகைக்கூண்டு
புகைப்படம்
புகைமணம்
புகையுயிர்த்தல்
புக்கசன்
புங்கமரம்
புசகம்
புசுபம்
புச்சத்தலம்
புடமிடுதல்
புடாயம்
புடைநகர்
புடையன்
புட்கலாவருத்தம்
புட்டல்
புட்பகம்
புட்பசாபன்
புட்பரசம்
புட்பாசனன்
புணர்குறி
புணர்வு
புண்டரம்
புண்ணளை
புண்ணியபூமி
புண்ணீர்
புதஞ்செய்தல்
புதல்வர்ப்பேறு
புதிது
புதிய
புதியவர்
புதுக்குதல்
புதுப்பழக்கம்
புதுப்பித்தல்
புதுப்பித்தல்நாள்
புதுப்பிப்பு
புதுமுகனை
புதைகுழி
புத்தசைத்தியம்
புத்தாத்திரி
புத்திநுட்பம்
புத்தியீனர்
புத்திரன்
புத்திரேடணை
புத்தேள்
புனமுருக்கு
புனர்ப்பவம்
புனலாடையாள்
புனவேடு
புனைதல்
புனைவு
புன்செய்
புன்னிலம்
புன்மாலை
பும்
புயங்கம்
புயவகுப்பு
புரட்சி
புரணம்
புரப்பு
புரவரியார்
புரவலன்
புரவு
புராணிகன்
புராந்திமம்
புரிசாலம்
புரிமணை
புரியம்
புரீடம்
புருடமோகினி
புருவநெரித்தல்
புரைக்குழல்
புரைப்படுதல்
புரையேறுதல்
புரோ
புரோக்கித்தல்
புரோதயம்
புறக்கண்
புறக்குடி
புறங்காட்டுதல்
புறங்கை
புறஞ்சாய்தல்
புறணிநாடு
புறத்திறை
புறநிலை
புறனடைச்சூத்திரம்
புறப்படைவீடு
புறப்புறக்கருவி
புறமறைத்தல்
புறம்பணையான்
புறம்விடுதல்
புறவாழி
புறவெட்டு
புற்கற்றை
புற்புல்லெனல்
புற்றுவைத்தல்
புலத்தார்
புலனொடுக்கம்
புலமகன்
புலம்
புலம்புவித்தல்
புலர்தல்
புலவி
புலான்மறுத்தல்
புலி
புலிக்கண்கல்
புலித்தோலுடையோன்
புலியுயர்த்தோன்
புலு
புலுதம்
புலைப்பாடி
புல்
புல்லரி
புல்லற்கூறுதல்
புல்லிகை
புல்லு
புல்லுருவி
புல்வெட்டிப்பல்
புளி
புளிக்கறி
புளிதம்
புளிமா
புளியமரம்
புளைத்தல்
புள்ளி
புள்ளிகள்
புள்ளியன்மா
புள்ளுவன்
புழங்குதல்
புழு
புழுக்கம்
புழுக்கொல்லி
புழுதிப்படலம்
புழுப்பூனை
புழைக்கை
புவலோகம்
புஷ்பம்
பூ
பூகதம்
பூக்கஞ்சா
பூக்குழி
பூங்கருவி
பூங்குடம்
பூசணி
பூசற்களம்
பூசாந்திரம்
பூசித்தல்
பூசுரன்
பூச்சக்கரம்
பூச்சிபூச்சியெனல்
பூச்சுவேலை
பூஜ்யம்
பூஞ்சணம்
பூஞ்சு
பூட்சி
பூட்டு
பூட்டை
பூணுநூல்
பூண்டு
பூதசாரசரீரம்
பூதநாசினி
பூதப்படையோன்
பூதலம்
பூதவிருள்
பூதாத்துமன்
பூதிகந்திகம்
பூதேவி
பூநாகம்
பூந்தராய்
பூந்தேன்
பூனைத்திசை
பூபாகம்
பூப்பு
பூமடை
பூமாரி
பூமிசை
பூமியதிர்ச்சி
பூம்பிடகை
பூரணகர்ப்பம்
பூரணவித்தை
பூரா
பூரிகை
பூரியரிசி
பூருவகௌளம்
பூர்ணகர்ப்பம்
பூர்வசைவன்
பூலதை
பூளம்
பூழை
பூவமுதம்
பூவல்லிகொய்தல்
பூவினன்
பூவுயிர்த்தல்
பூவொல்லி
பெ
பெட்டார்
பெட்டைக்கண்
பெண்
பெண்கேட்டல்
பெண்டகைமை
பெண்ணரசி
பெண்ணாள்
பெண்பனை
பெண்பாவம்
பெண்மகள்
பெண்வழிச்சேறல்
பெத்தரிக்கம்
பெந்தைவிழி
பென்
பெயரிடைநிலை
பெயர்
பெயர்த்து
பெயர்ப்பு
பெரிசு
பெரிய
பெரியதனம்
பெரியபொருள்
பெரியவராடி
பெரியாயி
பெருகு
பெருக்காளர்
பெருங்கட்டி
பெருங்கவி
பெருங்கிழமை
பெருங்குறடு
பெருங்கோடணை
பெருஞ்சுட்டு
பெருநகை
பெருநாள்
பெருந்தகை
பெருந்திருவி
பெருந்தேவி
பெருமணம்
பெருமாள்கோயில்மாடு
பெரும்படை
பெரும்பற்றப்புலியூர்
பெரும்பாலை
பெரும்புறம்
பெரும்பெயர்
பெரும்போக்கு
பெருவழக்கு
பெருவார்த்தை
பெருவுடையார்
பெறிய
பெறு
பெறுமதி
பெற்றான்
பே
பேசலம்
பேசுதல்
பேச்சுக்காரன்
பேச்சுவளர்த்தல்
பேடிசம்
பேணலர்
பேணுநர்
பேதலித்தல்
பேதித்தல்
பேதைப்பருவம்
பேனாசனி
பேயாட்டம்
பேய்
பேய்க்கூத்து
பேய்த்தேர்
பேய்ப்பிள்ளை
பேய்முகம்
பேரண்டம்
பேரருவி
பேராண்மை
பேராழம்
பேரியற்காஞ்சி
பேரு
பேரேடு
பேர்ந்தும்
பேலகம்
பை
பைகிரி
பைசல்
பைஞ்ஞிணம்
பைத்தல்
பைபீலம்
பைம்மை
பையாப்பு
பைவருதல்
பொ
பொக்கணி
பொக்கு
பொக்கை
பொங்கற்பண்டிகை
பொங்கிவழிதல்
பொசித்தல்
பொச்சாத்தல்
பொடிச்சல்லி
பொடிப்பு
பொடிவு
பொட்ட
பொட்டலம்
பொட்டிலுப்பு
பொட்டுப்பொடி
பொதி
பொதியப்பொருப்பன்
பொதிரெறிதல்
பொது
பொதுக்காரியம்
பொதுத்தன்மை
பொதுத்துறை
பொதுநீக்குதல்
பொதுப்பெயர்
பொதுமொழி
பொதுவறுசிறப்பு
பொதை
பொத்திதள்ளுதல்
பொத்துவைத்தல்
பொந்தை
பொன்னகர்க்கிறைவன்
பொன்னம்பர்
பொன்னாங்கண்ணி
பொன்னி
பொன்னுடம்பு
பொன்னெழுத்து
பொன்பூணுதல்
பொன்மாலை
பொன்வண்டு
பொன்விலைப்பாவையர்
பொம்மெனல்
பொய்
பொய்க்கால்
பொய்ச்சான்று
பொய்த்தல்
பொய்முயக்கம்
பொய்யவியல்செய்தல்
பொய்யுகம்
பொரிக்கஞ்சி
பொரியரிசி
பொருக்க
பொருட்சிதைவு
பொருட்படுத்துதல்
பொருணூல்
பொருத்தம்பார்த்தல்
பொருந்தர்
பொருனை
பொருப்பெறிந்தான்
பொருமை
பொருல்
பொருளாகுபெயர்
பொருள்
பொருவுசாரம்
பொறிதொலைத்தல்
பொறியொற்றோலை
பொறுப்பாளி
பொறுமை
பொறைநிலை
பொற்கணக்கு
பொற்கூடம்
பொற்சுண்ணமிடித்தல்
பொற்பாளம்
பொற்பொது
பொற்றொடி
பொலிகாளை
பொலிபாடுதல்
பொலிவுமங்கலம்
பொல்லாக்காட்சி
பொல்லாப்பு
பொளிமண்
பொழிப்பு
பொழுதிற்கூடல்
பொழுதொடுபுணர்தல்
போ
போகணி
போகமகள்
போகவிடயம்
போகில்
போக்கடி
போக்காளி
போக்கு
போங்காலம்
போசனம்
போட்டடைத்தல்
போணி
போதம்
போதாந்தன்
போதிசத்துவன்
போதியவன்
போதுவைகுதல்
போந்திக்கால்
போனகாலம்
போனஸ்
போயகாலம்
போரான்
போர்
போர்க்கோலம்
போர்ப்பறை
போர்முனை
போர்று
போற்றன்
போற்றீடு
போற்று
போலி
போலிநடை
போலும்
போழ்தல்
பௌ
பௌத்தன்
பௌரணை
பௌர்ணசந்திரன்
ம
மஃகான்
மக
மகடூஉக்குணம்
மகண்மா
மகத்துறை
மகப்பேறு
மகரகேதனன்
மகரந்தப்பொடி
மகரமுயர்த்தோன்
மகரவாய்மோதிரம்
மகராலயம்
மகளிர்பருவம்
மகவேள்வி
மகாகாலம்
மகாசமுத்திரம்
மகாச்சாயம்
மகாதோரை
மகாநிம்பம்
மகாபிரதானி
மகாமாயி
மகாயுகம்
மகாவற்புதம்
மகிடம்
மகிதலம்
மகிழலகு
மகிழ்ச்சி
மகிழ்வு
மகுடவர்த்தனர்
மகேசுரவடிவம்
மகோதயம்
மக்கட்கதி
மக்கட்பேறு
மக்கள்
மங்கலக்கருவி
மங்கலன்
மங்கலமடந்தை
மங்கலவணி
மங்கலவேளை
மங்கலை
மங்களாசரணை
மங்குரம்
மங்கைபாகன்
மசக்கை
மசரதம்
மசிபதம்
மச்சக்கொடி
மச்சினச்சி
மச்சுப்பாவுதல்
மஞ்சட்பால்கொடுத்தல்
மஞ்சணை
மஞ்சரி
மஞ்சாளி
மஞ்சிறு
மஞ்சூடை
மடக்கிளி
மடங்கக்கூறுதல்
மடத்தகை
மடப்பற்று
மடம்
மடவரல்
மடவைக்கெண்டை
மடிச்சீலை
மடிப்பிச்சை
மடிமாங்காய்போடுதல்
மடிவு
மடைக்கடல்
மடைமாறி
மட்சுவர்
மட்டப்பலகை
மட்டாயுதம்
மட்டிலை
மட்டுத்திட்டம்
மட்டையர்
மணங்கட்டுதல்
மணப்பூச்சு
மணம்
மணற்பாக்கு
மணவாளன்
மணிகன்னிகை
மணிக்காடை
மணிச்சட்டம்
மணிநீர்
மணிப்புறா
மணிமாளிகை
மணியம்பலம்
மணியெண்ணி
மணிவீசம்
மண்
மண்குகை
மண்சீலை
மண்டபச்செலவு
மண்டபம்
மண்டலமழை
மண்டலிகன்
மண்டிபோடுதல்
மண்டு
மண்டைக்கனம்
மண்ணகம்
மண்ணறை
மண்ணிலம்
மண்ணுணி
மண்ணுளிப்பாம்பு
மண்பாடு
மண்மகள்புதல்வர்
மண்வாரி
மத
மதகு
மதத்தல்
மதனாங்குசம்
மதமதக்கத்தாழி
மதமொய்
மதலை
மதாணி
மதிகூர்மை
மதிசூடி
மதிநெறி
மதிப்பாய்வு
மதிப்பீடு
மதிப்பு
மதிமோசம்
மதியுடம்படுதல்
மதிலுண்மேடை
மதுங்குதல்
மதுபர்க்கம்
மதுரம்
மதுரைமாதெய்வம்
மத்தகக்குழிவு
மத்தன்
மத்தாடுதல்
மத்திமன்
மத்தியம்
மந்தகாசம்
மந்தமா
மந்தம்
மந்தவிசை
மந்தி
மந்திரக்கிழவர்
மந்திரத்துணைவர்
மந்திரம்
மந்திரித்தல்
மந்தைவெளி
மன
மனக்களிப்பு
மனக்குறை
மனக்கோள்
மனங்கொள்ளுதல்
மனச்சாய்வு
மனத்தாழ்மை
மனத்துயர்
மனநெகிழ்ச்சி
மனனம்
மனப்பால்குடித்தல்
மனப்பொறுப்பு
மனமுடைதல்
மனம்
மனம்போனபோக்கு
மனவெரிச்சல்
மனிசன்
மனிலாப்பயிறு
மனுப்படுதல்
மனைக்கிழவன்
மனையறம்
மனைவீடு
மனோதிடம்
மனோபூசை
மனோலயம்
மன்
மன்டபம்
மன்னன்
மன்னாவுலகம்
மன்னும்
மன்பது
மன்மம்
மன்றாட்டம்
மப்பு
மம
மயக்கவணி
மயங்குதல்
மயற்கை
மயிடற்செற்றாள்
மயிர்களைதல்
மயிர்க்குச்சு
மயிர்ச்சாந்தம்
மயிர்ப்பாடு
மயிர்வினை
மயிற்பிச்சம்
மயிலார்
மயிலைப்பச்சை
மயேசன்
மரகதக்குற்றம்
மரக்கன்று
மரக்கால்
மரணசனி
மரத்தல்
மரபு
மரப்பந்தர்
மரம்
மரவள்ளி
மரவை
மரிசி
மரீசம்
மருகு
மருங்கை
மருட்டுதல்
மருதநிலம்
மருது
மருத்துபாலன்
மருத்துவமணை
மருத்துவமனை
மருத்துவம்
மருத்துவர்
மருந்தகம்
மருந்து
மருபடியும்
மருபூ
மருமம்
மருளிந்தம்
மருவார்
மரைக்காயர்
மர்த்தித்தல்
மறக்குடி
மறநிலையின்பம்
மறம்
மறலிமறலி
மறவை
மறிந்து
மறுகு
மறுசொல்
மறுதாரம்
மறுநாள்
மறுபடியும்
மறுபிறவி
மறுமாடி
மறுவலும்
மறைச்சி
மறைப்பு
மறையான்
மற்கடம்
மற்சியம்
மற்றும்
மற்றை
மலக்கு
மலசலம்
மலநீர்
மலம்பாதை
மலரணை
மலர்ச்சி
மலர்த்தேன்
மலர்மிசையேகினான்
மலாம்
மலிபு
மலை
மலைக்கால்
மலைச்சார்வு
மலைநாடு
மலைப்பாழி
மலைமடந்தை
மலையக்கால்
மலையமாருதம்
மலையாளபகவதி
மலையேறுதல்
மலைவாணர்
மல்லகதி
மல்லல்
மல்லிகை
மளமளப்பு
மள்ளம்
மழ
மழமழத்தல்
மழித்தலை
மழுங்குணி
மழுவலான்
மழை
மழைக்கண்ணி
மழைதாங்கி
மழைமுகில்
மழைவீற்றிருத்தல்
மா
மாகதி
மாகாணம்
மாகேசுவரபூசை
மாக்குளித்தல்
மாங்காய்
மாசப்பிறப்பு
மாசாலம்
மாசிலாமணி
மாச்சரியம்
மாடக்குழி
மாடியம்
மாட்சி
மாட்டிவிடுதல்
மாட்டுப்பறங்கிக்காய்
மாணல்
மாணவன்
மாணார்
மாண்டல்
மாதத்தீட்டு
மாதவன்
மாதவிப்பந்தல்
மாதிமை
மாதுமை
மாதுளங்கம்
மாதோ
மாத்திரைக்கோல்
மாநிலம்
மாந்தன்
மாந்திரீகம்
மானக்கேடு
மானதம்
மானமூடுதல்
மானவன்
மானவாரிநிலம்
மானார்
மானிடச்சட்டை
மானிதை
மானுடவன்
மான்மதம்
மான்றோல்
மாப்பிள்ளை
மாமன்
மாமாயை
மாமுகவன்
மாயக்கள்ளி
மாயப்பொடி
மாயவித்தை
மாயாபுரி
மாயேயம்
மாய்ச்சல்
மாரகாகளம்
மாரபேரி
மாராயவஞ்சி
மாரியம்மன்
மாரோடம்
மார்க்கம்
மார்ச்சளி
மார்பாணி
மாறாடுதல்
மாறுகம்
மாறுபடுதல்
மாற்றலர்
மாற்றுக்குறைச்சல்
மாலதி
மாலிகை
மாலுதானம்
மாலைக்காரன்
மாலைமசங்கல்
மாலையுவமை
மால்பு
மாளவி
மாளிகை
மாழ்கு
மாவரி
மாவிருக்கம்
மாவெனல்
மி
மிக
மிகுகொடையாளன்
மிகுத்துச்சொல்லல்
மிகைபடுதல்
மிக்கிளமை
மிசைதல்
மிச்சை
மிடன்
மிடுக்கன்
மிண்டி
மிதவை
மிதிலைநாடி
மித்தியாத்துவம்
மித்துருத்தானம்
மினுமினுத்தல்
மின்சாரம்
மின்னஞ்சல்
மின்னார்
மின்வெட்டு
மிரிநாளம்
மிருகபதி
மிருகாதனம்
மிருடை
மிருதி
மிருத்தஞ்சயன்
மிருநாளம்
மிலாங்கிலி
மிளகாய்ப்பொடி
மிளகுதைலம்
மிழற்றல்
மீ
மீக்கட்டணம்
மீக்கொள்ளுதல்
மீச்செலவு
மீட்டமைப்பு
மீட்பு
மீண்டு
மீதூர்தல்
மீனங்கம்
மீனவன்
மீனுணங்கல்
மீன்காரி
மீன்சிறகு
மீன்முள்
மீமிசைச்சொல்
மீலனம்
மீளுதல்
மு
முகக்கிளர்ச்சி
முகங்காண்பித்தல்
முகச்சவரம்
முகடு
முகத்தலளவு
முகத்துரை
முகந்துடைத்தல்
முகப்பு
முகமயக்கு
முகமுகமாய்
முகம்பார்த்தல்
முகரி
முகவங்கு
முகவரி
முகவறி
முகவழி
முகவிலாசம்
முகாந்தரம்
முகினி
முகிளம்
முகிழ்த்தம்
முகுந்தம்
முகூர்த்தம்பார்த்தல்
முக்கடுகு
முக்கண்ணி
முக்காட்டங்கி
முக்கால்
முக்குடை
முக்குற்றங்கடிந்தோன்
முக்கூட்டரத்தம்
முக்தாபலம்
முசலி
முசிப்பாறுதல்
முசுடர்
முசுமுசுக்கை
முச்சத்தி
முச்சில்
முஞ்சரம்
முடக்கு
முடங்கு
முடலை
முடிசாய்தல்
முடிதரித்தல்
முடிநர்
முடிபெழுத்து
முடிமேலழகி
முடியெடுத்தல்
முடிவு
முடிவுகாலம்
முடுகியல்
முடுக்குவழி
முடைநாற்றம்
முட்டத்தட்டுதல்
முட்டாள்
முட்டிமுரண்டுதல்
முட்டுக்கோல்
முட்டைக்கண்
முணங்குநிமிர்தல்
முண்டகாசனி
முண்டிதம்
முதனாள்
முதன்முதல்
முதன்மை
முதற்குறை
முதற்பொருள்
முதலி
முதல்
முதல்மரியாதை
முதள்
முதியான்
முதிர்ச்சி
முதுகண்
முதுகுகாணுதல்
முதுக்குறைதல்
முதுபாழ்
முதுமுறை
முதை
முத்தன்
முத்தலை
முத்தாத்துக்கோல்
முத்திக்கை
முத்தியெறிதல்
முத்திரைத்தாள்
முத்து
முத்துச்சலாபம்
முத்துப்புரி
முத்துவண்ணச்சேலை
முந்தன்
முந்து
முந்நாடு
முனி
முனிவர்
முனைப்பதி
முன்
முன்கடை
முன்னடிவிளக்கு
முன்னன்
முன்னிடுதல்
முன்னிலைப்பரவல்
முன்னுதல்
முன்னே
முன்னைவினை
முன்பணஅட்டை
முன்பதிவு
முன்பின்
முன்மடி
முன்றானைவிரித்தல்
முப்பகை
முப்பதாம்
முப்பது
முப்பான்
முப்புடைக்காய்
முப்பொருள்
மும்மணி
மும்மீன்
மும்மை
முயற்கொம்பு
முயல்
முரசறைதல்
முரட்டடி
முரண்டல்
முரப்பு
முரலுதல்
முராரி
முரிவரி
முருகு
முருட்டுகையர்
முர்று
முறமுறப்பு
முறிச்சி
முறியெழுதுதல்
முறுக்கவிழ்தல்
முறுக்குமீசை
முறைக்காய்ச்சல்
முறைப்படுதல்
முறைமாறுதல்
முறைவன்
முற்கூறு
முற்பனி
முற்பெரியான்
முற்றல்
முற்றிக்கை
முற்று
முற்றுமுணர்தல்
முலாம்
முலைப்பால்
முல்லையாளர்
முளிதல்
முளைக்குடம்
முளைப்பாலிகை
முள்முருங்கை
முள்ளிலவு
முழக்கு
முழந்தாள்
முழவுமேளம்
முழுக
முழுக்காளி
முழுது
முழுத்தொகை
முழுமகன்
முழுமை
முழைதல்
மூ
மூக்கடைப்பான்
மூக்கறுத்தல்
மூக்கிலி
மூக்குத்தூள்
மூக்கொலியன்
மூங்கிற்புதர்
மூசல்
மூச்சடைப்பு
மூச்சுவிடுதல்
மூஞ்சையன்
மூடர்
மூடு
மூடுதல்
மூட்டங்கட்டுதல்
மூட்டைதூக்கி
மூதலித்தல்
மூதிரி
மூதுவர்
மூத்தபிள்ளையார்
மூத்திரக்குழல்
மூத்தோன்
மூன்றாம்
மூன்று
மூப்பர்
மூரிநிமிர்தல்
மூர்க்கை
மூர்த்தி
மூலகம்
மூலட்டானன்
மூலபதம்
மூலம்
மூலவெழுத்து
மூலைக்கச்சம்
மூலைவாட்டம்
மூள்தல்
மூழ்தல்
மூவாமருந்து
மூவிலைவேல்
மெ
மெச்சு
மெதுமெதுப்பு
மெத்தைவீடு
மென்னி
மென்பொருள்
மென்மை
மெய்கூறல்
மெய்க்கூத்து
மெய்தொட்டுப்பயிறல்
மெய்ந்நூல்
மெய்ப்பாட்டிசைக்குறி
மெய்ப்பிப்பு
மெய்மாசு
மெய்யன்
மெய்யெழுத்து
மெருகிடுதல்
மெலிந்தோன்
மெல்குதல்
மெல்லிக்கை
மெல்லிலை
மெழுகிடுதல்
மெழுகுமண்
மே
மேகக்கல்
மேகதீபம்
மேகமண்டலம்
மேகலாபதம்
மேகவிடுதூது
மேகை
மேடமாதம்
மேட்டுநிலம்
மேதன்
மேதினி
மேந்தலை
மேனாள்
மேனை
மேன்மேலும்
மேம்படுத்தல்
மேயம்
மேய்த்தல்
மேருவில்லி
மேற்காவல்
மேற்சுவாசம்
மேற்பாதிநிலம்
மேற்புறம்
மேற்றிசைப்பாலன்
மேலனம்
மேலாண்மை
மேலார்
மேலும்
மேலெழுச்சி
மேலே
மேலைவெளி
மேல்
மேல்பாதி
மேல்வரிசை
மேல்வினை
மேளக்கச்சேரி
மேழிச்செல்வம்
மேவார்
மை
மைக்காலிருட்டு
மைதீட்டுதல்
மைத்துனமை
மைபோடுதல்
மைம்மீன்
மையம்
மையான்
மைரேயம்
மைல்கள்
மொ
மொக்கட்டை
மொக்கை
மொசுமொசுக்கை
மொஞ்சிநாற்றம்
மொட்டைச்சி
மொட்டைவசனம்
மொத்தம்
மொந்தன்
மொய்த்தல்
மொரமொரெனல்
மொழிச்சாரியை
மொழிப்பொருள்
மொழுப்புதல்
மோ
மோகனாங்கினி
மோகவிலை
மோங்கில்
மோசடி
மோசித்தல்
மோடு
மோட்டார்
மோட்டோடு
மோதலை
மோத்தை
மோப்பம்பிடித்தல்
மோர்
மோழைமுகம்
மௌ
மௌசலம்
மௌனவிரதம்
ய
யக்கராசன்
யஞ்ஞமூர்த்தி
யதேச்சாதிகாரம்
யமகம்
யமவாகனம்
யவசி
யவபலம்
யா
யாகபதி
யாக்கை
யாசகன்
யாண்டு
யாதவம்
யாத்திரிகன்
யானைக்கச்சை
யானைச்சாலை
யானைத்தொழு
யானைமறம்
யானைவாரி
யாப்பதிகாரம்
யாமங்கொள்பவர்
யாமவதி
யாய்
யாளியூர்தி
யாழ்தரித்தாள்
யாவதும்
யு
யுகந்தரம்
யுத்தகளம்
யுவராசன்
யூ
யூதநாயகன்
யோ
யோகக்காரன்
யோகதீட்சை
யோகவான்
யோகீசுவரன்
யோசனம்
யோனிப்படுதல்
யௌ
யௌவனதசை
ர
ரகசியச்சொல்
ரசீது
ராசா
ராஜா
ரீ
ரீங்காரம்
ற
ல
லட்சம்
லாகின்
லாட்டரி
ள
ழ
வ
வகிரியாகம்
வகுத்தல்
வகுளம்
வகைநிலைக்கொச்சகம்
வகையறுத்தல்
வக்கரை
வக்கிரசந்திரன்
வக்கிரித்தல்
வங்கணம்
வங்காரம்
வங்கி
வசக்கட்டு
வசந்ததூதம்
வசந்தருது
வசனித்தல்
வசவி
வசிகரிப்பு
வசியை
வசுகம்
வசூலித்தல்
வசைப்படுதல்
வச்சம்
வச்சிரக்கபாய்
வச்சிரபீசம்
வச்சிரலேபம்
வச்சிராவர்த்தம்
வஞ்சகம்
வஞ்சபாவம்
வஞ்சிக்கொடி
வஞ்சியன்
வடகம்
வடகோடு
வடதுருவம்
வடமரம்
வடம்
வடவானலம்
வடாரகம்
வடிசல்
வடிம்பிடுதல்
வடிவிலாக்கூற்று
வடுகர்
வடை
வட்குதல்
வட்டணை
வட்டப்பூ
வட்டாரம்
வட்டியில்லாக்கடன்
வட்டெழுத்து
வணக்கம்
வணர்தல்
வண்சிறை
வண்டலடித்தல்
வண்டி
வண்டுச்சிலந்தி
வண்ணக்கட்சி
வண்ணத்தான்
வண்ணம்
வண்ணாத்தான்
வண்புகழ்
வதனம்
வதிட்டன்
வதுக்கு
வதைத்தல்
வத்தாக்கு
வத்து
வந்தனித்தல்
வந்தியை
வந்து
வனக்கம்
வனசன்
வனச்சார்பு
வனபோசனம்
வனம்
வனாந்தரமாய்க்கிடத்தல்
வன்கண்
வன்கி
வன்சிறை
வன்து
வன்னம்
வன்னிகை
வன்னிவண்ணம்
வன்புறையெதிரழிதல்
வன்மி
வபு
வம்படித்தல்
வம்பல்
வய
வயசுகாலம்
வயத்தன்
வயப்புலி
வயற்கரை
வயவெற்றி
வயாவுயிர்த்தல்
வயிரக்கல்
வயிரவல்லி
வயிரியமாக்கள்
வயிறு
வயிறுப்பசம்
வயிற்றுக்கிருமி
வயிற்றுவலி
வயோதிகம்
வர
வரடம்
வரதை
வரப்பிரசாதம்
வரம்பிலாற்றல்
வரலாற்றுமுறைமை
வரவேற்றல்
வராகிவேய்
வரானி
வரி
வரிகோலம்
வரிசி
வரிச்சந்தி
வரிநிழல்
வரியரிசி
வரிவைத்தல்
வருக்கு
வருடாந்தரம்
வருணனாள்
வருதி
வருநர்
வருபோகம்
வருவாய்
வருவித்தல்
வரை
வரைத்தாள்
வரையரையன்
வரைவின்மகளிர்
வர்க்கை
வர்த்தகம்
வறக்கடை
வறட்சாவி
வறண்டி
வறளுதல்
வறுகடலை
வறுநிலம்
வறுவியோர்
வற்கமார்க்கம்
வற்கெனல்
வற்பு
வல¦நகம்
வலங்கை
வலட்டி
வலது
வலம்புரி
வலாகு
வலி
வலிங்கம்
வலிநோய்
வலிமைசெய்தல்
வலு
வலை
வலைகாரன்
வலைத்தளம்
வலைப்பதிவு
வலையம்
வல்மீகம்
வல்லநாய்
வல்லம்
வல்லாங்கு
வல்லாளகண்டன்
வல்லிசாதி
வல்லியம்பொருப்பு
வல்லூரம்
வல்லையம்
வல்வில்
வளப்பாடு
வளர்தல்
வளர்வு
வளார்
வளி
வளு
வளைத்தல்
வளையக்கோலுகை
வளைவாணன்
வள்ளடி
வள்ளிசாய்
வள்ளுவன்
வழக்கச்சொல்
வழக்கறுத்தல்
வழக்கு
வழக்குதல்
வழலை
வழி
வழிகாட்டுதல்
வழிதல்
வழித்தோன்றல்
வழிபடுதல்
வழிபோவார்
வழிப்போக்கு
வழிமுறைத்தாய்
வழியனுப்புதல்
வழியுரைத்தல்
வழிவருத்தம்
வழுக்கு
வழுது
வழுவமைதி
வழுவு
வவ்வலோட்டி
வா
வாகனம்
வாகன்
வாகீசுவரி
வாகைவில்லான்
வாக்கிடுதல்
வாக்குக்கண்
வாக்குத்தத்தம்
வாக்குமூலம்
வாங்கல்
வாங்கு
வாங்குதல்
வாங்குபவர்
வாசநெய்
வாசனைப்பண்டம்
வாசற்காவல்
வாசாகாரம்
வாசிகன்
வாசிமேதம்
வாச்சியீடன்
வாடகை
வாடாமாலை
வாடிக்கையாளர்
வாடை
வாட்கூத்து
வாட்டி
வாணகம்
வாணி
வாணினி
வாண்மங்கலம்
வாதநாசனம்
வாதம்
வாதாரி
வாதுவன்
வாந்தி
வானப்பத்தியம்
வானம்பார்த்தபூமி
வானவரம்பன்
வானவெளி
வானேறு
வானொலி
வான்
வான்மிகம்
வான்வெளிச்செலவு
வாமலோசனன்
வாமை
வாயன்
வாயார
வாயிற்கூட்டம்
வாயில்மண்போடுதல்
வாயுதவி
வாயுப்பிடிப்பு
வாயுள்ளவன்
வாயோடு
வாய்கூப்புதல்
வாய்க்கரை
வாய்க்கூலி
வாய்ச்சொல்
வாய்த்தீர்த்தம்
வாய்பாறுதல்
வாய்போக்குதல்
வாய்ப்பாட்டு
வாய்ப்பூட்டு
வாய்மடை
வாய்மூழ்த்தல்
வாய்வாயெனல்
வாய்விளங்கம்
வாரசுந்தரி
வாரநடை
வாராகம்
வாராவுலகம்
வாரிதம்
வாரியன்
வாருகோல்
வார்
வார்த்திகம்
வார்பு
வாற்கிண்ணம்
வாலகில்லியர்
வாலரவி
வாலாட்டு
வாலிபன்
வாலூகம்
வாலை
வாலைப்பழம்
வால்
வால்த்துக்கள்
வால்வரிக்கொடுங்காய்
வாளவரை
வாளியம்பு
வாள்
வாள்த்துக்கள்
வாள்வட்டணை
வாழாதவள்
வாழை
வாழைப்பழம்
வாழைப்பூ
வாழ்க்கைப்படுத்துதல்
வாழ்துகள்
வாழ்த்துகள்
வாழ்த்துக்கள்
வாழ்நாள்
வாழ்வு
வாவயம்
வி
விகங்கராசன்
விகடம்
விகர்த்தனன்
விகலம்
விகாரி
விகிர்தம்
விக்கினராசன்
விக்கிரமம்
விக்குள்
விசனம்
விசயம்
விசலிகை
விசாய்தல்
விசாரணை
விசாலபுத்தி
விசிகை
விசித்திராங்கம்
விசு
விசும்பேறு
விசுவம்பரன்
விசுவாசம்
விசுவாத்துமன்
விசேடம்
விசைத்தடி
விச்சாவாதி
விச்சுளியன்
விஞ்சை
விஞ்ஞானாகலர்
விடங்கர்
விடத்தேதொடரி
விடமம்
விடம்பை
விடர்
விடவு
விடாமழை
விடிகாலை
விடிவு
விடுகாலி
விடுதி
விடுதியாள்
விடுநிலம்
விடுமுறை
விடைகொடுத்தல்
விடைதழால்
விடையாயம்
விட்டபட்டினி
விட்டவாசல்
விட்டில்
விட்டுணுவல்லபை
விட்டேற்றி
விண்டாண்டு
விண்ணதிர்ப்பு
விண்ணப்பம்
விண்ணுலகம்
விண்விணைத்தல்
விதந்து
விதரணம்
விதலம்
விதாயகம்
விதித்தல்
விதிர்த்தல்
விதுடி
விதுவிதுத்தல்
விதைப்புக்காலம்
வித்தாண்மை
வித்தியாதத்துவம்
வித்துத்தெளித்தல்
வித்துவேடணை
விநாடிகை
விநியோகம்
விந்தியவாசினி
வினவல்
வினவுதல்
வினாவறிதல்
வினியோகம்
வினைசெயல்வகை
வினைத்திரிசொல்
வினைப்பெயர்
வினையாலணையும்பெயர்
வினையுவமம்
வினைவலர்
வினோதி
வின்னப்பம்
விபகாரம்
விபத்தம்
விபரீதம்
விபாவனம்
விபுலம்
விப்பிரன்
விமரிசனம்
விமானம்
விமானவாயில்
விம்மிதம்
வியக்களை
வியதிபாதம்
வியனுலகம்
வியம்
வியலிகை
வியாகுலம்
வியாதி
வியாபரித்தல்
வியாமோகம்
வியோகம்
விரசுதல்
விரத்தன்
விரற்பூண்
விரளல்
விராகம்
விரால்
விரிச்சிகன்
விரித்துரை
விரியோலை
விருக்கநாதன்
விருடலம்
விருதா
விருத்தாந்தம்
விருத்தை
விருந்தினன்
விருப்பன்
விரூபகவுருவகம்
விரைகால்
விரைத்தல்
விரைவான
விரைவைத்தல்
விரோதி
விறகுவெட்டி
விறல்வென்றி
விறைத்தல்
விற்பனம்
விற்பனை
விற்பிடித்தல்
விற்று
விலஃகுதல்
விலக்குதல்
விலங்குதல்
விலம்பம்
விலாசி
விலாமிச்சை
விலாவொடி
விலை
விலைக்காமர்
விலைபோதல்
விலைப்பட்டியல்
விலையாள்
விலோபனம்
வில்லண்டம்
வில்லிடுதல்
வில்வாள்
விளக்கிடுகல்யாணம்
விளக்குப்புறம்
விளங்கவைத்தல்
விளப்பு
விளரி
விளாக்குலைகொள்ளுதல்
விளி
விளிக்கூத்து
விளை
விளைகரி
விளையவைத்தல்
விளையாட்டு
விளையுள்
விழத்தட்டுதல்
விழவணி
விழாக்கோளாளர்
விழி
விழிப்பு
விழிப்பூட்டல்
விழுச்சிறை
விழுத்திணை
விழுப்புண்
விழைச்சி
விவகாரி
விவரம்
விவேகபருவம்
விஷயம்
வீ
வீக்கு
வீசம்
வீசுதல்
வீச்சுக்காரி
வீடியோ
வீடு
வீடுவாசல்
வீட்டுக்காரி
வீட்டுமம்
வீணாவாதன்
வீண்காலம்
வீதசோகம்
வீதிகுத்துதல்
வீப்பகழி
வீரகவசம்
வீரசயந்திகை
வீரச்சங்கிலி
வீரதச்சுவன்
வீரபட்டிகை
வீரமகரம்
வீரமுந்திரிகை
வீரர்
வீரவாதம்
வீராணம்
வீரியவான்
வீறாப்பு
வீற்று
வீழ்கதி
வீழ்பு
வெ
வெகிர்முகம்
வெகுதான்ய
வெகுமதி
வெகுமாரி
வெகுள்வு
வெங்கணன்
வெங்கான்வெளி
வெங்கோலன்
வெஞ்சம்
வெடித்தகுரல்
வெடியுப்பு
வெடுவெடெனல்
வெட்சிமறவர்
வெட்டவெளி
வெட்டிப்பயல்
வெட்டுக்காயம்
வெட்டுத்தாக்கு
வெட்டெனவு
வெண்கதிர்
வெண்களிற்றரசு
வெண்காவல்
வெண்கை
வெண்சாரணை
வெண்டாது
வெண்டுறை
வெண்ணரி
வெண்ணீர்
வெண்பதம்
வெண்புழுக்கல்
வெண்மண்டை
வெதிரன்
வெதுப்பம்
வெந்திறல்
வென்றி
வெப்பம்
வெப்பிராளம்
வெம்பா
வெயிற்குளித்தல்
வெய்துயிர்ப்பு
வெய்யோன்
வெருட்சி
வெருவந்தம்
வெரூஉ
வெறிச்செனல்
வெறிமலர்
வெறுக்கை
வெறுத்திசை
வெறுமை
வெறுவியர்
வெற்றாள்
வெற்றி
வெற்றிமடந்தை
வெற்றிலைபாக்கு
வெற்றெனத்தொடுத்தல்
வெலியீடு
வெலியே
வெல்லப்பாகு
வெல்லம்
வெளி
வெளிச்சம்
வெளிநாடுதல்
வெளிப்பயன்
வெளியடை
வெளியீடு
வெளியே
வெளியேற்றுதல்
வெளிவருதல்
வெளேரெனல்
வெள்ளடிச்சேவல்
வெள்ளம்
வெள்ளறிவு
வெள்ளானை
வெள்ளாவிகட்டுதல்
வெள்ளிடைமலை
வெள்ளியார்
வெள்ளிவரைகாப்போன்
வெள்ளுவரி
வெள்ளை
வெள்ளைக்குப்போடுதல்
வெள்ளைநாகர்
வெள்ளைப்பேச்சு
வெள்ளைமேனியாள்
வெள்ளையுருவாள்
வெள்ளோட்டம்
வெள்விளர்த்தல்
வெவ்வினை
வே
வேகடம்
வேகமான
வேகம்
வேகவைத்தல்
வேசகம்
வேசாடல்
வேடச்சி
வேடிச்சி
வேட்கைப்பெருக்கம்
வேட்டம்
வேட்டுவிச்சி
வேட்பு
வேணீர்
வேண்டற்பாடு
வேண்டார்
வேண்டுமென்று
வேண்டும்
வேதசாரம்
வேதனம்
வேதம்
வேதவேத்தியன்
வேதாந்தி
வேதிதம்
வேதை
வேத்திரகரன்
வேந்துரு
வேன்
வேன்டும்
வேமம்
வேயல்
வேய்வனம்
வேரு
வேரூன்றுதல்
வேர்பொடித்தல்
வேர்றுமை
வேறாதல்
வேறு
வேற்கோட்டம்
வேற்றுநிலைமெய்ம்மயக்கு
வேற்றுமை
வேற்றுமைப்புணர்ச்சி
வேலன்
வேலாண்மை
வேலியழித்தல்
வேலை
வேலைத்திறன்
வேலைவளர்த்தல்
வேளாண்மை
வேளாண்வாகை
வேளை
வேள்
வேள்விமுதல்வன்
வேழம்பம்
வை
வைகறை
வைகாப்பு
வைகுந்தநாதன்
வைக்கோற்போர்
வைசித்திரி
வைடூரியம்
வைதருப்பம்
வைதிகமார்க்கம்
வைத்தியன்
வைபவம்
வைப்பு
வைப்புச்சரக்கு
வையம்
வைரம்
வைரஸ்
வைரியர்
ஷ
ஷாப்
ஸ
ஸ்கூல்
ஸ்டோர்
ஸ்பேம்
ஸ்ரீ
ஹ
ஹப்
ஹரி
ஹேக்
ஹோட்டல்
ஹோஸ்டிங்
ா
ி
ீ
ு
ூ
ெ
ே
ை
ொ
ோ
ௌ
்
௦
௧
௨
௩
௪
௫
௬
௭
௮
௯
