시작 개시 출발 실행
상점 쇼핑 시장 구매
로그인 접속 사인인 액세스
계정 프로필 회원 내계정
사용자 아이디 신원
안전 보호 신뢰 안심
보안 방어 방호 방패
인증 확인 검증 점검
비밀번호 패스워드 핀 자격증명
권한 승인 토큰 세션
복구 재설정 복원 잠금해제
지원 도움 서비스 지지
연락 문의 접촉 요청
결제 지불 계산 체크아웃
청구 인보이스 영수증 명세
은행 금융 돈 지갑
카드 신용 체크 선불
이체 거래 입금 출금
암호화폐 코인 블록체인 채굴
메일 우편 메시지 받은편지
클라우드 서버 호스트 호스팅
웹 사이트 온라인 네트워크 포털
도메인 링크 주소 url
뉴스 블로그 언론 미디어
무료 선물 보너스 혜택
할인 특가 세일 쿠폰
경품 당첨 보상 복권
최고 최상 프리미엄 프로
공식 정품 진품 오리지널
새로운 최신 신규 현대
빠른 신속 익스프레스 즉시
앱 애플리케이션 소프트웨어 도구
다운로드 받기 설치 설정
업데이트 업그레이드 갱신 패치
검색 찾기 조회 쿼리
배송 발송 택배 추적
주문 장바구니 쇼핑 결제창
고객 구매자 구독자
관리 운영 콘솔 대시보드
센터 중앙 본부 종합
그룹 팀 회사 법인
데이터 백업 아카이브 저장소
사진 이미지 갤러리 포토
비디오 스트림 시청 재생
음악 오디오 소리 라디오
게임 플레이 플레이어 아케이드
채팅 대화 메신저 라이브
소셜 네트워크 커뮤니티 친구
채용 일자리 커리어 구직
건강 의료 클리닉 약국
여행 항공 호텔 예약
음식 식당 메뉴 주방
학교 학습 강좌 교육
법률 법무 법원 권리
정부 국가 부처 공공
세금 국세 관세 조세
보험 보험증권 손해 보장
부동산 임대 주택 매물
자동차 차 엔진 차량
에너지 전력 전기 가스
모바일 전화 문자 통화
알림 경고 공지 긴급
구독 멤버십 요금제 연장
포인트 적립 캐시백 마일
리뷰 평점 피드백 의견
