-
.
/
0
1
10
100
1000
10000
1000000
1000000000
11
12
13
14
15
16
17
18
19
2
20
3
30
4
40
5
50
6
60
7
70
8
80
9
90
@
a
ae
b
b̔"
c
cl
d
di
dl
e
f
g
h
i
ib
ih
ik
j
k
l
lb
lc
lh
lk
m
n
nn
o
oe
p
q
r
rn
rr
s
ss
t
u
v
vv
v̇
w
x
y
z
¡
Þ
ß
à
á
â
ã
ä
å
æ
ç
è
é
ê
ë
í
î
ï
ñ
ó
ô
ö
ø
ù
ú
û
ü
ý
ÿ
ă
ć
ċ
č
đ
ē
ĕ
ė
ę
ě
ğ
ġ
ģ
ĭ
ı
ł
ń
œ
ś
ţ
ŭ
ź
ż
ƈ
ƒ
ơ
ƿ
ǎ
ǐ
ǔ
ǵ
ȧ
ȯ
ɉ
ɑ
ɓ
ɗ
ɡ
ɢ
ɩ
ɫ
ɱ
ɼ
ɽ
ʀ
ʂ
ʏ
ʐ
ʙ
ʝ
ʠ
Ο
γ
ι
κ
μ
ν
ο
ρ
τ
υ
Ϝ
ϲ
ϳ
ϵ
Ϸ
Б
Г
О
Ь
а
е
к
м
н
о
р
с
т
у
х
ц
є
ѕ
і
ј
ѡ
ѵ
Ғ
ҫ
Ү
ҳ
һ
ҽ
ӓ
ӧ
ԁ
Ԍ
ԛ
ԝ
Ս
Օ
ա
գ
զ
ժ
հ
ս
ց
ا
ة
ه
١
٨
Ⴝ
Ꭵ
Ꮒ
Ꮪ
ᴍ
ᴜ
ᴢ
ᴦ
ṃ
ẋ
ạ
ẹ
ọ
ỏ
ⲕ
ㄱ
ㄲ
ㄴ
ㄷ
ㄸ
ㄹ
ㅁ
ㅂ
ㅃ
ㅅ
ㅆ
ㅇ
ㅈ
ㅉ
ㅊ
ㅋ
ㅌ
ㅍ
ㅎ
ㅏ
ㅐ
ㅑ
ㅒ
ㅓ
ㅔ
ㅕ
ㅖ
ㅗ
ㅘ
ㅙ
ㅚ
ㅛ
ㅜ
ㅝ
ㅞ
ㅟ
ㅠ
ㅡ
ㅢ
ㅣ
ꙇ
가깝다
가늘다
가다
가볍다
가치
갈게요
갈께요
갔다
강하다
같다
같이
거짓
거치다
걷히다
게시
게시판
결재
결제
계시
계시판
골뱅이
구
구십
구지
굳이
굵다
그러므로
그럼으로
금새
금세
길다
김치찌개
김치찌게
깍다
깎다
깨깨
깨끗이
깨끗히
깽깽
나가다
나무꾼
나뭇꾼
나쁘다
나았다
낡다
낫다
낮다
낳다
낳았다
너머
넘어
네
넷째
높다
느리다
늘이다
다섯째
다치다
닫다
닫히다
닭개장
닭계장
대다
대시
데다
돼요
되요
된장찌개
된장찌게
두껍다
둘째
뒤
뒤통수
뒷통수
들어가다
뜨겁다
레모네이드
레몬에이드
마치다
마침표
만
많다
맞다
맞추다
맞히다
매다
멀다
메다
메세지
메시지
며칠
몇일
무겁다
무난하다
무릅쓰다
무릎쓰다
문안하다
미얀마재비
바라다
바람
바래다
바램
바치다
반드시
반듯이
반란
받치다
받히다
발란
밝다
밭치다
배다
백
백만
버마재비
베다
병신
부치다
붙이다
븅신
비게
비계
비추다
비치다
빌다
빌리다
빠르다
사
사겨
사귀어
사다
사십
삼
삼가다
삼가하다
삼십
새다
새롭다
석다
섞다
설거지
설겆이
설레임
설렘
세다
셋째
수강아지
수개
수고양이
수당나귀
수돼지
수병아리
수캉아지
수캐
수코양이
수탕나귀
수퇘지
수평아리
쉽다
스러지다
슬래시
시키다
식히다
십
십구
십사
십삼
십억
십오
십육
십이
십일
십칠
십팔
쓰러지다
아니오
아니요
아래
아홉째
안돼
안돼요
안치다
안하다
앉히다
않되
않되요
않하다
암개
암고양이
암당나귀
암돼지
암캐
암코양이
암탕나귀
암퇘지
앙금
앙꼬
앞
애미
약하다
얇다
어둡다
어떡해
어떻게
어떻해
어렵다
어의없다
어이없다
얼마큼
얼만큼
업다
없다
에미
엘레베이터
엘리베이터
여덟째
여섯째
역할
역활
열다
열째
영
예부터
옛부터
오
오다
오랜만
오랫만
오른쪽
오십
와우
왠지
왼쪽
우어
웬지
위
육
육개장
육계장
육십
이
이기다
이따가
이십
일
일곱째
일부러
일부로
있다
있다가
작다
저리다
적다
절이다
점
젓다
젖다
조리다
졸이다
좇다
좋다
지그시
지긋이
지다
지피다
진니기다
집다
짓다
짓이기다
짖다
짚다
짚이다
짧다
쫓다
찌개
찌게
차갑다
참
천
첫째
칠
칠십
크다
통째로
통채로
틀리다
팔
팔다
팔십
할게요
할께요
해지다
햇볕
햇빛
햇살
행님
헤지다
헹님
호스테스
호스티스
혼쾌히
회손
훼손
흔쾌히
희안하다
희한하다
