อนุญาติ อนุญาต
สังเกตุ สังเกต
อาเจียร อาเจียน
ลายเซ็นต์ ลายเซ็น
กระเพรา กะเพรา
โควต้า โควตา
นะค่ะ นะคะ
อีเมล์ อีเมล
เวบไซต์ เว็บไซต์
ปราณีต ประณีต
อุส่าห์ อุตส่าห์
สาปสูญ สาบสูญ
ผาสุข ผาสุก
เกมส์ เกม
กงศุล กงสุล
กระทันหัน กะทันหัน
คลีนิค คลินิก
ผลัดวันประกันพรุ่ง ผัดวันประกันพรุ่ง
ขะมักเขม้น ขมักเขม้น
ประกาศนียบัตร ประกาศณียบัตร
ลอกเลียน ลอกเรียน
สับปะรด สัปปะรด
เจตนารมณ์ เจตนารมย์
โน้ต โน้ท
ปรากฏ ปรากฎ
ผูกพัน ผูกพันธ์
พิสูจน์ พิสูจ
ศึกษานิเทศก์ ศึกษานิเทศน์
สะกด สกด
สาธารณูปโภค สาธารณูประโภค
อเนกประสงค์ เอนกประสงค์
