เริ่ม เริ่มต้น เปิด เริ่มใช้
ร้าน ร้านค้า ตลาด ซื้อ
เข้าสู่ระบบ ล็อกอิน ลงชื่อ เข้าถึง
บัญชี โปรไฟล์ สมาชิก บัญชีของฉัน
ผู้ใช้ ชื่อผู้ใช้ ตัวตน
ปลอดภัย คุ้มครอง เชื่อถือ มั่นคง
ความปลอดภัย ป้องกัน พิทักษ์ โล่
ยืนยัน ตรวจสอบ พิสูจน์ รับรอง
รหัสผ่าน รหัส พิน ข้อมูลรับรอง
อนุญาต ยืนยันตัวตน โทเคน เซสชัน
กู้คืน รีเซ็ต คืนค่า ปลดล็อก
สนับสนุน ช่วยเหลือ บริการ ดูแล
ติดต่อ สอบถาม เชื่อมต่อ คำขอ
ชำระ จ่าย เช็คเอาท์ แคชเชียร์
ใบแจ้งหนี้ ใบเสร็จ เรียกเก็บ บิล
ธนาคาร การเงิน เงิน กระเป๋า
บัตร เครดิต เดบิต เติมเงิน
โอน ธุรกรรม ฝาก ถอน
คริปโต เหรียญ บล็อกเชน ขุด
จดหมาย อีเมล ข้อความ กล่องขาเข้า
คลาวด์ เซิร์ฟเวอร์ โฮสต์ โฮสติ้ง
เว็บ ไซต์ ออนไลน์ เครือข่าย พอร์ทัล
โดเมน ลิงก์ ที่อยู่ url
ข่าว บล็อก สื่อ นักข่าว
ฟรี ของขวัญ โบนัส โปรโมชั่น
ส่วนลด ข้อเสนอ ลดราคา คูปอง
รางวัล ชนะ ของรางวัล ลอตเตอรี่
ดีที่สุด ยอด พรีเมียม โปร
ทางการ ของแท้ แท้ ต้นฉบับ
ใหม่ ล่าสุด สดใหม่ ทันสมัย
เร็ว รวดเร็ว ด่วน ทันที
แอป แอปพลิเคชัน ซอฟต์แวร์ เครื่องมือ
ดาวน์โหลด รับ ติดตั้ง ตั้งค่า
อัปเดต อัปเกรด ต่ออายุ แพตช์
ค้นหา หา ค้น สืบค้น
จัดส่ง ขนส่ง พัสดุ ติดตามพัสดุ
คำสั่งซื้อ ตะกร้า ช้อปปิ้ง ชำระเงิน
ลูกค้า ผู้ซื้อ ผู้ติดตาม
แอดมิน จัดการ คอนโซล แดชบอร์ด
ศูนย์ กลาง หลัก ทั่วไป
กลุ่ม ทีม บริษัท องค์กร
ข้อมูล สำรอง คลัง จัดเก็บ
รูป ภาพ แกลเลอรี รูปภาพ
วิดีโอ สตรีม ดู เล่น
เพลง เสียง ออดิโอ วิทยุ
เกม เล่นเกม ผู้เล่น อาร์เคด
แชท สนทนา แมสเซนเจอร์ สด
โซเชียล เครือข่ายสังคม ชุมชน เพื่อน
งาน อาชีพ สมัครงาน จ้าง
สุขภาพ การแพทย์ คลินิก ร้านยา
เดินทาง เที่ยวบิน โรงแรม จอง
อาหาร ร้านอาหาร เมนู ครัว
โรงเรียน เรียน คอร์ส การศึกษา
กฎหมาย นิติ ศาล สิทธิ
รัฐบาล รัฐ กระทรวง สาธารณะ
ภาษี สรรพากร ศุลกากร อากร
ประกัน กรมธรรม์ เคลม ความคุ้มครอง
อสังหา เช่า บ้าน ทรัพย์สิน
รถ รถยนต์ เครื่องยนต์ ยานพาหนะ
พลังงาน ไฟฟ้า กำลัง แก๊ส
มือถือ โทรศัพท์ sms โทร
แจ้งเตือน เตือน ประกาศ ด่วนมาก
สมัครสมาชิก สมาชิกภาพ แพ็กเกจ ต่ออายุสมาชิก
คะแนน สะสม เงินคืน ไมล์
รีวิว คะแนนรีวิว ความคิดเห็น ข้อเสนอแนะ
