-
.
/
0
1
10
100
1000
10000
1000000
1000000000
11
12
13
14
15
16
17
18
19
2
20
3
30
4
40
5
50
6
60
7
70
8
80
9
90
@
a
ae
b
b̔"
c
cl
d
di
dl
e
f
g
h
i
ib
ih
ik
j
k
l
lb
lc
lh
lk
m
n
nn
o
oe
p
q
r
rn
rr
s
ss
t
u
v
vv
v̇
w
x
y
z
¡
Þ
ß
à
á
â
ã
ä
å
æ
ç
è
é
ê
ë
í
î
ï
ñ
ó
ô
ö
ø
ù
ú
û
ü
ý
ÿ
ă
ć
ċ
č
đ
ē
ĕ
ė
ę
ě
ğ
ġ
ģ
ĭ
ı
ł
ń
œ
ś
ţ
ŭ
ź
ż
ƈ
ƒ
ơ
ƿ
ǎ
ǐ
ǔ
ǵ
ȧ
ȯ
ɉ
ɑ
ɓ
ɗ
ɡ
ɢ
ɩ
ɫ
ɱ
ɼ
ɽ
ʀ
ʂ
ʏ
ʐ
ʙ
ʝ
ʠ
Ο
γ
ι
κ
μ
ν
ο
ρ
τ
υ
Ϝ
ϲ
ϳ
ϵ
Ϸ
Б
Г
О
Ь
а
е
к
м
н
о
р
с
т
у
х
ц
є
ѕ
і
ј
ѡ
ѵ
Ғ
ҫ
Ү
ҳ
һ
ҽ
ӓ
ӧ
ԁ
Ԍ
ԛ
ԝ
Ս
Օ
ա
գ
զ
ժ
հ
ս
ց
ا
ة
ه
١
٨
กงศุล
กงสุล
กร
กระทันหัน
กระเพรา
กอน
กะทันหัน
กะเพรา
กาน
กานต์
การ
การณ์
กาล
ก่อน
ขมักเขม้น
ขวา
ขะมักเขม้น
ขาย
ขีด
ขึ้น
คน
คลินิก
คลีนิค
ค่า
ฅน
ฆ่า
ง่าย
จริง
จัน
จันทน์
จันทร์
จาน
จารณ์
จุด
ชนะ
ช้า
ซื้อ
ซ้าย
ดี
ต่ำ
ถูก
ทาน
ทาร
ทำ
ที่ยี่สิบ
ที่สอง
ที่สาม
ที่สิบ
ที่สิบสอง
ที่สิบสาม
ที่สิบสี่
ที่สิบหก
ที่สิบห้า
ที่สิบเก้า
ที่สิบเจ็ด
ที่สิบเอ็ด
ที่สิบแปด
ที่สี่
ที่หก
ที่หนึ่ง
ที่ห้า
ที่เก้า
ที่เจ็ด
ที่แปด
ธรรม
ธาร
นะคะ
นะค่ะ
น้อย
บาง
บาน
บานล
บาล
ปก
ปรก
ประกาศณียบัตร
ประกาศนียบัตร
ประณีต
ปรากฎ
ปรากฏ
ปราณีต
ปิด
ผลัดวันประกันพรุ่ง
ผัดวันประกันพรุ่ง
ผาสุก
ผาสุข
ผิด
ผูกพัน
ผูกพันธ์
พง
พงศ์
พงษ์
พน
พล
พัน
พันธุ์
พันธ์
พิสูจ
พิสูจน์
มา
มาก
มาลัย
มาลี
มี
มืด
ยาก
ยาว
ยี่สิบ
รด
รถ
รส
ร้อน
ลง
ลอกเรียน
ลอกเลียน
ลายเซ็น
ลายเซ็นต์
วรรณ
วัน
ศิลป์
ศึกษานิเทศก์
ศึกษานิเทศน์
ศูนย์
สกด
สรร
สรรค์
สว่าง
สอง
สะกด
สังเกต
สังเกตุ
สัน
สับปะรด
สัปปะรด
สั้น
สาธารณูประโภค
สาธารณูปโภค
สาน
สาบสูญ
สาปสูญ
สาม
สามสิบ
สาร
สาล
สิน
สิบ
สิบสอง
สิบสาม
สิบสี่
สิบหก
สิบห้า
สิบเก้า
สิบเจ็ด
สิบเอ็ด
สิบแปด
สี่
สี่สิบ
สูง
สแลช
หก
หกสิบ
หนัก
หนา
หนึ่ง
หนึ่งพัน
หนึ่งพันล้าน
หนึ่งร้อย
หนึ่งล้าน
หนึ่งหมื่น
หน้า
หรรษ์
หลัง
หัน
ห้า
ห้าสิบ
อนุญาต
อนุญาติ
ออก
อาจ
อาด
อาเจียน
อาเจียร
อีเมล
อีเมล์
อุตส่าห์
อุส่าห์
อเนกประสงค์
อ่อนแอ
เกม
เกมส์
เก่า
เก้า
เก้าสิบ
เข้า
เจตนารมณ์
เจตนารมย์
เจ็ด
เจ็ดสิบ
เท็จ
เบา
เปิด
เย็น
เร็ว
เลว
เล็ก
เวบไซต์
เว็บไซต์
เอนกประสงค์
แข็งแรง
แปด
แปดสิบ
แพ้
แอท
โควตา
โควต้า
โน้ต
โน้ท
ใกล้
ใช่
ใหญ่
ใหม่
ไกล
ไป
ไม่
ไม่มี
Ⴝ
Ꭵ
Ꮒ
Ꮪ
ᴍ
ᴜ
ᴢ
ᴦ
ṃ
ẋ
ạ
ẹ
ọ
ỏ
ⲕ
ꙇ
