τελεια . τελεία
παπακι @ παπάκι
παυλα - παύλα
αγιάζι αγιάζει
αίτημα έτοιμα
άλλος άλλως άλως
αναμμένη αναμένει
άνθιση άνθηση
αργή αργεί
άρειος άριος
αυτί αυτή αυτοί
άφιλος άφυλος
βάζο βάζω
βρύση βρίσει
γάλλος γάλος
για γεια
γλείφω γλύφω
γύρη γείρει
δήμος δείμος
δανικό δανεικό
διάλειμμα διάλυμα
δείγμα δήγμα
δίνη δίνει
δίστιχο δύστυχο
δύο δύω
έγγειος έγκυος
εγχείρηση εγχείριση
εδώ αιδώ
έκκληση έκλυση
εξάρτηση εξάρτιση εξάρτυση
ετυμολογία ετοιμολογία
εύηχα έβηχα
ευφορία εφορία
εύρος έβρος
ήτα ήττα
θαλάμη θαλάμι
θύρα θήρα
ίλη ύλη
ιός υιός
ίσος ίσως
κάλλος κάλος
καλώ καλό
κανείς κανίς
κενός καινός
κερί καιροί
κήτος κύτος
κλίμα κλήμα
κλείνει κλίνει
κλίνη κλείνω κλίνω κλείσει κλίση κλήση
κόλλημα κώλυμα
κόμη κώμη
κόμμα κώμα
κρήνη κρίνοι κρίνει
κουτί κουτή
κρητικός κριτικός
κύρωση κίρρωση
λάβρα λαύρα
λήθη λίθοι
λήξη λήξει
λήψη λείψει
λίγη λήγει λίγοι λήγω
λίμα λήμμα λύμα
λιμός λοιμός
λινός ληνός
λίρα λύρα
λιτός λυτός
λύπη λίπη λείπει
λύση λύσει
μέλι μέλη μέλλει
μαίρη μέρη
μήλα μίλα
μηλιά μιλιά
μήλος μύλος
μήτρα μίτρα
μισό μισώ
μοιχός μυχός
νίκη νοίκι
νότα νώτα
ξηρός ξυρός
όμως ώμος
όση όσοι
πάλι πάλη
πείνα πίνα
πείρα πήρα
πια ποια
πιο ποιο
πολύ πολλή πολλοί
πόση πόσοι
ρήμα ρίμα
ρήση ρύση
σατυρικός σατιρικός
σήκω σύκο
σκηνή σκοινί
στέκι στέκει
στήλη στύλοι
στίχος στοίχος
στύρα στείρα
σύγχιση σύγχυση
σωρός σορός
τάση τάσι
τοίχος τείχος
τόπι τόποι
τρεις τρις
τυρί τηρεί
τύχη τοίχοι τείχη
φιλάω φυλάω
φιλί φυλή
φράση φράσσει
φύλλο φύλο φίλο
φυτό φοιτώ
χάνι χάνει
χήρα χείρα
χήρος χοίρος
χίλια χείλια
χωρικός χορικός
ψηλή ψιλή
ψηλός ψιλός
ώρα όρα
ωράριο οράριο
πιάνο πιάνω
