αρχη εναρξη ξεκινα εκκινηση
καταστημα μαγαζι αγορα ψωνια
συνδεση εισοδος login προσβαση
λογαριασμος προφιλ μελος καρτελα
χρηστης ονομα ταυτοτητα
ασφαλης προστατευμενος αξιοπιστος σιγουρος
ασφαλεια προστασια αμυνα ασπιδα
επαληθευση επιβεβαιωση επικυρωση ελεγχος
κωδικος συνθηματικο pin διαπιστευτηρια
εξουσιοδοτηση ταυτοποιηση token συνεδρια
ανακτηση επαναφορα επαναρυθμιση ξεκλειδωμα
υποστηριξη βοηθεια υπηρεσια αρωγη
επικοινωνια επαφη αιτημα καλεσε
πληρωμη πληρωσε ταμειο checkout
τιμολογιο αποδειξη παραστατικο χρεωση
τραπεζα οικονομικα χρηματα πορτοφολι
καρτα πιστωτικη χρεωστικη προπληρωμενη
μεταφορα συναλλαγη καταθεση αναληψη
κρυπτο νομισμα blockchain εξορυξη
ταχυδρομειο email μηνυμα εισερχομενα
συννεφο διακομιστης host φιλοξενια
web ιστοτοπος online δικτυο πυλη
τομεας συνδεσμος διευθυνση url
νεα ιστολογιο τυπος μεσα
δωρεαν δωρο μπονους προσφορα
εκπτωση εκπτωσεις πωληση κουπονι
επαθλο κερδος ανταμοιβη λαχειο
καλυτερο κορυφαιο premium pro
επισημο αυθεντικο γνησιο πρωτοτυπο
νεο τελευταιο προσφατο μοντερνο
γρηγορο ταχυ εξπρες σβελτο
εφαρμογη προγραμμα λογισμικο εργαλειο
καταβασε ληψη εγκατασταση ρυθμιση
ενημερωση αναβαθμιση ανανεωση διορθωση
αναζητηση βρες ψαξε ερωτημα
παραδοση αποστολη δεμα παρακολουθηση
παραγγελια καλαθι αγορες ολοκληρωση
πελατης αγοραστης συνδρομητης
admin διαχειριση κονσολα πινακας
κεντρο κομβος κυριο γενικο
ομαδα team εταιρεια ομιλος
δεδομενα backup αρχειο αποθηκευση
φωτο εικονα γκαλερι στιγμιοτυπο
βιντεο stream δες αναπαραγωγη
μουσικη ηχος audio ραδιο
παιχνιδι παιχνιδια παικτης arcade
συνομιλια chat μηνυματα ζωντανα
κοινωνικο κοινοτητα φιλοι ακολουθοι
εργασια δουλεια καριερα προσληψη
υγεια ιατρικη κλινικη φαρμακειο
ταξιδι πτηση ξενοδοχειο κρατηση
φαγητο εστιατοριο μενου κουζινα
σχολειο μαθηση μαθημα σπουδες
νομος νομικο δικαστηριο δικαιωματα
κυβερνηση κρατος υπουργειο δημοσιο
φορος εφορια τελωνειο τελος
ασφαλιση ασφαλιστηριο ζημια καλυψη
ακινητο ενοικιο σπιτι ιδιοκτησια
αυτοκινητο οχημα μηχανη αμαξι
ενεργεια ισχυς ηλεκτρικο αεριο
κινητο τηλεφωνο sms κλησεις
προειδοποιηση συναγερμος ειδοποιηση επειγον
συνδρομη εγγραφη πλανο παραταση
ποντοι πιστοτητα cashback μιλια
κριτικη βαθμολογια αξιολογηση γνωμη
