-
.
0
1
10
100
1000
1000000
1000000000
11
12
13
14
15
16
17
18
19
2
20
3
30
4
40
5
50
6
60
7
70
8
80
9
90
@
A
B
E
H
I
K
M
N
O
P
T
X
Y
Z
a
ae
b
b̔"
c
cl
d
di
dl
e
ellada
f
g
h
i
ib
ih
ik
j
k
l
lb
lc
lh
lk
m
n
nn
o
oe
p
q
r
rn
rr
s
ss
t
u
v
vv
v̇
w
x
y
z
¡
Þ
ß
à
á
â
ã
ä
å
æ
ç
è
é
ê
ë
í
î
ï
ñ
ó
ô
ö
ø
ù
ú
û
ü
ý
ÿ
ă
ć
ċ
č
đ
ē
ĕ
ė
ę
ě
ğ
ġ
ģ
ĭ
ı
ł
ń
œ
ś
ţ
ŭ
ź
ż
ƈ
ƒ
ơ
ƿ
ǎ
ǐ
ǔ
ǵ
ȧ
ȯ
ɉ
ɑ
ɓ
ɗ
ɡ
ɢ
ɩ
ɫ
ɱ
ɼ
ɽ
ʀ
ʂ
ʏ
ʐ
ʙ
ʝ
ʠ
Α
Β
Ε
Ζ
Η
Ι
Κ
Μ
Ν
Ο
Ρ
Τ
Υ
Χ
άδειο
έβδομος
έκτος
ένα
ένατος
έντεκα
έξι
έξω
α
αγαπώ
αγοράζω
αδύναμος
αλήθεια
ανοιχτό
αργά
αργό
αρχή
β
γ
γεμάτο
γρήγορο
δ
δέκα
δέκατος
δίνω
δεκαέξι
δεκαεννέα
δεκαεπτά
δεκαοκτώ
δεκαπέντε
δεκατέσσερα
δεκατρία
δεύτερος
δισεκατομμύριο
δυνατός
δύο
δύσκολο
δώδεκα
ε
είκοσι
εβδομήντα
εκατομμύριο
εκατό
ελλάδα
ελλαδα
ενενήντα
εννέα
εξήντα
επτά
εύκολο
ζ
ζεστό
ζωή
η
θ
θάνατος
ι
κ
κάτω
κακό
καλό
κερδίζω
κλειστό
κοντά
κρύο
λ
μ
μέρα
μέσα
μακριά
μεγάλο
μετά
μηδέν
μικρό
μισώ
ν
νέο
ναι
νωρίς
νύχτα
ξ
ο
ογδόντα
οκτώ
οχι
π
πάνω
πέμπτος
πέντε
παίρνω
παλιό
παπάκι
παπακι
παυλα
παύλα
πενήντα
πλούσιος
πουλάω
πριν
πρώτος
ρ
σ
σαράντα
σκοτεινό
τ
τέλος
τέσσερα
τέταρτος
τελεία
τελεια
τρία
τρίτος
τριάντα
υ
φ
φτωχός
φωτεινό
χ
χάνω
χίλια
χαμηλό
ψ
ψέμα
ψηλό
ω
όγδοος
όχι
Ϝ
ϲ
ϳ
ϵ
Ϸ
Б
Г
О
Ь
а
е
к
м
н
о
р
с
т
у
х
ц
є
ѕ
і
ј
ѡ
ѵ
Ғ
ҫ
Ү
ҳ
һ
ҽ
ӓ
ӧ
ԁ
Ԍ
ԛ
ԝ
Ս
Օ
ա
գ
զ
ժ
հ
ս
ց
ا
ة
ه
١
٨
Ⴝ
Ꭵ
Ꮒ
Ꮪ
ᴍ
ᴜ
ᴢ
ᴦ
ṃ
ẋ
ạ
ẹ
ọ
ỏ
ⲕ
ꙇ
