# Words carrying no distinguishing sense, one per line.
# Uzbek written in CYRILLIC, deliberately against CLDR.
# CLDR's default for uz is the Latin alphabet and modern Uzbek is officially
# Latin, but pkg/kb ships exactly one Uzbek keyboard layout, kbduzb 'Uzbek
# Cyrillic'. SKILL.md step 0 says to take the script of the layouts that ship,
# so every uz file here is Cyrillic. Alphabet cross-checked against CLDR
# uz-Cyrl exemplarCharacters.
ва
ёки
лекин
аммо
ки
каби
ким
қаерда
қачон
менинг
сенинг
унинг
бизнинг
сизнинг
уларнинг
мен
сен
у
биз
сиз
улар
билан
учун
ҳам
эмас
йўқ
бу
шу
ўша
ҳар
барча
кўп
жуда
энг
бир
да
дан
га
ни
нинг
эди
