# Words habitually confused for each other, one group per line.
abbol abból
abogy ahogy
adot adott
adra arra
agtán aztán
agért azért
ahejett ahelyett
ahigy ahogy
ahikor amikor
ahoby ahogy
aiar akar
aikor akkor
ajto ajtó
akadáj akadály
akar akár
akior akkor
akkir akkor
akqr akar
akármijen akármilyen
ala alá
alapvetö alapvető
alat alatt
aldozat áldozat
all áll
altal által
altalaban általában
alytó ajtó
alyándék ajándék
am ám
amatör amatőr
amej amely
amejek amelyek
amejet amelyet
amejik amelyik
amiert amiért
amig amíg
amiior amikor
amijen amilyen
amijet amilyet
amikir amikor
amojan amolyan
amugy amúgy
ana anna
anak annak
anelkul anélkül
annal annál
anyi annyi
anál annál
ara arra
arda arra
arrol arról
artatlan ártatlan
aról arról
aszony asszony
at át
atkozott átkozott
attol attól
atól attól
autópája autópálya
azal azzal
azelott azelőtt
azelött azelőtt
azelőt azelőtt
azert azért
azfán aztán
azonal azonnal
azota azóta
aztan aztán
azutan azután
azédt azért
bagoj bagoly
baly baj
balya baja
bar bár
barcsak bárcsak
barki bárki
barmi bármi
barmikor bármikor
barmilyen bármilyen
barátnö barátnő
baszus basszus
bdnne benne
bebi bébi
bebne benne
befojásos befolyásos
belole belőle
belsö belső
belul belül
belöle belőle
belöled belőled
belölem belőlem
belölük belőlük
belülröl belülről
benbe benne
bene benne
bened benned
benem bennem
beszel beszél
beszelt beszélt
betü betű
bil bill
biro bíró
bizfos biztos
bizonyitek bizonyíték
biztis biztos
biztonsagos biztonságos
bjztos biztos
bocsanat bocsánat
bocsass bocsáss
bocsás bocsáss
bocsáson bocsásson
bojgó bolygó
brookjn brooklyn
buszke büszke
bármej bármely
bármejik bármelyik
bármijen bármilyen
bírónö bírónő
bör bőr
böven bőven
bübáj bűbáj
bübájos bűbájos
bün bűn
büncselekmény bűncselekmény
bünrészes bűnrészes
büntett bűntett
büntudat bűntudat
bünös bűnös
bünöző bűnöző
bünügyi bűnügyi
büvész bűvész
büvös bűvös
büz bűz
büzlik bűzlik
büzös bűzös
bűnözö bűnöző
caak csak
cipö cipő
csalad család
csaladi családi
csaly csaj
csekéj csekély
csinal csinál
csodalatos csodálatos
csodas csodás
csomo csomó
csqk csak
csupan csupán
csö cső
delutan délután
dicsöség dicsőség
doktornö doktornő
dolj dolly
dollar dollár
dolár dollár
draga drága
duhos dühös
délelött délelőtt
döntö döntő
döntöt döntött
eate este
ebbol ebből
ebböl ebből
ebyütt együtt
ebész egész
edes édes
edre erre
edzö edző
eg ég
egek ezek
egesz egész
egeszen egészen
egyaltalan egyáltalán
egyböl egyből
egyebkent egyébként
egyedul egyedül
egyelöre egyelőre
egyenlö egyenlő
egyfalyta egyfajta
egyfojtában egyfolytában
egyikötök egyikőtök
egyszere egyszerre
egyszeru egyszerű
egyszerü egyszerű
egyutt együtt
egyértelmü egyértelmű
együft együtt
együt együtt
együttmüködik együttműködik
együttmüködés együttműködés
egéaz egész
egért ezért
ehber ember
ehejett ehelyett
ehes éhes
eiső első
eiég elég
ejjel éjjel
ejszaka éjszaka
el él
elaő első
ele elé
eleg elég
elegendö elegendő
elegge eléggé
elen ellen
elene ellene
elenére ellenére
elet élet
ellenere ellenére
ellenkezöleg ellenkezőleg
ellenörzés ellenőrzés
elmult elmúlt
elnok elnök
elo elő
elobb előbb
elol elől
elore előre
eloszor először
elott előtt
elotte előtte
elozo előző
elso első
elsö első
elsödleges elsődleges
eltunt eltűnt
eltünt eltűnt
elégé eléggé
elérhetö elérhető
elö elő
elöadás előadás
elöbb előbb
elöl elől
elölem előlem
elölröl elölről
elöre előre
elöször először
elött előtt
elötte előtte
elötted előtted
elöttem előttem
elötti előtti
elöttünk előttünk
elözetes előzetes
elözö előző
előt előtt
előte előtte
embdr ember
emfer ember
emiat emiatt
emlekszel emlékszel
emlekszem emlékszem
emlekszik emlékszik
en én
enek ennek
engedéj engedély
eni enni
ennel ennél
enyem enyém
enyi ennyi
enél ennél
epp épp
eppen éppen
er ér
erde erre
erdekel érdekel
erdekes érdekes
erdö erdő
ere erre
eros erős
errol erről
erröl erről
ert ért
erzes érzés
erö erő
eröd erőd
erös erős
eröszak erőszak
eröszakos erőszakos
eről erről
erőmü erőmű
es és
esfe este
eskuszom esküszöm
esküvö esküvő
eséj esély
eséjtelen esélytelen
esö eső
ettol ettől
ettöl ettől
etől ettől
ev év
eve éve
eves éves
ezdk ezek
ezel ezzel
ezelott ezelőtt
ezelött ezelőtt
ezelőt ezelőtt
ezert ezért
ezédt ezért
ezútal ezúttal
faj fáj
falyta fajta
feher fehér
fehérnemü fehérnemű
fel fél
fele felé
felelös felelős
felelösség felelősség
felet felett
felnött felnőtt
felnőt felnőtt
felre félre
felseg felség
felsö felső
feltünő feltűnő
fely fej
felöl felől
felöle felőle
felölem felőlem
felügyelö felügyelő
ferfi férfi
ferfiak férfiak
fertözött fertőzött
ficko fickó
fiu fiú
fogjok foglyok
fogoj fogoly
fojadék folyadék
fojamat folyamat
fojamatos folyamatos
fojamán folyamán
fojik folyik
fojosó folyosó
fojt folyt
fojtatódik folytatódik
fojton folyton
fojékony folyékony
fojó folyó
fold föld
foleg főleg
fonok főnök
foró forró
fris friss
fály fáj
fálydalom fájdalom
fö fő
föfelügyelö főfelügyelő
föleg főleg
fönök főnök
fü fű
füg függ
füszeres fűszeres
gaere gyere
gaerünk gyerünk
gojó golyó
gojóálló golyóálló
gydre gyere
gyede gyere
gyedünk gyerünk
gyerunk gyerünk
gyerübk gyerünk
gyonyoru gyönyörű
gyönyörü gyönyörű
gyözelem győzelem
gyöztes győztes
gyüjt gyűjt
gyüjtemény gyűjtemény
gyüjtött gyűjtött
gyüjtő gyűjtő
gyülik gyűlik
gyülöl gyűlöl
gyülölet gyűlölet
gyürü gyűrű
haboru háború
hadmüvelet hadművelet
hagyot hagyott
hajo hajó
hajtómü hajtómű
hal hall
hala hála
halal halál
halani hallani
halasz hallasz
hallo halló
halod hallod
halom hallom
halot hallott
halot halott
halota hallotta
halotad hallottad
halotam hallottam
halotál hallottál
halylandó hajlandó
halyrá hajrá
halyó hajó
haló halló
hany hány
harom három
hary harry
hasonlo hasonló
hat hát
hatha hátha
hatra hátra
haz ház
he hé
hej hely
hejes helyes
hejett helyett
hejette helyette
hejetted helyetted
hejettem helyettem
hejettes helyettes
heji helyi
hejre helyre
hejszín helyszín
hejt helyt
hejtelen helytelen
hejzet helyzet
hejénvaló helyénvaló
hello helló
helyet helyett
heló helló
hercegnö hercegnő
het hét
hianyzik hiányzik
hidegvérü hidegvérű
higy hogy
hini hinni
hinnem hinném
hiném hinném
hir hír
hisgem hiszem
hiszdm hiszem
hite hitte
hitem hittem
hivott hívott
hjszem hiszem
hoby hogy
holgy hölgy
holjwood hollywood
homájos homályos
honan honnan
honap hónap
hosszu hosszú
hoszú hosszú
hova hová
hozza hozzá
hozzad hozzád
hozzam hozzám
hozzank hozzánk
hozá hozzá
hozád hozzád
hozám hozzám
hozánk hozzánk
hu hű
hulye hülye
hétfö hétfő
hívot hívott
hízelgö hízelgő
hógy hogy
hös hős
hü hű
hüha hűha
hüje hülye
hüséges hűséges
hütlen hűtlen
hütő hűtő
hüvös hűvös
ibaz igaz
iben igen
idegesítö idegesítő
idiota idióta
ido idő
idö idő
idöjárás időjárás
idönként időnként
idöpont időpont
idös idős
idöszak időszak
idövel idővel
iflyú ifjú
igazan igazán
igazsag igazság
igdn igen
igqz igaz
igy így
iiyen ilyen
ij ily
ijen ilyen
ijenek ilyenek
ijenkor ilyenkor
ijesmi ilyesmi
ijesmik ilyesmik
ijesztö ijesztő
ijet ilyet
ilaen ilyen
illetö illető
ilydn ilyen
ilyesztő ijesztő
inen innen
ini inni
inkabb inkább
innentöl innentől
iránytü iránytű
ismerös ismerős
ismet ismét
it itt
ithon itthon
jar jár
jart járt
jartam jártam
jatek játék
jatszani játszani
jelentös jelentős
jellegü jellegű
jellemzö jellemző
jezus jézus
jibb jobb
jo jó
jofb jobb
jojjon jöjjön
jol jól
jon jön
jonnek jönnek
jonni jönni
jossz jössz
jott jött
jottek jöttek
jottel jöttél
jottem jöttem
jottunk jöttünk
jovo jövő
jovok jövök
juk lyuk
jukas lyukas
jutot jutott
jármü jármű
járör járőr
jóképü jóképű
jószívü jószívű
jö jő
jönek jönnek
jöni jönni
jösz jössz
jöt jött
jötek jöttek
jötem jöttem
jöttel jöttél
jötél jöttél
jötünk jöttünk
jövö jövő
jövöre jövőre
kalya kaja
kapitany kapitány
kar kár
kastéj kastély
kdll kell
kdllett kellett
keil kell
kek kék
kel kell
kelemes kellemes
kelene kellene
kelet kellett
keliett kellett
kelleft kellett
kellös kellős
kemeny kemény
kene kéne
kepes képes
ker kér
kerdes kérdés
keresztul keresztül
kerul kerül
keselyü keselyű
keserü keserű
keso késő
kesobb később
kesz kész
kesztyü kesztyű
kesö késő
kesöbb később
ket két
keten ketten
ketto kettő
kettö kettő
kettös kettős
kető kettő
keves kevés
kezdodik kezdődik
kezdö kezdő
kezdödik kezdődik
kezüleg kezűleg
kifele kifelé
kiraly király
kiráj király
kiráji királyi
kirájnő királynő
kirájság királyság
királynö királynő
kisaszony kisasszony
kislany kislány
kisse kissé
kisé kissé
kitünő kitűnő
kitűnö kitűnő
kivancsi kíváncsi
kiveve kivéve
kivul kívül
kivül kívül
klasz klassz
kolyok kölyök
komoj komoly
konnyen könnyen
konnyu könnyű
korabban korábban
koran korán
korul körül
kosz kösz
koszi köszi
kovetkezo következő
kozben közben
kozel közel
kozelebb közelebb
kozos közös
kozott között
kozt közt
kozul közül
kristáj kristály
kuldott küldött
kulonben különben
kulonleges különleges
kulonos különös
kébe kéne
képviselö képviselő
késö késő
késöbb később
kétszínü kétszínű
kívülröl kívülről
kö kő
köjkök kölykök
köjök kölyök
könnyü könnyű
könyebb könnyebb
könyen könnyen
könyű könnyű
kötelezö kötelező
következö következő
közelröl közelről
középsö középső
közöt között
küldöt küldött
külsö külső
különbözö különböző
lany lány
lasan lassan
lassuk lássuk
latja látja
latlak látlak
latni látni
latod látod
latok látok
latom látom
latott látott
latszik látszik
latta látta
lattad láttad
lattam láttam
ldgyen legyen
ldhet lehet
ldnne lenne
ldsz lesz
leaz lesz
lebet lehet
lebne lenne
leendö leendő
legaen legyen
legalabb legalább
legalabbis legalábbis
legkozelebb legközelebb
legy légy
legydn legyen
legyel legyél
lehdt lehet
lehetoseg lehetőség
lehetseges lehetséges
lehetö lehető
lehetöség lehetőség
lenbe lenne
lene lenne
lened lenned
lenem lennem
leni lenni
lenie lennie
lennek lennék
lennel lennél
lenyeg lényeg
lenyügözött lenyűgözött
lenék lennék
lenél lennél
lenének lennének
lenénk lennénk
leszunk leszünk
let lett
letem lettem
letezik létezik
letél lettél
levegö levegő
levo lévő
levö levő
levö lévő
lya ja
lyaly jaj
lyames james
lyapán japán
lyel jel
lyelen jelen
lyelenleg jelenleg
lyelent jelent
lyimmy jimmy
lyobb jobb
lyobban jobban
lyogi jogi
lyohn john
lyones jones
lyut jut
lyutott jutott
lyár jár
lyárt járt
lyártam jártam
lyátszani játszani
lyátszik játszik
lyáték játék
lyézus jézus
lyó jó
lyóképű jóképű
lyól jól
lyöhet jöhet
lyölylyenek jöjjenek
lyölylyön jöjjön
lyön jön
lyönne jönne
lyönnek jönnek
lyönni jönni
lyössz jössz
lyött jött
lyöttek jöttek
lyöttem jöttem
lyöttél jöttél
lyöttünk jöttünk
lyövök jövök
lyövünk jövünk
lyövő jövő
lásam lássam
lásuk lássuk
láta látta
látad láttad
látalak láttalak
látam láttam
látlya látja
látlyuk látjuk
látlyák látják
látot látott
látál láttál
lépcsö lépcső
lévö lévő
lö lő
lödd lődd
löj lőj
löjenek lőjenek
löjön lőjön
lönek lőnek
löni lőni
lött lőtt
lötte lőtte
löttek lőttek
löttem lőttem
lötték lőtték
maba maga
magara magára
mahd majd
malyd majd
malydnem majdnem
mar már
maris máris
marmint mármint
mas más
masik másik
masodik második
mat matt
mdnj menj
mdrt mert
mebj menj
medt mert
meg még
megfelelo megfelelő
megfelelö megfelelő
meggyözö meggyőző
megis mégis
meglepö meglepő
megsem mégsem
megyunk megyünk
mej mely
mejek melyek
mejet melyet
mejik melyik
mejikük melyikük
mejikőtök melyikőtök
melet mellett
melé mellé
mened menned
menek mennek
menem mennem
meni menni
menie mennie
menjunk menjünk
menly menj
menlyek menjek
menlyen menjen
menlyenek menjenek
menlyetek menjetek
menlyünk menjünk
mennunk mennünk
mentö mentő
menyi mennyi
menyire mennyire
menö menő
menünk mennünk
mere merre
merges mérges
mesz mész
mesze messze
miaft miatt
miat miatt
miata miatta
miatad miattad
miatam miattam
mibt mint
mielott mielőtt
mielött mielőtt
mielőt mielőtt
miert miért
mifele miféle
mig míg
mihejt mihelyt
miior mikor
mij mily
mijen milyen
mijenek milyenek
mikir mikor
mikozben miközben
milaen milyen
milió millió
millio millió
milydn milyen
mincen minden
mincig mindig
mindanyian mindannyian
minddn minden
minddnki mindenki
mindenii mindenki
mindjart mindjárt
mindjg mindig
mindketen mindketten
mindkettö mindkettő
mindlyárt mindjárt
minel minél
minfha mintha
mintba mintha
miota mióta
miqtt miatt
mis miss
mist most
miutan miután
miédt miért
mjatt miatt
mjkor mikor
mjlyen milyen
mjnden minden
mjndenki mindenki
mjndig mindig
mjnt mint
mjntha mintha
mjért miért
moat most
mogott mögött
mondot mondott
mosoj mosoly
mosojog mosolyog
mostanaban mostanában
mostantol mostantól
mozgas mozgás
mqga maga
mqjd majd
mukodik működik
mult múlt
mulva múlva
muszaj muszáj
muszály muszáj
másmijen másmilyen
méj mély
méretü méretű
mögöt mögött
mü mű
müanyag műanyag
mühold műhold
müködik működik
müködő működő
müsor műsor
müszak műszak
müszaki műszaki
mütét műtét
mütéti műtéti
mütő műtő
müvek művek
müvel művel
müvelet művelet
müvelt művelt
müvész művész
müvészet művészet
naby nagy
nagaon nagyon
nagyin nagyon
nagyképü nagyképű
nagylelkü nagylelkű
nagylyából nagyjából
nagyszeru nagyszerű
nagyszerü nagyszerű
nala nála
nalad nálad
nalam nálam
nalunk nálunk
napal nappal
ndki neki
negy négy
neha néha
nehany néhány
nehez nehéz
neii neki
nelkul nélkül
nelkül nélkül
nemi némi
nev név
nevetseges nevetséges
nez néz
nibcs nincs
ninds nincs
njncs nincs
no nő
normalis normális
nqgy nagy
nqgyon nagyon
nyavajás nyavalyás
nyilvan nyilván
némejik némelyik
népszerü népszerű
nö nő
nöi női
nönek nőnek
nös nős
nött nőtt
nöttem nőttem
növér nővér
nőszeméj nőszemély
oiyan olyan
oj oly
ojan olyan
ojankor olyankor
ojanok olyanok
ojasmi olyasmi
ojasvalaki olyasvalaki
ojat olyat
ojkor olykor
oke oké
olaan olyan
olyqn olyan
on ön
onan onnan
ont önt
ora óra
oreg öreg
oriasi óriási
ormester őrmester
orokke örökké
orokre örökre
orult őrült
ossze össze
osszes összes
oszinte őszinte
osztáj osztály
ot ott
ot öt
ota óta
othon otthon
otlet ötlet
par pár
pddig pedig
pdrsze persze
pecig pedig
pedjg pedig
peldaul például
penz pénz
peraze persze
persge persze
pezsgö pezsgő
pilanat pillanat
pisztoj pisztoly
problema probléma
profeszor professzor
pujka pulyka
pája pálya
ra rá
rad rád
rajuk rájuk
ralyta rajta
ralytad rajtad
ralytam rajtam
ram rám
rank ránk
reg rég
regel reggel
regeli reggeli
regen régen
regi régi
regota régóta
rejtéj rejtély
rejtéjes rejtélyes
remélhetöleg remélhetőleg
rendezö rendező
rendor rendőr
rendorseg rendőrség
rendör rendőr
rendörseg rendőrség
rendörség rendőrség
repülö repülő
resz rész
rissz rossz
roasz rossz
rogton rögtön
rola róla
rolad rólad
rolam rólam
rosaz rossz
rosszkedvü rosszkedvű
rosz rossz
rályuk rájuk
róia róla
sajat saját
salynos sajnos
salyát saját
scot scott
sdmmi semmi
sdnki senki
sebki senki
segit segít
segitett segített
segitseg segítség
segítet segített
sehmi semmi
sejem selyem
semhi semmi
semmijen semmilyen
senii senki
sgerint szerint
sgerintem szerintem
sgia szia
sgép szép
sgóval szóval
siha soha
sikerult sikerült
soba soha
soför sofőr
sokaig sokáig
soran során
sotet sötét
srac srác
szabáj szabály
szabájtalan szabálytalan
szabájzat szabályzat
szakértö szakértő
szamara számára
szamit számít
szegeny szegény
szelem szellem
szemely személy
szemelyes személyes
szemet szemét
szeméj személy
szeméjes személyes
szeméji személyi
szeméjiség személyiség
szeméjzet személyzet
szenvedéj szenvedély
szenvedéjes szenvedélyes
szep szép
szepen szépen
szerencses szerencsés
szeretem szerettem
szeretet szeretett
szeretö szerető
szerintdm szerintem
szerjntem szerintem
szerzödés szerződés
szet szét
szivesen szívesen
szja szia
szo szó
szokot szokott
szol szól
szomoru szomorú
szornyu szörnyű
szoval szóval
szukseg szükség
szukseges szükséges
színésznö színésznő
színü színű
szóbal szóval
szóvql szóval
szöke szőke
szörnyü szörnyű
szörös szőrös
szük szűk
szükseg szükség
szükseges szükséges
szükös szűkös
születet született
szülö szülő
szüz szűz
sójom sólyom
söt sőt
sötet sötét
sújos súlyos
sürgös sürgős
sürü sűrű
tabornok tábornok
taián talán
talan talán
tanárnö tanárnő
tartot tartott
tavaj tavaly
tavaji tavalyi
tavol távol
tehat tehát
tellyes teljes
tene tenne
tened tenned
tenem tennem
teni tenni
tenyleg tényleg
tenünk tennünk
termeszetesen természetesen
tessek tessék
testver testvér
tesék tessék
tet tett
tete tette
teted tetted
tetem tettem
tetszet tetszett
tettel tettél
tetél tettél
tetü tetű
tied tiéd
tiz tíz
tobb több
tobbe többé
tobbet többet
tobbi többi
tobbiek többiek
tok tök
tokeletes tökéletes
tole tőle
toled tőled
tolem tőlem
tolvaly tolvaj
tortenet történet
tortenik történik
tovabb tovább
tovabbra továbbra
tqlán talán
tul túl
tulajdonképen tulajdonképpen
tulalydonképpen tulajdonképpen
tunik tűnik
tuz tűz
tyü tyű
ténaleg tényleg
tényldg tényleg
többe többé
töfb több
tökeletes tökéletes
töle tőle
töled tőled
tölem tőlem
töletek tőletek
tölük tőlük
tölünk tőlünk
törtenik történik
törödik törődik
tü tű
tünik tűnik
tüz tűz
tüzet tűzet
tüzijáték tűzijáték
tüzoltó tűzoltó
tüzoltóság tűzoltóság
ubye ugye
udv üdv
ufán után
ugae ugye
ugy úgy
ugy ügy
ugyanijen ugyanilyen
ugyanojan ugyanolyan
ugyanojanok ugyanolyanok
ugyhogy úgyhogy
ugyis úgyis
ugynok ügynök
uj új
ujra újra
ur úr
ures üres
uristen úristen
ut út
utan után
utana utána
utoljara utoljára
utollyára utoljára
utolso utolsó
uzlet üzlet
vaby vagy
vagaok vagyok
vagaunk vagyunk
vagyik vagyok
vagyubk vagyunk
valahi valami
valaii valaki
valamejik valamelyik
valamejikük valamelyikük
valamijen valamilyen
valaszt választ
valo való
valoban valóban
valodi valódi
valojaban valójában
valoszinuleg valószínűleg
valoszinüleg valószínűleg
valqki valaki
valqmi valami
valt vált
valyon vajon
valólyában valójában
valószínü valószínű
valószínüleg valószínűleg
valószínütlen valószínűtlen
vanak vannak
vanbak vannak
vannqk vannak
var vár
varos város
vdle vele
vdled veled
vdlem velem
vegen végén
vegig végig
vegre végre
vegul végül
vegül végül
veie vele
veied veled
veiem velem
veldd veled
veldm velem
veluk velük
velunk velünk
veni venni
ver vér
veszelyes veszélyes
veszéj veszély
veszéjes veszélyes
vet vett
vete vette
vetem vettem
vevö vevő
vezeto vezető
vezetö vezető
vilag világ
vilagos világos
vilna volna
vilt volt
viltam voltam
világhírü világhírű
vini vinni
visaza vissza
vissga vissza
visza vissza
viszlat viszlát
viz víz
vjssza vissza
voina volna
voit volt
volba volna
volfam voltam
voltal voltál
voltqm voltam
voros vörös
vqgy vagy
vqgyok vagyok
vqgyunk vagyunk
vqlaki valaki
vqlami valami
vqnnak vannak
végsö végső
végzet végzett
végzödik végződik
véletlenszerü véletlenszerű
völegény vőlegény
zsüri zsűri
zöldfülü zöldfülű
zür zűr
zürzavar zűrzavar
ál áll
álat állat
átkozot átkozott
ébresztö ébresztő
éllyen éljen
élylyel éjjel
élyszaka éjszaka
élö élő
ép épp
épen éppen
érthetö érthető
értékü értékű
öfelsége őfelsége
önfejü önfejű
önzö önző
ör őr
örmester őrmester
örnagy őrnagy
örség őrség
örület őrület
örült őrült
ösi ősi
ösze össze
öszes összes
öszinte őszinte
úly új
úlyra újra
úlyság újság
úrnö úrnő
ür űr
ürhajó űrhajó
ürhajós űrhajós
üz űz
