# A number, then the words denoting it: 1 one first
0 nulla nulladik
1 egy első
2 kettő második
3 három harmadik
4 négy negyedik
5 öt ötödik
6 hat hatodik
7 hét hetedik
8 nyolc nyolcadik
9 kilenc kilencedik
10 tíz tizedik
11 tizenegy tizenegyedik
12 tizenkettő tizenkettedik
13 tizenhárom tizenharmadik
14 tizennégy tizennegyedik
15 tizenöt tizenötödik
16 tizenhat tizenhatodik
17 tizenhét tizenhetedik
18 tizennyolc tizennyolcadik
19 tizenkilenc tizenkilencedik
20 húsz huszadik
21 huszonegy huszonegyedik
22 huszonkettő huszonkettedik
23 huszonhárom huszonharmadik
24 huszonnégy huszonnegyedik
30 harminc harmincadik
40 negyven negyvenedik
50 ötven ötvenedik
60 hatvan hatvanadik
70 hetven hetvenedik
80 nyolcvan nyolcvanadik
90 kilencven kilencvenedik
100 száz századik
1000 ezer ezredik
1000000 millió milliomodik
1000000000 milliárd milliárdodik
