# The language's vocabulary, one word per line.
-
.
/
0
1
10
100
1000
1000000
1000000000
11
12
13
14
15
16
17
18
19
2
20
3
30
4
40
5
50
6
60
7
70
8
80
9
90
@
_
abba
abban
abbol
abból
ablak
abogy
abszolút
ad
adag
addig
addigra
admirális
adot
adott
adra
adta
aggaszt
aggódik
agresszív
agtán
agy
agért
ah
aha
ahejett
ahelyett
ahhoz
ahigy
ahikor
ahoby
ahogy
ahogyan
ahol
ahonnan
ahova
ahová
ahányszor
aiar
aikor
ajto
ajtó
ajándék
ajánlat
ajánlott
akad
akadt
akadáj
akar
akció
aki
akik
akior
akkir
akkor
akkora
akkoriban
akqr
aktív
akár
akárcsak
akárhogy
akárhányszor
akárki
akármi
akármijen
akármilyen
ala
alacsony
alak
alakul
alakú
alap
alapos
alapvetö
alapvető
alat
alatt
alatta
alatti
albert
aldozat
alelnök
alex
alexander
alfa
ali
alig
aligha
aljas
alkalmas
alkalmazott
alkalom
alkohol
alkoholista
alku
all
allergiás
alma
alszanak
alszik
alszol
alszom
alsó
altal
altalaban
aludj
aludni
aludt
aludtam
aludtál
alvás
alytó
alyándék
alá
alól
am
amatör
amatőr
ameddig
amej
amejek
amejet
amejik
amely
amelyek
amelyet
amelyik
amennyi
amennyiben
amerika
amerikai
ami
amiatt
amiert
amig
amiior
amijen
amijet
amik
amikir
amikor
amilyen
amilyet
amin
amint
amire
amiért
amióta
amojan
amolyan
amugy
amíg
amúgy
ana
anak
andrea
andrew
anelkul
anglia
angol
angyal
anna
annak
annal
annyi
annál
anya
anyag
anyagi
anyi
anyu
anyuci
anyuka
anál
anélkül
apa
apropó
apró
apu
apuci
apát
ara
arany
aranyom
aranyos
arc
arda
arnold
arra
arrafelé
arrol
arrébb
arról
artatlan
arthur
aról
asszem
asszony
aszony
asztal
at
atkozott
attol
attól
atya
atól
autó
autópája
az
azal
azaz
azelott
azelött
azelőt
azelőtt
azert
azfán
aznap
azok
azon
azonal
azonban
azonnal
azonnali
azonos
azota
azt
aztan
aztán
azutan
azután
azzal
azzá
azédt
azért
azóta
baba
bagoj
baj
baja
bajnok
bal
baleset
baly
balya
banda
bank
bar
barbara
barcsak
barki
barmi
barmikor
barmilyen
barna
barom
baromi
baromság
bart
barát
baráti
barátnö
barátnő
barátságos
baseball
basszus
baszus
bdnne
be
bebi
bebne
becsületes
befejezte
befelé
befojásos
bele
beljebb
bell
belole
belsö
belső
belul
belé
beléd
belém
belöle
belöled
belölem
belölük
belül
belülröl
belülről
belőle
belőled
belőlem
belőlük
benbe
bene
bened
benem
benjamin
benn
benne
benned
bennem
bennük
bennünk
bent
beszel
beszelt
beszéd
beszél
beszélgetés
beszélt
beteg
beteges
betegség
betört
betü
bil
bill
biológiai
biro
birodalom
bizalmas
bizalom
bizarr
bizfos
bizonnyal
bizony
bizonyitek
bizonyos
bizonytalan
bizonyára
bizonyíték
bizottság
biztis
biztonsagos
biztonság
biztonságos
biztos
bjztos
bob
bobby
bocs
bocsanat
bocsass
bocsi
bocsánat
bocsás
bocsáson
bocsáss
bocsássanak
bocsásson
bohóc
bojgó
boldog
boldogság
boldogtalan
bolond
bolt
bolygó
bomba
bonyolult
bor
borzalmas
borzasztó
bosszú
boszorkány
bravó
brit
brookjn
brutális
bud
buli
bumm
bunkó
busz
buszke
buta
buzi
bácsi
bájos
bámul
bámulatos
bánik
bánt
bár
bárcsak
bárhogy
bárhol
bárhová
bárki
bármej
bármejik
bármely
bármelyik
bármennyire
bármi
bármijen
bármikor
bármilyen
bátor
bátorság
bátran
bázis
bébi
béke
békés
béna
bír
bíró
bírónö
bírónő
bíróság
bízik
bölcs
bör
börtön
böven
bübáj
bübájos
büdös
bün
büncselekmény
bünrészes
büntett
büntetés
büntudat
bünös
bünöző
bünügyi
büszke
büvész
büvös
büz
büzlik
büzös
bőr
bőven
bűn
bűncselekmény
bűnös
bűnözö
bűnöző
bűnügyi
bűzlik
caak
cal
carmen
cent
charles
charlie
chicago
cia
cica
cikk
cimbora
cipö
cipő
city
civil
clark
cowboy
csaj
csajszi
csak
csakhogy
csakis
csakugyan
csalad
csaladi
csaly
család
családi
csalódott
csapat
csapda
csata
csatlakozik
csatorna
csekéj
csend
csendes
csepp
cserébe
csillag
csinal
csini
csinos
csinál
csirke
csitt
csoda
csodalatos
csodas
csodálatos
csodás
csoki
csomag
csomo
csomó
csont
csoport
csqk
csukd
csupa
csupan
csupán
császár
csávó
csésze
csók
csö
csökken
csönd
csúcs
csúnya
csütörtök
cső
cucc
cuki
cukor
cég
cél
céloz
célpont
cím
dagadt
dal
daniel
darab
de
dehogy
dehogyis
dehogynem
dehát
delta
delutan
derek
dick
dicsöség
dicsőség
dilis
direkt
disznó
divat
diák
dns
doboz
doki
doktor
doktornö
doktornő
dolcsi
dolgok
dolgozik
dolgozó
dolj
dollar
dollár
dolog
dolár
don
donald
dong
donna
draga
drog
drogos
drága
dráma
duhos
duma
dupla
durva
dél
délelött
délelőtt
déli
délután
démon
díj
döglött
dönt
döntés
döntö
döntöt
döntött
dühös
eate
ebbe
ebben
ebbol
ebböl
ebből
ebyütt
ebéd
ebész
edd
eddig
eddigi
edes
edre
edward
edzés
edzö
edző
efféle
eg
egek
egesz
egeszen
egy
egyaltalan
egyben
egyböl
egyből
egyebkent
egyedi
egyedul
egyedül
egyedüli
egyedülálló
egyelöre
egyelőre
egyen
egyenes
egyenesen
egyenlö
egyenlő
egyes
egyesült
egyetem
egyetemi
egyetlen
egyetért
egyezik
egyfajta
egyfalyta
egyfojtában
egyfolytában
egyforma
egyház
egyik
egyikötök
egyikőtök
egykor
egymás
egyre
egyszer
egyszere
egyszerre
egyszeru
egyszerü
egyszerű
egység
egyutt
egyáltalán
egyéb
egyébként
egyél
egyértelmü
egyértelmű
együft
együnk
együt
együtt
együttmüködik
együttmüködés
egéaz
egér
egért
egész
egészen
egészség
egészséges
egészségügyi
eh
ehber
ehejett
ehelyett
ehes
ehhez
eiső
eiég
ejha
ejjel
ejszaka
ekkor
ekkora
el
eladó
elaő
ele
eleg
elegem
elegendö
elegendő
eleget
elegge
elegáns
elektromos
elen
elene
elenére
elesett
elet
elfoglalt
elhagyatott
elhagyott
elhunyt
eljárás
elkerülhetetlen
elkövetett
ellen
ellene
ellened
ellenem
ellenere
elleni
ellenkezöleg
ellenkezőleg
ellenség
ellenséges
ellenére
ellenörzés
ellenük
ellenünk
ellenőrzés
elme
elmebeteg
elmult
elmélet
elmúlt
elnok
elnök
elnöki
elo
elobb
elol
elore
eloszor
elott
elotte
elozo
elromlott
elso
elsö
elsödleges
első
elsődleges
eltelt
eltunt
eltünt
eltűnt
elveszett
elvtárs
elvégre
elé
elég
eléggé
elégé
elérhetö
elérhető
elö
elöadás
elöbb
elöl
elölem
elölröl
elölről
elöre
elöször
elött
elötte
elötted
elöttem
elötti
elöttünk
elözetes
elözö
elő
előadás
előbb
elől
előlem
előre
először
előt
előte
előtt
előtte
előtted
előttem
előtti
előttünk
előzetes
előző
embdr
ember
emberi
emberiség
eme
emelet
emellett
emfer
emiat
emiatt
emlekszel
emlekszem
emlekszik
emlék
emlékeztet
emlékszel
emlékszem
emlékszik
említett
emma
en
enek
energia
enged
engedéj
engedély
eni
ennek
ennel
enni
ennyi
ennél
enyem
enyhe
enyi
enyém
enyémek
enél
epp
eppen
er
erde
erdekel
erdekes
erdö
erdő
ere
eredeti
eredetileg
eredmény
erik
erkölcsi
eros
erre
errefelé
errol
erröl
erről
ert
erzes
erö
eröd
erös
eröszak
eröszakos
erő
erőd
eről
erőmü
erős
erőszak
erőszakos
es
esemény
eset
esetleg
esfe
esik
eskuszom
esküdtszék
esküszöm
esküvö
esküvő
essen
est
este
esti
eszed
eszek
eszel
eszem
eszik
eszköz
eszméletlen
esznek
eszünk
eséj
eséjtelen
esély
esö
eső
ettem
ettol
ettél
ettöl
ettől
etől
európai
ev
eva
eve
eves
evett
extra
ez
ezdk
ezek
ezel
ezelott
ezelött
ezelőt
ezelőtt
ezen
ezennel
ezentúl
ezer
ezert
ezredes
ezt
ezután
ezzel
ezáltal
ezédt
ezért
ezútal
ezúttal
ezüst
fa
facebook
fair
faj
fajta
fal
falak
falat
falu
falyta
fantasztikus
farkas
farmer
fasz
fasza
fazon
fbi
fegyver
fegyveres
feher
fehér
fehérnemü
fej
fejet
fejezet
fejében
fekete
fekszik
feküdj
feküdt
feküdtem
fel
feladat
fele
felel
felelös
felelösség
felelős
felelősség
felesleges
feleség
felet
felett
felfelé
felirat
feljebb
felnött
felnőt
felnőtt
felre
felseg
felség
felsö
felső
feltéve
feltünő
felvétel
fely
felé
felém
felöl
felöle
felölem
felügyelö
felügyelő
felül
felől
felőlem
fene
fenn
fenség
fent
ferfi
ferfiak
fertözött
fertőzött
fest
feszült
fia
fiad
fiam
fiatal
fiatalember
ficko
fickó
figyel
figyelem
figyelmes
film
finn
finom
fiu
fizet
fizetett
fizikai
fiú
fog
fogad
fogjok
foglalkozik
foglalt
fogoj
fogoly
fogott
fogva
fojadék
fojamat
fojamatos
fojamán
fojik
fojosó
fojt
fojtatódik
fojton
fojékony
fojó
fok
fold
foleg
folyamat
folyamatos
folyik
folyosó
folytatódik
folyton
folyó
fonok
font
fontos
ford
fordul
fordítva
forgalom
forog
forradalom
forrás
forró
foró
fotó
franc
francia
franciaország
frank
franklin
frankó
fris
friss
fura
furcsa
furgon
fut
futott
fáj
fájdalmas
fájdalom
fák
fály
fálydalom
fáradt
fél
félelem
félelmetes
félig
félre
félreértés
félt
féltékeny
fém
fény
fényes
fér
féreg
férfi
férfiak
férj
fö
föfelügyelö
föl
föld
földi
földönkívüli
föleg
fölé
fölött
fönök
fúj
fü
füg
függ
független
füst
füszeres
fő
főfelügyelő
főleg
főnök
fű
gaere
gaerünk
gazdag
george
gina
go
gojó
gojóálló
golyó
gond
gondol
gondolat
gondolt
gondoskodik
gonosz
gordon
gróf
gusztustalan
gyakori
gyakorlat
gyakran
gyalog
gyanús
gyanúsított
gydre
gyede
gyedünk
gyenge
gyere
gyerek
gyerekes
gyermek
gyertek
gyerunk
gyerübk
gyerünk
gyilkos
gyonyoru
gyors
gyáva
gyémánt
gyógyszer
gyönyörü
gyönyörű
gyözelem
gyöztes
gyüjt
gyüjtemény
gyüjtött
gyüjtő
gyülik
gyülöl
gyülölet
gyürü
győzelem
győztes
gyűlölet
gyűrű
gáz
gép
görög
ha
haboru
habár
hacsak
had
hadd
hadmüvelet
hadnagy
hadsereg
hagy
hagyomány
hagyományos
hagyot
hagyott
hahó
haj
hajlandó
hajléktalan
hajnali
hajo
hajrá
hajtómü
hajó
hal
hala
halad
halal
halani
halasz
haldoklik
hall
hallak
hallanak
hallani
hallasz
hallgat
hallja
halljam
halljuk
hallo
hallod
hallok
hallom
hallott
hallotta
hallottad
hallottak
hallottam
hallottuk
hallottunk
hallották
hallottál
hallottátok
halló
halod
halom
halot
halota
halotad
halotam
halott
halottkém
halotál
halylandó
halyrá
halyó
halál
halálos
haló
hamar
hamarabb
hamarosan
hamis
hanem
hang
hangos
hangzik
hangzott
hanna
hany
harag
haragszol
haragszom
harc
harci
harcol
harcos
harmadik
harminc
harom
harry
hary
hasonlo
hasonlít
hasonló
hasznos
használ
használható
használt
haszontalan
hat
hatalmas
hatalom
hatha
hatodik
hatos
hatra
határ
határozott
hatásos
haver
havi
havonta
haz
haza
hazafelé
hazudik
hazug
he
hegy
hej
hejes
hejett
hejette
hejetted
hejettem
hejettes
heji
hejre
hejszín
hejt
hejtelen
hejzet
hejénvaló
helikopter
hello
helló
hely
helyes
helyet
helyett
helyette
helyetted
helyettem
helyettes
helyi
helyre
helyszín
helytelen
helyzet
heló
henry
herceg
hercegnö
hercegnő
het
hete
hetedik
hetek
hetente
hetes
heti
hianyzik
hiba
hibás
hidd
hideg
hidegvérü
higgy
higgye
higgyen
higy
hihetetlen
hini
hinnem
hinni
hinné
hinnéd
hinném
hiném
hir
hirtelen
hisgem
hisszük
hisz
hiszdm
hiszed
hiszek
hiszel
hiszem
hiszen
hiszi
hiszik
hiszitek
hisznek
hit
hite
hitem
hitler
hitt
hitte
hitted
hittem
hitték
hittük
hivatal
hivatalos
hivott
hiába
hiányzik
hiányzó
hjszem
hm
hmm
hoby
hogy
hogyan
hogyha
hogyhogy
hogyne
hol
hold
holgy
holjwood
holmes
holmi
holnap
holnapi
holt
holttest
homájos
honan
honap
honnan
hoppá
hord
hosszabb
hosszu
hosszú
hoszú
hotel
hova
hová
hoz
hozza
hozzad
hozzam
hozzank
hozzá
hozzád
hozzájuk
hozzám
hozzánk
hozzátok
hozá
hozád
hozám
hozánk
hu
huh
hulla
hulye
hurrá
háború
hál
hála
hálás
hány
hányan
hányszor
hárman
hármas
három
hát
hátborzongató
hátha
hátra
hátrébb
hátsó
hátul
hátulról
ház
házas
házasság
házi
hé
héj
hékás
hét
hétfö
hétfő
hétköznapi
hétvége
híd
hír
híres
hív
hívod
hívok
hívom
hívot
hívott
hízelgö
hó
hógy
hónap
hölgy
hös
hú
hús
húsz
hü
hüha
hüje
hülye
hüséges
hütlen
hütő
hüvös
hős
hű
hűha
hűséges
ibaz
iben
idd
ide
idebent
idegen
ideges
idegesítö
idegesítő
ideig
ideiglenes
idekint
idelent
ideális
idiota
idióta
ido
idáig
idén
idö
idöjárás
idönként
idöpont
idös
idöszak
idövel
idő
időjárás
időnként
időpont
idős
időszak
idővel
ifjú
iflyú
igaz
igazan
igazgató
igazi
igazsag
igazság
igazságos
igazságtalan
igazán
igdn
igen
igencsak
igenis
igqz
igy
igyekszem
igyunk
igyál
iiyen
ij
ijen
ijenek
ijenkor
ijesmi
ijesmik
ijesztö
ijesztő
ijet
ikrek
ilaen
illegális
illet
illetve
illetö
illik
ilydn
ilyen
ilyenek
ilyenkor
ilyesmi
ilyesztő
ilyet
imént
incidens
india
indiai
indián
indul
inen
információ
ingyen
ingyenes
ini
inkabb
inkább
innen
innentöl
innentől
inni
innét
intelligens
interjú
internet
iroda
iránt
iránta
irántad
irántam
iránti
irány
iránytü
is
iskola
iskolai
ismer
ismeretlen
ismert
ismerös
ismerős
ismet
ismét
isten
isteni
istenverte
iszik
iszol
iszom
iszunk
it
ital
ithon
itt
ittam
itteni
itthon
ittál
ivott
izgalmas
izgat
izgatott
izé
ja
jaj
james
japán
jar
jart
jartam
jatek
jatszani
jeges
jegy
jel
jelen
jelenet
jelenleg
jelenlegi
jelent
jelentkezik
jelentéktelen
jelentös
jelentős
jelet
jellegü
jellemzö
jellemző
jelölt
jen
jesszus
jesszusom
jezus
jibb
jimmy
jo
jobb
jobban
jofb
jogi
jogos
john
jojjon
jol
jon
jones
jonnek
jonni
jordan
jossz
jott
jottek
jottel
jottem
jottunk
jovo
jovok
juk
jukas
jung
junior
jut
jutot
jutott
jár
járat
jármü
járt
jártam
jártunk
járó
járör
játssz
játssza
játszanak
játszani
játszd
játszik
játszol
játszom
játszott
játszottam
játszunk
játék
játékos
jég
jézus
jó
jóképü
jóképű
jól
jószívü
jóságos
jóvá
józan
jö
jöhet
jöjj
jöjjek
jöjjenek
jöjjön
jön
jönek
jöni
jönne
jönnek
jönni
jönnie
jönnöd
jönnöm
jössz
jösz
jöt
jötek
jötem
jött
jöttek
jöttel
jöttem
jöttetek
jöttél
jöttök
jöttünk
jötél
jötünk
jövö
jövök
jövöre
jövünk
jövő
jövőre
július
június
jő
kaja
kaland
kalap
kalya
kamera
kamu
kanadai
kap
kapcsolat
kapcsolatos
kapcsolódik
kapitany
kapitány
kapjon
kapta
kapu
kar
kard
karl
karom
karácsony
kastéj
katasztrófa
katolikus
katona
katonai
kdll
kdllett
kedd
kedvel
kedvenc
kedves
kegyetlen
keil
kek
kel
kelemes
kelene
kelet
keleti
keliett
kell
kelleft
kellek
kellemes
kellemetlen
kellene
kellenek
kellesz
kellet
kellett
kelljen
kellös
kelt
kemeny
kemény
ken
kene
kennedy
kenyér
kepes
ker
kerdes
keres
keresd
keresett
kereskedelmi
keresztul
keresztény
keresztül
kerul
kerül
kerületi
keselyü
keserü
keso
kesobb
kesz
kesztyü
kesö
kesöbb
ket
keten
ketten
kettes
ketto
kettö
kettös
kettő
kettős
kető
keves
kevesebb
kevin
kevés
kevésbé
kezd
kezdet
kezdodik
kezdö
kezdödik
kezdő
kezdődik
kezüleg
ki
kicsi
kicsoda
kifejezés
kifele
kifelé
kifogás
kihívás
kijárat
kik
kilenc
kilátás
kiló
kincs
kinn
kint
kiraly
kiráj
kiráji
kirájnő
kirájság
király
királyi
királynö
királynő
királyság
kis
kisasszony
kisaszony
kisbaba
kisebb
kisfiam
kisfiú
kislany
kislány
kisse
kissé
kisé
kitünő
kitűnö
kitűnő
kivancsi
kiveve
kivul
kiválasztott
kiváló
kivéve
kivül
kizárólag
kiút
klassz
klasszikus
klasz
klub
km
kocka
kockázat
kockázatos
kocsi
kolyok
komoj
komoly
koncert
konnyen
konnyu
konyha
kopasz
kor
korabban
korai
koran
kormány
kormányzó
korom
korul
korábban
korábbi
korán
kosz
koszi
koszos
kovetkezo
kozben
kozel
kozelebb
kozos
kozott
kozt
kozul
kreatív
kristáj
krisztus
kritikus
kulcs
kuldott
kulonben
kulonleges
kulonos
kurva
kurvára
kuss
kutatás
kutya
káosz
kár
kártya
kávé
kébe
kék
kém
kéne
kényelmes
kényelmetlen
kényes
kénytelen
kép
képes
képest
képtelen
képviselö
képviselő
képzett
kér
kérd
kérdez
kérdezett
kérdés
kés
késik
kész
készít
készül
készült
késö
késöbb
késő
később
két
kétlem
kétszínü
kétség
kéz
kígyó
kína
kínai
kínos
kísérlet
kísérleti
kíván
kíváncsi
kívül
kívülröl
kívülről
kód
kórház
kö
köcsög
köjkök
köjök
kölcsön
kölykök
kölyök
könnyebb
könnyebben
könnyedén
könnyen
könnyü
könnyű
könyebb
könyen
könyv
könyű
kör
körbe
környék
köré
körül
körülbelül
körüli
kösz
köszi
köszönet
köt
kötelezö
kötelező
kövesd
követ
következik
következö
következő
kövér
közbe
közben
közel
közelben
közelebb
közeledik
közeleg
közeli
közelröl
közelről
közelébe
közelében
központ
központi
közt
közted
köztem
köztetek
közti
köztük
köztünk
közvetlen
közé
közéjük
közénk
középsö
középső
közönség
közönséges
közös
közösség
közöt
között
közötti
közöttünk
közül
közülük
közülünk
küld
küldetés
küldöt
küldött
külföldi
külsö
külső
külön
különben
különbség
különbözö
különböző
különleges
különös
különösen
küzd
küzdelem
kő
la
labda
labor
lady
lakik
lakott
lakás
lany
lap
las
lasan
lassabban
lassan
lassuk
lassú
latja
latlak
latni
latod
latok
latom
latott
latszik
latta
lattad
lattam
laura
laza
ldgyen
ldhet
ldnne
ldsz
le
leaz
lebet
lebne
lee
leendö
lefelé
legaen
legalabb
legalabbis
legalább
legalábbis
legenda
legfeljebb
legkozelebb
legközelebb
legy
legydn
legyek
legyel
legyen
legyenek
legyetek
legyél
legyünk
legális
legénység
lehdt
lehet
lehetetlen
lehetoseg
lehetseges
lehetséges
lehetö
lehetöség
lehető
lehetőség
lejjebb
lejárt
lelki
lenbe
lene
lened
lenem
leni
lenie
lenn
lenne
lenned
lennek
lennel
lennem
lenni
lennie
lenniük
lennék
lennél
lennének
lennénk
lennünk
lent
lenyeg
lenyügözött
lenék
lenél
lenének
lenénk
lesz
leszbikus
leszek
leszel
lesznek
lesztek
leszunk
leszünk
let
letem
letezik
lett
lettek
lettem
lettél
lettünk
letél
levegö
levegő
levelek
levo
levél
levö
levő
lex
lila
lincoln
linda
lisa
lista
logikus
london
londoni
lopott
lord
los
louis
lovag
lovak
lusta
lya
lyaly
lyames
lyapán
lyel
lyelen
lyelenleg
lyelent
lyimmy
lyobb
lyobban
lyogi
lyohn
lyones
lyuk
lyut
lyutott
lyár
lyárt
lyártam
lyátszani
lyátszik
lyáték
lyézus
lyó
lyóképű
lyól
lyöhet
lyölylyenek
lyölylyön
lyön
lyönne
lyönnek
lyönni
lyössz
lyött
lyöttek
lyöttem
lyöttél
lyöttünk
lyövök
lyövünk
lyövő
láb
lábad
lám
lámpa
lány
lásam
lásd
lássa
lássam
lássuk
lássunk
lássák
lásuk
lát
láta
látad
látalak
látam
láthatatlan
látható
látja
látjuk
látják
látjátok
látlak
látlya
látlyuk
látlyák
látnak
látni
látnia
látnod
látnom
látod
látok
látom
látot
látott
látsz
látszik
látszott
látta
láttad
láttak
láttalak
láttam
láttuk
láttunk
látták
láttál
láttátok
látunk
látvány
látál
légi
légy
lélegzik
lélek
lény
lényeg
lényegtelen
lép
lépcsö
lépés
létezik
lévö
lévő
ló
lóg
lö
lödd
löj
löjenek
löjön
lönek
löni
lött
lötte
löttek
löttem
lötték
lövés
lúzer
lő
lődd
lőj
lőjön
lőni
lőtt
lőtte
lőttek
lőttem
lőtték
ma
maba
mac
macska
madame
madarak
madár
maga
magad
magam
magara
magas
maguk
magunk
magyar
magyarázat
magában
magán
magányos
magára
magától
mahd
mai
majd
majdnem
majom
makacs
malyd
malydnem
mama
mami
manapság
mar
marad
maradt
maradék
marco
marha
maris
mark
marmint
mars
marshall
martin
mary
mas
masik
masodik
mason
mat
matt
maximum
may
mdnj
mdrt
mebj
meccs
meddig
medence
medt
medve
meg
megbeszélés
megbízható
megfelelo
megfelelö
megfelelő
megfigyelés
meggyözö
meggyőző
meghallgatás
meghalt
meghívott
megint
megis
meglehet
meglepett
meglepetés
meglepö
meglepő
meglesz
megoldás
megsem
megszokott
megszökött
megtiszteltetés
megvagy
megvagyok
megvagyunk
megvan
megvannak
megvolt
megváltozott
megy
megyei
megyek
megyunk
megyünk
mehet
mej
mejek
mejet
mejik
mejikük
mejikőtök
mekkora
meleg
melet
mellesleg
mellett
mellette
melletted
mellettem
mellé
mellém
mely
melyek
melyet
melyik
melé
meló
mened
menek
menekül
menekült
menem
menet
meni
menie
menj
menjek
menjen
menjenek
menjetek
menjunk
menjünk
menly
menlyek
menlyen
menlyenek
menlyetek
menlyünk
menne
menned
mennek
mennem
menni
mennie
mennunk
mennyei
mennyi
mennyire
mennék
mennél
mennünk
ment
mentek
mentem
mentális
mentél
mentö
mentünk
menyasszony
menyi
menyire
menö
menünk
menő
mer
mere
merges
merre
mersz
mert
merész
mese
messze
mester
mesz
mesze
mexikói
meztelen
mi
miaft
mialatt
miami
miat
miata
miatad
miatam
miatt
miatta
miattad
miattam
mibt
michael
micsoda
mielott
mielött
mielőt
mielőtt
miert
mifele
miféle
mig
mihejt
miior
mij
mijen
mijenek
mik
mike
mikir
mikor
mikorra
mikozben
mikulás
miként
miközben
milaen
miles
milió
miller
millio
milliárd
millió
mily
milydn
milyen
milyenek
min
minap
mincen
mincig
mind
mindannyian
mindannyiunk
mindanyian
minddn
minddnki
mindegy
mindegyik
minden
mindenesetre
mindenfelé
mindenféle
mindenhol
mindenii
mindenki
mindenképp
mindenképpen
mindennap
mindennek
mindennél
mindenütt
mindez
mindezt
mindig
mindjart
mindjg
mindjárt
mindketen
mindketten
mindkettö
mindkettő
mindkét
mindlyárt
mindnyájan
mindvégig
mindössze
minel
minfha
miniszter
miniszterelnök
minisztérium
mint
minta
mintba
mintha
minthogy
minél
miota
miqtt
mire
mis
miss
mist
miszerint
miutan
miután
mivel
miédt
miénk
miért
mióta
mjatt
mjkor
mjlyen
mjnden
mjndenki
mjndig
mjnt
mjntha
mjért
mm
moat
mobil
mocskos
mocsok
modell
modern
mogott
mona
mond
mondot
mondott
monsieur
mosoj
mosojog
mosoly
mosolyog
most
mostanaban
mostani
mostanra
mostanság
mostantol
mostantól
mostanában
mostanáig
motor
mozgas
mozgás
mozog
mqga
mqjd
mr
mrs
mukodik
mult
mulva
munka
muszaj
muszáj
muszály
mutat
mágia
mágikus
május
már
mária
máris
mármint
más
másfél
máshogy
máshol
máshova
máshová
másik
máskor
másként
másképp
máskülönben
másmijen
másnap
második
másodperc
másodszor
média
még
méghozzá
mégis
mégiscsak
mégpedig
mégse
mégsem
méj
méltó
mély
méreg
méretü
méretű
mérföld
mérges
mész
méter
míg
mód
módszer
móka
mókás
mögé
mögöt
mögött
mögötte
mögötted
mögöttem
múlik
múlt
múlva
mü
müanyag
mühold
müködik
müködő
müsor
müszak
müszaki
mütét
mütéti
mütő
müvek
müvel
müvelet
müvelt
müvész
müvészet
műanyag
működik
műsor
műtét
művel
művelt
művész
művészet
na
naby
nagaon
nagy
nagyapa
nagyfiú
nagyi
nagyin
nagyjából
nagyképü
nagykövet
nagylelkü
nagylelkű
nagylyából
nagymama
nagyobb
nagyon
nagypapa
nagyszeru
nagyszerü
nagyszerű
nahát
naiv
nak
nala
nalad
nalam
nalunk
naná
nap
napal
napi
naponta
napos
nappal
ndki
ne
nedves
negatív
negy
negyed
negyedik
neha
nehany
nehez
nehezebb
nehezen
nehogy
nehéz
neii
neki
nelkul
nelkül
nem
nemcsak
nemde
nemes
nemi
nemrég
nemsokára
nemzet
nemzeti
nemzetközi
nesze
netán
nev
nevet
nevetseges
nevetséges
nevezett
new
nez
ni
nibcs
nick
nigger
nincs
nincsen
nincsenek
ninds
njncs
no
nocsak
normalis
normál
normális
nos
november
nqgy
nqgyon
nukleáris
nulla
nyavajás
nyavalyás
nyelv
nyer
nyers
nyilvan
nyilván
nyilvános
nyilvánvaló
nyitott
nyolc
nyom
nyomorult
nyugalom
nyugat
nyugati
nyugi
nyugodt
nyugton
nyuszi
nyár
nyári
nyílik
nyílt
nyúl
náci
nála
nálad
nálam
nálatok
náluk
nálunk
négy
négyen
négyes
négyszemközt
néha
néhány
néhányan
nélkül
nélküle
nélküled
nélkülem
nélküli
némejik
német
némi
néni
nép
népszerü
népszerű
név
névtelen
néz
nézve
nö
nöi
nönek
nös
nött
nöttem
növér
nő
női
nőnek
nős
nőszeméj
nőtt
nőttem
nővér
oda
odabent
odafent
odakinn
odakint
odalent
odaát
odáig
odébb
oiyan
oj
ojan
ojankor
ojanok
ojasmi
ojasvalaki
ojat
ojkor
ok
oke
okos
okoz
október
oké
olaan
olaj
olasz
olcsó
oldal
oldalra
oldalról
oldalt
olvasta
oly
olyan
olyanok
olyasmi
olyat
olyqn
on
onan
online
onnan
ont
ora
oreg
oriasi
ormester
orokke
orokre
orosz
oroszlán
ország
országos
orult
orvos
orvosi
oscar
ossze
osszes
ostoba
oszinte
osztag
osztáj
osztály
ot
ota
othon
otlet
ott
otthon
otthoni
pajti
pajtás
palmer
pap
papa
papír
par
paradicsom
parancs
parancsnok
parancsol
park
part
parti
partner
parton
pasas
pasi
pat
patkány
paul
paula
pddig
pdrsze
pecig
pedig
pedjg
peldaul
penny
penz
per
peraze
perc
persge
persze
perverz
pete
pezsgö
pia
pici
picsa
pilanat
pillanat
pilóta
pincér
piros
piszkos
pisztoj
pisztoly
pizza
pletyka
plusz
pocsék
pofa
pohár
pokol
pokoli
polgármester
politika
politikai
pompás
pont
ponton
pontos
por
port
pozitív
poén
privát
problema
probléma
professzor
profeszor
profi
program
projekt
próba
próbál
próbálkozás
pszichológiai
pszichopata
puha
pujka
pulzus
puszta
pusztán
pája
pálya
pánik
pár
páran
párizs
párszor
párt
példa
például
péntek
pénz
pénzügyi
pöcs
ra
rablás
rad
ragadt
ragaszkodik
ragyogó
raj
rajongó
rajta
rajtad
rajtam
rajtuk
rajtunk
rajuk
rakd
rakni
raktár
rakás
rakéta
ralyta
ralytad
ralytam
ram
randi
rank
rasszista
ravasz
ray
re
reagan
reagál
red
reg
regel
regeli
regen
reggel
reggeli
regi
regota
rejtett
rejtéj
rejtéjes
rejtély
rejtélyes
reklám
remek
remélhetöleg
remélhetőleg
remény
reménytelen
rend
rendelkezik
rendelt
rendes
rendezö
rendező
rendkívül
rendkívüli
rendor
rendorseg
rendszer
rendör
rendörseg
rendörség
rendőr
rendőrség
rengeteg
repül
repülö
repülő
resz
rettenetes
riadó
ribanc
riporter
rissz
rita
ritka
roasz
robin
robot
rock
rogton
rohadt
rohadék
rola
rolad
rolam
romantikus
romlott
ronda
roppant
rosaz
rossz
rosszkedvü
rosz
ruha
russell
rá
rács
rád
rádió
rájuk
rák
rákos
rályuk
rám
ránk
rátok
rég
régebben
régen
régi
régimódi
régóta
rémes
rémlik
rész
részben
részeg
részleg
részére
róia
róla
rólad
rólam
róluk
rólunk
róma
római
rózsaszín
rögtön
rövid
röviden
sajat
sajnos
sajnálatos
sajt
sajtó
saját
salynos
salyát
san
scot
scott
sdmmi
sdnki
se
seb
sebki
sebész
segit
segitett
segitseg
segít
segítet
segített
segítség
sehmi
sehogy
sehol
sehova
sehová
sejem
sem
semhi
semmi
semmiféle
semmijen
semmiképp
semmilyen
semmiség
senii
senki
sereg
seriff
sgerint
sgerintem
sgia
sgép
sgóval
shaw
sherlock
show
siha
siker
sikeres
sikerult
sikerül
sikerült
sima
simon
sincs
sir
soba
soför
sofőr
soha
sohasem
sok
sokaig
sokan
sokszor
soká
sokáig
song
sor
soran
sorba
sorozat
sors
során
sose
sosem
sotet
spanyol
speciális
spencer
sport
srac
srác
stabil
stanley
stark
stella
stimmel
stressz
suli
sun
sydney
szabad
szabadna
szabadság
szabáj
szabájtalan
szabájzat
szabály
szag
szajha
szakasz
szakmai
szakács
szakértö
szakértő
szakított
szamara
szamit
szar
szarházi
szava
szavak
szebb
szegeny
szegény
szelem
szelet
szellem
szem
szembe
szemben
szemely
szemelyes
szemet
szemetek
szeméj
szeméjes
szeméji
szeméjiség
szeméjzet
személy
személyes
személyi
személyzet
szemét
szemétláda
szendvics
szent
szenved
szenvedéj
szenvedéjes
szenátor
szep
szepen
szeptember
szerelem
szerelmes
szerelmi
szerencse
szerencses
szerencsére
szerencsés
szerencsétlen
szerepel
szeret
szeretem
szeretet
szeretett
szerette
szeretted
szerettem
szeretö
szerető
szerez
szerint
szerintdm
szerinte
szerinted
szerintem
szerintetek
szerintünk
szerjntem
szervezet
szervezett
szervusz
szerzödés
szerződés
szerény
szet
szevasz
szex
szexi
szexuális
szia
sziasztok
sziget
szigorú
szilárd
szingli
szint
szinte
szintén
szivesen
szja
szo
szoba
szociális
szokatlan
szokot
szokott
szokás
szokásos
szol
szolgál
szolgálat
szombat
szomjas
szomoru
szomorú
szomszéd
szornyu
szoros
szoval
sztori
sztár
szukseg
szukseges
szuper
szád
szál
száll
szám
számla
számos
számtalan
számára
számít
számítógép
szánalmas
száraz
származik
száz
század
százados
százalék
szégyen
szék
szél
széles
szélén
szép
szépen
szépség
szét
szín
színes
színész
színésznö
színésznő
színü
színű
szív
szíves
szívesen
szó
szóbal
szól
szóló
szórakozik
szórakoztató
szóval
szóvql
szöke
szörny
szörnyen
szörnyeteg
szörnyü
szörnyű
szörös
szöveg
szövetség
szük
szükseg
szükseges
szükség
szükséges
szükös
szülei
szüleid
szüleim
születet
született
szülö
szülő
szünet
szürke
szüz
szőke
szűk
szűz
sárga
sárkány
sátán
séf
sérült
sérülés
séta
sír
sójom
sör
söt
sötet
sötét
sújos
súlyos
süket
sült
sürgös
sürgős
sürü
süti
sőt
tabornok
tag
taián
talan
talál
találat
található
találkozik
találkozó
talán
tanul
tanult
tanács
tanácsadó
tanár
tanárnö
tanárnő
tanított
tanú
tapasztalt
tart
tartalék
tartot
tartott
tartozik
tartó
tavaj
tavaji
tavaly
tavaszi
tavol
taxi
taylor
tea
technológia
tedd
tegnap
tegnapi
tegye
tegyek
tegyem
tegyen
tegyék
tegyél
tegyétek
tegyük
tegyünk
tehat
teher
teherautó
tehet
tehetség
tehetséges
tehát
tehén
tej
tejet
tekintve
tele
telefon
teli
telik
teljes
tellyes
telt
templom
tene
tened
tenem
tenger
tengeri
tengerész
teni
tenne
tenned
tennem
tenni
tennie
tenné
tennéd
tennék
tennél
tenném
tennünk
tenyleg
tenünk
terem
terhes
terjed
termeszetesen
természet
természetes
természetesen
terrorista
terv
tervez
terület
tessek
tesszük
tessék
test
testi
testver
testvér
tesz
teszed
teszek
teszel
teszem
teszi
teszik
tesznek
teszt
teszünk
tesék
tesó
tet
tete
teted
tetem
tetszene
tetszenek
tetszeni
tetszet
tetszett
tetszik
tett
tette
tetted
tettek
tettel
tettem
tettes
tették
tettél
tettük
tettünk
tetél
tetü
thomas
ti
tied
tigris
tilos
tiltott
tina
tipikus
tiszt
tiszta
tisztelet
tisztességes
tisztán
titkos
titok
titokzatos
tiz
tizedes
tizenöt
tiéd
tiétek
tobb
tobbe
tobbet
tobbi
tobbiek
tojás
tok
tokeletes
tole
toled
tolem
tolvaj
tolvaly
tom
torony
torta
tortenet
tortenik
totál
tovabb
tovabbra
tovább
további
továbbra
továbbá
tqlán
tragikus
tragédia
trükk
tucat
tud
tudomány
tudományos
tudta
tudtuk
tudtunk
tudós
tul
tulajdonképen
tulajdonképpen
tulajdonos
tulalydonképpen
tunik
turner
tuti
tuz
tv
twitter
ty
tyü
tábor
tábornok
támad
támadt
támadó
tán
tánc
táncol
táncos
tárgy
tárgyalás
társadalmi
társadalom
társak
társaság
táska
távol
távoli
távolság
tégy
tél
télapó
téma
ténaleg
tény
tényldg
tényleg
tér
térkép
tét
téved
téves
tévé
típus
tíz
tó
több
többe
többen
többet
többi
többiek
többnyire
többször
többé
töfb
tök
tökeletes
tökfej
tökéletes
töle
töled
tölem
töletek
tölt
töltött
tölük
tölünk
tömeg
tönkrement
tönkretette
törpe
tört
törtenik
történelem
történelmi
történet
történik
törvény
törvényes
törzs
törékeny
törödik
törött
törődik
túl
túlzás
tü
tükör
tünik
türelem
türelmes
tüz
tüzet
tüzijáték
tüzoltó
tüzoltóság
tőle
tőled
tőlem
tőletek
tőlük
tőlünk
tűnik
tűz
tűzoltó
ubye
udv
udvarias
ufán
ugae
ugorj
ugrani
ugrott
ugy
ugyan
ugyanabban
ugyanakkor
ugyanaz
ugyanazok
ugyanazon
ugyanazt
ugyanez
ugyanezt
ugyanijen
ugyanis
ugyanojan
ugyanojanok
ugyanolyan
ugyanígy
ugyanúgy
ugye
ugyhogy
ugyis
ugynok
uj
ujjlenyomat
ujra
unalmas
univerzum
ur
ura
urak
uramisten
ures
uristen
usa
ut
utal
utan
utana
utazik
utazott
utazás
utca
utcai
utoljara
utoljára
utollyára
utolso
utolsó
utál
után
utána
utánad
utánam
utáni
utánuk
utánunk
utóbb
utóbbi
uzlet
vaby
vacak
vacsora
vad
vadász
vadászik
vagaok
vagaunk
vagy
vagyik
vagyis
vagyok
vagytok
vagyubk
vagyunk
vajon
vak
valaha
valahi
valahogy
valahol
valahova
valahová
valahányszor
valaii
valaki
valamejik
valamejikük
valamelyik
valami
valamiféle
valamijen
valamikor
valamilyen
valamint
valaszt
vall
vallásos
valo
valoban
valodi
valojaban
valoszinuleg
valoszinüleg
valqki
valqmi
valt
valyon
való
valóban
valódi
valójában
valólyában
valós
valószínü
valószínüleg
valószínütlen
valószínű
valószínűleg
valóság
valóságos
van
vanak
vanbak
vannak
vannqk
var
varos
varázslat
varázslatos
varázsló
vastag
vasárnap
vdle
vdled
vdlem
vedd
vegen
vegig
vegre
vegul
vegye
vegyek
vegyem
vegyen
vegyék
vegyél
vegyétek
vegyük
vegyünk
vegül
veie
veied
veiem
veldd
veldm
vele
veled
velem
veletek
veluk
velunk
velük
velünk
vendég
veni
venned
vennem
venni
vennünk
ver
vera
verseny
vesszük
vesz
veszed
veszek
veszel
veszelyes
veszem
veszi
veszik
vesznek
vesztes
veszteség
vesztett
veszéj
veszéjes
veszély
veszélyes
veszít
veszünk
vet
vete
vetem
vetett
vetni
vett
vette
vetted
vettek
vettem
vették
vettél
vettük
vettünk
vevö
vezet
vezeto
vezetés
vezetö
vezető
vezér
vicc
viccel
vicces
victor
vidd
videó
vidám
vidéki
vigye
vigyem
vigyen
vigyáz
vigyázat
vigyék
vigyél
vigyétek
vigyük
vihar
vilag
vilagos
villám
vilna
vilt
viltam
világ
világhírü
világos
vince
vincent
vini
vinnem
vinni
vinnünk
virginia
virág
visaza
visel
viselkedik
viselt
vissga
vissza
visszafelé
visszatért
visszük
visz
visza
viszed
viszel
viszem
viszi
viszik
viszlat
viszlát
viszont
vita
vitt
vitte
vittem
vitték
viz
vizes
vizsgálat
vjssza
voina
voit
volba
volfam
volna
volnék
volt
voltak
voltal
voltam
voltatok
voltqm
voltunk
voltál
von
vonal
vonat
vonatkozik
vonzó
voros
vqgy
vqgyok
vqgyunk
vqlaki
vqlami
vqnnak
vád
vádlott
vágott
vágy
vágyik
vágás
válasz
válaszol
választ
választott
választás
válik
vállalat
vált
változik
változtat
változás
vámpír
vár
váratlan
város
városi
várt
védelem
védeni
védett
vég
végez
végezte
végig
végleg
végre
végsö
végső
végtelen
végzet
végzett
végzödik
végén
végére
végül
vékony
vélem
véletlen
véletlenszerü
vén
vér
véres
vérnyomás
vért
vérzik
vétel
véve
vírus
víz
völegény
vörös
walter
washington
wells
william
wilson
york
zach
zaj
zajlik
zavar
zavaros
zavart
zene
zenei
zombi
zsaru
zseni
zseniális
zsidó
zsír
zsüri
zár
zárt
zöld
zöldfülü
zür
zürzavar
ácsi
ágy
áh
ál
álat
áldott
áldozat
áll
állam
állami
állandó
állat
állati
állomás
állás
állítólag
álló
álmok
álom
által
általában
általános
ám
ámen
április
ár
áram
áron
árt
ártatlan
árul
árva
át
átkozot
átkozott
átlagos
átmeneti
átok
ébren
ébresztö
ébresztő
édes
ég
éhes
éjfél
éjjel
éjszaka
él
éles
élet
éljen
éllyen
élmény
élylyel
élyszaka
élö
élő
én
énekel
énekes
ép
épen
épp
éppen
épület
ér
érdekel
érdekelt
érdekes
érdemel
érdemes
érett
érez
érintett
érkezik
ért
értelmes
értelmetlen
érthetö
érthető
értékes
értékü
érzelmi
érzett
érzékeny
érzés
és
észak
északi
étel
étterem
év
évad
éve
évente
éves
évi
így
íme
ír
írás
író
ítélet
ízlik
óceán
óra
óriás
óriási
óránként
órás
óta
óvatos
öccse
öcsi
öcséd
öcsém
öfelsége
öl
ölt
ön
önfejü
öngyilkos
önként
önkéntes
önmagad
önmagam
önt
önzö
önző
ör
ördög
ördögi
öreg
öregember
örmester
örnagy
örség
örök
örökké
örökre
öröm
örül
örület
örült
ösi
össze
összes
összesen
ösze
öszes
öszinte
öt
ötlet
ötven
ötödik
ötös
övé
özvegy
úgy
úgyhogy
úgyis
úgynevezett
úgyse
úgysem
új
újból
újonc
újra
újság
újságíró
úly
úlyra
úlyság
úr
úriember
úristen
úrnö
úrnő
út
útközben
üdv
üdvözlet
ügy
ügyes
ügyfél
ügynök
ügynökség
ügyvéd
ügyész
ül
ür
üres
ürhajó
ürhajós
üveg
üz
üzenet
üzlet
üzletember
üzleti
őfelsége
őr
őrmester
őrnagy
őrség
őrület
őrült
ősi
őszinte
