# A number, then the words denoting it: 1 one first
# Tatar in Cyrillic script (39 letters). pkg/kb ships kbdtat and kbdtt102, both Cyrillic; CLDR tt is Cyrillic. Zamanalif/Latin is deliberately not used here.
0 нуль нульенче
1 бер беренче
2 ике икенче
3 өч өченче
4 дүрт дүртенче
5 биш бишенче
6 алты алтынчы
7 җиде җиденче
8 сигез сигезенче
9 тугыз тугызынчы
10 ун унынчы
11 унбер унберенче
12 унике уникенче
13 унөч унөченче
14 ундүрт ундүртенче
15 унбиш унбишенче
16 уналты уналтынчы
17 унҗиде унҗиденче
18 унсигез унсигезенче
19 унтугыз унтугызынчы
20 егерме егерменче
21 егермебер
22 егермеике
23 егермеөч
24 егермедүрт
30 утыз утызынчы
40 кырык кырыгынчы
50 илле илленче
60 алтмыш алтмышынчы
70 җитмеш җитмешенче
80 сиксән сиксәненче
90 туксан туксанынчы
100 йөз йөзенче
200 икейөз
300 өчйөз
400 дүртйөз
500 бишйөз
600 алтыйөз
700 җидейөз
800 сигезйөз
900 тугызйөз
1000 мең меңенче
1000000 миллион миллионынчы
1000000000 миллиард миллиардынчы
