# The language's vocabulary, one word per line.
# Tatar in Cyrillic script (39 letters). pkg/kb ships kbdtat and kbdtt102, both Cyrillic; CLDR tt is Cyrillic. Zamanalif/Latin is deliberately not used here.
%
*
+
-
.
/
0
1
10
100
1000
1000000
1000000000
11
12
13
14
15
16
17
18
19
2
20
200
21
22
23
24
3
30
300
4
40
400
5
50
500
6
60
600
7
70
700
8
80
800
9
90
900
@
A
B
C
E
H
K
M
O
P
T
X
Y
_
a
ae
b
bl
b̔"
c
cl
d
di
dl
e
email
f
g
h
i
ib
ih
ik
j
k
l
lO
lb
lc
lh
lk
m
n
nn
o
oe
p
q
r
rn
rr
s
ss
t
u
url
v
vv
v̇
w
x
y
z
¡
Þ
ß
à
á
â
ã
ä
å
æ
ç
è
é
ê
ë
í
î
ï
ñ
ó
ô
ö
ø
ù
ú
û
ü
ý
þ
ÿ
ă
ć
ċ
č
đ
ē
ĕ
ė
ę
ě
ğ
ġ
ģ
ĭ
ı
ĸ
ł
ń
œ
ś
ţ
ŭ
ź
ż
Ƅ
ƅ
ƅi
ƈ
Ə
ƒ
ơ
Ʒ
ƿ
ǎ
ǐ
ǔ
ǝ
ǵ
Ȝ
ȧ
ȯ
Ʌ
ɉ
ɑ
ɓ
ɗ
ə
ɜ
ɡ
ɢ
ɣ
ɩ
ɫ
ɯ
ɱ
ɸ
ɼ
ɽ
ʀ
ʂ
ʍ
ʏ
ʐ
ʙ
ʜ
ʝ
ʠ
Ο
γ
ι
κ
μ
ν
ο
ρ
τ
υ
Ϝ
ϲ
ϳ
ϵ
Ϸ
Ѐ
Ё
Ѓ
Ќ
Ѝ
Ў
А
Б
В
Г
Е
Ж
З
И
Й
К
Л
М
Н
О
Р
С
Т
У
Х
Ч
Ы
Ь
Э
Ю
а
аазан
аайнинг
аайыз
ааклагыч
аакланган
ааклык
аалым
ааләм
аанель
аара
аараш
аароль
аатч
аатыпалу
абфй
абый
абыф
аввру
авоо
авто
авторизациф
авторизация
авторрзация
автҗ
авуз
авыб
авыз
авыи
авыл
авыр
авырв
авыру
авың
авял
авөр
агач
агая
агермедүрт
агерменче
агза
агпч
агъза
агъзалык
адаин
адиес
админ
адмип
адрес
адресс
адреч
аертем
аерү
аеңенче
аз
аибет
аилек
аиллиард
аинем
аичә
аиңәш
ай
айе
ак
акаунт
аккауни
аккаунт
акксунт
акрен
акча
акчаа
акчс
акыа
алабуга
алабугм
аладуга
алаи
алаоның
алар
аларнын
аларныю
аларның
алга
алгк
алдантулау
алдантуләү
алдантүлаү
алдантүләу
алдантүләх
алдантүләү
алданҗүләү
алдау
алдаө
алея
алкр
алкчы
аллея
алра
алтиыш
алтмыл
алтмыоынчы
алтмыш
алтмышынчы
алтмышынчө
алтчйөз
алтчнчы
алты
алтыйоз
алтыйөд
алтыйөз
алтынчу
алтынчы
алтө
алу
алучф
алучы
алҗы
алңау
ана
анчң
аныд
анын
аның
аобиль
аорпорация
аотор
аочта
апа
апарат
аппарат
аренда
арендм
арепда
арзив
аркада
аркадк
аркпда
артка
арткв
архив
архич
арҗка
астагфсызык
астагысызыв
астагысызык
астыаызык
астысызык
астысызыу
ат
атеа
ати
атна
атнп
атрим
аудил
аудио
аулио
аурс
аурәт
аутентийикация
аутентификациф
аутентификация
аушымта
ахыр
ахыт
ахяр
ачу
аш
аша
ашаилык
ашамлыа
ашамлык
ашыгыч
ашыгыы
ашышыч
аызыл
аырык
аяк
аүзәтү
аүчемсез
аүчермә
аәбәп
аәгать
аәгнә
аәгълүмат
аөчле
б
бабл
бабык
багк
базар
базат
бай
бала
балв
балл
балыв
балык
балә
бана
банк
банкк
барлыв
барлык
бароык
бахар
бахетле
баш
башлак
башлангыч
башлангыя
башлау
башлпнгыч
башшау
бая
баәа
бгары
бебән
бедем
без
безнед
безнен
безнең
безпең
белан
белдеру
белдерэ
белдерү
белем
белес
беллерү
беләг
белән
бер
беренче
беренчп
берннче
бидейөз
биденче
бик
битез
биш
бишенче
бишенчн
бишйоз
бишйөз
бишйөә
бишкнче
бишфөз
бию
биңелү
биңү
блог
блоквейн
блокланган
блоклангар
блоклснган
блокчейе
блокчейн
блор
блҗг
богус
бозылк
бозылу
бозөлу
болыт
болыҗ
бонув
бонус
бонын
борыг
борын
бошыт
броньлау
броньлаө
бу
буген
булак
булек
булма
булмә
булфшу
булышу
булышы
буләк
буш
бушлай
бушлаө
бушәай
бүген
бүгеп
бүдек
бүлак
бүлек
бүлеу
бүлма
бүлмд
бүлмә
бүләк
бүләу
бүоен
бүртенче
бүҗәк
бүәмә
бәрес
бәхатле
бәхетле
бәхетлк
бәя
в
вааыт
вабинет
вадәр
вайда
вайчан
вакансиф
вакансия
вакарсия
вакыо
вакыт
валкын
вамилләштерү
ваплау
вараңгылык
варык
варьера
вату
ввыру
вгач
веб
вебек
везнең
веннар
вечкенә
вигезенче
вигус
видел
видео
виксән
вилео
винең
вирус
вируч
витап
вйнату
вкучы
вларның
влга
влдау
влтмышынчы
влты
внбер
внсигезенче
внтугыз
внынчы
внөченче
вобака
вомпания
вонсоль
ворал
ворау
воры
вояш
вркада
встысызык
втраховка
вугыш
вунакханә
вупон
вуркынычлы
вэшбэк
вәламәтлек
вәрзин
вәҗә
вөйләшү
вөйләү
вөчсез
г
газ
галереы
галерея
галкрея
галлерея
гариза
гаризв
гаррза
гафу
гафө
гаөу
гена
генш
генә
гепә
гесторан
гигрият
гомкми
гомуми
гомумп
грам
грамм
гульенче
гшбу
гыеа
гына
гынп
гәсем
гәфрәтләнү
д
да
давод
дагъва
даконсыз
далл
даманча
дану
дарес
дарк
дару
дарухана
даруханш
даруханә
даруңанә
даулат
даухезмат
дафтар
дафтәр
дашлау
даүләт
даүхезмәт
дебео
дебет
делет
делән
дефис
дефич
деөис
дингез
дишенче
диңгез
диңгеә
диңрез
дозылу
доиен
документ
докуменҗ
докусент
долыт
домен
домер
дореслау
доресләү
дорын
доя
дридик
дурт
дуртенче
дуртйоз
дуртйөз
дус
дуслаи
дуслар
дуслыа
дуслык
дусшар
дусәык
дүнт
дүро
дүройөз
дүрт
дүртенче
дүртенчн
дүртйоз
дүртйөз
дүртйөә
дүрткнче
дә
дәгъва
дәгъвк
дәрем
дәрес
дәтес
дәуләт
дәухезмәт
дәфтар
дәфтән
дәфтәр
дәфҗәр
дәңгәр
дәүдәт
дәүлат
дәүләи
дәүләт
дәүхезмат
дәүхезмәр
дәүхезмәт
дәүхнзмәт
дөреаләү
дөреслаү
дөресләу
дөресләх
дөресләү
дөя
е
еарау
еачар
ебый
егегме
егераеике
егериебер
егерме
егермебер
егермебет
егермедурт
егермедүрт
егермедүрҗ
егермеика
егермеике
егерменче
егерменчн
егермеоч
егермеөч
егермеөя
егермк
егермкдүрт
егерпеөч
егерсенче
еино
еисәтү
ел
елга
елгп
елиент
елна
еолак
еоманда
еортал
еосылка
ередит
ериз
ерипто
ерофиль
естагысызык
етна
еудио
еулланучы
еуркыныч
еырыгынчы
еәрсә
еәтиҗә
еөрән
ж
жавап
жаза
жай
жамгыять
жибару
жибәрү
жиде
жидейоз
жидейөз
жиденче
жил
жинел
жинелу
жину
жир
житез
житкеру
житкерү
житмеш
житмешенче
жиңел
жиңелү
жиңү
жылы
жыр
жәза
жәй
жәмгыять
з
завод
завоң
заеаз
заеон
заказ
закаң
закерланган
закимият
закоесыз
закон
законсыз
законсых
закор
заманча
заманчп
замвнча
зангар
запроа
запрос
заптос
зарарлу
зарарлы
зармрлы
заыод
заңгәр
звездочка
звездочкк
звезңочка
згъза
згъзалык
зебет
зезмәт
зисапфактура
зкрен
зур
зыын
зыяе
зыян
зәбәр
зәбәрләр
зәнгәр
зәңгар
зәңгәо
зәңгәр
зәңнәр
и
иабиб
иаксат
ианыклык
иаркет
иаслау
иатар
иатарстан
иашина
иглаг
иглан
игтибап
игтибар
игтрбар
игшан
игълан
игълап
игътибап
игътибар
игъттбар
игъшан
идара
идарл
идарә
идкрә
иедиа
иейс
иикшерү
ииллион
иилләт
иинус
икаәк
ике
икегче
икейоз
икейөз
икейөң
икенче
икенчп
икефөз
икмак
икмәв
икмәк
ил
илбе
илле
илленче
илленчп
иллн
иллннче
инде
индк
инзе
интеинет
интернер
интернет
интернетт
иняхшы
иокен
иоргызу
ир
ириә
ирограмма
ирта
иртага
иртагә
иртз
иртшгә
иртә
иртәга
иртәгз
иртәгә
исам
исанмесез
исее
исем
исес
иске
искп
исәнаесез
исәнмесед
исәнмесез
ит
иугызынчы
ишее
ишек
ишкк
иынычлык
иң
иңяхшф
иңяхшы
иңяңшы
иүбән
иүләү
иәктәп
иәрәзә
иәхмәт
иәче
иөер
й
ймет
йоз
йозенче
йоклау
йокләү
йолдыз
йолдызча
йолдызчс
йолдың
йолдөзча
йолңыз
йонт
йорак
йоро
йорт
йорәк
йөз
йөзенче
йөзенчн
йөзкнче
йөклаү
йөкләу
йөкләэ
йөкләү
йөкшәү
йөнәк
йөрак
йөрәв
йөрәк
к
кабинет
кабинеҗ
кабмнет
кагаш
кагта
кадан
кадар
кадәг
кадәм
кадәр
кажа
казае
казан
казанн
кайгар
кайда
кайдс
кайнан
кайнар
кайтарв
кайтару
кайчаг
кайчан
кайяан
кайҗару
какансия
какыт
калам
калеан
калкан
калкар
каләм
каләс
камиллаштеру
камиллаштерү
камиллшштерү
камилләштеру
камилләштерэ
камилләштерү
кампания
камса
кан
каоа
капау
каплак
каплау
капшау
кар
кара
караг
карангылык
карау
караш
караы
караңгылые
караңгылык
караңнылык
карзин
карк
карта
картв
карьера
карьерс
каса
касса
кассв
каюәр
каҗә
каөда
квитанцич
квитанция
квитенция
квто
квторизация
квыл
кгермебер
кдрес
кебее
кебек
кегтү
кеием
кем
кеоү
кереа
керем
кероем
кертем
кертес
керту
кертх
кертү
керу
керх
керү
кечкена
кечкенз
кечкенә
кечуенә
кеше
кешп
кеҗек
кеәе
ки
кибеи
кибет
кивә
кидео
кидет
кизәш
кииап
кинаш
кино
кинт
кинәш
киро
кисату
кисатү
кисдтү
кисәту
кисәтэ
кисәтү
китап
китар
кич
кича
кичш
кичә
киңаш
киңәг
киңәш
кккаунт
клабуга
клас
класс
клигика
клиено
клиент
клиника
клиникв
клипнт
клтмыш
кнбиш
кндүрт
кнҗиденче
код
коз
кой
койлау
койләү
колав
колак
колектив
коллектив
команда
команде
комерция
комисия
комиссия
коммерция
коммнда
компаниы
компания
компмния
компьютеп
компьютер
кон
конгрес
конгресс
консоль
контооль
контроль
кончоль
кооак
копал
корад
корал
коран
корпооация
корпорациы
корпорация
корән
котдау
котлав
котлау
кофе
кофэ
коч
кочле
кочсез
кочш
кош
кояш
кояә
кредио
кредит
кренда
креәит
криито
крипто
криптш
ктызынчы
куат
куеон
куз
кузату
кузт
кузәтү
кук
кул
кулланучы
кулланучя
куллкнучы
кунакхана
кунакханз
кунакханә
кунауханә
кунел
куос
куп
купог
купон
куркчныч
куркыгычсыз
куркыеычлы
куркыныв
куркыныссызлык
куркыныч
куркынычлы
куркынычля
куркынычсыз
куркынычсызлыа
куркынычсызлык
куркынычсың
курс
курч
кутентификация
кучемсез
кучерма
кучермә
кучеру
кучерү
кушв
кушвмта
кушу
кушымта
кушымтк
куңел
куәр
куәт
куәу
кхыр
кшыгыч
кыдыл
кыекмызык
кыексызыа
кыексызык
кызыл
кызыш
кыиык
кымка
кыр
кырыгынчв
кырыгынчы
кырык
кырыоынчы
кырыу
кыска
кыскк
кыш
кэшбек
кэшбэе
кэшбэк
кэшҗэк
күз
күзатү
күзлтү
күзәту
күзәтх
күзәтү
күк
күл
күнел
күп
күхел
күчармә
күчемсез
күчемсеә
күчепсез
күчерма
күчермш
күчермә
күчеру
күчерх
күчерү
күчнрү
күңел
күңеш
кәжә
кәрзиг
кәрзин
кәрәин
кәтә
кәҗа
кәҗз
кәҗә
көвле
көз
көй
көйлаү
көйләу
көйләэ
көйләү
көйшәү
көн
көпән
көран
көрән
көрәп
көч
көчле
көчлк
көчсез
көчсех
көччез
л
лакин
лашлангыч
лгза
лезнең
лелем
лзайту
лигърият
ликле
литкерү
лишйөз
ллокчейн
логин
логип
логын
лооин
лотереф
лотерея
лотнрея
лояльлев
лояльлек
лроньлау
лүлек
лүләк
ләгъва
ләза
ләкиг
ләкин
ләмгыять
ләуин
ләфтәр
ләхетле
ләүләт
м
маглумат
маглүмат
магна
магнә
магълумат
магълүмат
магъна
магънә
маданият
мадәният
май
маймыд
маймыл
майнинг
майнинн
майпинг
майсыл
макват
маклау
максао
максат
мактап
мактәп
мал
марает
маркео
маркет
маспорт
матбугат
матбугаҗ
матбөгат
матыпалучы
махаббат
махәббәт
маче
машина
машине
машпна
мвыз
мгътибар
мегю
медиа
медис
медицина
медицинм
мен
менб
мененче
меню
мервер
мерсүз
мессегджер
мессенджер
мессенджет
метал
металл
мең
меңанче
меңел
меңенче
меңенчк
меәиа
мибь
мигезйөз
мидек
милбион
милек
милеу
милиард
милион
миллат
миллиагдынчы
миллиард
миллиардынчф
миллиардынчы
миллиарә
миллигнынчы
миллион
миллионынчы
миллионынчя
миллиоп
миллрард
милләо
милләт
милшәт
миль
мимал
мин
минем
минес
министрлыа
министрлык
минисҗрлык
минуа
минус
мипем
мирус
мисаб
мисал
мкейөз
мкенче
млдантүләү
млленче
млучы
млэш
мнтернет
мобиль
мобрль
мооор
моражагать
морәҗәгать
мотоп
мотор
мофт
мртка
мске
мтарт
музей
музеө
музчка
музыка
музыке
мухей
мшамлык
мыер
мыйфатлы
мылтама
мәглумат
мәглэмат
мәглүмар
мәглүмат
мәгна
мәгнш
мәгнә
мәгъдүмат
мәгълумат
мәгълүмаи
мәгълүмат
мәгъна
мәгънд
мәгънә
мәданият
мәдәгият
мәдәнияр
мәдәният
мәкрәп
мәктап
мәктән
мәктәп
мәрнә
мәхаббәт
мәхәббат
мәхәббәр
мәхәббәт
мәхәюбәт
мәча
мәче
мәые
мәяхәт
мөраҗәгать
мөрәжәгать
мөрәҗагать
мөрәҗшгать
мөрәҗәгать
н
надио
нарса
нарсә
насар
натижа
натиҗә
нафратлану
нафрәтләнү
начан
начар
нгермеике
ничее
ничек
нияек
нлюс
нокта
нокте
ноль
номуми
ноута
ношлина
ноәь
нроцент
нубь
нуль
нульенча
нульенче
нульпнче
нәисә
нәрса
нәрсд
нәрсә
нәсми
нәтижә
нәтиҗа
нәтиҗд
нәтиҗә
нәттҗә
нәфратләнү
нәфрәрләнү
нәфрәтланү
нәфрәтләну
нәфрәтләнэ
нәфрәтләнү
о
оавыш
оариза
оарих
оафу
оегма
оенә
оехника
оешма
оешме
озайтк
озайту
озаөту
озфн
озын
озып
оикәр
оире
оитмеш
оиңел
омет
онлайн
онлайр
онлпйн
оойгы
оормыш
оранспорт
оригинал
оригинаә
оригпнал
оту
оугызйөз
оуксанынчы
оулы
очен
оченче
очйоз
очйөз
ошбу
ошбө
ошду
оәкъдим
п
паймыл
пайыз
пайыә
панель
паннль
парлль
парол
паролл
пароль
пасиорт
паспорт
паспорҗ
патбугат
патч
паты
пафыз
паҗч
пвыр
пгерме
пгермеөч
пгтибар
пиллионынчы
пиль
пин
пичек
пкча
плаг
план
плар
плбс
плкн
плюа
плюс
пнде
повта
покта
полиа
полис
пороал
портаб
портал
посылка
посылкм
посялка
почта
почтк
пошис
пошлина
пошлинп
пошоина
пргмо
премиуи
премиум
пресиум
приз
приә
про
проггамма
програма
программа
программв
пройиль
промо
промт
професор
профессор
профиль
процент
проценҗ
процес
процесс
пррз
прхив
псем
пузыка
пуль
пңяхшы
пөрәҗәгать
пөхсәт
р
рабио
рабу
радио
радиҗ
ралерея
раможня
рариф
расбау
расем
раслак
раслау
расми
расмилаштеру
расмиләштерү
рахмат
рахмәт
рглан
рейм
рейс
рейтинг
рейтино
рейҗинг
релефон
рестораг
ресторан
рестрран
реөс
рикшерелгән
рлан
рлле
рнлайн
ролис
роль
рохсат
рохсәт
рремиум
рромо
рртә
рртәгә
ругыз
ршек
рына
рүләмә
рәами
рәсеи
рәсем
рәсми
рәсмилаштерү
рәсмилзштерү
рәсмиләштеру
рәсмиләштерх
рәсмиләштерү
рәсмм
рәхаәт
рәхмат
рәхмәо
рәхмәт
рәчем
рөркем
рөхаәт
рөхсат
рөхсәи
рөхсәт
с
сабап
сабым
сабәп
сагать
сагы
сайр
сайт
сайыт
сакбау
сакбык
саклагыс
саклагыч
саклангаг
сакланган
саклау
саклаы
саклкнган
саклмгыч
саклые
саклык
саламатлек
саламәтлек
салвын
салкые
салкын
салыи
салым
сан
сангать
саоу
саоык
сарф
сары
сарык
сарыу
сату
сатыеалу
сатыпалк
сатыпалу
сатыпалучв
сатыпалучы
сатыпвлучы
сатө
сау
сафт
саяхат
саяхәт
сдмин
сеанв
сеанс
седицина
сез
сезнен
сезнеэ
сезнең
сезпең
сенел
сеню
сепнс
сервеи
сервер
сервүз
серсуз
серсүд
серсүз
серуер
сесия
сессенджер
сессия
сехел
сеңед
сеңел
сиггал
сигеденче
сигез
сигезенче
сигезенчк
сигезйоз
сигезйөд
сигезйөз
сигең
сигеңйөз
сигнал
сигнао
сикаән
сиксан
сиксаненче
сиксәгенче
сиксәе
сиксән
сиксәненче
сиксәненчп
силлиардынчы
син
синед
синен
синең
синистрлык
сипең
сирус
сисал
сишез
слтыйөз
слтынчы
слэо
слэш
слүш
смс
сның
собака
собакк
собпка
созгы
соиау
сойлашу
сойләшү
сон
сонгы
сооы
сорау
сораө
соры
сорө
сот
софо
софт
социаль
соцталь
соят
соң
соңгф
соңгы
спаа
спам
сппм
старо
старт
стврт
стним
страховка
страховкм
страңовка
стрии
стрим
су
сугыг
сугыш
суд
суз
сузей
сул
сунәт
сурат
сурыш
сурәт
сурәҗ
сыег
сыер
сызыа
сызык
сыйфатлв
сыйфатлы
сыйфвтлы
сылрама
сылтама
сылтамп
сыпр
сыхык
сүз
сәбап
сәбәм
сәбәп
сәгать
сәгкть
сәглүмат
сәгънә
сәдәният
сәламатлек
сәламлтлек
сәламәтлек
сәламәтлеу
сәнгать
сәншать
сәхәббәт
сәяхат
сәяхәо
сәяхәт
сәяэәт
сәҗәп
сөйдәшү
сөйлашү
сөйләшу
сөйләшх
сөйләшү
сөт
т
та
табиб
табил
табу
табө
тавап
тавыш
тавыә
тагиф
тагын
тагып
таду
такдим
такъдим
таможнф
таможня
тамтжня
тан
танка
таныелык
таныклыа
таныклык
таоын
тапих
тараза
тариф
тарих
тариы
тариү
тарәзә
татагстан
татан
татар
татарстан
татарстанн
татарстар
татарстн
тау
тауыш
таш
ташбама
ташлама
ташламе
таюиб
таҗар
таң
таңкә
тгълан
тдарә
теато
театр
тевтр
тейтинг
тел
телафон
телефое
телефон
телифон
телофон
тераәү
територия
теркау
теркаү
теркәу
теркәэ
теркәү
территория
техеика
техника
техникс
теш
тешма
тибәрү
тиде
тиз
тикшеиелгән
тикшерелган
тикшерелгәе
тикшерелгән
тикшеру
тикшерх
тикшерү
тикәерү
тире
тирн
тите
титмешенче
ткмәк
тоеен
тоер
тоз
тойгы
тойгя
токен
токер
тон
топ
тор
торгызв
торгызу
торкем
тормыш
тормыә
торсыш
торшызу
тос
тоташу
тоташы
тотмшу
точка
точкс
тош
тоыка
тоөгы
транзакциы
транзакция
транзмкция
транспорт
транспорҗ
транчпорт
тригинал
тсәнмесез
тубан
тубән
тугыз
тугызйоз
тугызйөз
тугызйөх
тугызынчч
тугызынчы
тугыхынчы
тугыә
тугыәйөз
тукван
туксаеынчы
туксан
туксанынчу
туксанынчы
туксап
тулам
тулама
тулау
тулы
туля
туләм
туләмә
туләү
турфдан
турфнда
турыдан
турыдап
турыз
турында
турындп
тушы
тылы
тыныслык
тынычлыа
тынычлык
тышчнда
тышында
тышынде
түбан
түбәм
түбән
түбәр
түлам
түламә
түлаү
түллмә
түләм
түләма
түләмш
түләмә
түләп
түләу
түләх
түләү
түюән
түәәү
тә
тәзкә
тәкдим
тәкдип
тәклим
тәкъдии
тәкъдим
тән
тәнкә
тәразә
тәрззә
тәрәза
тәрәзд
тәрәзә
тәсир
тәсмиләштерү
тәэсир
тәңка
тәңкл
тәңкә
төен
төер
төн
төнр
төп
төр
төрвем
төркем
төркес
төс
төш
у
уайнар
уайтару
уалкан
уарта
уасса
увитанция
уеечы
уен
уеннан
уеннар
уенпар
уенчв
уенчы
уерем
уертү
уеше
узак
узәк
уй
уйнату
уйнатө
уйнпту
уку
укучф
укучы
укыиучы
укытучу
укытучы
укычы
ул
улан
улем
улиника
улән
ун
уналиынчы
уналтф
уналты
уналтынчы
уналтынчя
унаәты
унбегенче
унбер
унберенче
унберенчп
унбет
унбигенче
унбио
унбиш
унбишенче
унбишенчн
ундер
ундурт
ундуртенче
ундхрт
ундүриенче
ундүро
ундүрт
ундүртенче
ундүртенчн
унжиде
унжиденче
унике
уникенче
уникенчп
уникн
уникннче
унлиш
унмке
уноч
уноченче
унсигазенче
унсигез
унсигезенче
унсигезенчк
унсигең
унстгез
унтугвзынчы
унтугыз
унтугызынчы
унтугызынчө
унтугыә
унтыгыз
унуч
унынчч
унынчы
уныпчы
унҗиде
унҗиденча
унҗиденче
унҗидп
унҗиәенче
унҗтде
унөч
унөчанче
унөченче
унөченчк
унөы
уомпьютер
уонтроль
уотлау
ураи
урам
уриан
урлаеган
урлангаг
урланган
урман
урмар
урмм
урнаштырв
урнаштыру
урнаәтыру
ут
утчз
утыз
утызынчы
утызынчя
утызөнчы
утых
ууркынычсыз
ууркынычсызлык
уушу
ууәт
учйөз
уыексызык
уыска
уң
уүчерү
уүңел
ф
файдаланучч
файдаланучы
файдаҗанучы
факиура
фактура
фактуре
фан
фзылу
фикеи
фикер
финанм
финанс
финвнс
фиуер
фишинг
фишино
фиштнг
фнчык
фолдызча
фооо
форт
фото
фотр
фшаныч
фңадан
фңарту
фән
фөзенче
фөкләү
фөрәк
х
хабар
хабарлар
хабәр
хабәрләр
хаиа
хаиын
хакерланган
хакерлангар
хакерәанган
хакииият
хакимияр
хакимият
хакыйкать
хакыйкый
хакыйкыф
хакыөкать
хакыөкый
халыв
халык
хам
хаоык
хапрос
хар
харарлы
хареф
хастахана
хастаханз
хастаханә
хасткханә
хат
хата
хатс
хатыг
хатын
хезиәт
хезмат
хезмәр
хезмәт
хезмәтт
хивап
хисан
хисап
хисапфактура
хисапфактурк
хисапфпктура
хич
хлемтә
хлән
хнергия
хоат
ховук
хокей
хоккей
хокук
хокумат
хокуу
хокүмәт
хонар
хоси
хосоинг
хост
хостинг
хостинн
хыыл
хыял
хыяо
хәбар
хәбарләр
хәбәгләр
хәбән
хәбәр
хәбәрлар
хәбәрләп
хәбәрләр
хәм
хәпеф
хәр
хәрей
хәреф
хәюәр
хөкумәт
хөкэмәт
хөкүмат
хөкүмәи
хөкүмәт
хөнәр
ц
ч
чай
чайт
чары
чат
чачак
чачәк
чеанс
чек
челоәр
челтар
челтәр
челтәт
чигез
чигнал
чиксәненче
чктылык
члган
чоциаль
чоңгы
чпам
чрдәм
чшанычлы
чшел
чыгарв
чыгару
чыгв
чыгеру
чыгу
чызык
чын
чышу
чәвәк
чәй
чәнгать
чәчак
чәчәк
чәчәу
ш
шалтырату
шалтыраты
шалтөрату
шап
шахар
шаһәр
шзын
шивле
шиггият
шигрияр
шигрият
шигъгият
шигърияи
шигърият
шикар
шикле
шиклк
шикәи
шикәр
шиуәр
шотерея
шул
шәп
шәхәр
шәһар
шәһәг
шәһәр
щ
ъ
ы
ыелтәр
ыенчы
ызылучы
ыишинг
ыкытучы
ыналтынчы
ынбишенче
ындүртенче
ынике
ырам
ырату
ырланган
ырлы
ытыз
ыхшы
ычен
ыченче
ышанучлы
ышаныч
ышанычлф
ышанычлы
ышаныя
ышапыч
ыңалык
ыңалыклар
ыңарган
ыңгыр
ыәчәк
ь
э
эзбәү
эзлау
эзлаү
эзләу
эзләэ
эзләү
эзәк
экспиесс
экспресс
экспресч
элеатр
элеитә
электо
электр
элем
элемта
элемтд
элемтә
эне
эненгия
энергич
энергия
эокук
эост
эостинг
эт
эчеедә
эченда
эчендз
эчендә
эш
эыял
эөкүмәт
ю
юалык
юарлык
юаруханә
югары
югарө
югпры
юелдерү
юиңгез
юк
юл
юлог
юридиа
юридик
юризик
юулышу
юуслык
юүген
юүртйөз
юәүхезмәт
я
яайдаланучы
ябу
яз
язылк
язылу
язылучв
язылучы
языоучы
язөлу
яки
яктвлык
яктылык
яктылыу
ялгае
ялган
ялран
яна
янадан
яналык
яналыклар
янарган
янарту
янгыр
янсык
янчыа
янчык
яото
яратв
ярату
ярдам
ярдәа
ярдәм
ярлв
ярлы
яроы
ярсту
ярңәм
яхгы
яхшв
яхшы
яшел
яшеә
яшкл
яыгару
яыгу
яңа
яңадаг
яңадан
яңаиган
яңалфклар
яңалык
яңалыклао
яңалыклар
яңалыу
яңанту
яңаргае
яңарган
яңартк
яңарту
яңаҗык
яңаәан
яңгыр
яңгыт
яңшыр
ѐ
ё
ѓ
є
ѕ
і
ј
ќ
ѝ
ў
ѡ
ѵ
Ғ
җ
җаваи
җавап
җагын
җаза
җазар
җай
җала
җамгыять
җанк
җачап
җашлама
җеатр
җеренче
җеркәү
җибарү
җибзрү
җибәру
җибәрх
җибәрү
җиде
җидейоз
җидейөд
җидейөз
җиденча
җиденче
җидп
җидпйөз
җидпнче
җизе
җизү
җил
җинел
җинелү
җинү
җир
җирез
җитед
җитез
җиткеру
җиткерэ
җиткерү
җитмег
җитмеш
җитмешенче
җитмешенчп
җитмеәенче
җитпеш
җитуерү
җиюел
җиңел
җиңелу
җиңелэ
җиңелү
җиңео
җиңплү
җиңу
җиңэ
җиңү
җлокланган
җогин
җонус
җоташу
җочка
җояльлек
җранзакция
җуксан
җурыдан
җурында
җушлай
җылф
җылы
җыр
җышында
җыәы
җүлмә
җүләм
җәза
җәзс
җәй
җәкдим
җәкин
җәмгчять
җәмгыять
җәңкә
җәәа
ң
ңакыйкать
ңару
ңастаханә
ңата
ңатын
ңзләү
ңокумент
ңуслар
ңчендә
ңыян
ңүрт
ңәреф
ҫ
Ү
ү
үакыйкый
үалык
үзак
үздк
үзәв
үзәк
үисап
үкспресс
үлан
үлеи
үлектр
үлем
үлзн
үлкм
үлән
үләр
ҳ
һ
һам
һар
һич
һонәр
һәм
һәр
һөнар
һөнәр
һөнәт
һөпәр
ҽ
Ӂ
ӂ
Ӑ
ӑ
Ӓ
ӓ
Ӗ
ӗ
Ә
ә
әаказ
әакон
әалтырату
әвездочка
әгза
әгзе
әгъза
әгъзалыв
әгъзалык
әгъзе
әгъзмлык
әгәа
әефис
әйе
әкпен
әкрен
әкреп
әомен
әти
әәһәр
әөресләү
Ӛ
ӛ
Ӝ
ӝ
Ӟ
ӟ
Ӣ
ӣ
Ӥ
ӥ
Ӧ
ӧ
Ө
ө
өактура
өикер
өинанс
өмер
өмет
өмнт
өналты
өнберенче
өникенче
өнсигез
өнтугызынчы
өнҗиде
өнөч
өолдыз
өрман
өрнаштыру
өч
өчан
өчее
өчен
өченче
өченчк
өчепче
өчйоз
өчйөд
өчйөз
өчөөз
Ӫ
ӫ
Ӭ
ӭ
Ӯ
ӯ
Ӱ
ӱ
Ӳ
ӳ
Ӵ
ӵ
Ӹ
ӹ
ԁ
Ԍ
ԛ
ԝ
Ս
Օ
ա
գ
զ
ժ
հ
ս
ց
ا
ة
ه
١
٨
Ⴝ
Ꭵ
Ꮒ
Ꮪ
ᴄ
ᴈ
ᴋ
ᴍ
ᴎ
ᴏ
ᴑ
ᴙ
ᴛ
ᴜ
ᴡ
ᴢ
ᴦ
ᴫ
ᶌ
ṃ
ẋ
ạ
ẹ
ọ
ỏ
ỿ
ⲕ
ꙇ
Ꝫ
Ɜ
Ꭓ
Ꞵ
ꬲ
ꬽ
ꭇ
ꭈ
ꭚ
