abla alba
ablech albech
ablem albem
ablu albu
ablum album
ably alby
ablům albům
abysme abychom
andora andorra
andorou andorrou
andoru andorru
andory andorry
angouleme angoulême
angouléme angoulême
bardějov bardejov
bardějovem bardejovem
bardějovu bardejovu
bardějově bardejově
baze báze
bazemi bázemi
bazi bázi
bazí bází
bazích bázích
bazím bázím
blya byla
blyi byli
blyo bylo
blyy byly
boleslavy boleslavi
bratislavi bratislavy
byal byla
byil byli
byol bylo
bysme bychom
byyl byly
bící bicí
bících bicích
bícím bicím
bícími bicími
bý být
břeclavy břeclavi
databaze databáze
databazemi databázemi
databazi databázi
databazí databází
databazích databázích
databazím databázím
diskuze diskuse
divizie divize
diviziemi divizemi
divizii divizi
divizií divizí
diviziích divizích
diviziím divizím
doposavaď doposavad
dřívě dříve
eritree eritreje
eritrei eritreji
falklandech falklandách
falklandů falkland
falklandům falklandám
folie fólie
foliemi fóliemi
folii fólii
folií fólií
foliích fóliích
foliím fóliím
fůze fúze
guinee guineje
guinei guineji
himalajemi himálajem
himalajích himálaji
himalajím himálaji
himalajům himálaji
himalájemi himálajem
himalájích himálaji
himalájím himálaji
himalájům himálaji
himálajemi himálajem
himálajích himálaji
himálajím himálaji
himálajům himálaji
himálájemi himálajem
himálájích himálaji
himálájím himálaji
himálájům himálaji
idee ideje
ideí idejí
jeji její
jejih jejich
jejihc jejich
jejihcž jejichž
jejiho jejího
jejihž jejichž
jejim jejím
jejima jejíma
jejimi jejími
jejimu jejímu
jejíh jejích
jejíhc jejích
jejíhcž jejíchž
jejíhž jejíchž
jihlavi jihlavy
jízní jízdní
jízních jízdních
jízního jízdního
jízním jízdním
jízními jízdními
jíznímu jízdnímu
kalhotech kalhotách
kazaští kazašští
koncenz konsenz
koncenzem konsenzem
koncenzu konsenzu
koncenzus konsenzus
koreí korejí
kurz kurs
kvuli kvůli
kvúli kvůli
kvěnta května
kvěntu květnu
křestech křtech
křestem křtem
křestu křtu
křesty křty
křestů křtů
křestům křtům
lehší lehčí
lehších lehčích
lehšího lehčího
lehším lehčím
lehšími lehčími
lehšímu lehčímu
letišťní letištní
letišťních letištních
letišťního letištního
letišťním letištním
letišťními letištními
letišťnímu letištnímu
lidma lidmi
lidmy lidmi
lotyští lotyšští
lyžin ližin
lyžina ližina
lyžinami ližinami
lyžinou ližinou
lyžinu ližinu
lyžiny ližiny
lyžinách ližinách
lyžinám ližinám
majitely majiteli
medůza medúza
menčí menší
menčích menších
menčího menšího
menčím menším
menčími menšími
menčímu menšímu
millionu milionu
milliony miliony
millionů milionů
milliónu miliónu
millióny milióny
milliónů miliónů
mysly mysli
nashledanou shledanou
naších našich
neblya nebyla
neblyi nebyli
neblyo nebylo
neblyy nebyly
nebyal nebyla
nebyil nebyli
nebyol nebylo
nebyyl nebyly
nebý nebýt
nejdřívě nejdříve
nejlehší nejlehčí
nejlehších nejlehčích
nejlehšího nejlehčího
nejlehším nejlehčím
nejlehšími nejlehčími
nejlehšímu nejlehčímu
nejmenčí nejmenší
nejmenčích nejmenších
nejmenčího nejmenšího
nejmenčím nejmenším
nejmenčími nejmenšími
nejmenčímu nejmenšímu
nejsladčí nejsladší
nejsladčích nejsladších
nejsladčího nejsladšího
nejsladčím nejsladším
nejsladčími nejsladšími
nejsladčímu nejsladšímu
nejtenší nejtenčí
nejtenších nejtenčích
nejtenšího nejtenčího
nejtenším nejtenčím
nejtenšími nejtenčími
nejtenšímu nejtenčímu
nejvyší nejvyšší
nejvyších nejvyšších
nejvyšího nejvyššího
nejvyším nejvyšším
nejvyšími nejvyššími
nejvyšímu nejvyššímu
nejvýšše nejvýše
nejznámnější nejznámější
nejznámnějších nejznámějších
nejznámnějšího nejznámějšího
nejznámnějším nejznámějším
nejznámnějšími nejznámějšími
nejznámnějšímu nejznámějšímu
nekdější někdejší
nekdějších někdejších
nekdějšího někdejšího
nekdějším někdejším
nekdějšími někdejšími
nekdějšímu někdejšímu
nepohostinost nepohostinnost
nepohostinosti nepohostinnosti
nepohostiností nepohostinností
nepříjmout nepřijmout
nepříjmul nepřijmul
nepříjmula nepřijmula
nepříjmuli nepřijmuli
nepříjmulo nepřijmulo
nepříjmuly nepřijmuly
nesjem nejsem
nesji nejsi
nesjme nejsme
nesjou nejsou
nesjte nejste
nezačl nezačal
nezačla nezačala
nezačli nezačali
nezačlo nezačalo
nezačly nezačaly
nešťovic neštovic
nešťovice neštovice
nešťovicemi neštovicemi
nešťovicích neštovicích
nešťovicím neštovicím
niť nit
někdější někdejší
někdějších někdejších
někdějšího někdejšího
někdějším někdejším
někdějšími někdejšími
někdějšímu někdejšímu
něma nimi
němi nimi
němy nimi
obdobý období
obdobých obdobích
obdobým obdobím
obdobými obdobími
ocely oceli
ocun ocún
ocunech ocúnech
ocunem ocúnem
ocunu ocúnu
ocuny ocúny
ocunů ocúnů
ocunům ocúnům
ocůn ocún
ocůnech ocúnech
ocůnem ocúnem
ocůnu ocúnu
ocůny ocúny
ocůnů ocúnů
ocůnům ocúnům
odleva zleva
odprava zprava
okení okenní
okeních okenních
okeního okenního
okením okenním
okeními okenními
okenímu okennímu
ostantí ostatní
ostantích ostatních
ostantím ostatním
ostantími ostatními
ostantímy ostatními
ostaní ostatní
ostaních ostatních
ostaním ostatním
ostaními ostatními
ostanímy ostatními
ostatntímy ostatními
ostatnímy ostatními
očimi očima
očimy očima
pet pět
peti pěti
pohostinost pohostinnost
pohostinosti pohostinnosti
pohostiností pohostinností
popřípadně popřípadě
pote poté
potě poté
povinost povinnost
povinostech povinnostech
povinostem povinnostem
povinosti povinnosti
povinostmi povinnostmi
poviností povinností
povinostích povinnostích
poze pouze
praha práha
prosinece prosince
prosinecem prosincem
prosineci prosinci
prosinic prosinci
proto protože
protěžovat protežovat
pét pět
péti pěti
přesto přestože
přeze přese
přibyslavy přibyslavi
příjmout přijmout
příjmul přijmul
příjmula přijmula
příjmuli přijmuli
příjmulo přijmulo
příjmuly přijmuly
ranně raně
raních ranních
raního ranního
raními ranními
ranímu rannímu
sebou seboul
seshora shora
sjem jsem
sji jsi
sjme jsme
sjou jsou
sjte jste
skupinama skupinami
skupinamy skupinami
sladčí sladší
sladčích sladších
sladčího sladšího
sladčím sladším
sladčími sladšími
sladčímu sladšímu
směsy směsi
soběslavy soběslavi
speciální speciálni
standarda standarta
standardami standartami
standardou standartou
standart standard
sudán súdán
sudánem súdánem
sudánu súdánu
tamnejší tamější
tamnejších tamějších
tamnejšího tamějšího
tamnejším tamějším
tamnejšími tamějšími
tamnejšímu tamějšímu
tamnější tamější
tamnějších tamějších
tamnějšího tamějšího
tamnějším tamějším
tamnějšími tamějšími
tamnějšímu tamějšímu
tanzánie tanzanie
tanzánii tanzanii
tanzánií tanzanií
temat témat
temata témata
tematech tématech
tematem tématem
tematu tématu
tematy tématy
tematům tématům
tenší tenčí
tenších tenčích
tenšího tenčího
tenším tenčím
tenšími tenčími
tenšímu tenčímu
tragedie tragédie
tragediemi tragédiemi
tragedii tragédii
tragedií tragédií
tragediích tragédiích
tragediím tragédiím
triologie trilogie
triologiemi trilogiemi
triologii trilogii
triologií trilogií
triologiích trilogiích
triologiím trilogiím
těmy těmi
třemy třemi
třích tří
unor únor
unora února
unoru únoru
ušimi ušima
ušimy ušima
vaších vašich
verzy verzi
vlyv vliv
vratislavy vratislavi
vyjímka výjimka
vypadnul vypadl
vyší vyšší
vyších vyšších
vyšího vyššího
vyším vyšším
vyšími vyššími
vyšímu vyššímu
výjmenovaná vyjmenovaná
výšše výše
všemy všemi
zaneprázděný zaneprázdněný
začl začal
začla začala
začli začali
začlo začalo
začly začaly
zbraslavy zbraslavi
zcestný scestný
známnější známější
známnějších známějších
známnějšího známějšího
známnějším známějším
známnějšími známějšími
známnějšímu známějšímu
zpět spět
černoští černošští
červan června
červun červnu
čtyřmy čtyřmi
čáslavy čáslavi
šast část
šastech částech
šastem částem
šasti části
šastmi částmi
šastích částích
šastím částím
šást část
šástech částech
šástem částem
šásti části
šástmi částmi
šástích částích
šástím částím
žádny žádný
žádnych žádných
žádnym žádným
žádnymi žádnými
žádně žádné
