zacatek start spustit zacit
obchod trh nakup prodejna
prihlaseni prihlasit pristup login
ucet profil clen mujucet
uzivatel jmeno identita
bezpecny chraneny duveryhodny jisty
bezpecnost ochrana obrana stit
overit potvrdit validace kontrola
heslo kod pin prihlasovaci
autorizace autentizace token relace
obnovit resetovat vratit odemknout
podpora pomoc servis asistence
kontakt spojit oslovit komunikace
platba zaplatit pokladna checkout
faktura uctenka doklad vyuctovani
banka finance penize penezenka
karta kredit debet predplacena
prevod transakce vklad vyber
krypto mince blockchain tezba
posta email zprava dorucene
cloud server host hosting
web stranka online sit portal
domena odkaz adresa url
zpravy blog tisk media
zdarma darek bonus akce
sleva nabidka vyprodej kupon
cena vyhra odmena loterie
nejlepsi top premium pro
oficialni autenticky pravy original
novy nejnovejsi cerstvy moderni
rychly svizny expres hbity
aplikace program software nastroj
stahnout ziskat nainstalovat nastaveni
aktualizovat upgrade prodlouzit oprava
hledat najit vyhledavani dotaz
doruceni doprava balik sledovani
objednavka kosik nakupy dokoncit
zakaznik kupujici predplatitel
admin sprava konzole panel
centrum uzel hlavni obecny
skupina tym firma korporace
data zaloha archiv uloziste
foto obrazek galerie snimek
video stream sledovat prehrat
hudba audio zvuk radio
hra hry hrac arkada
chat rozhovor messenger zive
socialni komunita pratele sledujici
prace zamestnani kariera nabor
zdravi lekar klinika lekarna
cestovani let hotel rezervace
jidlo restaurace menu kuchyne
skola uceni kurz studium
zakon pravni soud prava
vlada stat ministerstvo verejny
dan financni clo poplatek
pojisteni pojistka skoda kryti
nemovitost pronajem dum vlastnictvi
auto vuz motor vozidlo
energie vykon elektricky plyn
mobil telefon sms hovor
varovani alarm oznameni nalehave
predplatne clenstvi tarif prodlouzeni
body vernost cashback mile
recenze hodnoceni nazor komentar
