-
.
0
1
10
100
1000
1000000
1000000000
11
12
13
14
15
16
17
18
19
2
20
3
30
4
40
5
50
6
60
7
70
8
80
9
90
@
a
ae
ano
b
blízko
bohatý
brzy
b̔"
c
ch
chudý
cl
d
daleko
den
deset
desátý
devadesát
devadesátý
devatenáct
devatenáctý
devátý
devět
di
dl
dobrý
dole
druhý
dva
dvacet
dvacátý
dvanáct
dvanáctý
dát
e
f
g
h
horký
i
ib
ih
ik
j
jeden
jedenáct
jedenáctý
k
konec
koupit
l
lb
lc
lež
lh
lk
m
malý
miliarda
miliardtý
milion
miliontý
milovat
n
nahoře
ne
nenávidět
nn
noc
nový
nula
nízký
o
oe
osm
osmdesát
osmdesátý
osmnáct
osmnáctý
osmý
otevřený
p
padesát
padesátý
patnáct
patnáctý
plný
po
pomalý
pomlcka
pomlčka
pozdě
praha
pravda
prodat
prohrát
první
práha
prázdný
pátý
pět
před
q
r
rn
rr
rychlý
s
sedm
sedmdesát
sedmdesátý
sedmnáct
sedmnáctý
sedmý
silný
slabý
snadný
ss
starý
sto
studený
stý
světlý
t
tecka
tečka
tisíc
tisící
tmavý
těžký
třetí
tři
třicet
třicátý
třináct
třináctý
u
uvnitř
v
velký
venku
vv
vyhrát
vysoký
vzít
v̇
w
x
y
z
zavinac
zavináč
zavřený
začátek
¡
Þ
ß
à
á
â
ã
ä
å
æ
ç
è
é
ê
ë
í
î
ï
ñ
ó
ô
ö
ø
ù
ú
û
ü
ý
ÿ
ă
ć
ċ
č
čtrnáct
čtrnáctý
čtvrtý
čtyři
čtyřicet
čtyřicátý
ď
đ
ē
ĕ
ė
ę
ě
ğ
ġ
ģ
ĭ
ı
ł
ń
ň
œ
ř
ś
š
šedesát
šedesátý
šest
šestnáct
šestnáctý
šestý
špatný
ţ
ť
ŭ
ů
ź
ż
ž
ƈ
ƒ
ơ
ƿ
ǎ
ǐ
ǔ
ǵ
ȧ
ȯ
ɉ
ɑ
ɓ
ɗ
ɡ
ɢ
ɩ
ɫ
ɱ
ɼ
ɽ
ʀ
ʂ
ʏ
ʐ
ʙ
ʝ
ʠ
Ο
γ
ι
κ
μ
ν
ο
ρ
τ
υ
Ϝ
ϲ
ϳ
ϵ
Ϸ
Б
Г
О
Ь
а
е
к
м
н
о
р
с
т
у
х
ц
є
ѕ
і
ј
ѡ
ѵ
Ғ
ҫ
Ү
ҳ
һ
ҽ
ӓ
ӧ
ԁ
Ԍ
ԛ
ԝ
Ս
Օ
ա
գ
զ
ժ
հ
ս
ց
ا
ة
ه
١
٨
Ⴝ
Ꭵ
Ꮒ
Ꮪ
ᴍ
ᴜ
ᴢ
ᴦ
ṃ
ẋ
ạ
ẹ
ọ
ỏ
ⲕ
ꙇ
