# Words that sound alike, one group per line.
# Telugu script. Spoken names of the characters first, then the groups the
# శ/ష/స, ణ/న, ళ/ల and ఱ/ర mergers make homophonous.
బిందువు .
అట్ @ at
డాష్ -
స్లాష్ /
అండర్‌స్కోర్ _
శ ష స
ణ న
ళ ల
ఱ ర
ఖ క
ఘ గ
ఛ చ
ఝ జ
ఠ ట
ఢ డ
థ త
ధ ద
ఫ ప
భ బ
కల కళ
కల్లు కళ్ళు
తెలుపు తెళుపు
మని మణి
గనం గణం
కోనం కోణం
వాదు వాడు
కోత కోట
పత్తు పట్టు
గుది గుడి
మరి మఱి
పరుగు పఱుగు
ఎరుపు ఎఱుపు
దోషం దోసం
భాష భాస
కష్టం కస్టం
విశ్వం విస్వం
శాంతి సాంతి
అర్థం అర్దం
కథ కత
మధ్య మద్య
బుద్ధి బుద్ది
ధర్మం దర్మం
లాభం లాబం
ఫలం పలం
ఖాతా కాతా
ఋషి రిషి
కృష్ణ క్రిష్ణ
హృదయం హ్రుదయం
