# A number, then the words denoting it: 1 one first
# Telugu script.
0 సున్నా శూన్యం
1 ఒకటి మొదటి
2 రెండు రెండవ
3 మూడు మూడవ
4 నాలుగు నాలుగవ
5 ఐదు ఐదవ
6 ఆరు ఆరవ
7 ఏడు ఏడవ
8 ఎనిమిది ఎనిమిదవ
9 తొమ్మిది తొమ్మిదవ
10 పది పదవ
11 పదకొండు పదకొండవ
12 పన్నెండు పన్నెండవ
13 పదమూడు పదమూడవ
14 పద్నాలుగు పద్నాలుగవ
15 పదిహేను పదిహేనవ
16 పదహారు పదహారవ
17 పదిహేడు పదిహేడవ
18 పద్దెనిమిది పద్దెనిమిదవ
19 పంతొమ్మిది పంతొమ్మిదవ
20 ఇరవై ఇరవయ్యవ
21 ఇరవైఒకటి
22 ఇరవైరెండు
23 ఇరవైమూడు
24 ఇరవైనాలుగు
30 ముప్పై ముప్పయ్యవ
40 నలభై నలభయ్యవ
50 యాభై యాభయ్యవ
60 అరవై అరవయ్యవ
70 డెబ్బై డెబ్బయ్యవ
80 ఎనభై ఎనభయ్యవ
90 తొంభై తొంభయ్యవ
100 వంద నూరు
1000 వెయ్యి వేయి
100000 లక్ష లక్షలు
10000000 కోటి కోట్లు
౦ సున్నా
౧ ఒకటి
౨ రెండు
౩ మూడు
౪ నాలుగు
౫ ఐదు
౬ ఆరు
౭ ఏడు
౮ ఎనిమిది
౯ తొమ్మిది
