# Words of like meaning, one group per line.
# Telugu script. Brand-adjacent lure words, most natural first. 65 groups.
ప్రారంభం మొదలు ఆరంభం షురూ
దుకాణం బజారు మార్కెట్ స్టోర్
లాగిన్ ప్రవేశం సైన్‌ఇన్ యాక్సెస్
ఖాతా ప్రొఫైల్ సభ్యుడు నాఖాతా
వినియోగదారు యూజర్ గుర్తింపు వాడుకరి
సురక్షితం భద్రమైన నమ్మదగిన రక్షితం
భద్రత రక్షణ కాపలా కవచం
ధృవీకరణ నిర్ధారణ తనిఖీ సరిచూడు
పాస్‌వర్డ్ రహస్యపదం పిన్ సంకేతపదం
అనుమతి ప్రామాణీకరణ టోకెన్ సెషన్
పునరుద్ధరణ రీసెట్ తిరిగిపొందు అన్‌లాక్
మద్దతు సహాయం సేవ తోడ్పాటు
సంప్రదింపు అనుసంధానం విచారణ అభ్యర్థన
చెల్లింపు చెల్లించు చెక్అవుట్ ఇప్పుడుచెల్లించు
ఇన్వాయిస్ రసీదు బిల్లు బిల్లింగ్
బ్యాంకు ఆర్థిక డబ్బు వాలెట్
కార్డు క్రెడిట్ డెబిట్ ప్రీపెయిడ్
బదిలీ లావాదేవీ జమ ఉపసంహరణ
క్రిప్టో నాణెం బ్లాక్‌చెయిన్ మైనింగ్
తపాలా ఈమెయిల్ సందేశం ఇన్‌బాక్స్
క్లౌడ్ సర్వర్ హోస్ట్ హోస్టింగ్
వెబ్ సైట్ ఆన్‌లైన్ పోర్టల్
డొమైన్ లింక్ చిరునామా url
వార్తలు బ్లాగ్ పత్రిక మీడియా
ఉచితం బహుమతి బోనస్ ఆఫర్
తగ్గింపు అమ్మకం డీల్ కూపన్
బహుమానం గెలుపు లాటరీ జాక్‌పాట్
ఉత్తమం అగ్రశ్రేణి ప్రీమియం ప్రో
అధికారిక అసలైన ప్రామాణిక మూలం
కొత్త తాజా ఆధునిక సరికొత్త
వేగవంతం త్వరిత ఎక్స్‌ప్రెస్ శీఘ్ర
యాప్ అప్లికేషన్ సాఫ్ట్‌వేర్ సాధనం
డౌన్‌లోడ్ పొందు ఇన్‌స్టాల్ సెటప్
నవీకరణ అప్‌గ్రేడ్ పునరుద్ధరించు ప్యాచ్
శోధన వెతుకు కనుగొను ప్రశ్న
డెలివరీ షిప్పింగ్ పార్సెల్ ట్రాకింగ్
ఆర్డర్ కార్ట్ బుట్ట కొనుగోలు
కస్టమర్ వినియోగదారుడు చందాదారు కొనుగోలుదారు
అడ్మిన్ నిర్వహణ కన్సోల్ డాష్‌బోర్డ్
కేంద్రం ప్రధాన సాధారణ హబ్
సమూహం జట్టు కంపెనీ సంస్థ
డేటా బ్యాకప్ ఆర్కైవ్ నిల్వ
ఫోటో చిత్రం గ్యాలరీ బొమ్మ
వీడియో స్ట్రీమ్ చూడు ఆడించు
సంగీతం ఆడియో ధ్వని రేడియో
గేమ్ ఆట ఆటగాడు ఆర్కేడ్
చాట్ సంభాషణ మెసెంజర్ లైవ్
సోషల్ సమాజం స్నేహితులు అనుచరులు
ఉద్యోగం పని వృత్తి నియామకం
ఆరోగ్యం వైద్యం క్లినిక్ ఔషధశాల
ప్రయాణం విమానం హోటల్ బుకింగ్
ఆహారం రెస్టారెంట్ మెనూ వంటగది
పాఠశాల నేర్చుకో కోర్సు చదువు
చట్టం న్యాయ కోర్టు హక్కులు
ప్రభుత్వం రాష్ట్రం మంత్రిత్వశాఖ ప్రజా
పన్ను ఆదాయం కస్టమ్స్ సుంకం
బీమా పాలసీ క్లెయిమ్ కవరేజ్
ఆస్తి అద్దె ఇల్లు స్థలం
ఆటో కారు మోటారు వాహనం
శక్తి విద్యుత్ కరెంట్ గ్యాస్
మొబైల్ ఫోన్ సందేశం కాల్
హెచ్చరిక సూచన తక్షణ అత్యవసరం
సభ్యత్వం చందా ప్లాన్ రెన్యువల్
పాయింట్లు లాయల్టీ క్యాష్‌బ్యాక్ మైళ్లు
సమీక్ష రేటింగ్ అభిప్రాయం ఫీడ్‌బ్యాక్
