# The language's vocabulary, one word per line.
# Vocabulary, one word per line. Sourced from the LibreOffice te_IN Hunspell
# dictionary (GPL-2.0-or-later, so GPL-3.0 compatible; Arjuna Rao Chavala's
# Hunspell adaptation of the IndLinux Aspell Telugu word list): every one-
# and two-character entry plus a systematic 1-in-N sample of the whole list,
# unioned with every token of the other te/*.lst files, misspellings included.
-
.
/
0
1
10
100
1000
100000
10000000
11
12
13
14
15
16
17
18
19
2
20
21
22
23
24
3
30
4
40
5
50
6
60
7
70
8
80
9
90
@
_
at
url
ఁ
ం
ః
అ
అం
అంకితము
అంకుశంవంటి
అంగఛేదనము
అంగడివాడి
అంగము
అంగలారుపు
అంగవేయుట
అంగిలిగుంట
అంగీకరించినాడని
అంగీకృతం
అంగుళిముద్ర
అంచుకట్టుకొని
అంచెల
అంజి
అంటరాని
అంటించబడ్డది
అంటివంటే
అంటుకొనుట
అంటుతున్నది
అంటూ
అండజములు
అండర్‌స్కోర్
అండాకారం
అంత
అంతఃకరణచతుష్టయం
అంతకుడు
అంతపనేను
అంతరంగము
అంతరాంతరము
అంతర్గతం
అంతర్ధానమైపోయేను
అంతర్యామియైన
అంతలో
అంతా
అంతేకాదు
అంత్యములేక
అందగాడనుకొన్నాడు
అందమునకు
అందరినిన్నీ
అందాజా
అందుకని
అందుకోసరము
అందులకు
అంధకారమందు
అంధ్రుడు
అంబ
అంబాసిడర్
అంభస్సు
అంశాలవారీ
అకటవికటముగా
అకళింపు
అకాల
అకొంటింగ్
అక్కజెల్లెలు
అక్కడికక్కడ
అక్కరం
అక్కరలేదనుట
అక్కలి
అక్కొంట్
అక్రమముగావుండడము
అక్షమితపాపవంతః
అక్షరమునకు
అక్షరస్థుడుకాని
అక్షాంశం
అఖండమైన
అగడుపడు
అగపడు
అగసాలవాడు
అగామియైన
అగుపడనేరదు
అగుపడేది
అగుపరచరు
అగుపరుస్తావు
అగురపరుస్తున్నది
అగ్గలికం
అగ్నికి
అగ్నిపురము
అగ్నిశిఖా
అగ్రగామిత్వము
అగ్రశ్రేణి
అగ్రసూచన
అగ్రికల్చరల్
అఘోరముగా
అఘోషం
అచలేంద్ర
అచ్చం
అచ్చక్షరములను
అచ్చవ్వు
అచ్చుకోవడము
అచ్చుముద్ర
అచ్చువేయించడము
అచ్చెర్వు
అచ్ఛం
అచ్యుతరామరాజు
అజర్బైజాన్
అజామోద
అజీర్ణముగా
అజ్ఞాతకుల
అజ్ఞానానికి
అట
అటకాయించు
అటుతర్వత
అటూ
అట్
అట్టిపెట్టు
అట్లాకాదు
అట్లాడేటందుకు
అడ
అడగక
అడతి
అడలేటట్టు
అడవినీరుల్లి
అడహాక్
అడిగినాను
అడినైన్
అడివిపండు
అడుగంటు
అడుగుదామని
అడుగుమాను
అడుచుట
అడ్డకట్ట
అడ్డగించిరి
అడ్డపడి
అడ్డమాడినాడు
అడ్డమైన
అడ్డుగీతలు
అడ్మిన్
అడ్మిరల్
అడ్వాన్స్
అణ
అణగదొక్కి
అణచ
అణచిపెట్టినారు
అణిగిన
అణిగేటట్టు
అణిమ
అణుచుకొన్నాడు
అణుశక్తిశాఖ
అత
అతడికిన్ని
అతని
అతనికి
అతను
అతసరసమైన
అతికించు
అతిక్రమించిన
అతిగర్విష్టుడుగా
అతిజడుడు
అతిదీర్ఘవిమర్శ
అతిధ్య
అతిపాపిష్ఠియైన
అతిమాధుర్యమైన
అతిరహస్యమైన
అతివృద్ధాప్యము
అతివ్రయముచేసుట
అతిశయిల్లు
అతిసన్నిహితం
అతిస్వల్పం
అతుక్కొని
అత్తమిల్లు
అత్తెమలు
అత్యవసరం
అత్యవసరపరిస్థితి
అత్యాధునికం
అత్యాశ్చర్యకరమైన
అత్యుత్తమ
అత్యున్నతాధికారం
అథ
అదనపువిలువ
అదర్
అదాసుడు
అది
అదిగోఇదిగోఅను
అదిమిధ్య
అదిలించి
అదుపులోపెట్టు
అదృశ్యమైపోవుటి
అదే
అదొహటి
అద్దమరేయి
అద్దాలువేసిన
అద్దె
అద్ధము
అద్రావణీయ
అధఃపతనకారణమైన
అధరవును
అధిక
అధికపోకిళ్లు
అధికమాటలు
అధికలెక్క
అధికారపత్రిక
అధికారమున్నది
అధికారిక
అధికారివల్ల
అధిగమనావసరం
అధివాస్తవికత
అధైర్యం
అధోముఖము
అధ్యక్ష్హోపన్యాసం
అధ్రద్ధచేయబడ్డ
అన
అనంతకృష్ణశర్మగారు
అనక
అనడము
అనన్యం
అనబడ్డ
అనర్ఘళం
అనలుడు
అనవసరం
అనాగ
అనాదరణగా
అనాధయైన
అనామయుడు
అనావశ్యకం
అని
అనిచూడకుండా
అనిపించుకొన్నది
అనిర్ధష్టోపపదము
అనివ్రాస్తారు
అనిష్టమైన
అనుకారి
అనుకూలమవ్వు
అనుకూలించవు
అనుకొనేమాటలు
అనుక్రమం
అనుగుణ్యపరచుట
అనుగ్రహించే
అనుచరులు
అనుతాపం
అనునయించు
అనుపాతం
అనుబందం
అనుబంధం
అనుభవము
అనుభవసిద్ధము
అనుభవించు
అనుభూతిజ్ఞానం
అనుమతి
అనుమానమనే
అనుమానాస్పదం
అనుమానించని
అనుమేయించ
అనురూపమైన
అనువర్తించుట
అనుష్ఠించినాడు
అనుసంధానం
అనుసరించుట
అనృతం
అనేకులు
అనేమానితో
అన్నకు
అన్నదమ్ములు
అన్నమాచార్యు
అన్నవాహిక
అన్నారా
అన్ని
అన్నిటికిని
అన్నోదకములు
అన్యదేశపు
అన్యమతము
అన్యాయగాడు
అన్యాయమైనందున
అన్యులు
అన్వయిమ్చుకో
అన్‌లాక్
అపకారమును
అపక్షేపం
అపజయముపొందిన
అపదూరైన
అపరం
అపరాధఘ్నబలి
అపరిపక్వము
అపరిష్ఖృతత్వము
అపవాదము
అపశబ్దం
అపహరణం
అపహ్నుతి
అపాయమున్ను
అపార్థం
అపూర్ణత
అపేక్షించుట
అప్గ్రేడ్
అప్పగించడములో
అప్పటికే
అప్పళం
అప్పుడూ
అప్పులను
అప్పుసప్పు
అప్రదక్షిణం
అప్రయోగము
అప్రసిద్ధడు
అప్రామాణికతఅపోహములకల్ల
అప్లికేషన్
అప్‌గ్రేడ్
అఫిసియల్
అబద్దాలచేత
అబద్ధం
అబద్ధమైతే
అబద్ధాలాడుతారు
అబిప్రాయం
అబిమానం
అబ్ధిమేఖల
అబ్బురపాటు
అభయం
అభావాత్మకరూపం
అభిగమ్యం
అభినయం
అభినివేశముగల
అభిప్రాయం
అభిప్రాయములు
అభిమానమువల్ల
అభిరుచులననుసరించు
అభివృద్దిచేయించే
అభిషేకం
అభేద్యం
అభ్యంతరపరచుట
అభ్యర్థన
అభ్యసించగడ్డ
అభ్యుత్థానం
అమంగళం
అమరత్వం
అమరిన
అమర్యాదగా
అమలుబరచు
అమానుషత్వం
అమితావ్
అమీర్హసన్
అమృతరాజ్
అమైడ్
అమ్మకం
అమ్మకమును
అమ్మడాకనై
అమ్మలేదు
అమ్మించు
అమ్మివేస్తారు
అమ్ము
అమ్ముడుబోని
అమ్లానమైన
అయామ్
అయితే
అయిదుకు
అయిదోవంతు
అయినప్పటికిన్నీ
అయిపోను
అయిష్ట
అయోగ్యుడు
అయ్యర్
అయ్యేదాకా
అర
అరకవాడము
అరగడము
అరచుట
అరణ్యకం
అరబిక్
అరరూపాయ
అరవభాష
అరవయ్యవ
అరవవద్దు
అరవై
అరవైఏడు
అరిందముడు
అరిగిపోవుట
అరిటి
అరివాణంకుండలు
అరుచి
అరుదు
అరువుతే
అరోచకము
అర్చనాక్రమము
అర్ణవం
అర్థం
అర్థమయ్యే
అర్థమేమంటే
అర్థవిస్తృతి
అర్దం
అర్దము
అర్ధచంద్రాకృతి
అర్ధమును
అర్ధాంగి
అర్మిలి
అర్హుడు
అల
అలంకరింపబడ్డ
అలంకారికం
అలక్ర్యము
అలక్ష్యమైన
అలమటించు
అలల
అలవరచుట
అలవికాకుండా
అలసిపోయిన
అలాయిదా
అలివిగాదు
అలుకుతారు
అలుముకో
అల్ట్రావయొలెట్
అల్పమాట
అల్పాయువుగా
అల్లకం
అల్లరిచేయలేదు
అల్లాడబెట్టుట
అల్లించు
అల్లీస
అల్లోనేరేడుపండు
అవకాశమిచ్చినాడు
అవగుణమే
అవతల
అవతారికగల
అవధిక్రయమైపోయినది
అవమానకరం
అవమానించు
అవయువములు
అవలంబించినది
అవలక్షణములే
అవశిష్టము
అవసరం
అవసరమవ్వు
అవస్థలుపడు
అవాంత్రం
అవిచ్ఛిన్నంగా
అవినాభావం
అవివక్షితము
అవిశ్వశనీయత
అవుట్
అవుతూ
అవును
అవుషధములు
అవ్యవస్థితమైన
అశ
అశక్తమై
అశరీర
అశిక్షితమైన
అశుద్దముమలము
అశోకుడు
అశ్రువు
అశ్వరము
అష్టపది
అసంక్షేపనీయమైన
అసంతుష్టిగా
అసంబంధములు
అసకృత్తుగా
అసభ్యత
అసమపరిమేయమైన
అసమాన
అసమ్మతిగా
అసలైన
అసహాయుడు
అసహ్యపడడము
అసహ్యమువచ్చి
అసాధ్యము
అసిధారావ్రతం
అసురక్షితం
అసూకవిత్వం
అస్త
అస్తి
అస్త్రివేసుట
అస్థిరమైనది
అస్మదీయుడు
అస్వాల్డ్
అహంకారముచేత
అహమ్మద్నగర్
అహితం
ఆ
ఆఁ
ఆం
ఆంక్షలుపెట్టు
ఆంతర్యగుణ
ఆందోళిక
ఆంధ్రప్రదేశ్
ఆంప్లిఫయర్
ఆక
ఆకతాయయైన
ఆకర్షకశక్తి
ఆకలించు
ఆకలిపుట్టినది
ఆకస్మీకమైన
ఆకారమేర్పరచుటరూపమేర్పరుచుట
ఆకాశమందు
ఆకాశీయ
ఆకుపచ్చైన
ఆకుల
ఆకులో
ఆక్టాహెడ్రల్
ఆక్రమించుకొన్న
ఆక్లెండ్
ఆక్షేపించబడని
ఆక్సిడేజ్
ఆఖరుసారి
ఆగతం
ఆగినపుడు
ఆగ్రహపడలేదు
ఆఘాతం
ఆచరణలో
ఆచారకాండ
ఆచార్యపురుషుడైన
ఆచోటు
ఆజీవనం
ఆజ్ఞాధారకత్వము
ఆజ్ఞోల్లంఘనము
ఆట
ఆటంకములేని
ఆటగాడు
ఆటపట్టించు
ఆటాడించు
ఆటో
ఆట్రిప్లెక్స్
ఆడ
ఆడగుర్రం
ఆడదానికి
ఆడపక్షి
ఆడరాదు
ఆడవేషము
ఆడించు
ఆడిటింగ్
ఆడియో
ఆడిస్తాడు
ఆడుతనం
ఆడువాండ్లకు
ఆడేలు
ఆణిముత్యం
ఆత
ఆతురతగా
ఆతోలు
ఆత్మనిగ్రహం
ఆత్మస్తుతి
ఆత్యుత్ప్రేక్ష
ఆద
ఆదమర్చు
ఆదరించినారు
ఆదాబాదా
ఆదాయం
ఆదినివాసి
ఆదిలాబాద్
ఆదుకొణి
ఆదేశాన్ని
ఆద్యుడు
ఆధిక్యముకద్దు
ఆధునిక
ఆధునికీకరణం
ఆన
ఆనందపడు
ఆనందమూర్తి
ఆనతం
ఆనవాలు
ఆనిరుద్ధచరిత్ర
ఆన్లైన్
ఆన్‌లైన్
ఆపదకు
ఆపన్నసత్వ
ఆపాదమస్తకం
ఆపీసు
ఆపెతట్టు
ఆప్టిక్
ఆప్రికన్
ఆఫర్
ఆఫీసు
ఆబద్ధం
ఆభ
ఆభరణములు
ఆమడ
ఆమిషం
ఆమె
ఆమెకు
ఆమోదించినారు
ఆయకం
ఆయత్తు
ఆయపట్టు
ఆయావారం
ఆయాసముగల
ఆయుక్తము
ఆయుర్దాయం
ఆర
ఆరంగాలు
ఆరంభం
ఆరంభమోతున్నది
ఆరకూటం
ఆరణము
ఆరవ
ఆరాటం
ఆరికాడులో
ఆరు
ఆరుద్రపురుగు
ఆరె
ఆరోగ్యం
ఆరోగ్యమైన
ఆరోపించుకొనుట
ఆర్కేడ్
ఆర్కైవ్
ఆర్గనైజింగ్
ఆర్జవం
ఆర్డర్
ఆర్థిక
ఆర్థికవ్యవస్థ
ఆర్పు
ఆర్వీయస్
ఆలకాపరి
ఆలపోతు
ఆలస్యం
ఆలించు
ఆలువ
ఆలోచనలకు
ఆలోచించవలసినది
ఆలోడించు
ఆల్ఫా
ఆళ్వార్
ఆవ
ఆవరణ
ఆవర్తం
ఆవలీలగా
ఆవసరం
ఆవాడను
ఆవిరిరూపం
ఆవురావుమని
ఆవేశంకుమ్మరించు
ఆశ
ఆశక్తపడి
ఆశపడుట
ఆశలేక
ఆశించిన
ఆశీస్సు
ఆశ్చర్యకరము
ఆశ్చర్యపరచు
ఆశ్రమము
ఆశ్వాస
ఆష
ఆస
ఆసంచి
ఆసనపవిత్రము
ఆసిడ్
ఆస్కార్చిక్
ఆస్తి
ఆస్తితో
ఆస్థిపాత్ర
ఆస్బెస్టాస్
ఆహారం
ఆహారనికై
ఆహారయోగ్యమైన
ఆహ్లాదభరితులైన
ఇ
ఇంక
ఇంకా
ఇంకెప్పుడూ
ఇంక్రిమెంట్
ఇంగ్లండుదేశము
ఇంగ్లీషువాండ్లు
ఇంజనీర్
ఇంటర్నెట
ఇంటర్నెట్
ఇంటర్వలు
ఇంటితోవపట్టు
ఇంటివ్యవహరము
ఇండస్ట్రీ
ఇండ్లువాడలు
ఇంతమూఢుడికి
ఇందలి
ఇందుపగింజ
ఇంద్రజిత్
ఇంద్రియకమైన
ఇంపు
ఇక
ఇక్కం
ఇగం
ఇచ్చకము
ఇచ్చినట్టయితే
ఇచ్ఛాసూచకమైన
ఇట
ఇటికె
ఇట్టిక
ఇడియు
ఇతడు
ఇతిహాసము
ఇదా
ఇది
ఇదేయిల్లు
ఇద్ధ
ఇనిస్టిట్యూషన్స్
ఇనుమిక్కిలి
ఇన్నూరు
ఇన్బాక్స్
ఇన్వాయిస్
ఇన్స్టాల్
ఇన్‌బాక్స్
ఇన్‌స్టాల్
ఇపిరింతలు
ఇప్పుడుచెల్లించు
ఇబదత్
ఇబ్రహింలోడి
ఇమేజిజం
ఇయ్యసెయ్యి
ఇర
ఇరవయ్యవ
ఇరవు
ఇరవై
ఇరవైఒకటి
ఇరవైనాలుగు
ఇరవైమూడు
ఇరవైరెండు
ఇరికించు
ఇరుగుపొరుగు
ఇరువదియైదు
ఇల
ఇలకరువు
ఇలుకుబట్ఠిన
ఇల్లామల్లితనము
ఇల్లు
ఇవతలి
ఇవ్వని
ఇషుధి
ఇష్టసిద్ధికిన్
ఇసుక
ఇస్తాననుట
ఇహ
ఇహపరములు
ఈ
ఈక
ఈకు
ఈగ
ఈగలు
ఈచ
ఈజ్
ఈట
ఈడ
ఈడిక
ఈడుముంత
ఈడ్చుకొచ్చు
ఈత
ఈతకొట్టు
ఈథైల్
ఈద
ఈధ్రం
ఈన
ఈప్స
ఈమ
ఈమెయిల్
ఈయకోలు
ఈరెలగు
ఈల
ఈలవేసుట
ఈవ
ఈవల
ఈశాన్యదిశ
ఈశ్వరయ్య
ఈశ్వరార్పితమైన
ఈషత్తు
ఈసరుడు
ఈహ
ఉ
ఉంకుటుంగరం
ఉంచుకున్నదాని
ఉంటూ
ఉండియుండి
ఉంది
ఉంపుడుకత్తె
ఉక్కబెట్టు
ఉక్కురోసమ
ఉగ్గించుట
ఉగ్రాణాధిపత్యము
ఉచితం
ఉచ్చపొయ్యి
ఉచ్చారణలో
ఉచ్ఛాస్వము
ఉజ్జాయింపుగా
ఉట్టిదే
ఉడికించు
ఉడుకువ
ఉడ్డాడించు
ఉత్కంపించు
ఉత్క్షిప్త
ఉత్తమ
ఉత్తమం
ఉత్తమమైనపాట
ఉత్తరదక్షిణరేఖ
ఉత్తరవాదిని
ఉత్తరువును
ఉత్తీరునులవు
ఉత్పత్తి
ఉత్పలమాల
ఉత్ప్రేక్షించు
ఉత్సాహం
ఉత్సుకము
ఉదయమయ్యే
ఉదరిపాటు
ఉదాసం
ఉదాహరించడము
ఉద్గత
ఉద్దరువు
ఉద్దేశరహితం
ఉద్ధరించు
ఉద్బోధకముగా
ఉద్యమం
ఉద్యుక్తుడవు
ఉద్యోగం
ఉద్యోగస్థులు
ఉద్రేకం
ఉద్విగ్నత
ఉన్న
ఉన్నందున
ఉన్నతోద్యోగం
ఉన్నాడు
ఉన్మీలనం
ఉప
ఉపకార
ఉపక్రమించు
ఉపచారము
ఉపత్యక
ఉపదేశం
ఉపదేష్ట
ఉపదేసం
ఉపనయం
ఉపన్యాసము
ఉపబృంహిత
ఉపమానరహితముగా
ఉపయోగం
ఉపయోగించుకొనుట
ఉపలాలనం
ఉపవీతం
ఉపశమింపచేయు
ఉపసంహరణ
ఉపసర్గ
ఉపస్థితి
ఉపాద్యాయుడు
ఉపాయంగా
ఉపాహారం
ఉపేక్షిత
ఉప్పరం
ఉప్పుగాఉండే
ఉప్పురియు
ఉబుకుపని
ఉబ్బించుట
ఉభయత్రా
ఉమ
ఉమినీరు
ఉమ్మలి
ఉయ్యల
ఉరవడించు
ఉరిదీయబడ్ఢాడు
ఉరుగొందయ్య
ఉర్రట్లూగుట
ఉలికించు
ఉలూకం
ఉల్లంఘించు
ఉల్లాసపరచుటు
ఉల్లిగడ్డ
ఉళ్లక్కి
ఉశీరము
ఉష్ణీషం
ఉసురుగట్టుకును
ఉస్సురుమనిపించు
ఊ
ఊఁ
ఊక
ఊకబంతి
ఊగులాడే
ఊచ
ఊట
ఊటాడు
ఊడ
ఊడుకో
ఊఢ
ఊత
ఊత్సాహపురుషులు
ఊద
ఊను
ఊప
ఊపిర్లు
ఊబ
ఊరజోగి
ఊరికి
ఊరు
ఊరుపు
ఊర్ణనాబం
ఊర్మిళ
ఊళ
ఊష్ణోపశాంతియైన
ఊహ
ఊహాతీతం
ఋ
ఋజువర్తనం
ఋణ
ఋణం
ఋణముగా
ఋత
ఋతుభేదం
ఋషి
ఋషికుల్య
ఌ
ఎ
ఎం
ఎంచకూడిన
ఎండకాచుకో
ఎండాకాలం
ఎంతట
ఎందాక
ఎందువలనంటే
ఎక
ఎకశక్యములాడు
ఎక్
ఎక్కడ
ఎక్కడా
ఎక్కడినుంచి
ఎక్కినది
ఎక్కువ
ఎక్కొలుపుట
ఎక్స్ప్రెస్
ఎక్స్‌ప్రెస్
ఎగ
ఎగతాళిజాబు
ఎగయు
ఎగియుట
ఎగుమతిచెయ్యి
ఎగ్గ్డికత్తే
ఎగ్జెంప్షన్
ఎచ్చరింత
ఎజిషన్
ఎట
ఎటువలె
ఎట్టి
ఎట్లు
ఎడ
ఎడతాకు
ఎడబాటు
ఎడమ
ఎడమడగు
ఎడారి
ఎడిషన్
ఎడ్డికేసన్
ఎడ్రి
ఎడ్వర్స్
ఎత
ఎత్తినాడు
ఎత్తివ్రాయి
ఎద
ఎదకువచ్చు
ఎదిరించడము
ఎదురాడుట
ఎదురురొమ్ము
ఎద్దడినేల
ఎన
ఎనభయ్యవ
ఎనభయ్యారు
ఎనభై
ఎనలిటికల్
ఎనాల్యుయేషన్
ఎనిమిదవ
ఎనిమిది
ఎనుబోతు
ఎన్నడేని
ఎన్యూరిసిస్
ఎపరచు
ఎపిధీలియల్
ఎప్పటికిని
ఎప్లాయ్మెంట్
ఎమల్టన్
ఎమెథిస్ట్
ఎయిడెడ్
ఎర
ఎరమట
ఎరిగినవాడు
ఎరుకు
ఎరుపు
ఎరువుతే
ఎర్రకోడి
ఎర్రమిర్చి
ఎఱుపు
ఎలక్ట్రానిక్
ఎలక్ట్రోలిటిక్
ఎలయించు
ఎలాగంటే
ఎలిగేషన్స్
ఎలుగుగొడ్డు
ఎలొకేషన్
ఎల్లరు
ఎల్లోఫిల్టర్
ఎళ
ఎవత
ఎవరెస్ట్
ఎవ్వరూ
ఎస
ఎసిటిన్
ఎసెన్స్
ఎస్టిమేట్స్
ఎహ్రెన్
ఏ
ఏం
ఏంప్యూల్
ఏక
ఏకక్షరి
ఏకతానం
ఏకనాయక
ఏకరా
ఏకవీరాదేవి
ఏకాంతము
ఏకాక్షరము
ఏకీ
ఏకోడ్రాంట్
ఏగుడు
ఏచ
ఏజ్
ఏట
ఏట్రింత
ఏడ
ఏడవ
ఏడాటలాడించు
ఏడు
ఏడుమ్ముక్కాలు
ఏడ్పును
ఏత్తుపడు
ఏనాది
ఏన్షియంట్
ఏఫథస్
ఏభైనాలుగు
ఏమరు
ఏమిటి
ఏమిటీ
ఏమితంపి
ఏయన
ఏరిస్
ఏరోబిక్
ఏర్పాటుచెయ్యి
ఏల
ఏలా
ఏలే
ఏవ
ఏవిధానా
ఏస
ఐ
ఐంద్రాస్త్రం
ఐక
ఐచ్చికం
ఐతిహ్యములు
ఐతే
ఐదవ
ఐదు
ఐన
ఐనాసరే
ఐరావణం
ఐవిల్
ఐసొమరేజ్
ఐసోసిట్రేట్
ఒ
ఒంటిగాడు
ఒండొరు
ఒఊ
ఒక
ఒకచోటుచేరు
ఒకటి
ఒకటీ
ఒకణ్ని
ఒకపదం
ఒకమూల
ఒకరువుడు
ఒకానొకటి
ఒక్కటి
ఒక్కొక్కడు
ఒగ్గక
ఒట్టుపెట్టుకో
ఒడలు
ఒడిసె
ఒడ్డిమంగలి
ఒత్తగిల్ల
ఒత్తుపలుకుకు
ఒనరిక
ఒప్పగింత
ఒప్పిదమైన
ఒప్పుకోనేవిషయము
ఒయిన్
ఒర
ఒరలు
ఒరుడు
ఒలాతే
ఒల్ళు
ఒసపరి
ఓ
ఓక
ఓకం
ఓచెల
ఓజ
ఓట
ఓటమి
ఓటికుండ
ఓడ
ఓడరేవు
ఓడ్చు
ఓదార్పు
ఓప
ఓపల్
ఓఫియోబోలస్
ఓయీ
ఓర
ఓరి
ఓర్చుకొనుట
ఓలగందం
ఓవం
ఓషన్
ఓస్సర్
ఔ
ఔట
ఔట్
ఔదార్యముగల
ఔన్సులుగల
ఔర
ఔషదము
ఔషధశాల
ఔష్ఠ్యము
క
కం
కంకాలమ్మ
కంగుమను
కంచిమేక
కంచెవేసే
కంటం
కంటగిం
కంటికిన్ని
కంటిరెప్పమీద
కంట్రోలర్స్
కంఠం
కంఠపాఠముగా
కంఠి
కండపట్టినకొవ్విన
కండె
కండ్లపడని
కండ్లబడ్డవి
కండ్లెత్తి
కందడము
కందిపప్పు
కందువేండి
కంపరం
కంపును
కంపెనీ
కంప్యుటర్
కంప్యూటర్
కంప్రెజర్
కంబి
కంసాలవాడు
కః
కక
కకుప్పు
కక్కుతున్నది
కక్షిదారు
కచ్
కచ్చితం
కచ్చు
కచ్ఛం
కజ్జాయం
కట
కటకటాలు
కటాణి
కటిత్రం
కటుమర్లు
కట్టడపుపని
కట్టనం
కట్టలను
కట్టిచావు
కట్టినిదీన్ని
కట్టిరాలేదు
కట్టుకట్టుట
కట్టుకొనే
కట్టుగంబం
కట్టుదిట్టం
కట్టుబడివాడు
కట్టువదిలిపోయినది
కట్టెలకు
కట్టేతీరు
కట్లబడ్డ
కఠినము
కడ
కడకంట
కడగడానకు
కడతేరినారు
కడమ
కడముట్టించు
కడాకు
కడిగిపెట్టేవాడు
కడుగు
కడుపుతోవున్నది
కడుపుమంట
కడ్డాయము
కణ
కణజు
కణహరితం
కత
కత్తరిల్లు
కత్తిగాయు
కత్తిరంచే
కత్తిరించే
కత్తెర
కథ
కథకున్ను
కథలు
కథారూపం
కద
కదన్నం
కదలలేడు
కదియు
కదిలేశక్తి
కదుల్చు
కద్ధా
కధ
కన
కనకం
కనని
కనబడకుండు
కనవలెను
కనిపించుకోవడము
కనిపెట్టుకో
కనిష్ఠవయోపరిమితి
కనుకొన్నారు
కనుక్కో
కనుక్కోవలసినది
కనుగొను
కనుపట్టు
కనుపించినది
కనుముయ్యి
కనే
కన్నడములో
కన్నపు
కన్నాను
కన్నీళ్ళతో
కన్నులురిమిచూడు
కన్మథుడు
కన్వర్డ్
కన్సోల్
కపటము
కపాలనాడు
కపిలవర్నముగా
కప్పగంతి
కప్పవలె
కప్పుకొనుట
కప్పులేరిన
కబన్ధుడు
కబుర్లు
కమలపాణి
కమసాల
కమిటెడ్
కములు
కమ్మరవాని
కమ్ముకొని
కయదు
కయిసరుడు
కర
కరకంఠుడు
కరగ
కరగిపోసుట
కరణత్రయముగా
కరదీపం
కరభూషణము
కరవు
కరాళించు
కరిగినీరై
కరిణికం
కరీం
కరుగుస్తున్నది
కరుణరసపోషకం
కరువ
కరువు
కరెంట్
కరోటిన్
కర్చు
కర్ణపేయం
కర్ణుడు
కర్త
కర్తృపదం
కర్నుడు
కర్బన్
కర్మపదం
కర్మానుభవము
కర్రపెట్టె
కర్సర్
కఱవు
కల
కలకత్తా
కలక్టరు
కలగచేసేరసము
కలగపోతుందని
కలగూరకంప
కలతపరుచుట
కలదు
కలపబడని
కలయక
కలవర
కలవరపు
కలవాడే
కలసివున్నది
కలహపడుట
కలహరణము
కలాలి
కలాశాల
కలిగితే
కలిగివుండెను
కలిపిన
కలియక
కలియబెట్టు
కలివె
కలిసినట్టు
కలిసివుండిన
కలుగచేసే
కలుగునో
కలుపుమొక్క
కలుసుకొన్న
కలేజా
కల్నల్
కల్పవృక్షం
కల్పించే
కల్యాణదశ
కల్లు
కల్లుతాగుట
కల్వము
కళ
కళపెళలాడు
కళాకారుడు
కళాయివేయువాడు
కళాశాల
కళింగరాజు
కళ్యాణం
కళ్యానం
కళ్లమ్మట
కళ్ళు
కళ్ళుచిట్లించు
కవచం
కవనధారగలవాడు
కవరేజ్
కవాడముకట్టెలు
కవితాపరం
కవియని
కవుగిలి
కవోష్ణ
కశేరుకం
కష
కషాయితం
కష్టం
కష్టపని
కష్టమైనందున
కసటు
కసితీరా
కసిరివాతలు
కసురుకొన్నారు
కసువువెంటి
కస్టం
కస్టమర్
కస్టమ్స్
కస్సెం
కా
కాంక్షితామ్
కాంట్
కాండిడేట్
కాంతా
కాంతివంతం
కాంపౌండింగ్
కాంస్యం
కాకదేరు
కాకయ్య
కాకికి
కాకితానికి
కాకిబంగారు
కాకులు
కాగబెట్టు
కాగితమును
కాగిదములో
కాచడములో
కాచివుండినది
కాజీ
కాటలిన్
కాటుకబట్టిచెడిన
కాఠిన్యం
కాడ్మియం
కాతా
కాత్యాయని
కాదనలేదు
కాదు
కాననివాడు
కానియ్యని
కానీ
కానేరదు
కాన్షస్నెస్
కాపన్
కాపలా
కాపాడబడని
కాపాడుతున్నవి
కాపుతనము
కాపురమువుండుట
కాప్సికం
కాబోయెను
కామక్రోధాలను
కామమువ్యామోహము
కామస్యాభిమతము
కామాతురుడు
కాముకత్వమును
కామేశ్వరర్రావు
కాయకు
కాయపుష్టిగలవాడు
కాయశోషణాదికర్మము
కారక
కారణత
కారణమౌనా
కారముగా
కారాదనడము
కారికమైన
కారు
కారుకు
కారుమబ్బు
కార్
కార్ట్
కార్డు
కార్డ్రిడ్జ్
కార్పణ్యముగల
కార్బోనిల్
కార్యతః
కార్యములో
కార్యాలయం
కాలంచెల్లు
కాలఖండము
కాలదోషం
కాలమానం
కాలమైనది
కాలవిడంబనము
కాలాంతరమందు
కాలికంచం
కాలితోవ
కాలిపోయినది
కాలిస్
కాలుజాచుకొనినిదురించు
కాలుపట్టడము
కాలువు
కాలోచితం
కాల్
కాల్చినపంది
కాల్చేటప్పుడు
కాల్వ
కాళివంటి
కాళ్లమీద
కాళ్ళీడుచుకొంటూ
కావడమువల్ల
కావలశివుంటే
కావలసినవాండ్లు
కావలివాడువుండే
కావాలంటే
కావుత
కావ్యనిధి
కావ్యములలో
కావ్యసముచ్చయము
కాశీకావిడి
కాషాయము
కాసీ
కాస్టిక్
కాస్పేరియన్
కి
కింకరుడు
కించిత్కాలమితి
కింద
కిందపెట్టే
కింబర్లయిట్
కిక్కరుసుకొని
కిచకిచ
కిచ్చిలిపండు
కిటోస్
కితములో
కిన్నరుడు
కిమ్మీనౌకి
కిరసినునూనె
కిరీటం
కిర్రు
కిలోమీటర్
కిష్టంరాజు
కిస్తిబంది
కీ
కీగడుపుశూల
కీటకనాశక
కీడైన
కీర్తన
కీర్తినశించును
కీలుగంటు
కీలువడు
కు
కుంకుడుచెట్టు
కుంగినాడు
కుంచిక
కుంటికాలు
కుంటుట
కుంఠుడు
కుండలీకరణము
కుంతలాపహరణమనే
కుందుట
కుంపినీవారు
కుంభస్థలం
కుక్కచావుచచ్చు
కుక్కలదొడ్డి
కుక్కుటుడు
కుచేలోపాఖ్యానం
కుచ్చుకుచ్చుగా
కుటారం
కుటుంబరావు
కుట్టినది
కుట్టుతాడు
కుట్రచేసుట
కుడి
కుడుచుకొని
కుతపం
కుతుబ్షాహీ
కుత్సితాభిలాష
కుదరనీయలేదు
కుదిరించినారు
కుదిర్చిన
కుదురలేదు
కుదురులేనందున
కుదువపెట్టుట
కునుమాలపు
కుప్పతిలుఅ
కుప్పా
కుబ్జవటము
కుమారుడు
కుమ్మరపురుగు
కుమ్ముట
కురంటకం
కురాళము
కురియించు
కురుక్షేత్రం
కురులు
కురూపముగా
కుర్రకుంక
కుర్రాడు
కుర్రాదు
కులజుడు
కులభ్రష్టుడైన
కులస్థుడైన
కులాసా
కులుకునడ
కుళ్లగింత
కుళ్లిపోయివుండెను
కుళ్ళబెట్టు
కువలప్రియుడు
కుశలము
కుష్టురోగ
కుసిలింత
కుస్తిపట్టువాడు
కూకలెయ్యి
కూచోద్యము
కూటములు
కూటిఖర్చు
కూడ
కూడదని
కూడబెట్టే
కూడా
కూడికి
కూడివుండె
కూడేటందుకు
కూతలుమానుకో
కూతురుకి
కూపన్
కూపన్స్
కూరగాయ
కూరినారు
కూరువు
కూర్చము
కూర్చుండక
కూర్చుండిపోతారు
కూర్చును
కూర్చోవడము
కూలదోయించు
కూలినాలి
కూల్చివేత
కూసువిద్య
కృ
కృకలాసుడు
కృతజ్ఞతాభావం
కృతార్థుడు
కృత్యములు
కృపచెయ్యి
కృపుడు
కృశింపచేయడము
కృషీ
కృష్ణ
కృష్ణపక్షము
కృష్ణవేణి
కృష్ణుడికి
కె
కెంపులదళము
కెత్తుకొని
కెప్టెను
కెరోటినాయిడ్
కెళకు
కే
కేంద్రం
కేంద్రద్వయోర్మధ్యస్థితి
కేకపెట్టుట
కేజీ
కేతకి
కేపుమారితనము
కేయూరం
కేలుమొగుడ్పు
కేవల
కేశవుడు
కై
కైటిన్
కైనా
కైలాసనాధుడు
కైశికం
కొ
కొంకరలుగా
కొంగున
కొంచమైన
కొంచెపాటి
కొంచెమైన
కొంటూ
కొండంతను
కొండచరిలో
కొండబూరుగు
కొండలకు
కొండవీటిరాజు
కొండె
కొంతకు
కొందరిమతము
కొంపసిడి
కొక్కిరించు
కొటేషన్
కొట్టబడ్డానని
కొట్టితే
కొట్టివేయడము
కొట్టుకపొయ్యే
కొట్టుకొనిపొయ్యే
కొట్టుకోను
కొట్టుబడ్డ
కొట్టేమట్టుకైనాడు
కొఠీవ్యాపారము
కొడుకు
కొడుక్కున్ను
కొత్త
కొత్తకొత్తగా
కొత్తపల్లి
కొత్తవేషము
కొదవగావుండే
కొద్దిమంది
కొనడానకు
కొనలేదు
కొనాలేక
కొనియుంటిని
కొను
కొనుక్కొన్నానే
కొనుగోలు
కొనుగోలుదారు
కొనేటట్టు
కొన్నాళు
కొన్నిదినముల
కొబెర్టిన్
కొమరుసామయ్య
కొమ్మను
కొమ్ముతో
కొయగూర
కొయ్యతట్ట
కొయ్యలో
కొరడాతో
కొరపం
కొరియార్
కొలం
కొలపొన్న
కొలికి
కొలిపింది
కొలువుకాడు
కొలైన్
కొల్లపెట్టు
కొల్లికర్
కొవ్విన
కొహిలర్
కో
కోకలు
కోగిరిగుడ్డ
కోట
కోటగా
కోటలోనుంచి
కోటి
కోటీశ్వరరావు
కోట్లు
కోడంబాక
కోడిగుడ్డు
కోడుట
కోణం
కోణము
కోత
కోతపడు
కోతివర్ణము
కోనం
కోనిఫరస్
కోపతాపాలు
కోపమువచ్చి
కోపించుట
కోప్పట్టు
కోయంబత్తూర్
కోయుట
కోరనిది
కోరాపుట్
కోరికే
కోరుకోబడ్డ
కోర్టు
కోర్టుకు
కోర్సు
కోల
కోలీ
కోలుబోవుట
కోల్పో
కోవిదుడు
కోశివేశిన
కోసం
కోసాన్
కోసుకొనిపోయినవి
కోస్తాలలో
కౌ
కౌగలించుకొన్నాడు
కౌట్టుబడిపడ్డ
కౌముది
కౌశల్యము
క్
క్యాంప్స్
క్యాప్టన్
క్యారీస్
క్యాష్బ్యాక్
క్యాష్‌బ్యాక్
క్యుప్రైట్
క్యూఫర్
క్రక్కస
క్రమక్రమముగా
క్రమముగా
క్రమస్థుడు
క్రయ
క్రాంతముగా
క్రాఫింగ్
క్రిందటి
క్రితం
క్రిప్టో
క్రియను
క్రియాత్మకం
క్రియాశక్తి
క్రిష్ణ
క్రిస్టియను
క్రీడాకారుడు
క్రీస్తువుల
క్రురకర్ముడు
క్రూయిజ్
క్రూరముగా
క్రూరు
క్రెచ్
క్రెడిట్
క్రేన్
క్రొక్కారం
క్రొమ్ముడి
క్రోడీకరించి
క్రోమోజెన్
క్రౌచ
క్లస్టర్
క్లార్క్
క్లినిక్
క్లిష్టత
క్లెయిమ్
క్లెర్మాంట్
క్లోజప్
క్లోరోపిల్
క్లోవర్
క్లౌడ్
క్వింటాలు
క్షణక
క్షణే
క్షమాగుణము
క్షమించవలెను
క్షయము
క్షయింప
క్షారధర్మం
క్షితీశ్వరుడు
క్షీణమౌతువుండగా
క్షీనగతి
క్షు
క్షుద్రపని
క్షురం
క్షేత్రబలం
క్షేమముగా
క్షౌ
ఖ
ఖంగారుపడు
ఖండకథ
ఖండశర్కర
ఖండింపు
ఖగాసనుడు
ఖచ్చితం
ఖజానాలో
ఖడ్గమృగ
ఖని
ఖబురు
ఖరురం
ఖర్జూరంచెట్టు
ఖలుడు
ఖాతా
ఖాద్యసంబంధీయమైన
ఖార్ఖానా
ఖాసా
ఖిలరుక్కులు
ఖూనిని
ఖేదముగా
ఖైరతాబాద్
ఖ్
ఖ్రిష్టియాన్
ఖ్రిస్తుమతస్తులు
ఖ్రీస్తుగుడి
గ
గం
గంగడోలు
గంగాబొండం
గంజాయిత్రాగువాడు
గంటల
గంట్లాడి
గండముగా
గండుకోతి
గండ్రీగ
గందము
గంధతృణం
గంధామాత
గంభారి
గః
గగనకుసుమం
గగ్గోలు
గచ్చులు
గజ
గజనిమ్మ
గజాననుడు
గజ్జిమొదలైనవి
గట్టించుట
గట్టిపడడము
గట్టివాండ్లుగా
గట్టున
గడ
గడగడచదివినాడు
గడపడము
గడవగా
గడిచిపోయినది
గడియగా
గడియారమునకు
గడుపుతున్నాను
గడ్డ
గడ్డలు
గడ్డితిన్నావు
గణ
గణం
గణకం
గణపతిదేవుడు
గణిక
గణితశాస్త్రవేత్త
గణ్యముచేయబడ్డ
గత
గతించు
గతీ
గద
గదా
గద్ద
గద్దువ
గనం
గనగున
గనత
గన్నెర
గబ
గబాలు
గబ్బు
గభ
గమనశక్తిగల
గమ్మ
గరగరలాడె
గరికగడ్డి
గరిమం
గరుజు
గరువ
గర్తిభ్యస్థన్
గర్భముగావుండే
గర్భాధానం
గర్వపడక
గర్వమునకు
గర్వియైన
గల
గలదిగా
గలవాని
గలిబిలిచేసుట
గల్లత్తును
గవనరు
గవాక్షం
గవ్యూతం
గస
గస్తు
గా
గాండ్లకు
గాంధీయిజం
గాజుకుప్పె
గాజురొయ్య
గాడిదగుడ్డు
గాడుగుండుములుపుగాడు
గాఢమైన
గాత్మక
గానమొనర్చు
గాబరా
గాయతైలము
గాయములమీద
గారడివిద్యగాడు
గారాబుపట్టి
గార్డియన్
గాలపుచువ్వ
గాలికసరుగా
గాలిగో
గాలిపటము
గాలివాటముగా
గాలెక్టోసిల్
గావుకేక
గాస్కెల్
గి
గింజలను
గిజగిజలాడు
గిటగిటమను
గిట్టింపు
గిడ్డగా
గిబ్సైట్
గిరిక
గిర్నార్
గిలాబ
గివురూ
గీ
గీటడము
గీతము
గీరూ
గుంజనం
గుంజులాడుట
గుంటలోకి
గుండిగ
గుండుపేలువు
గుండెగల
గుండ్రంగాతిరుగు
గుండ్లాడేపసరిక
గుంపులాడు
గుక్కలుగా
గుచ్చినది
గుజగుజ
గుటకలు
గుట్టలుపెట్టు
గుడి
గుడివాండ్లు
గుడుగుడుమనే
గుడ్డచాయ
గుడ్డలతోనే
గుడ్డిది
గుడ్డుగూసు
గుడ్లు
గుణనిర్దేశం
గుణమున్ను
గుణాఢ్యుడు
గుత్త
గుదం
గుది
గుదిలక
గుద్దెయ్యి
గుప్తకాలం
గుప్పెడు
గుబులు
గుమడె
గుమ్మంపట్టక
గురంచిన
గురింఇచి
గురిగింజులు
గురిపెట్టు
గురుగు
గురుతులను
గురునాథరావు
గురువు
గురువువారి
గుర్తించరానిది
గుర్తింపు
గుర్తులు
గుర్రపురౌతని
గుర్రమునన్ను
గుర్రమెత్తు
గుర్రుగుర్రుమని
గులాంసేన్
గులిముడి
గుల్లలమయముగా
గుసగుసలుగా
గూ
గూకు
గూడనిది
గూఢచారుడు
గూఢార్ధము
గూర్చుండ
గృ
గృహం
గృహకృత్యం
గృహస్థాశ్రమం
గెంటినారు
గెట్టించినాడు
గెనుసుగడ్డ
గెలిసిననాడు
గెలుపు
గెల్లి
గే
గేడ్డలోని
గేమ్
గేలిచేసుట
గై
గైడ్
గొ
గొంగక
గొంతుకమ్ముదల
గొంతుబొంగురుపో
గొఖాసా
గొట్టముతో
గొడగ
గొడ్డు
గొణగొణలాడు
గొనాడ్స్
గొప్పజాతీయ
గొప్పమనిషి
గొబ్బి
గొరపం
గొరిశలు
గొర్రెదాటు
గొలక
గొలుసువ్రాత
గొల్లేత
గో
గోండ్రించు
గోకివున్నది
గోగునారపగ్గము
గోచి
గోటువేసిన
గోడమీ
గోడలో
గోత్ర
గోదావరిపరీవాహక
గోధుమలలో
గోనెసంచి
గోపాలకృష్ణరావు
గోపీనాథ్
గోమట్టము
గోమేధికం
గోరక్ష్హకుడు
గోరీమీద
గోరోచనము
గోలాలుడు
గోల్డ్కప్
గోళీ
గోవిందయ్య
గోష్ఠీనం
గౌ
గౌండ్లవాడు
గౌనరుమెంటువారికి
గౌరవమైన
గౌళం
గ్
గ్యాలన్
గ్యాలరీ
గ్యాస్
గ్రంథం
గ్రంథనాయకి
గ్రంథములలో
గ్రంథికీకరించు
గ్రందం
గ్రంధస్థం
గ్రసోఫల్విన్
గ్రహణం
గ్రహించగూడని
గ్రాండు
గ్రాదితలుపు
గ్రాఫ్స్
గ్రామము
గ్రామస్థుడు
గ్రామ్యభాష
గ్రాసమునకు
గ్రాహినగర్
గ్రిమ్
గ్రీనిచ్
గ్రుడ్డి
గ్రుహం
గ్రేటర్దెన్
గ్లమ్డాల్కిచ్
గ్లాబ్యులిన్
గ్లిసరిన్
గ్లూటామిన్
గ్లైకోజెన్
గ్లోప్స్
గ్లోస్సన్
ఘ
ఘం
ఘంటశబ్దము
ఘట
ఘటశ్రాద్ధము
ఘటోద్భవుడు
ఘట్ఠిగా
ఘన
ఘనకార్యం
ఘనత
ఘనముకాదు
ఘనీభవించడము
ఘర్మం
ఘష
ఘా
ఘాటు
ఘాతుకుడు
ఘి
ఘీ
ఘీంకరించు
ఘు
ఘూ
ఘృణ
ఘె
ఘే
ఘై
ఘొ
ఘో
ఘోరముగా
ఘౌ
ఘ్
ఙ
ఙ్
చ
చంక
చంగు
చంటిపిల్ల
చందం
చందా
చందాదారు
చందురం
చంద్రకిరణము
చంద్రమౌళి
చంద్రాకారముగా
చంప
చంపబడ్డవాండ్లు
చంపితే
చంపివేసే
చంపేవిషము
చః
చక
చకోరకం
చక్కదనము
చక్కపెట్టు
చక్కబెటటడము
చక్కలిగింతగా
చక్కెరవలె
చక్రభ్రమణం
చక్రవిశేషముజ్యోతిస్సంబంధమైన
చచ
చచ్చవుకం
చచ్చినవాడి
చచ్చినాడన్నందుకు
చచ్చియెత్తినట్టు
చచ్చేటందుకు
చటచటమనుట
చట్టం
చట్టప్రకారము
చట్టవిరుద్ధం
చట్టాంబిళ్ళ
చణగరము
చతురశ్రమముగా
చతుర్ధి
చతుష్పథాత్
చదరంగ
చదలేరు
చదవబడ్డ
చదివితే
చదివేవాడు
చదువలెనని
చదువు
చదువుకోవడానకు
చదువుపిచ్చిపట్టినది
చనిపో
చనువరి
చన్నిచే
చపలం
చపలురాలు
చప్పరించు
చబాన్
చమత్కారమంజరి
చమరుట
చర
చరచర
చరాచరములు
చరిత్రలలో
చరువు
చర్మములో
చలంచేవాడు
చలనదిశ
చలపాదిగా
చలవకు
చలాయించు
చలికాలపు
చలిజ్వరము
చలువచెయ్యి
చల్లడము
చల్లని
చల్లపల్లి
చల్లారు
చల్లుకొనేటిది
చవిటి
చవుకలు
చస్తాడు
చా
చాంచల్యముగా
చాకలవాడి
చాగకాడు
చాచుకొని
చాటుపద్యము
చాట్
చాడీమాటలు
చాతుర్యముగా
చాపచుట్టలుగా
చాపు
చాయ
చాయగల
చారణుడు
చార్జింగ్
చాల
చాలకుండు
చాలా
చాలామందికి
చాలించుట
చాలువారు
చావడమనే
చావవలసినది
చావులేనిమరణములేని
చి
చింతగల
చింతపల్లి
చింతించే
చిందించు
చింపులు
చికిలిచేసుట
చిక్కదనం
చిక్కమువేసుట
చిక్కినందున
చిక్కిపోయినాడు
చిక్కుచేయుట
చిక్కుపరచినావు
చిక్కైన
చిగురువిలుకాడు
చిటచిట
చిటికిన
చిట్
చిట్టిపాప
చిట్లించిన
చిడుగుడు
చితుకు
చిత్తప్రకారమునక్ను
చిత్తును
చిత్రం
చిత్రగుప్తుడు
చిత్రమువేసుట
చిత్రవిచిత్రమనగా
చిత్రాపుపని
చిదిమిన
చినమల్లయ్య
చిన్న
చిన్నజేబు
చిన్ననాటి
చిన్నబుచ్చు
చిన్నరి
చిన్నాన్న
చిన్నెలుగా
చిబుకు
చిమ్మనం
చిర
చిరచిరలాడు
చిరికప్ప
చిరునవ్వుగల
చిరునామా
చిర్రుమను
చిలచిల
చిలుకమ్మ
చిలువలు
చిల్లరమూక
చిళ్ళ
చివికిపోకుండా
చివ్వి
చీ
చీకటి
చీకటియీగ
చీకాకుబడ్డ
చీటిపోటు
చీత్కారం
చీదరించు
చీపర
చీమలు
చీరం
చీలచబడ్డ
చీలికెగా
చీల్చినారు
చుంగుపట్టినాడు
చుకున్నారు
చుక్కాణిపట్టుట
చుట్టపడడము
చుట్టవేసుకొనుట
చుట్టుకొన్న
చుట్టుపక్కల
చుడు
చురకుగల
చురుకుమనిషి
చుల్లి
చూ
చూచినదంతా
చూచివాడికి
చూచుకొనేది
చూచేటప్పటికి
చూడకూడలేదు
చూడనట్టుగా
చూడరాని
చూడు
చూతం
చూపించినాడు
చూపిస్తారు
చూపెట్టుకుని
చూర్ణము
చూస్తలూ
చూస్తూవుండే
చె
చెంఘిజ్ఖాన్
చెండుతట్టేకర్ర
చెందు
చెంబడిది
చెక్అవుట్
చెక్క
చెక్కలు
చెక్కుచెదరక
చెట్టుకు
చెట్టులోపల
చెట్లు
చెడగొట్టుట
చెడిపోతాడు
చెడిపోయినప్పుడు
చెడు
చెడుగర్వము
చెడుపు
చెడ్డచిక్కైన
చెడ్డయొద్దు
చెత్తాచెదారం
చెదల
చెదిరిపోయి
చెన్నకేశవరావు
చెన్ను
చెప్పగల
చెప్పడానకు
చెప్పబడకుండా
చెప్పమన్నాడు
చెప్పవద్ధు
చెప్పింది
చెప్పినట్టే
చెప్పినదేగాని
చెప్పినాడా
చెప్పివ్రాయించడము
చెప్పుట
చెప్పుదురా
చెప్పేటప్పుడు
చెప్పేవాండ్లు
చెమటను
చెమర్చుట
చెయిగల
చెయిదాటిపోవు
చెయివాడీగుణం
చెయ్యబొయ్యే
చెయ్యిపొడుగ్గా
చెరకుతోట
చెరపగూడక
చెరబట్టు
చెరసాలలో
చెరిపివేసినది
చెరుపుకున్ను
చెరువుగా
చెలగాటాలాడు
చెలికాడు
చెల్లకవుండే
చెల్లించ
చెల్లించబడ్డవి
చెల్లించవోయి
చెల్లించు
చెల్లింపు
చెల్లినప్పటికిన్ని
చెల్లుటసాగుట
చెల్లెలు
చెవితెగినవాడు
చెవుడు
చెశాననుకును
చే
చేకో
చేటుకు
చేతకానితనము
చేతనాచేతనములైన
చేతలమీద
చేతికింది
చేతిదుసుకు
చేతివేత్రము
చేతులార
చేదితి
చేను
చేపమాంసము
చేపలో
చేబడ్డది
చేయకలుగు
చేయగా
చేయడానకన్నా
చేయనట్టు
చేయబడుతవి
చేయమన్నాడు
చేయవచ్చేటప్పటికి
చేయవల్లకాదు
చేయించుట
చేయిపెట్టు
చేయూత
చేరనిచ్చుట
చేరినందు
చేరినావుసరే
చేరుకొన్న
చేరూచు
చేర్చినారు
చేర్చుట
చేవమానికి
చేశినవాండ్లు
చేష్ట
చేసినందున
చేసినప్పటికిన్ని
చేసినాడుస్వేచ్చగా
చేసియిచ్చే
చేసుకున్నాను
చేసుకొన్న
చేసుకోని
చేసుకోవలెనని
చేసేతన్
చేసేవారము
చేస్తాము
చేస్తు
చేస్తేనేమి
చై
చైనక
చొ
చొక్కం
చొక్కాయలుగా
చొట్టపోయినది
చొరగూడని
చొరబడుతున్నది
చొఱనీయక
చో
చోటిస్తాను
చోద్యం
చోళమహారాజుడు
చౌ
చౌకవ్వు
చౌర్యం
చ్
ఛ
ఛం
ఛండాలం
ఛఛ
ఛట
ఛత్రలక్షణుడు
ఛా
ఛాంపియన్
ఛాప్టర్
ఛాయ
ఛార్లస్
ఛి
ఛిఫ్
ఛీ
ఛు
ఛూ
ఛె
ఛే
ఛేకాపహ్నుతి
ఛై
ఛైల్డ్
ఛొ
ఛో
ఛౌ
ఛ్
జ
జం
జంకులేక
జంగముడు
జంఝాటముగా
జంతికలగొట్టం
జంతువులను
జంపు
జంభగాండ్లు
జంభాలుకొట్టేవాడు
జః
జక
జగడం
జగడము
జగత్తులో
జగన్నాథుడు
జగ్గరాజు
జటిలముగా
జట్టు
జఠరం
జడ
జడబుద్ధి
జడిపించు
జడురాలు
జడ్డీలున్ను
జత
జతపడ్డ
జన
జనకం
జనపనార
జనరంజకత్వము
జనసమృద్ధి
జనార్దనరావు
జనులకు
జన్మ
జన్మస్థానం
జప
జపం
జప్తి
జబర్దస్తీ
జబ్బుపడు
జబ్భైపోయినది
జమ
జమావందీ
జమున
జయ
జయఘోషం
జయమాలిని
జయవారము
జయించి
జయోత్సవములో
జర
జరగబోతున్నదన్నది
జరి
జరిగించినారు
జరిగినమీదట
జరిణిపంది
జరుగుతున్నవా
జర్
జల
జలకం
జలజంతువులను
జలద్రావణం
జలప్రళయము
జలయంత్ర
జలశక్తి
జలిటిన్
జల్ఫబిరూమీఖాన్
జల్లిరాళ్లు
జవ
జవనిక
జవాబుదారియైన
జవ్వాదివంటి
జా
జాం
జాక్పాట్
జాక్‌పాట్
జాగరీకుడు
జాగుచేయించుట
జాగ్రతగావుండు
జాగ్రత్తచేసేవాడు
జాటి
జాడిని
జాతకుడు
జాతివాండ్ల
జాతీయము
జాదుకొను
జానపదవాజ్మయం
జాన్సను
జాబు
జాబులోనే
జామీనుయిచ్చుట
జారజత్వము
జారిన
జారుకో
జార్లెస్
జాలిగుండె
జావళి
జి
జింకతోక
జిక్కక
జిగ్స్
జితేంద్రియత్వము
జిబజిబలా
జిరాయితి
జిల్దు
జిల్లు
జిహ్వచాపల్యం
జీ
జీతంరోజు
జీనాన్
జీన్పాల్
జీరగపిట్ట
జీర్ణమయ్యే
జీర్నము
జీవజాతి
జీవనాంశము
జీవముగా
జీవశాస్త్రజ్ఞుడు
జీవి
జీవితం
జీవితచరిత్ర
జీస్
జు
జుట్టుపట్టు
జుమ్మామసీద్
జూ
జూదకాడు
జూదాలమారి
జూరీలు
జృ
జె
జెండా
జెడగొట్టు
జెర్మన్
జెస్పర్
జే
జేడైట్
జేమ్సులోవెల్
జేసినారు
జై
జైపాల్సింగ్
జొ
జొంపం
జొరబడు
జో
జోకొట్టు
జోడి
జోడులేని
జోముదిగు
జోర్న్
జోళ్ళకు
జోహన్స్బర్గ్
జౌ
జ్
జ్ఙానవిహీనమైన
జ్ఞాతవ్య
జ్ఞానపుత్రి
జ్ఞానశక్తి
జ్ఞానులు
జ్ఞాపకమునకు
జ్ఢానం
జ్యేష్టపుత్రుడు
జ్యోతిరింగణం
జ్యోత్స్న
జ్వరముతో
జ్వరానికియిచ్చే
జ్వాలాముఖి
ఝ
ఝం
ఝపము
ఝర
ఝరి
ఝల్లుమన్నవి
ఝా
ఝావుకః
ఝి
ఝీ
ఝు
ఝూ
ఝె
ఝే
ఝై
ఝొ
ఝో
ఝౌ
ఝ్
ఞ
ఞ్
ట
టం
టంకాటం
టః
టక
టక్కులమారి
టన్నుల
టప్పుడు
టర్నిప్
టవల్స్
టా
టాకు
టాన్హిల్
టార్టరి
టాస్మేనియా
టి
టిక్కెట్
టిప్పణి
టిస్
టీ
టీను
టీవి
టూ
టూరింగ్
టృ
టె
టెంకాయలోని
టెక్కులాడు
టెట్రాక్లోరైడ్
టెన్నిస్
టెర్మిన్
టెలీకమ్యూనికేషన్
టెలీస్కోప్
టే
టేకాఫ్
టేబిల్
టైజేషన్
టైము
టొ
టొకరగా
టో
టోకెన్
టోటన్హోమ్
టోపీలో
టౌ
ట్
ట్టు
ట్రంకాల్స్
ట్రాంకాల్స్
ట్రాకింగ్
ట్రాన్సుపోర్ట్
ట్రాప్
ట్రిప్టొఫేన్
ట్రూజన్
ట్రేషన్
ట్రైక్లోరైడ్
ట్రైనైట్రోటోల్విన్
ట్రైహేలైడ్
ఠ
ఠం
ఠగ్గు
ఠా
ఠానా
ఠి
ఠీ
ఠీవి
ఠు
ఠూ
ఠె
ఠే
ఠై
ఠొ
ఠో
ఠౌ
ఠ్
డ
డంబముగా
డః
డక
డగ్గర
డన్నది
డబ్బా
డబ్బు
డమరకమున్ను
డయాలసిస్
డలాయతు
డా
డాంబికం
డాక్టరేట్
డాన్
డామినేట్
డాల్
డాష్
డాష్బోర్డ్
డాష్‌బోర్డ్
డి
డింగరీడు
డిక్టేటింగ్
డిచ్పల్లి
డిటెన్షన్
డిప్పకాయ
డిబెంచరు
డిల్లపాటు
డిల్లీ
డిసెంబరు
డిస్ట్రిక్ట్
డీ
డీఆక్సిరైబోస్
డీలక్స్
డీల్
డు
డుయ్యి
డూ
డృ
డె
డెత్
డెబిట్
డెబ్బయ్యవ
డెబ్బై
డెబ్బైఐదు
డెబ్భైరెండు
డెర్మటైటిస్
డెలివరీ
డెవిస్
డే
డేటా
డేవిడ్
డై
డైగ్లిసరైడ్
డైఫాస్ఫేట్
డైసిల్
డొ
డొక్కలో
డొమైన్
డో
డోకడా
డోలరైట్
డౌన్లోడ్
డౌన్‌లోడ్
డ్
డ్యూరేటర్
డ్రాఫ్ట్
డ్రైవర్
ఢ
ఢం
ఢక్కామొక్కీలుతిను
ఢా
ఢి
ఢిల్లీ
ఢీ
ఢీకొట్టు
ఢు
ఢూ
ఢె
ఢే
ఢై
ఢొ
ఢో
ఢౌ
ఢ్
ణ
ణీవు
ణో
త
తంటాలూపడు
తండులం
తండ్రిది
తంతుకీటం
తంత్రములుచేసి
తంబి
తః
తక
తకరారు
తక్కినవాండ్లు
తక్కువ
తక్కువపడు
తక్కువైపోయిన
తక్షణ
తక్షుడు
తగరంపొడి
తగలపెట్టినాడు
తగవుచెప్పు
తగినదైనట్టు
తగిలించినది
తగిలితే
తగిలేటప్పటికి
తగుబాటివిగా
తగులుకొంటిని
తగుల్చు
తగ్గి
తగ్గింపు
తగ్గిపోయినందున
తచ్చన
తటస్థపడు
తటాకముగా
తట్టి
తట్టుతీసిన
తట్టువేశి
తడ
తడకట్టినాడు
తడమాటం
తడవలు
తడిపినాడు
తడిసినది
తత
తతి
తత్తరించు
తత్వజిజ్ఞాసాత్మకం
తత్సమానం
తదర్థం
తద్ద
తద్రూపము
తన
తనంతటనే
తనఖాపత్రం
తనదుర్గుణములు
తనమతమే
తనరు
తనస్థానములో
తనిఖీ
తనుకు
తన్నాదేశపురాజు
తన్నుతానే
తపనీయం
తపాలా
తపాలుపెట్టె
తపెల
తప్పడము
తప్పలేకుండా
తప్పించినాను
తప్పించుకోబోయి
తప్పినట్టు
తప్పిపొయ్యేదాక
తప్పు
తప్పుకట్ల
తప్పుతున్నది
తప్పుమాట
తప్పులో
తప్పేల
తబేలా
తమ
తమకేమీ
తమవి
తమింగిలము
తమ్మపడిగ
తమ్ముడైనందున
తయారీలో
తర
తరంగాగ్రం
తరగనియ్య
తరపియావు
తరళం
తరహానవ
తరింపజెయ్యి
తరితీపు
తరిమొనపెట్టు
తరుణి
తరువాత
తరువు
తర్కవాదము
తర్కిస్తిని
తర్షం
తల
తలకట్టినది
తలకు
తలకొవ్విన
తలగడవొర
తలచమురు
తలచు
తలతళమని
తలనుండు
తలపుర్రే
తలబట్టు
తలమీదగాని
తలయెత్తు
తలవంపైనది
తలవేలవేసుకొని
తలాపి
తలిస్తే
తలుస్తున్నాను
తల్లడపాటు
తల్లితండ్రిలేని
తల్లిలేని
తళ
తళవరసకు
తళ్ళు
తవ్వబడి
తవ్వుగోల
తస్కరించు
తహసిల్
తా
తాండ్రచెట్టు
తాకట్టుపెట్టు
తాకిడి
తాకే
తాగరాదనేవాడు
తాగిమత్తుగా
తాగుబోతు
తాగేదిలేదని
తాజా
తాటక
తాటిచేట్టు
తాడిపల్లి
తాత్కాలికంగా
తాత్సారము
తానువలసినదే
తాపింవాడు
తామరతంపం
తామిలేని
తాయి
తారతమ్యం
తారాడు
తారుమారు
తార్పుడుకత్తె
తాలుగింజ
తాళకూడిన
తాళమ్మ
తాళిమిగ
తాళునేమో
తావివిలుకాడు
తి
తిండిపోతుతనముగా
తిక్కు
తిట్టాట
తిట్టుతినేవాడు
తిథి
తినని
తినిన
తిను
తినేసివుండినారు
తిన్నియ
తిప్పని
తిప్పికొట్టుట
తిప్పుకోలేకుండా
తిమింగలము
తిమ్మన్న
తియ్యదనం
తిరగడం
తిరగబడతాడు
తిరగరాని
తిరస్కరించినారు
తిరిగబడ్డారు
తిరిగిపొందు
తిరిగీచేర్చుట
తిరిగేవాండ్లు
తిరుక్కొనుట
తిరుగు
తిరుగుబోతు
తిరుచూర్ణం
తిరువల్లిక్కేణి
తిలకం
తిష్టతి
తీ
తీక్ష్ణబుద్ధిగలవాడు
తీగెలుగా
తీపుతీస్తున్నది
తీయబడినది
తీరడములో
తీరరానిపని
తీరినదితేలిపోయినది
తీరుగానైనా
తీరైన
తీర్చినాను
తీర్చేవాడు
తీర్పుచెప్పుట
తీర్మానించు
తీవ్రత
తీశివేయడము
తీసికొనవలెన
తీసిపోయినప్పుడు
తీసివేసిహాయిగా
తీసుకునిపోయి
తీసుకొనిపొయ్యే
తీసుకొనివచ్చినారు
తీసుకోనుట
తీసుమానమైన
తు
తుంగమయముగా
తుంటపని
తుండుకర్ర
తుంపుర్లు
తుక్కుమూక
తుచ్ఛమైన
తుడచి
తుడుచుకునిపోయినది
తుత్తారవూదుట
తుదకు
తునకగా
తునుక
తుపాకిని
తుపాకులున్ను
తుమ్మ
తురకమతం
తురకవాడనుకొంటిని
తురిమే
తురువు
తులనాత్మక
తుల్యం
తుళ్లు
తువ్వాల
తూ
తూకంవెయ్యి
తూగిపడుట
తూచు
తూనిక
తూమెత్తి
తూర్పుకనుమ
తూర్పువైపుగా
తూస్తే
తృ
తృణీకరించబడ్డ
తృప్తి
తృప్తిచేసినాడు
తె
తెంచు
తెక్కలి
తెగటు
తెగలైనారు
తెగించివేసిన
తెగుడు
తెచ్చినారు
తెచ్చుకోవలసినది
తెడ్డువెయ్యి
తెప్పరిల్లు
తెమ్మ
తెరచిచూచుట
తెరలు
తెరవల్ల
తెరుకువైన
తెరువు
తెలకపిండి
తెలిపేగేయం
తెలియచేయడము
తెలియచేసేవాడు
తెలియదన్నాడు
తెలియబడరాని
తెలియు
తెలివితప్పినదా
తెలివిలేనివాడు
తెలిశేటట్టుగా
తెలిసినమట్టుకు
తెలిసెటట్టుగా
తెలుగు
తెలుగుకన్న
తెలుగువాడు
తెలుపు
తెలుసుకున్నాడు
తెలుసుకోకూడనివి
తెలుసుట
తెల్లకాగితము
తెల్లదొర
తెల్లబడ్డవి
తెల్లవార
తెల్లవారు
తెల్సు
తెళుగు
తెళుపు
తే
తేగూడని
తేజస్సు
తేటగీతి
తేతిహాసాదులు
తేనీగలను
తేనెతెట్ట
తేపడక
తేరకుండా
తేరుచుకోకుండా
తేలింపు
తేలిక
తేలిమొదపు
తేలే
తై
తైట్
తైలములో
తొండను
తొందరచేత
తొందరపెట్టు
తొందరవేళ
తొంబైఎనిమిది
తొంభయ్యవ
తొంభై
తొంభైనాలుగు
తొక్కు
తొట్టగిలబడు
తొడకింద
తొడితే
తొడుక్కొనేగది
తొడుగుట
తొత్తుగా
తొమ్మిదవ
తొమ్మిది
తొయ్యని
తొర్రియైన
తొలగమంటే
తొలికారుపిల్ల
తొలిచిన
తొలుచు
తొవ్వడములో
తో
తోకపల్లి
తోచక
తోచిందిసుమీ
తోచుట
తోటపల్లి
తోటవేయవలసినందున
తోడబుట్టినది
తోడుకొనిపో
తోడుబోతుపెట్టుట
తోడ్పాటు
తోన
తోమడము
తోయదం
తోలినాడు
తోలుతీసిన
తోలువేసిన
తోశివేయడము
తోసినారు
తోసివేసింది
తోసుకోనిపొయ్యే
త్యక్త
త్యాగమూర్తి
త్రవ్వుకొని
త్రాణకర్త
త్రికం
త్రిజ్యకోణీయ
త్రిపురాంతకుడు
త్రిలింగం
త్రీగించు
త్రుప్తి
త్రెక్కో
త్రైలోక్యం
త్రోవరి
త్వపసి
త్వరబడుట
త్వరిత
థ
థం
థమ్స్
థర్మోస్
థా
థాయ్లండ్
థి
థియోసల్ఫేట్
థీ
థు
థూ
థె
థే
థై
థైమెట్
థొ
థో
థౌ
థ్
థ్రిల్
ద
దంటే
దండనకు
దండమూలీయ
దండించుట
దండుగను
దండువుద్యోగానికి
దండ్యమైన
దంతములో
దంపముగా
దః
దక్కు
దక్షిణభాగం
దక్షిణార్ధగోళం
దగ
దగి
దగ్గర
దగ్గరికి
దగ్గిరించి
దగ్ధంచెయ్యి
దట్టికట్టు
దడ
దడాదడ్
దణ్ణం
దదౌ
దనమలమ్మ
దన్యవాదాలు
దప్పక
దబ
దబరా
దమనం
దయ
దయచుపు
దయతప్పిటనది
దయసంపాదించుట
దయాళుత్వము
దయ్యములు
దర
దరిచేరినాడు
దరిద్రుడని
దరిసెనం
దర్పకుడు
దర్మం
దర్శన
దర్శనేంద్రియ
దల
దళముగా
దవడపల్లు
దవ్వరటి
దశ
దశరధ
దసిలీ
దస్త్రము
దా
దాంపత్యబంధం
దాఖలు
దాగినాడు
దాగురించు
దాచినది
దాచుట
దాటించినది
దాటుగా
దాణా
దాదాపుగా
దానశాసనము
దానికేమాత్రం
దానినష్టము
దానిమీద
దానివలె
దాపట
దామోదరం
దాయి
దారాః
దారిచూపే
దారిద్ర్యం
దారుఢ్యము
దార్ఢయం
దాల్చినాడు
దాశార్హుడు
దాసాని
దాసుణ్నిగా
దాహమవుతున్నది
ది
దించినది
దించేటప్పటికి
దిక్కుతోచు
దిక్కుమాలినవాడు
దిగ
దిగజారువు
దిగబడడము
దిగినట్లే
దిగు
దిగులు
దిగువదశ
దిగ్ధ
దిటవరి
దిడ్డిదారిగుండా
దిద్దిన
దిధ్దగూడని
దినపత్రికలు
దినములు
దినానికిదినము
దినుసులు
దిమిస
దిమ్ముపట్టేటట్టుగా
దివంగత
దివాణములోమాటవచ్చే
దివిటీపట్టెవాడు
దివ్యపురుషుడైన
దివ్యానందభరితులైన
దిష్టి
దీ
దీనంత
దీనాలాపములు
దీనిపేరు
దీన్నిగురించి
దీపంవెలిగించు
దీపములేని
దీయబోయే
దీర్ఘదర్శియైన
దీర్ఘాచ్చువు
దీర్ణ
దీవికి
దు
దుంపరాష్ట్రకం
దుఃఖపడే
దుఃఖముగా
దుఃఖాన్ని
దుకాణం
దుక్క
దుడుకైన
దుడ్డూకాసుగా
దున్నడము
దుప్పటిదుమ్మును
దుమదుమలాడు
దుమ్ము
దురదగా
దురభిమానము
దురవగాహత్వము
దురాక్షేపణగా
దురాశపడి
దుర్గంధమైణ
దుర్గుణ
దుర్జనుడు
దుర్నడతవల్ల
దుర్బలముచేత
దుర్బుద్ధి
దుర్భాషలుగా
దుర్మతములు
దుర్మార్గముగా
దుర్మార్గులు
దుర్వాసన
దుర్వ్రయముగా
దువ్వు
దుషణపత్రిక
దుష్టతనము
దుష్టాంతరము
దుష్పరిణామం
దుస్సాహసము
దూ
దూచి
దూదికాయ
దూపకుండా
దూబరిదిండి
దూరం
దూరతగిన
దూరబంధుత్వము
దూరస్థం
దూరుకొనుట
దూర్చు
దూలమును
దూషణపద్యము
దూషించబడనివాండ్లు
దూషిస్తున్నావు
దూసుకొన్నప్పుడు
దృ
దృఢగాత్రుడు
దృఢమైన
దృశ్యత్వము
దృష్టాంతమైన
దృష్టి
దృష్టిపారే
దె
దెన్
దెబ్బతగిలిన
దెబ్బవేయుట
దే
దేదీప్యమానం
దేబెగా
దేలినది
దేవతా
దేవదూతల
దేవమాతృకం
దేవవాక్కుగావుండే
దేవామర
దేవుడ
దేవుణ్ని
దేవేంద్రుడు
దేశం
దేశపురాజు
దేశము
దేశములను
దేశవ్యాప్తం
దేశస్థులకై
దేశాచారము
దేశికుడు
దేసం
దేహ
దేహమధ్యమితి
దేహస్థితి
దై
దైనప్పటికిన్ని
దైవకృతమైన
దైవభక్తి
దైవవిధి
దైవానుగ్రహము
దొ
దొంగగుణము
దొంగతనం
దొంగతనమే
దొంగబాబు
దొంగలనే
దొంగిలించబడ్డ
దొంతిక
దొడదొడ
దొడ్డి
దొన్నె
దొమ్మరాట
దొరకడము
దొరతనమని
దొరవారి
దొరికినట్టు
దొరువు
దొల్లిపోను
దో
దోక్కొను
దోచడము
దోచుకొన్నారు
దోనం
దోపుకాడు
దోమలు
దోవకట్టి
దోవనడిచే
దోషం
దోషకారి
దోషములలో
దోషారోపణమైన
దోసం
దోహదము
దౌ
దౌడ్డి
దౌర్బల్యం
దౌర్భాగ్యమేమో
ద్
ద్యావాపృథువులు
ద్రవ
ద్రవిడం
ద్రవ్యములలోనుంచి
ద్రాక్షతీగ
ద్రాఘిష్ఠ
ద్రియములు
ద్రుష్టి
ద్రోణి
ద్రౌపతి
ద్వారక
ద్విఖండం
ద్విజ్య
ద్విపదలో
ద్విభాషాగ్రంథము
ద్వీపకల్పం
ద్వేషముగల
ద్వ్యక్షరములు
ధ
ధం
ధక
ధట్టించు
ధన
ధనప్రదకమండలము
ధనవంతుడు
ధనస్సులు
ధనియాలు
ధన్యనాదో
ధన్యవాదాలు
ధయోడాన్
ధర
ధరామరుడు
ధరిమచిన
ధర్మం
ధర్మజు
ధర్మమనరాదు
ధర్మరాజు
ధర్మశాస్త్రవేత్తలైనవారు
ధర్మాధర్మం
ధర్మోత్తరం
ధా
ధాతువ్యుత్పత్తులను
ధాన్యముగా
ధారగా
ధారాళముగల
ధార్వార్
ధికారము
ధీ
ధీమా
ధు
ధుమధుమలాడు
ధూ
ధూపయోగ్యాముగా
ధూమ్రపత్రం
ధూర్తుగా
ధృఢగాత్రుడైన
ధృవం
ధృవీకరణ
ధృవీకరించిన
ధే
ధై
ధైర్యంచాలక
ధైర్యసాహసం
ధొ
ధో
ధౌ
ధ్
ధ్యాతవ్యం
ధ్యాస
ధ్వంసక
ధ్వజస్తంభం
ధ్వని
ధ్వనిరూపం
న
నంజుడుతిండి
నందనుడు
నంబరింగ్
నః
నకలురాయువాడు
నకిలీ
నక్కజిత్తులు
నక్కవంటి
నక్తంచరం
నక్షత్రవీధి
నగ
నగదు
నగరవాసి
నగవు
నగ్నసత్యం
నచ్చుబేరము
నట
నటరాజమూర్తి
నటీమణి
నట్టిల్లు
నడ
నడచుకొను
నడపీనుగ
నడమబెట్టుట
నడవడి
నడవలేను
నడిచినారు
నడితరమైన
నడిపించేవారుగారు
నడిమిదిమ్మె
నడుచు
నడుచుకోక
నడుమవుండడము
నడువు
నత్తనడక
నదిదాటు
నదులపరీవాహక
నన
ననలెత్తు
నన్
నన్నేలతోస్తావు
నబాబు
నమస్కరించుట
నమూదు
నమ్మకముగా
నమ్మడమైనది
నమ్మదగిన
నమ్మరాని
నమ్మికకు
నమ్మివస్తిని
నమ్రతగల
నయ
నయనొజైన్
నయాననైనా
నరకాంతకుడు
నరములుగల
నరసింహం
నరికించు
నరుక్కొన్నాడు
నర్తులత్వము
నల
నలకువగా
నలగ్గొట్టుట
నలభయ్యవ
నలభై
నలభైఅయిదు
నలిగిన
నలుకువ
నలుచదరపు
నలుపైనందున
నలువు
నల్లకట్లపాము
నల్లచేవమాను
నల్లనాడా
నల్లబడుట
నల్లవాండ్లుగా
నల్స్
నవ
నవనవలాడుతూ
నవయౌవనవతీ
నవాసాగరము
నవీకరణ
నవీమ్
నవ్వగానే
నవ్వినందున
నవ్వుబాటు
నవ్వేపనీ
నశ్యము
నష్టపో
నష్ఠమును
నస
నస్రత్షా
నా
నాకండ్లపడలేదు
నాకిష్టము
నాకేమి
నాఖాతా
నాగతాళి
నాగయ్య
నాగరీకమైన
నాగసరం
నాగూరు
నాచేత
నాట
నాటకం
నాటకసంబంధమైన
నాటినందున
నాటుపురం
నాట్యం
నాఠకములో
నాడీమండలం
నాణెం
నాణ్యత
నాతకం
నాతల్లి
నాదా
నాధుల
నానవేసిన
నానాత్వము
నానావిధమయిన
నానుబోర
నాప
నాఫ్తలీన్
నామధేయం
నామస్మరణ
నామీదికి
నాయకీ
నాయర్
నారంభించినాడు
నారసం
నారి
నారుగానీ
నార్సిజం
నాలినరసయ్య
నాలుగవ
నాలుగింతలు
నాలుగు
నాలుగైదు
నాల్గు
నావంతు
నావుడు
నాశనమున్ను
నాసామార్గం
నాస్తికుడు
ని
నించు
నిండామాడిన
నిండినారు
నిండుదనం
నిందమోపు
నిందె
నికరం
నికృష్టులుగా
నిక్కడము
నిక్కాక
నిక్షేపము
నిగమనం
నిగురు
నిగ్గును
నిఘంటుకర్తలకు
నిచిత
నిజం
నిజగుణం
నిజమవు
నిజమైనదని
నిజాక్
నిట్టకనిలువు
నిట్లో
నిడుపాటి
నిత్తెంమల్లే
నిత్యపడి
నిదర్శనముగా
నిదానించు
నిద్రపట్టక
నిద్రపోతూ
నిద్రలేచి
నిద్రించి
నినుచు
నిపతించు
నిప్పచ్చ
నిప్పునవాడ్చూతూ
నిప్పులుకురిపించు
నిబంధనలలో
నిబిడీక్రుతం
నిభాయించు
నిమిత్తముమాలిన
నిమిషములు
నిమ్నగ
నిమ్మపండ్లు
నియంత్రించక
నియమముగా
నియమించబడ్డారు
నియమితుడవు
నియామకం
నియోజకవర్గం
నిరంకుశుడు
నిరక్షర
నిరపరాధులైన
నిరర్థకమైన
నిరహంకారమైన
నిరాకారమైనది
నిరాతంకం
నిరామయం
నిరాసక్తం
నిరీశ్వర
నిరుపద్రవకారియైన
నిరుపేదయైన
నిరూపించడానకు
నిరోధం
నిరోధించిన
నిర్గుణుడు
నిర్జీవక
నిర్ణయం
నిర్ణయించడము
నిర్ణీత
నిర్దయాత్మకుడైన
నిర్దుష్టమైన
నిర్ధాక్షిణ్యము
నిర్ధారణ
నిర్ధోషముగా
నిర్నయం
నిర్బంధక
నిర్బంధిచబడ్డ
నిర్భయత్వము
నిర్మతీయ
నిర్మానుష్యము
నిర్మూలనంచెయ్యి
నిర్లక్ష్యం
నిర్వర్తించు
నిర్వహణ
నిర్వాణము
నిర్విరామం
నిర్హేతుకముగా
నిలదొక్కు
నిలయం
నిలవపెట్టినాడు
నిలిచిన
నిలిచిపోయినప్పుడు
నిలిచేస్థానము
నిలిపివేసినందున
నిలుచుట
నిలుపుకోవడము
నిలువబెట్టినారు
నిలువుజీతం
నిల్చుచుండినాడు
నిల్వ
నివర్తిచేయడము
నివారణము
నివారితమైన
నివీసు
నివేశవోల్టేజ్
నిశాంత్
నిశిరాత్రిలో
నిశ్చయము
నిశ్చయించినాను
నిశ్చలస్థితి
నిశ్చియం
నిశ్ఛేష్టుతుడుగా
నిషల్ఫము
నిషేదార్థకమైన
నిషేధించారు
నిష్కంటకత
నిష్కర్షచేసుట
నిష్కాపట్యముగా
నిష్క్రియాత్మక
నిష్ఠురనిష్ఠాగరిష్ఠ
నిష్పత్తిని
నిష్ప్రయోజనమైన
నిసువు
నిస్త్రింశం
నిస్సంగత్వం
నిస్సరణము
నిహిమేయ
నీ
నీకువచ్చును
నీకోసరమని
నీచపర్చు
నీచాభిప్రయం
నీచోచ్చవృత్తము
నీటిపారుదల
నీటుగాడు
నీతికావ్యము
నీతిమంతుడు
నీదా
నీయందు
నీరవం
నీరారంభ
నీరుచల్లు
నీరుబుడ్డ
నీరైపోయిన
నీలము
నీలాబ్జం
నీలు
నీళ్లచేత
నీళ్లుగా
నీళ్ళకుండ
నీళ్ళలోపడ్డాడు
నీళ్ళుపోసి
నీవారం
నీవెట్లా
ను
నుంచిపుట్టినదని
నుండి
నుజము
నుద్యుక్తముగా
నుయ్యి
నులక
నులివేయు
నువ్వు
నువ్వుపువ్వు
నూ
నూకరాజు
నూట
నూటఇరవైరెండు
నూటఎనభై
నూటఎనుబదిరెండు
నూటడెబ్బదినాలుగు
నూటడెబ్భైఐదు
నూటతొంబైఏడు
నూటతొంభైరెండు
నూటనలభైతొమ్మిది
నూటపంధొమ్మిది
నూటపధ్నాలుగు
నూటముప్ఫైఐదు
నూటయనభైరెండు
నూటయాభైఆరు
నూటరవైఎనిమిది
నూటికి
నూతనమైన
నూనెవలె
నూరించు
నూరు
నూరేండ్లవాడు
నూలుండ
నూవ్వులు
నృ
నృత్యం
నృపాలుడు
నె
నెక్టోనిక్
నెగులు
నెట్టుకో
నెత్తికెక్కించుకో
నెత్తురుకారువు
నెత్త్రుకాలవలుకట్టు
నెప్టూన్
నెమకు
నెమిలిపిట్ట
నెమ్మది
నెమ్ముకో
నెరద్చంద్రుడు
నెరవేరుపు
నెరవేర్చినవాడు
నెరిసింది
నెలకువ
నెలరా
నెల్లజనులకున్
నెవ్వ
నే
నేటిలోగా
నేతి
నేత్రోపద్రవము
నేను
నేనువస్తాను
నేనైనా
నేయకుండా
నేరముగా
నేరస్తుడు
నేరితేరు
నేర్చు
నేర్చుకో
నేర్చుకోకూడదు
నేర్పబడ్డ
నేర్పుగా
నేలతల్లి
నేలబడివుండే
నేలవుంచుట
నేసిన
నై
నైఘంటిక
నైటు
నైట్రోగ్లిజరిన్
నైపథ్యము
నైల్
నొ
నొంచు
నొక్కుడు
నొచ్చుకోవడము
నొప్పిచేసే
నొవ్వి
నో
నోటబడని
నోటిపూతకో
నోట్లు
నోముపంట
నోరుతిరగక
నోరులేని
నోస్
నౌ
నౌబతు
న్
న్యాయ
న్యాయతహ్
న్యాయముకాని
న్యాయమైనది
న్యాయసంబంధం
న్యాయాధికరణం
న్యాసం
న్యూటన్
న్యూమేటిక్
న్యూస్టేట్
న్రుత్యం
ప
పంక్తిభోజనం
పంగలుగా
పంచత్వం
పంచమఇతి
పంచశాస్త్రములు
పంచాయతీపెద్థ
పంచిపెట్టేవాడు
పంచేంద్రియబద్దుడై
పంజిక
పంటసాల
పండగ
పండని
పండారి
పండితారాధ్యుడు
పండితులగు
పండుకొనేటప్పుడు
పండుగ
పండుగఇనాం
పండుముసలి
పండ్లకే
పండ్లుకుట్టుకొంటూ
పంతులు
పంతొమ్మిదవ
పంతొమ్మిది
పందికొవ్వు
పందిలి
పందెములో
పంపబడ్డవాడు
పంపించవలసినది
పంపినది
పంపెను
పక
పకవము
పక్కనవుండేవాడు
పక్కలో
పక్కెర
పక్షంగా
పక్షమా
పక్షమైనది
పక్షిపిల్ల
పక్షుల
పగ
పగట
పగతీర్చుకో
పగలకొట్టిన
పగలబడి
పగలు
పగిలిపోతుంది
పగ్గముల
పచారిదినుసులు
పచ్చగానే
పచ్చలతోచేసిన
పచ్చికాయలు
పచ్చుబడి
పజ
పటం
పటకారు
పటములున్ను
పటాపంచలవు
పటాళములో
పటుక్కున
పట్టగల
పట్టణమంతా
పట్టపగలు
పట్టముగట్టుట
పట్టా
పట్టించి
పట్టిన
పట్టిపీడించు
పట్టు
పట్టుకపోయినారు
పట్టుకొనుట
పట్టుకోబడ్డవాణ్నిగాని
పట్టుట
పట్టునూలుతో
పట్టుబడిన
పట్టువెలకు
పట్టేటిది
పట్నపు
పఠనము
పఠీలుమనడము
పడ
పడకవిడిచి
పడగానే
పడడమువల్ల
పడనిచ్చుట
పడమటికోడ
పడవతెడ్డు
పడవలసివున్నది
పడికట్టు
పడితి
పడిపోయెను
పడివుండే
పడుకొన్నాడు
పడుచుతనము
పడుతావా
పడువెన్నెల
పడ్డకడగండ్లు
పడ్తాన
పతం
పతకము
పతితులైనందున
పత్తిని
పత్తు
పత్రము
పత్రార్థము
పత్రిక
పత్రికె
పద
పదకం
పదకొండవ
పదకొండు
పదనుచేసుట
పదములు
పదమూడవ
పదమూడు
పదవ
పదసూచిక
పదహారవ
పదహారు
పదార్ధము
పది
పదికి
పదిమందితోటి
పదిరూపాయలకు
పదిలమైన
పదిహేడవ
పదిహేడు
పదిహేనవ
పదిహేను
పదుగురి
పదుపు
పద్దతి
పద్దెనిమిదవ
పద్దెనిమిది
పద్ధతిగా
పద్నాలుగవ
పద్నాలుగు
పద్మములచేత
పద్యం
పద్యములుగానున్ను
పధ్యం
పన
పని
పనికాదు
పనికిమాలిపోయినది
పనికిరావన్నాడు
పనిచూచేవాడు
పనిచేసే
పనిపాటలు
పనియొక్క
పనివల్ల
పనిష్మెంట్
పనుబడి
పన్చ్డ్
పన్ను
పన్నుగడ
పన్నెండవ
పన్నెండు
పప
పపయోనెఫ్రోసిస్
పబ్బం
పయనించేదారి
పయిచిప్ప
పయిరగాలి
పయోధరం
పర
పరంపరమగు
పరగడుపు
పరచినట్టు
పరతెంచు
పరదేశస్థులు
పరపరాగం
పరమందున్ను
పరమసత్యం
పరమాన్నం
పరమేశ్వరత్వం
పరవని
పరవశులైనారు
పరస్త్రీలను
పరాకుగావుండుట
పరాగొనైట్
పరాన్నం
పరామర్శించుకో
పరావర్తయత
పరికీర్తి
పరిక్షిప్త
పరిగెత్తు
పరిచయమవు
పరిచినాడు
పరిణతి
పరిణితి
పరిత్యాగం
పరిపక్వత
పరిపాలకుడు
పరిపుష్టి
పరిభవము
పరిమళముగల
పరిమార్జనం
పరివర్తన
పరివేక్షణ
పరిశము
పరిశుద్ధం
పరిశోధనం
పరిశ్రమాభివృద్ధి
పరిష్కారతను
పరిసమాప్తం
పరిహసించు
పరిహాసంచెయ్యి
పరీక్షపెట్టు
పరీమాణాత్మక
పరుగు
పరుగెట్టు
పరుగెత్తిపోయినది
పరుడి
పరువుకు
పరుషమైన
పరోక్షార్థక
పర్పస్
పర్యటనం
పర్యాప్తమవ్వు
పర్ర
పర్వతముమీద
పర్వశాస్త్ర
పఱుగు
పలం
పలక
పలకలతో
పలచని
పలవరించే
పలావుచేసితి
పలిటి
పలుగాకి
పలువరస
పల్చబడు
పల్లకిలో
పల్లముతవ్వుట
పల్లవి
పల్లుగా
పల్లెటూరిమనిషి
పల్లొత్తు
పళ్లెము
పవర్స్
పవిత్రాభిప్రాయం
పశిపడుచులను
పశుపాలక
పశుబుద్ధి
పశువులలో
పశ్చిమగోదావరి
పస
పసందుచేసుట
పసరుగాయ
పసిడి
పసిబడు
పసుపాడు
పస్తు
పా
పాండవులు
పాంబన్
పాకమైనందున
పాకులాడు
పాగు
పాచిని
పాటకాడు
పాటవము
పాటిరేవు
పాటుపడేవాడు
పాట్లుబడ్డాడు
పాఠశాల
పాఠాలు
పాడగా
పాడుకషాయము
పాడుచేసినాడు
పాడుభయము
పాడేవాండ్లు
పాణియక
పాత
పాతచట్టమును
పాతర
పాతి
పాతివుండే
పాత్రతా
పాత్రుడే
పాథోథీ
పాదపూరకములే
పాదరి
పాదిరిపుష్పము
పాదుకొన్నవి
పాదోనిధి
పానీయ
పాపటము
పాపముగా
పాపమో
పాపవిహీనమైన
పాపిష్టితనము
పాపులర్
పామరుడైనా
పాముపడగ
పాయ
పాయింటు
పాయింట్లు
పారంపర్యం
పారణ
పారమార్థిక
పారవేయబడ్డ
పారాణి
పారావాండ్లను
పారితేషికం
పారిపోతూ
పారివేసుట
పారు
పారెయ్యి
పార్క్
పార్ఫైరిన్
పార్వతీశం
పార్శ్వ్ము
పార్సెల్
పాలకొడిస
పాలన
పాలబడ్డది
పాలవ్వు
పాలసీ
పాలికాపులుగా
పాలిపోయిన
పాలిష్టర్
పాలీమరిక్
పాలీస్టర్
పాలుపడు
పాలువిరుగు
పాల్గో
పాళెగాడితనము
పావనత్వమునకున్ను
పావుదార
పాశములు
పాషండం
పాసింగ్
పాస్పేట్
పాస్వర్డ్
పాస్‌వర్డ్
పి
పింగళించు
పించ్
పింజెకట్టు
పిండిగుండరాజు
పిండిపదునుకు
పిండుట
పికపికలు
పిక్చర్ట్యూబ్
పిచుకమ్మ
పిచ్చికను
పిచ్చిజాబు
పిచ్చిపట్టినట్టుగా
పిచ్చిభ్రమలుగల
పిచ్చివాడనై
పిచ్చిసాహముగల
పిటపిటలాడటం
పిఠాపురం
పిడికెడు
పిడివాదముగా
పిడుగుపడ్డది
పితలాకటకమైన
పితాళ్లు
పితృభ్రాతృ
పిత్తడి
పిత్రార్జిత
పినతల్లి
పిన్
పిన్నాపెద్దలు
పిప్పి
పియ్యి
పిరికిగా
పిరియడ్స్
పిలక
పిలిచినట్టైతే
పిలుకు
పిలువక
పిల్ల
పిల్లగాలి
పిల్లమ్మ
పిల్లసుద్దులు
పిల్లిరీతిగా
పిశాచి
పిసకడము
పిసిని
పిస్తోల్
పీ
పీకుపీకినది
పీకులాడేవాడు
పీచును
పీఠాధిపతి
పీడిత
పీతిరిగద్ద
పీనుగు
పీరంగి
పీలువు
పీల్చేవాడు
పు
పుంగవుడు
పుంటికట్టు
పుండుగా
పుంస్త్వము
పుచు
పుచ్చుకుంటే
పుచ్చుకొన్నాడు
పుచ్చుకోవడానకు
పుటము
పుట్టకాలు
పుట్టదు
పుట్టించినదై
పుట్టినక
పుట్టినబిడ్డ
పుట్టిముంచు
పుట్టుగ్రుడ్డి
పుట్టే
పుట్లు
పుడుక
పుణ్యం
పుణ్యమంటాడు
పుణ్యవతి
పుత్తళారాధకుడు
పుత్రునికి
పునఃప్రవేశపెట్టు
పునరావ్రుత్తి
పునరుద్దారము
పునరుద్ధరణ
పునరుద్ధరించు
పునర్నామకరణం
పునశ్చరణ
పునిస్త్రీతనం
పున్నెం
పున్యం
పుయ్యి
పురము
పురాక్రుతం
పురాణాంతర్గతం
పురాలలో
పురిటిగది
పురుగును
పురుడు
పురుషాంగం
పురుషుడు
పురుషులున్ను
పురుసుడు
పురోభివృద్ధి
పుర్వు
పులమడము
పులిచింతాకు
పులిబోనులో
పులివాణ్ని
పులు
పులుసుగూర
పుల్లనికాయ
పుల్లవలె
పుళియోరి
పువ్వులతో
పుష్కళం
పుష్పఫలములు
పుష్పవర్ణము
పుష్పించు
పుసుక
పుస్తకములను
పుస్తకానికది
పుస్తమును
పూ
పూచిన
పూజకోసమ
పూజాకారీ
పూజించే
పూజ్యులు
పూటకూళ్ళుపెట్టేవాడు
పూటానాయక
పూడ్చిపెట్టిన
పూతికాహారి
పూనుకొన్నవాడు
పూయడము
పూరింపుడు
పూర్ణ
పూర్ణాలోచన
పూర్తిచేసుట
పూర్వకాలం
పూర్వపక్షము
పూర్వరాగం
పూర్వికులు
పూలచెట్లతో
పూలువేశిన
పూసకట్టుగా
పూసివుండినది
పృచ్ఛించు
పృథ్వి
పృథ్వీ
పృష్ఠభాగం
పె
పెంకులపై
పెంచిచెప్పడము
పెంచే
పెంటికలు
పెండారిదోపిడి
పెండ్లాడని
పెండ్లామును
పెండ్లిచేయ
పెండ్లివారు
పెంపుచేసుట
పెక్కురు
పెటటుకొన్నారు
పెట్టడములో
పెట్టబడ్డవో
పెట్టవలెనని
పెట్టినగుడ్డు
పెట్టిపెట్టినాడు
పెట్టివేసిరి
పెట్టుకొంటున్నది
పెట్టుకోక
పెట్టుఛాయ
పెట్టుబడిపెట్టు
పెట్టెలున్ను
పెట్టేలతో
పెట్లు
పెడతలపట్టు
పెడరెక్కలు
పెణక
పెదలింగారెడ్డి
పెద్ద
పెద్దకప్పి
పెద్దగొంతు
పెద్దతంబురా
పెద్దదిగావుండడము
పెద్దపడవ
పెద్దపోలీసు
పెద్దమనిషితనమా
పెద్దమెడ
పెద్దల
పెద్దవాడితో
పెద్దాపురం
పెనచు
పెనిమిటి
పెనుమికులు
పెన్సులు
పెరగక
పెరల్స్
పెరికినది
పెరిగినాడు
పెరిమ
పెరుక్కొనుట
పెరుగై
పెర్ఫెక్ట్
పెల్లగించుట
పెళుక్కుమని
పెళ్లగిలినది
పెళ్ళగించిన
పెస్టిస్
పే
పేగునపట్టిన
పేటలున్ను
పేడకుప్ప
పేణూ
పేదవాడు
పేదవాణ్నిగా
పేనులతో
పేమెంట్
పేరడము
పేరిటికి
పేరుకొనిపోని
పేరునిలిచిపో
పేరుబడు
పేరెన్నికగన్న
పేర్చిపెట్టు
పేలవం
పేలుపట్టి
పేళ్ళ
పేస్ట్
పై
పైకిలే
పైగోమట్టము
పైడ్
పైథాగరస్
పైన
పైని
పైపైగా
పైబర్
పైరినాయిడ్స్
పైరోఫాస్ఫటేజ్
పైవాడుగా
పైసాలున్ను
పొ
పొంగించు
పొంచువుండుట
పొందమి
పొందికపడుట
పొందిన్టు
పొందు
పొందేవిధం
పొక్కిన
పొగగూటిని
పొగడిక
పొగమంచు
పొగవలె
పొగిడే
పొగొట్టరాదు
పొటాషు
పొట్టనింపుకో
పొట్టి
పొట్టిపడుచు
పొట్లం
పొడచూపు
పొడవబోయినది
పొడవు
పొడిగినవి
పొడిచీకటి
పొడిని
పొడిసున్నం
పొడుగునుంచి
పొడుచుకొనివచ్చే
పొడువుగా
పొత్తుగుడువు
పొదలుగల
పొదుగుతూ
పొద్దుతిరుగుడు
పొన్నచెట్టు
పొయిగట్టు
పొయ్యేకాలము
పొయ్యేదారి
పొయ్యేస్థలము
పొరపొచ్చాలుకలుగు
పొరలబడు
పొరుగింటి
పొర్లించు
పొలతుక
పొలయిక
పొలిమేరగా
పొలోనియం
పొసగమి
పో
పోఏలదు
పోకారు
పోకిరిమాట
పోకూడదన్నారు
పోగా
పోగుపోయించు
పోగొట్టబడ్డ
పోగొట్టుకోవడమునకై
పోటాపోటీ
పోటుకాడు
పోట్లాడసాగిరి
పోడిమి
పోతపనిగా
పోతానన్న
పోతుందని
పోతువెదురు
పోదునా
పోనియ్యరాదు
పోన్
పోపు
పోయడము
పోయిచేరినాము
పోయినది
పోయినవాండ్లు
పోయినాడోయి
పోయివచ్చినది
పోయెను
పోరస్
పోరాడుతారు
పోరుబెట్టుట
పోర్టల్
పోర్వ
పోలితిన్
పోలీసువారు
పోలేదా
పోల్స్
పోవడానికు
పోవలెనని
పోషకకణజాలం
పోషించు
పోసిన
పోసేస్థలము
పోహణించు
పౌ
పౌన్
పౌరుష
పౌష్పకము
ప్
ప్యాచ్
ప్యానెల్స్
ప్యూపిల్స్
ప్రకటనచేసిన
ప్రకారము
ప్రకాశక
ప్రకాశాంగల
ప్రకీర్ణక
ప్రకోశించు
ప్రక్చేతనస్థితి
ప్రక్షోభించు
ప్రగాఢ
ప్రచయము
ప్రచురము
ప్రజల
ప్రజా
ప్రజాక్రయము
ప్రజాపతి
ప్రజావిప్లవం
ప్రజోద్యమం
ప్రజ్వలనం
ప్రణాళిక
ప్రతారణము
ప్రతికూలముచేయుట
ప్రతిగేమ్
ప్రతిజ్ఞచెయ్యి
ప్రతిధ్వనే
ప్రతిపదికముగా
ప్రతిఫలిస్తున్నవి
ప్రతిభావంతుడు
ప్రతిముల్లు
ప్రతిలోమం
ప్రతివేశం
ప్రతిష్టచేసినాడు
ప్రతిహతి
ప్రతీపం
ప్రత్యంగం
ప్రత్యనర్తక
ప్రత్యాదేశం
ప్రత్యుత్థానం
ప్రత్యేకమవుట
ప్రథమం
ప్రథితం
ప్రదర్శిత
ప్రదేశ్
ప్రధాన
ప్రధానమైనది
ప్రపంచభాష
ప్రపితామహి
ప్రబలమయ్యే
ప్రబావితం
ప్రబుత్వం
ప్రభంజన
ప్రభావమేమి
ప్రభుత్వం
ప్రభుత్వమే
ప్రభువుకు
ప్రమత్తుడు
ప్రమాణం
ప్రమాణమును
ప్రమాదం
ప్రమాదకరం
ప్రమాదమైనది
ప్రమానం
ప్రమేయాత్మక
ప్రయత్నముచేసుట
ప్రయాణం
ప్రయాణంచేయువాడు
ప్రయారిటీ
ప్రయుక్తం
ప్రయోగించబడి
ప్రయోజకత్వం
ప్రలంభం
ప్రళయమందు
ప్రవర్తించడము
ప్రవర్తిస్తున్నారు
ప్రవహించే
ప్రవాహమును
ప్రవృత్తుడు
ప్రవేశం
ప్రవేశములేదు
ప్రవేశించే
ప్రవేసం
ప్రశస్తం
ప్రశ్న
ప్రశ్నచేసుట
ప్రశ్నోత్తరావళి
ప్రసంగించడానికై
ప్రసక్తికితెచ్చు
ప్రసరణం
ప్రసరింపచేసుట
ప్రసవింతు
ప్రసారయంత్రం
ప్రసిద్ధపరచుట
ప్రసిద్ధుడుగా
ప్రసూనేషువు
ప్రస్తావమును
ప్రస్థానం
ప్రహర్షణం
ప్రాంతమునకుచెందిన
ప్రాకరణికార్ధం
ప్రాకృతికస్థితి
ప్రాగల్భ్యం
ప్రాచీనముగా
ప్రాజాపత్యమును
ప్రాణం
ప్రాణత్యాగం
ప్రాణభీతి
ప్రాణములేని
ప్రాణాంతకమైన
ప్రాణి
ప్రాతస్సంధ్య
ప్రాదుర్భవించు
ప్రాధేయపూర్వకం
ప్రానం
ప్రాప్తకాలజ్ఞ
ప్రాభృతం
ప్రామాణిక
ప్రామాణీకరణ
ప్రాము
ప్రాయశ్చిత్తమగు
ప్రారంభం
ప్రారంభదశ
ప్రార్
ప్రార్థన
ప్రార్ధన
ప్రావేలుపు
ప్రాసిక్యూటర్
ప్రిటీషన్
ప్రియపడు
ప్రిలిమ్స్
ప్రీతియైన
ప్రీపెయిడ్
ప్రీమియం
ప్రుథ్వి
ప్రెంఖ
ప్రెస్సాయిడిస్
ప్రేతకర్మం
ప్రేమస్వభావం
ప్రేమేయం
ప్రేరేచు
ప్రేరేపించుట
ప్రేష్ఠ
ప్రొజెక్షన్
ప్రొటోప్లాసం
ప్రొద్దుగూకుట
ప్రొద్దుపొడుస్తూ
ప్రొప్రయిటర్
ప్రొఫైల్
ప్రొవైడెడ్
ప్రో
ప్రోక్షణం
ప్రోజెక్టర్
ప్రోదిచెయ్యి
ప్రోలయరెడ్డి
ప్రౌఢస్థితి
ప్లవంగుడు
ప్లానస్
ప్లాన్
ప్లాస్తిరి
ప్లుష్ట
ప్లేన్స్
ప్లోరిన్
ఫ
ఫం
ఫకీరు
ఫణితం
ఫర్నిచర్
ఫల
ఫలం
ఫలకారి
ఫలమేమి
ఫలాన
ఫలాహారము
ఫలితార్థము
ఫసిఫిక్
ఫా
ఫాక్టర్
ఫాదర్
ఫారసీ
ఫార్మాల్డిహైడ్
ఫాలోయింగ్
ఫాస్పారిక్
ఫాస్ఫారిలేస్
ఫాస్ఫోనిక్
ఫి
ఫిజిక్స్
ఫిన్
ఫిరంగిలో
ఫిరియాదు
ఫిలిపైన్స్
ఫిల్మర్
ఫిషింగ్
ఫీ
ఫీజు
ఫీడ్బ్యాక్
ఫీడ్‌బ్యాక్
ఫు
ఫుట్
ఫూ
ఫె
ఫెక్ట్
ఫెరాన్
ఫెల్డ్
ఫే
ఫేక్
ఫేవరేట్
ఫై
ఫైట్
ఫైబ్రోసిస్
ఫొ
ఫొఉజు
ఫో
ఫోక్
ఫోటో
ఫోటోపిలిమ్
ఫోన్
ఫోన్కాల్స్
ఫోర్తుఫారం
ఫౌ
ఫౌజ్
ఫ్
ఫ్యూరాన్
ఫ్రాక్
ఫ్రీకిక్
ఫ్రెంచిదేశ
ఫ్రేమ్వర్క్
ఫ్లవర్
ఫ్లూక్
ఫ్లోగొపైట్
ఫ్లోరోసిలిక్
బ
బం
బంకమన్ను
బంగరుకంటిపిట్ట
బంగారుచాయగల
బంగారుయిసుక
బంగాళాను
బంటుతనం
బండడు
బండవలము
బండిదగ్గిరి
బండిసామాను
బంతిపువ్వు
బందిపోటుదొంగలు
బందు
బందోబస్త
బంధనాలయం
బంధు
బంధుత్వము
బంధువులకు
బకాయించు
బక్కటిల్లు
బక్సార్
బచ్చు
బజారు
బజ్జి
బటువైన
బట్టబయిలు
బట్టలే
బట్టుకొన్నాడు
బడనీ
బడవాలు
బడి
బడిమి
బడ్జటింగ్
బతకమ్మ
బతిమాలుకో
బత్తేము
బది
బదినకగల
బదిలీ
బద్దలవ్వు
బద్ధకముగా
బద్ధుడైన
బనగానపల్లి
బఫూన్
బమ
బయట
బయటకక్కే
బయటపడు
బయటరాక
బయటికివచ్చినాడు
బయలుదేరేటప్పటికి
బయల్దేరు
బయిటపడ్డది
బయిలుదేగానే
బయిసణ
బరన్చ్హ్
బరిగి
బరువు
బరువుకట్టి
బరుసు
బర్త్
బర్రెదూడ
బల
బలం
బలత్కారము
బలబలతెల్లవారినది
బలమువల్ల
బలవంతముచేసుట
బలహీనం
బలహీనత
బలాత్కరముగా
బలిఇచ్చుట
బలియిచ్చిన
బలిసాదము
బలువు
బల్లకూర్పు
బల్లెములతో
బళువైనందున
బస
బసలకు
బసివిగా
బహదూర్షా
బహిరంగముగా
బహిర్ముఖుడు
బహిష్టుగా
బహుక్లిష్టమైనది
బహుత్వవాది
బహుద్దూర్
బహుప్రీతి
బహుమతం
బహుమతి
బహుమానం
బహుమిణకరించి
బహుళ్యము
బహుసిగ్గగల
బా
బాంక్
బాకింగ్
బాకురుబాకురు
బాక్స్లాష్
బాగాపట్టు
బాగుచేయుట
బాగుపరచు
బాచాలదేవి
బాటిల్
బాడిత
బాణం
బాణముసంధించు
బాతళించు
బాద
బాదామును
బాధకములేమి
బాధాకరత్వము
బాధ్యతగల
బాధ్యురాలు
బానం
బాన్
బాపుట
బాబుగారు
బారకాసు
బారతదేశం
బారినవి
బార్
బార్లి
బాలగ్రహము
బాలశిక్ష
బాలుడు
బాల్ది
బాల్యమును
బావయ్య
బావుండు
బాష
బాషాబోధన
బాసినది
బాహాటమైన
బాహ్యప్రకృతి
బి
బిందుపూర్వకం
బిందువు
బికిరం
బిగబట్టినావు
బిగించు
బిగువులేక
బిచ్చగాడి
బిట్
బిడియముగా
బిడ్డను
బిడ్డలా
బిదవాడు
బియ్యమును
బిరుదావళి
బిర్ర
బిలుకుమార్చు
బిల్లింగ్
బిల్లు
బిళ్లలకు
బిషప్త్వమనే
బిహారీలాల్
బీ
బీగాలకున్ను
బీజాక్షరం
బీటు
బీదనడుము
బీదవాడై
బీమా
బీరకాయ
బు
బుంగ
బుకింగ్
బుక్కెడు
బుచ్చయ్య
బుజ్జగించినది
బుటేదారిగుడ్డ
బుట్ట
బుట్టినవాండ్లు
బుడుబుక్కలవాడు
బుడ్డిపెద్ద
బుద్ది
బుద్దికూడా
బుద్దిశాలియైన
బుద్ధి
బుద్ధిగల
బుద్ధినంతా
బుద్ధిమంతుడై
బుద్ధిశాలిగా
బుధ్ధి
బురదనీళ్ళు
బురుడ
బుర్రుమనేధ్వని
బువ్వ
బుసివో
బూ
బూందీ
బూటకము
బూడిదవర్ణముగా
బూబమ్మ
బూర్నిసుకు
బృందావన్
బె
బెంగళూరికి
బెండకాయ
బెకన్హోమ్
బెగ్గురు
బెట్టించు
బెట్టుట
బెడ్డింగ్
బెత్తానికి
బెదిరించేవాడు
బెనిఫిట్
బెరసు
బెల్
బెల్లమున్ను
బెసికిన
బే
బేట్
బేతాళపూజ
బేధక
బేరకాడు
బేరిగ్
బేలూరు
బేస్తు
బైక్రోమ్
బైటపడు
బైటిబురుజులు
బైబులులో
బైలుదేరుతారు
బొ
బొంకు
బొండకొయ్య
బొందలుచేసే
బొంబాయిలో
బొక్కసమును
బొగడలు
బొచ్చున్ను
బొటానికల్
బొట్టెలబేరము
బొడ్డుపుడక
బొద్దెంకవర్ణమైన
బొబ్బలు
బొమిడికము
బొమ్మ
బొమ్మలుగా
బొల్లయరెడ్డి
బో
బోగరాజు
బోడిచెయ్యి
బోదితాఇతి
బోధనకు
బోధించేవాడు
బోనస్
బోనెక్కు
బోయినాను
బోరుకలవ్వు
బోర్ల
బోర్లించిన
బోలెడు
బోసినోరు
బౌ
బౌద్ధజాతక
బ్
బ్యాంకర్
బ్యాంకు
బ్యాంక్
బ్యాకప్
బ్యాట్
బ్యూనాసయర్స్
బ్రతికిన
బ్రతికేవారము
బ్రతుకుదువుగాక
బ్రవేశించు
బ్రహ్మచారిణి
బ్రహ్మనిష్ఠ
బ్రహ్మరంధ్రము
బ్రహ్మాండ
బ్రా
బ్రామీటరంటారు
బ్రాహ్మణుడని
బ్రాహ్మాండం
బ్రిష్టల్
బ్రూటస్
బ్రేకప్
బ్రోది
బ్లఫ్
బ్లాక్చెయిన్
బ్లాక్‌చెయిన్
బ్లాగ్
బ్లాస్టోపోర్
బ్లేడ్
భ
భం
భంగపరుచుట
భంగిమ
భక్తిగా
భక్తుడివలెనే
భక్షించినది
భగము
భగీరధ
భజనం
భణితి
భద్రత
భద్రముహెచ్చరిక
భద్రమైన
భయ
భయంకరముగా
భయపడి
భయపరవశుడై
భయము
భయస్తుడు
భరతనాట్యం
భరిణె
భర్తీయవ్వు
భళిర
భవితవ్యం
భవిష్యద్వాచకుడు
భస్మముచేసుట
భా
భాగధేయం
భాగవత
భాగారించు
భాగినః
భాగ్యవంతు
భాజకం
భాధలేకుండా
భార
భారతదేశం
భారతము
భారమని
భార్య
భావ
భావన
భావముచేత
భావశూన్యమైన
భావించిన
భావిస్తాడు
భాష
భాషతో
భాషా
భాషాంతరమునిండా
భాషావాదం
భాషీయముకున్ను
భాస
భాసా
భాసిల్లు
భి
భిక్షగాండ్లు
భిన్నఅభిప్రాయపడుట
భిన్నాభిప్రాయముగలవాడు
భీమసేనుడు
భు
భుగులుకో
భుజములను
భుస్సు
భూ
భూగోళమునకు
భూతం
భూతభవిష్యత్
భూత్రవ్వక
భూమన్
భూమిలోఅయ్యేవి
భూలోక
భూషణములచేత
భూస్థాపినము
భృతి
భె
భే
భేదనీయ
భేదలక్షణం
భేదిమందుగా
భేషజము
భొ
భో
భోంచెయ్యి
భోగిణి
భోజనమి
భోజనాత్పరము
భోపాల్
భౌతికవాది
భ్రమణం
భ్రమపరచినాడు
భ్రమసి
భ్రష్టత
భ్రష్టుపరచడముభ
భ్రాజిష్ణువు
భ్రూణం
మ
మం
మంగలం
మంగళముగా
మంగుడు
మంచయ్య
మంచి
మంచిచోట
మంచిదన్నందున
మంచిదో
మంచిపాము
మంచివంశములో
మంచిశ్లోకముల
మంచుగడ్డలు
మంచె
మంజూరు
మంటలెత్తే
మంటిలో
మండలతో
మండాటం
మండిపడుతూవుండిరి
మండునుచూస్తే
మంత
మంత్రగాని
మంత్రసానితనము
మంత్రిత్వం
మంత్రిత్వశాఖ
మంథదండం
మందబలము
మందమైనందువల్ల
మందారములేని
మందుకొట్టు
మందుపట్టించుట
మందూమాకు
మక
మకమకలాడే
మకుటం
మక్తా
మగ
మగధరాజు
మగవాడికి
మగ్గిపొయ్యే
మచ్చరం
మచ్చుకర్ర
మజిలిలోదాణాపెట్టినాడు
మజ్జిగచేసేటిది
మట
మటుమాయమవ్వు
మట్టసం
మట్టుగల
మట్టుబచ్చలి
మఠ
మఠం
మడ
మడతరూపు
మడవలేని
మడిమెలు
మడుపుగా
మడ్డిబెల్లము
మణి
మణితం
మత
మతంగజం
మతనియమ
మతము
మతవిరుద్ధముగా
మతసుడు
మతాధికారి
మతించుట
మత్కుణము
మత్తుపానీయం
మత్స్యరాజు
మద
మదనపడు
మది
మద్దతిచ్చు
మద్దతు
మద్య
మద్యవర్తిత్వము
మధుపానము
మధుసూదనరావు
మధ్య
మధ్యదూరం
మధ్యమావస్థ
మధ్యస్థః
మధ్యావసానేషు
మధ్యాహ్నాత్పరమున్ను
మన
మనం
మనఃప్రభవుడు
మనభారతీయ
మనవరాలు
మనసరి
మనసునకు
మనసువిరుచుట
మనస్సాక్షి
మనాది
మని
మనివిచేస్తాను
మనిషిలొంగక
మనుచు
మనుష్య
మనుష్యస్వభావము
మనుష్యుడు
మనుష్యులున్ను
మనుసుడు
మనోజీవితం
మనోభావము
మనోవ్యధ
మన్ననచేసుట
మన్నించవలెనని
మన్నుకానుపు
మన్మథుడు
మప్పితం
మబ్బైన
మమ
మమ్ముల
మయముగావుండే
మయినముతో
మయోసీల్
మర
మరగ
మరణ
మరణం
మరణావస్థ
మరబందు
మరవని
మరి
మరింతగాభయపెట్టు
మరిగెరాయి
మరిచేటట్టు
మరియా
మరియు
మరివొక
మరీవడిగా
మరుగుజ్జు
మరుగై
మరుబారిపడ్డాడు
మరువక
మరేదన్నాభారతీయ
మర్గదర్శక
మర్దించిన
మర్మములను
మర్యాదకాదు
మర్యాదలేదు
మఱి
మల
మలకవాగు
మలబద్ధము
మలయం
మలయాళం
మలాథియాన్
మలిపివేయుము
మలుపు
మల్లచరువు
మల్లాం
మల్లెపుష్పము
మళయాలం
మళ్లించు
మళ్లుకోవడములో
మళ్ళీపారే
మశూచకము
మసకగా
మసాలాకట్టుట
మస్కరి
మహజరునామా
మహదేవన్
మహమ్మద్షా
మహాఉగ్రుడు
మహాకోపముగా
మహాగొప్ప
మహాజరునామా
మహాత్యమును
మహాద్వీప
మహానిఘంటు
మహాపవిత్రస్థానము
మహాప్రభూ
మహాబోధి
మహామండలేశ్వరుడు
మహాయుగవు
మహారాణిపేట
మహావివరం
మహాశయ
మహాసభ
మహాస్వప్న
మహీక్షితుడు
మహోన్నత్యము
మా
మాంట్రీల్
మాంసఖండములు
మాంసలమైన
మాకే
మాగాణిపైరు
మాచఖండ్
మాట
మాటజరుగు
మాటలంతా
మాటలాడు
మాటలు
మాటల్లో
మాటుకొను
మాట్లాడ
మాట్లాడబోతే
మాట్లాడినందున
మాట్లాడుకోబడని
మాట్లాడేతీరు
మాడగొట్టు
మాడుమీది
మాణిక్యవర్మ
మాతలు
మాతృ
మాతో
మాత్రమేగాని
మాత్సర్యరసము
మాదిగెది
మాధవరం
మాధ్యమిక
మానభంగమైన
మానవభాష
మానవులు
మానహాని
మానినది
మానుకున్నారు
మానుకోబడ్డది
మానువలె
మానైపోయినాడు
మాన్పును
మాన్యూల్
మాఫలం
మామిడిచెట్టువంటి
మాయ
మాయజేసి
మాయమైపోయిరి
మాయవెంట్రుకలు
మాయు
మారణహోమం
మారిఫత్
మారుడు
మారుబేరంచేయువాడు
మారువాడి
మార్కండేయుడు
మార్కెట్
మార్గము
మార్చతగ్గ
మార్చుకోబడ్డ
మార్దవం
మార్వాడీ
మాలవాండ్లను
మాలినపక్షి
మాలూరము
మాల్వేర్
మావటం
మాశినది
మాసములను
మాసిపోదు
మాస్పండుగకు
మి
మింగుతావు
మించినవి
మించుకొన్నాను
మిండత
మిక్కుటం
మిగులబెట్టు
మిట్టను
మిఠాయి
మిడిసిపడి
మిణకరిస్తాడు
మిణ్ణల్లులను
మితము
మితిమీరు
మిథం
మిద్దెగల
మినరల్
మిను
మిన్నకుండు
మిరపకాయలు
మిరియపు
మిర్రర్
మిళిందం
మిశ్రమ
మిశ్రితమైన
మిసిమింతుడు
మీ
మీకు
మీటడము
మీడియా
మీదకి
మీదికే
మీనవుల్లంకి
మీరరాని
మీరు
మీసంవచ్చు
ము
ముంగమురారి
ముంగిసవలె
ముంచితే
ముంజికాడు
ముండల
ముండ్లపది
ముందరకట్టే
ముందరితట్టు
ముందు
ముందుండు
ముందునకు
ముందులంగడివాడు
ముకుటం
ముకుళీత
ముక్కలుగా
ముక్కిపోయిన
ముక్కుదూలం
ముక్కుల
ముక్తమైన
ముక్యం
ముఖతహ్
ముఖభావము
ముఖముపడ్డ
ముఖస్తం
ముఖి
ముఖ్యం
ముఖ్యమా
ముఖ్యవిషయం
ముఖ్యోద్దేశం
ముగింపు
ముగియ
ముగిస్తున్నది
ముగ్గురేసిగా
ముచ్చటించు
ముచ్చిలించడము
ముచ్చైన
ముట్టడివేసుట
ముట్టుగా
ముడతలుగా
ముడివిప్పేదొంగ
ముడుచుకొన్నాడు
ముణిగిన
ముతకగా
ముత్తియం
ముత్యమనుకొందును
ముత్యాలుకట్టుట
ముదియు
ముదుసలితనం
ముద్దాయి
ముద్దులకుర్ర
ముద్రగల
ముద్రవుండవలసిన
ముద్రించు
మునిగించు
మునిమనుమరాలు
మునిసిపాలిటీస్
మునుపటిది
మున్నరక
ముప్పది
ముప్పయ్యవ
ముప్పూట
ముప్పై
ముప్ఫై
ముఫ్పైమూడు
ముమ్మరముగా
ముయ్యి
మురారిజల్లి
మురికినీళ్లు
మురిగిపోయిన
మురుదారుసింగు
ములాయిజా
ముల్లాకురాయి
ముళ్ళగమనము
ముష్టి
ముసలకం
ముసలిపిల్లి
ముసించడము
ముసుగేసుకొను
ముస్తీపు
మూ
మూకుడ
మూచూచు
మూడవ
మూడాకులు
మూడు
మూడుతట్లు
మూడేశి
మూఢత్వమును
మూత
మూతిబిగ్గట్టినాడు
మూత్రనాళం
మూపు
మూయి
మూర్
మూర్ఖముగా
మూర్ఛపోవుట
మూర్తీభవించు
మూలం
మూలకుముట్టుగా
మూలను
మూలము
మూలసిద్దాంతములు
మూలికాబంధనం
మూశిపెట్టినారు
మూసిన
మూసుకొనిపోయిన
మూహురమ్మ
మృ
మృగము
మృగాక్షి
మృతం
మృత్తుకున్ను
మృత్యువు
మృదుత్వమును
మృదువు
మృష్టాన్నం
మెంబరు
మెక్
మెక్లాగన్
మెచ్చడు
మెచ్చుట
మెటల్
మెటువంటిదో
మెట్టుక
మెట్లాగో
మెడపంపు
మెడవంటి
మెతుకన్నా
మెత్తనితోలు
మెత్తుకొంటాడు
మెదిగేటట్టు
మెనూ
మెన్సర్
మెయిపాలు
మెరకాపల్లముగా
మెరవడివోవు
మెరిస్
మెరుగుపెట్టు
మెరుపుతీగ
మెర్క్యురిక్
మెలత
మెలిగో
మెలివేసిన
మెల్లగా
మెవీమెటల్స్
మెసెంజర్
మెస్సు
మే
మేకతిండి
మేకుకొట్టి
మేగం
మేఘ
మేఘం
మేఘములో
మేజనంతా
మేజామీద
మేటిక్
మేడ్
మేదకుడైన
మేధావివర్గం
మేనేజింగ్
మేమందరము
మేము
మేయవిడిచిన
మేరుగు
మేలకువకలిగిన
మేలుకొనుట
మేలుచెయ్యి
మేల్కొను
మేవచేప
మేసేటిది
మై
మైకు
మైక్రోపైల్
మైజారు
మైనం
మైనింగ్
మైపూత
మైలతెలుపు
మైల్డ్
మైళ్లు
మొండి
మొండిపట్టు
మొఉఢ్యం
మొక్కడి
మొక్కుకోబడ్డ
మొగటిమీద
మొగపిచ్చిక
మొగల్
మొగియు
మొగ్గ
మొట్టమొదట
మొత్తములను
మొదటి
మొదటిచూపు
మొదటివాడు
మొదలు
మొదలుకొని
మొదలైనటువంటి
మొదళ్లు
మొద్దుపెదివి
మొనగాడు
మొన్నటి
మొబైల్
మొరకు
మొరపెట్టుకోవడము
మొరుగు
మొలకలు
మొలపొడుగు
మొలాముపని
మొళ
మొహమాటి
మో
మోం
మోకాలుచిప్ప
మోక్షమైనది
మోచెయ్యి
మోటపనివాడు
మోటారు
మోటుతనముగా
మోడల్
మోతీలాల్
మోనాక్సైడ్
మోనోఫయోడాంట్
మోపబడ్డవాడు
మోపెడ్స్
మోయించుట
మోర్జా
మోసం
మోసపోయితిని
మోసముచేయుట
మోసుకొని
మోస్తరు
మోహపరవశుడై
మోహరసమును
మోహితుడు
మౌ
మౌఖికం
మౌనవృత్తి
మ్మ్
మ్రాను
మ్రుత్యువు
మ్రుత్సుంజయుడు
మ్రుదువు
మ్రోసుట
య
యంటాసిడ్
యంత్రములుకు
యకృత్
యజనం
యజుర్వేదం
యడవిని
యత్నపడ్డానుగాని
యథ
యథార్థమైన
యథాస్థితిగా
యదాయదలై
యధారీతిగా
యధేచ్చమైన
యనభైమూడు
యన్నిన్ని
యమ
యమపాశం
యరూశలేమ
యవలు
యశ్వంతరావు
యా
యాంత్రికీకరణం
యాక్షన్స్
యాక్సెస్
యాచమాటలు
యాడదు
యాత్రాస్థలం
యాదృచ్చికం
యాపనం
యాప్
యాబ్సెస్
యాభయ్యవ
యాభై
యాభైమూడు
యార్డ్
యావత్ప్రయత్నము
యాసగా
యి
యింకా
యింగిలండే
యింగ్లీషువాండ్లు
యింటికింద
యింటిమరుగున
యింట్లోనుంచి
యింతంత
యింతలో
యిందు
యింద్రధనుస్సు
యిక్కట్టు
యిఖమీదట
యిచ్చకమైన
యిచ్చినావు
యిచ్చెను
యిచ్చేవాని
యిటికపని
యిటువంటిది
యిట్లాచేస్త
యిడ్లను
యిత్తళి
యిది
యిదిగో
యిదియని
యిదేనా
యిద్దరుగా
యినికిపొయ్యేటట్టు
యినుపశలాక
యిన్నో
యిప్పుడే
యిమిడించుట
యిమ్మానూయేల్
యిరికించి
యిరుగుపొరుగువారము
యిర్రులు
యిల్లాలుగా
యిల్లు
యివ్వ
యివ్వనన్నందు
యివ్వలేను
యిశయియ
యిష్టమువుండిన్ని
యిసుకదంతి
యిస్తారా
యిస్పేటు
యీ
యీగెల
యీడవడానికై
యీడైనది
యీడ్చుకపోయినారు
యీడ్చేవారులేదు
యీదినది
యీన్నూట
యీముడిని
యీవి
యీసంగతి
యు
యుండి
యుక్తము
యుక్తినామము
యుగమందు
యుద్దం
యుద్దమునకు
యుద్ధం
యుద్ధముచేసుట
యుద్ధసంబంధమైన
యున్నట్టు
యువరాజు
యూ
యూజర్
యూజీన్
యూనిట్
యూరప్
యూరోపు
యృ
యె
యెంగిలిచేసుట
యెంచరాదు
యెంచుకో
యెండకాలము
యెండబెట్టు
యెండిన
యెండ్లు
యెంతమట్టుకో
యెందుకుపొయ్యేది
యెకసెక్కము
యెక్కడికీ
యెక్కించి
యెక్కిపోయినారు
యెక్కేవాడు
యెగతాళీ
యెగరోజుతాడు
యెగిరినది
యెగిసిపోయిన
యెచ్చరించుట
యెటువంటి
యెట్లా
యెడతెగని
యెడమమైనదిగా
యెడు
యెత్తడమునకై
యెత్తికొనిపోయి
యెత్తివిడవడము
యెత్తుకపొయ్యే
యెత్తుకొన్నా
యెత్తుబడి
యెదగా
యెదిరి
యెదుగుట
యెదురుచూచేవాడు
యెద్దు
యెనిమిదిమంది
యెన్నాళ్ళకు
యెప్పటివలె
యెముకలగూడుగా
యెరగనవి
యెరిగి
యెరుగక
యెరుగుదువు
యెర్రచాష
యెర్రబారింది
యెలుకకై
యెల్లప్పటి
యెవడు
యెవరిది
యెహోశూయ
యే
యేకకాలమందే
యేకారి
యేఘాలికొట్టుతూ
యేటిపుచ్చకాయ
యేడవనే
యేడుచుట్ట
యేడ్చినాడు
యేడ్పుపనీ
యేదానా
యేనుగది
యేపాటి
యేమరిపాటుగా
యేమిచేస్తివి
యేమిశాస్త్రి
యేరీతిగా
యేర్పచుట
యేర్పడ్డాడు
యేర్పరచినారు
యేర్పాటు
యేలా
యేళ్లక్రితం
యేస్తరు
యై
యొక్కడనైనా
యొలుకనుపట్టుట
యో
యోగవాగములు
యోగ్యతకలగ
యోగ్యమైన
యోచనకల్పన
యోచించినాడు
యోజించుట
యౌ
యౌజించు
య్
య్యోగత
ర
రం
రంకులరాట్నం
రంగమణి
రంగాయించు
రంజకం
రంజిత్
రంధ్రములలో
రంపు
రః
రకారము
రక్తపాతం
రక్తిమ
రక్షణ
రక్షణలో
రక్షించుగాక
రక్షితం
రగలబెట్టుట
రగుల్కో
రఘురామ్
రచించబడ్డది
రచ్చచావడి
రజకి
రజస్సు
రట్టగు
రణములు
రతుల
రత్నముగా
రథ
రథములో
రద్దు
రప్పలవల్ల
రబ్బరును
రమ
రమణీయ్యముగా
రమ్మంటాడు
రమ్యాలోకం
రవ
రవంతలో
రవలు
రవీసు
రష్
రస
రసజ్ఞుడు
రసమును
రసానికిన్ని
రసికతగల
రసీదు
రస్తుమట్టముగా
రహస్యపదం
రహస్యాన్ని
రా
రాండంహౌస్
రాకటిక్
రాకాసిగొంతు
రాక్వెల్
రాక్సాల్ట్
రాగరాగిణి
రాగితగరము
రాచకొండ
రాచినారు
రాజకార్యమును
రాజగిరి
రాజదర్బార్
రాజనిగ్రహము
రాజప్రాసాదం
రాజమన్నార్
రాజరాజశ్రీ
రాజశరీర
రాజసముగా
రాజాధికారము
రాజాశ్వశాలాధ్యక్షుడు
రాజీపడ్డాడు
రాజునగరిలో
రాజువలె
రాజోచితం
రాజ్యపాలన
రాజ్యమేలు
రాజ్యాంగములకు
రాటుదేరుట
రాణ
రాణివాసము
రాతి
రాతిబొమ్మ
రాత్రంతా
రాత్రి
రాత్రిళ్లు
రాధాకృష్ణ
రానిగారు
రానీయకుండా
రాపుడు
రాబట్టుకోవలెనని
రాబొయ్యేగతి
రామకృష్ణ
రామచంద్రన్
రామనాయక్
రామభద్రయ్య
రామలింగేశ్వర్రావు
రామానుజయ్య
రామాయణాలు
రాములమ్మ
రాయచూర్
రాయలయుగం
రాయించుకోవలసింది
రాయిపడు
రాలగొట్టినాడు
రాలిపోవుట
రాలేను
రాళ్ళనగలు
రావడమునకై
రావలసిన
రావుతు
రాష్ట్రం
రాష్ట్రపతి
రాసినది
రి
రింఖ
రికమెండేషన్స్
రిక్కదారి
రిగ్గు
రిచ్చవడు
రిజిన్
రిజిస్ట్రేషన్
రిట్టన్
రిత్తవో
రిపోర్టింగ్
రిఫరెన్స్
రిమైన్స్
రిలయన్స్
రివర్
రివ్వున
రిషి
రిస్క్
రీ
రీజియన్
రీప్లేస్
రీసెట్
రు
రుక్కా
రుచిగల
రుజుమార్గం
రుఢం
రుణం
రుతువు
రుద్రమదేవి
రుపరు
రుబ్బుట
రువారం
రుష్
రూ
రూకలకై
రూకలుపోయిన
రూఢముగా
రూఢిపరచు
రూపకమైన
రూపముగా
రూపాంతరణ
రూపాయలలోనికి
రూపాయీలే
రూపును
రూరల్
రృ
రె
రెంట
రెండవ
రెండవతరం
రెండు
రెండుగంటలవరకు
రెండుమార్లు
రెండోకొడుక్కు
రెక్కతలుపు
రెగ్యులేషన్
రెట్టింపు
రెనక
రెన్యువల్
రెప్పవాలు
రెల్లు
రెస్టారెంట్
రెస్టిక్లిన్
రే
రేండుమాట్లు
రేకెత్తించు
రేగడము
రేగుపండు
రేచితి
రేటింగ్
రేట్యూబ్
రేడియో
రేణ
రేప
రేపోర్టిగిసు
రేవంత్
రేవులలో
రై
రైజాయిడ్
రైప్
రైలుకమ్మీ
రొ
రొందు
రొక్కరూకలిచ్చినాను
రొట్టెముక్కల
రొదాలించు
రొమ్ములు
రో
రోందేశ
రోగజనకమైన
రోగములో
రోగిన
రోజాచెట్టు
రోజువారీ
రోతగా
రోదించు
రోమన్
రోలంబం
రోసం
రోహితాశ్వుడు
రౌ
రౌద్రి
ర్రావు
ఱ
ల
లం
లంకించుకొనిపొయ్యేది
లంగరు
లంఘనములు
లంచి
లంజెకాడు
లంపటపడు
లంబాడీ
లకుముకిపక్షి
లక్కిమి
లక్ష
లక్షణములుగల
లక్షలు
లక్ష్మిదేవి
లక్ష్మీరంజనం
లక్ష్యములేదు
లగించు
లగ్నం
లఘుప్లుతాత్మకం
లచ్చనుడు
లటుక్కు
లత
లత్తుక
లబించటం
లభ్యం
లయ
లయబద్ధం
లలి
లవణ
లశుని
లా
లాంఛనముగా
లాకు
లాక్స్
లాగిన్
లాగుకోవడము
లాచారీ
లాటరీ
లాటిమర్
లాడించు
లాన్సియెలెట్
లాబం
లాభం
లాభముగా
లామినారిస్
లాయరులు
లాయల్టీ
లార్గాక్టయిల్
లాలసుడు
లాలోచి
లావాటిరవలు
లావాదేవీ
లాస్ట్
లి
లింక్
లింగమనే
లించికాటన్
లిఖించుట
లితోగ్రాఫిక్
లిబరల్స్
లివర్
లీ
లీథియం
లీలావినోదము
లు
లుగసాను
లుబ్ధుడైన
లృ
లె
లెక్కణ్ణించు
లెక్కలు
లెక్ఖ
లెనినిజం
లెరుంగక
లే
లేకపోయిన
లేకిబ్రతుకు
లేకుండా
లేఖకుడు
లేచింది
లేచిరండి
లేజాయ
లేడీహోప్
లేదంటాడు
లేదనుట
లేదా
లేదు
లేనందుకు
లేనిది
లేనీడ
లేపే
లేరియన్
లేవదియ్యి
లేవు
లేస్తున్నది
లై
లైట్నింగ్
లైబర్
లైవ్
లైసోల్
లొ
లొకేషన్స్
లొట్టెపుండ్లు
లొరాంతస్
లో
లోకకవి
లోకమునకు
లోకవైరియైన
లోకాచారములు
లోకువ
లోకోపద్రవము
లోచనము
లోడు
లోతులేనియేరు
లోనిది
లోపం
లోపము
లోపల
లోపించు
లోబడవలెను
లోబడ్డ
లోభము
లోరిస్
లోవైపు
లోహప్రాయముగా
లోహసంబంధమైన
లౌ
లౌకికులున్ను
ల్యామినేట్
ళ
వ
వం
వంకరటొంకరగా
వంక్యం
వంగపల్లి
వంగుతారు
వంచనగా
వంచించినారు
వంజులపక్షి
వంటగది
వంటయిల్లు
వంటే
వండేల్
వంద
వందనము
వంపుకట్టడము
వంశపరంపరంగా
వంశస్థుడైన
వక
వకచుక్క
వకడొకడు
వకవకలు
వక్కలవుట
వక్తృత్వము
వక్రీభవం
వగ
వగగంపడు
వచచిన
వచనములు
వచ్చిచూచుట
వచ్చినగండము
వచ్చినదిఆసారి
వచ్చినా
వచ్చిపడేవాడు
వచ్చుననుకొంటిని
వచ్చేగతిగా
వచ్చేదారి
వచ్చేవాడు
వజ్రదండపురుగు
వటవట
వట్టికూడు
వట్టిపోయి
వట్టివేరు
వడ
వడగల్లు
వడికట్టడము
వడిదారము
వడిశలను
వడుసుట
వడ్డించేదన్నప్పుడు
వడ్ల
వణ
వణకు
వత
వతను
వదంతి
వదలని
వదిలించు
వదురుబోతు
వద్దంటే
వద్ధు
వధ
వన
వనమధ్యమందు
వని
వన్నెతక్కువైన
వప
వమనకరమైన
వయసుకాడు
వయివు
వర
వరంగల్లు
వరకు
వరదనీటి
వరవ
వరహాల్రావ్
వరించుట
వరుమానం
వర్క్
వర్గుడు
వర్జ్యం
వర్ణం
వర్ణనిర్మాణం
వర్ణముల
వర్ణించగూడని
వర్తంగిచెక్క
వర్తకుడైనా
వర్తమానార్థక
వర్థమానం
వర్నం
వర్నమైన
వర్షఋతువు
వర్షాభావం
వల
వలగ్రము
వలపించేటట్టుగా
వలయాకృతి
వలవేసుట
వలసుకొన్న
వలెనే
వల్లగాని
వల్లురాజు
వశము
వశ్యుడిగా
వస
వసంతోత్సవ
వసివాడు
వస్తాడు
వస్తివా
వస్తున్నాడు
వస్తువున్నాడు
వస్త్రం
వహించవలెను
వహ్నిశిఖ
వా
వాంట్
వాండ్లకుపొసగదు
వాండ్లనుకొని
వాండ్లలో
వాండ్లుగా
వాండ్లేమి
వాక
వాకౌట్
వాక్పరణి
వాక్యలోపము
వాగ
వాగేంద్రియం
వాగ్దానం
వాఙ్మూలం
వాచాలకుడైన
వాచేటట్లుచేసుట
వాజ్మూలమిచ్చినాడు
వాటికంటే
వాటుగా
వాడకెక్కించడము
వాడదొరువుకున్ను
వాడభాష
వాడలచేత
వాడవాండ్లు
వాడింటికి
వాడికలేదు
వాడికిస్మారకము
వాడిచేత
వాడిదగ్గర
వాడినేల
వాడిపోవుట
వాడిమీదికి
వాడివత్తలవ్వు
వాడిశవమును
వాడు
వాడుకరి
వాడుకలో
వాడున్నూ
వాడెంతో
వాడైనాడు
వాణిజ్యము
వాతకోల
వాతావరణం
వాదర
వాదిస్తిని
వాదు
వాన
వానప్రస్థుడు
వానికన్ను
వానిమీద
వాన్మోల్
వామనగాయ
వాయించగా
వాయిదాలేని
వాయుపీడనం
వాయువేగమున
వారందరూ
వారధివలె
వారసుడులేని
వారి
వారికోసం
వారిన
వారివి
వారు
వారే
వార్తలు
వార్తావహుడు
వార్షికం
వాలింపించు
వాలుబల్ల
వాలెట్
వాల్తేర్
వాళ్లని
వాషింగ్
వాసనచూడక
వాసమునకు
వాసిగామి
వాసెనకుడూం
వాస్తవికమైన
వాహకం
వాహనం
వి
వింటివటే
వింతబట్టలు
విందుచేసినాడు
వికర్ణం
వికసించిన
వికారము
వికాసము
వికేంద్రీకృత
విక్రయంచేయువాడు
విక్రియ
విగ్రహం
విగ్రహారాధ్యుడు
విఘ్నేశ్వరుడు
విచారణ
విచారణకర్తలు
విచారము
విచారించని
విచారించినది
విచారించును
విచాషణకర్త
విచ్చలవిడి
విచ్చిపోయినది
విచ్ఛిత్తు
విజయనగరము
విజాతీయం
విజృభించు
విజ్ఞానసర్వస్వం
విటపం
విడంబన
విడదీసుట
విడవనన్నాడు
విడిగోలు
విడిచిపెట్టబడ్డ
విడిచిపెట్టుతారు
విడిచివేసినాడు
విడిపించుకొన్నాడు
విడిస్తే
విడుదలైనవాడు
విడుస్తాడు
వితండావాదము
వితాకుబడ్డ
విత్తళి
విత్తులేక
విది
విదుషి
విదేహియైన
విద్యలను
విద్యానిధి
విద్యాభివృద్ది
విద్యార్థి
విద్యార్థివేతనం
విద్యార్ది
విద్యావిధానం
విద్యాసంబంధం
విద్యుత్
విద్యుద్దీపం
విద్వేషం
విధమైనగుడ్డ
విధాననైనా
విధించబడ్డవాడు
విధినియుక్తమైన
విధీలేక
విధేయుడైన
వినడమునకై
వినబడు
వినయశీలుడు
వినా
వినాళగ్రంధి
వినిపించేవాడు
వినియోగదారు
వినియోగదారుడు
వినియోగపరచు
వినీ
వినుమ్రాను
వినేవాడు
విన్డ్
విన్నాము
విపథం
విపర్యయస్థితి
విప్రతిపత్తి
విఫలం
విబాగం
విభజించగూడని
విభాగములు
విభావరి
విభ్రమం
విమర్శనాత్మకం
విమల
విమానం
విముక్యమైన
వియద్గంగ
విరంజనం
విరగని
విరతం
విరసమైన
విరహి
విరామస్థితి
విరిగిపోయినది
విరియపోసుకొనివుండే
విరిసిన
విరుద్దము
విరుద్ధాభిప్రాయము
విరూపునిగా
విరోధముగల
విరోధించే
విలన్
విలాపము
విలీనం
విలేజెస్
విల్డ్యూరాంట్
విళంబి
వివరములున్ను
వివర్ణముచేసుట
వివాదమునకు
వివాహమునకు
వివేకం
వివేకికాని
విశదపరచబడని
విశదీకరించు
విశాలమైన
విశిష్టముకాని
విశేషం
విశేషణాదితి
విశేషముకాదు
విశేషాధికారము
విశ్రుత
విశ్వం
విశ్వనాథుడు
విశ్వసనియ్యమైన
విశ్వామిత్రుడు
విశ్వాసముచేతను
విషఓషది
విషపు
విషము
విషయనిష్ఠ
విషయములుగల
విషయాసక్తుడై
విషాదాత్మక
విష్ణవే
విష్ణు
విసకలేదు
విసర్జనము
విసికించే
విసిరివేయడానకు
విసుగ్గా
విసేషం
విస్ణు
విస్తరం
విస్తరింపు
విస్తులను
విస్మయః
విస్వం
విహంగః
విహారస్థానము
విహిహీనుడైన
వీ
వీండ్ల
వీక్షించుట
వీటినంతా
వీడ
వీడలేదు
వీడియో
వీడిస్థితి
వీడ్చగూడిన
వీణెను
వీథిబడి
వీధుల
వీపుయెముక
వీరనారాయణమ్మ
వీరభద్రుడు
వీరశైవడు
వీరిద్దరు
వీర్యసంబంధమైన
వీళ్లకి
వు
వుం
వుంచపడ్డ
వుంచివున్నాడు
వుంటవి
వుంటుంది
వుండకపోవడము
వుండడము
వుండదగిన
వుండమము
వుండవలసినదేను
వుండినందువల
వుండినవాండ్లు
వుండిపొయ్యే
వుండునా
వుండేకథ
వుండేటట్టుగా
వుండేదండు
వుండేను
వుండేవాండ్లకు
వుండ్రకంప
వుంది
వుంపుడుదానికిపుట్టిన
వుగ్రాణపువాడు
వుచ్చిష్టము
వుడకబెట్టి
వుడుకుట
వుడ్డు
వుత్తదిగా
వుత్తరముగా
వుత్తరాభి
వుత్పత్తిక్రమం
వుదయము
వుదాహరించిన
వుద్దేశించి
వుద్యోగమిచ్చి
వుద్యోగస్థుడు
వున్నందు
వున్నదని
వున్నవి
వున్నాడు
వున్నారనుకొని
వుపకారములకు
వుపదేశించేవాడు
వుపనాట్యము
వుపయుక్తమైనది
వుపయోగానికి
వుపశాంతి
వుపాయమున్ను
వుప్పు
వుప్పువురుస్తున్నది
వుబుకువాటు
వుబ్బు
వుమక
వుయ్యి
వురితీయక
వురిదీయుట
వురువడిగా
వుల్లంకిలో
వుల్లోస్లీహైగ్
వుసుకో
వూ
వూగే
వూడపీక
వూడుట
వూది
వూపిరాడక
వూరకె
వూరలంజ
వూరిని
వూరు
వూరుగాయపూట
వూరేగించినట్టు
వూళ్ళలో
వూహించవలసి
వృకోదరుడు
వృక్షవిశేషము
వృత్తాంతము
వృత్తి
వృథాగా
వృద్దుడు
వృద్ధతరం
వృద్ధి
వృద్ధియవుట
వృద్ధుడు
వృషం
వె
వెంకటగిరి
వెంకటరామయ్య
వెంకట్రామజోగయ్య
వెంగళరాయ
వెంటబెట్టుకొని
వెంట్రుకలు
వెండిపాత్రలలో
వెండోయి
వెంబడివచ్చుట
వెక్కసమవుట
వెక్కిళ్లు
వెచ్చకాడు
వెజిటల్
వెట్టివాడు
వెడల్పైన
వెతికినాడు
వెతుకు
వెద
వెదర్కాక్
వెనకక
వెనకతీయలేదు
వెనకాడు
వెనరీస్
వెనుక
వెనుకభాగం
వెన్న
వెన్నుడు
వెప్లర్
వెబ్
వెయ్యి
వెయ్యింటికి
వెరగుపడితిని
వెరవని
వెరిపించుట
వెర్రవాండ్లనుగా
వెర్రిచేష్ఠ
వెర్రిపోయి
వెర్రివాడు
వెర్స్
వెలగా
వెలపోగడమునకు
వెలవెల
వెలికల
వెలిజాబులు
వెలివేసి
వెలుగు
వెలుగురేడు
వెలుమనకు
వెల్లగించు
వెల్లికిలపడు
వెల్వడు
వెళ్లగక్కుట
వెళ్లబొయ్యి
వెళ్లేవాడు
వెళ్ళదీసినాడు
వెళ్ళినాను
వెళ్ళు
వెసురు
వే
వేంకటరత్నం
వేండ్రము
వేగం
వేగపడు
వేగవంతం
వేగిన
వేగుతూ
వేటగాడికి
వేటాడే
వేడల్పు
వేడి
వేడిమి
వేడుకార్థముగా
వేడుకోళ్ళు
వేణ్నీళ్ళు
వేదనపెట్టుట
వేదాంతం
వేదిక
వేధిత
వేపనం
వేములపల్లి
వేయని
వేయి
వేరడం
వేరుపడుట
వేరువేరగు
వేరేవిధం
వేఱ
వేలవేసుకొని
వేలాడు
వేలివేయబడ్డ
వేలువు
వేళవాడికి
వేళ్ళిన
వేశిన
వేశేబుడ్డి
వేషధారిగా
వేసరించు
వేసినగుడ్డ
వేసిపెట్టే
వేసుకున్నాడు
వేసుకొన్నది
వేసుకోలేదని
వేసేముళ్ళు
వై
వైఖరిగా
వైజ్నానికాభివ్రుద్ధి
వైదిక
వైద్యం
వైద్యక్రియ
వైద్యశాస్త్రజ్ఞుడు
వైద్యులను
వైన్డింగ్
వైఫల్యం
వైరం
వైరస్
వైరుధ్యం
వైవిధ్యం
వైసీవర్సా
వొ
వొంటికొంప
వొకందునా
వొకచెట్టుకు
వొకటిగా
వొకటీ
వొకడిమాట
వొకతుత్తార
వొకనింద
వొకపాదములో
వొకబందోబస్తు
వొకమెట్టు
వొకరిని
వొకవాడ
వొకసద్వృత్తి
వొక్కక్కపుస్తకముగా
వొచ్చుట
వొడిదుడుకైన
వొడ్డెవాండ్లు
వొదిగి
వొనగూడని
వొప్పగించుట
వొప్పినాడు
వొప్పుకొనుట
వొప్పుకోకపోవుట
వొప్పుట
వొయిను
వొరిగివుండేటట్టు
వొలకపోసుకొని
వొల్లనివాడు
వొసగిన
వో
వోడగొట్టబడ్డ
వోడిపోయినామని
వోదె
వోర్చలేనితనము
వోహో
వౌ
వౌకమనివి
వ్
వ్యంగ్యంగామాట్లాడు
వ్యక్తిగత
వ్యతిక్రమము
వ్యత్యాసం
వ్యభిచరించిన
వ్యయప్రయాసలు
వ్యర్ధత
వ్యవసాయక్రమము
వ్యవస్థాయాం
వ్యవహారమునుబట్టి
వ్యసన
వ్యసనముతో
వ్యాకరణమందు
వ్యాకులపడలేదు
వ్యాకులమే
వ్యాఖ్యానము
వ్యాజ్యపడ్డాడు
వ్యాజ్యస్పదమైన
వ్యాధినిరోధక
వ్యాపకుడు
వ్యాపారమునకు
వ్యాపించని
వ్యాపిస్తున్నవి
వ్యాయత
వ్యాసకర్త
వ్యాహృతి
వ్యూహాత్మక
వ్రణవైద్యుడు
వ్రయమును
వ్రాతను
వ్రాయనన్నాడు
వ్రాయవలనని
వ్రాయించే
వ్రాశినాడుగాని
వ్రాసినది
వ్రాసియున్నది
వ్రాసుకొనేవాడు
వ్రాసేది
వ్రాస్తున్నాను
వ్రుత్తి
వ్రుద్ధి
వ్రేయు
శ
శంకరన్
శంకలేక
శంకుడు
శంగోలు
శకటం
శకునము
శక్తి
శక్తిలేక
శక్యముగా
శగ
శతగోమేధము
శతారం
శత్రువంటావా
శత్రువు
శత్రువులతోపోయి
శనిపట్టి
శపించు
శబ్దం
శబ్దకోశము
శబ్దమున్ను
శబ్దశాస్త్రము
శబ్ధతః
శమనుడు
శయ్యాం
శరత్
శరిరము
శరీరం
శరీరముతోనే
శరీరియై
శలవుకు
శలాకుపరిక్ష
శవరుడు
శష్కులి
శా
శాంక్షన్
శాంతపరచే
శాంతి
శాంతింపచేయుట
శాంతుడు
శాకములు
శాఖాధికారి
శాటక
శానా
శాన్
శాబ్దం
శారీరకమైన
శాలియైన
శావకుడు
శాసనమును
శాస్తిచేసుట
శాస్త్రపరిజ్ఞానం
శాస్త్రరసమ్మతముగా
శాస్త్రసమ్మతముగా
శాస్త్రీయ
శాస్త్రోక్తం
శి
శిక్కా
శిక్షణశిబిరం
శిక్షాత్మక
శిక్షించవలసిన
శిఖండి
శిగ్గులేని
శిథిలమైపోతున్నది
శిఫారసు
శిరస్తేదారుడు
శిరోపట్టిక
శిలామయమైన
శిల్పము
శివకోటయ్య
శివరామమూర్తి
శివాచార్డు
శివుడు
శిశుఘాతకుడని
శిష్టపరిపాలన
శీ
శీఘ్ర
శీఘ్రపు
శీతలింపించు
శీలం
శు
శుకము
శుక్రోత్పాదక
శుద్ద
శుద్దం
శుద్ధం
శుద్ధజలం
శుద్ధిగా
శుభ
శుభం
శుభవర్తమానము
శుభ్రమైన
శుష్కించివున్నాడు
శూ
శూద్రులు
శూన్యం
శూన్యుడు
శూరులకు
శూలరోగమును
శృంగారకావ్యములు
శృంగారవనం
శృంగారించే
శె
శెబాసు
శే
శేరుకు
శేషయ్య
శై
శైతానుపేరు
శైవకవి
శొ
శో
శోచనీయం
శోధన
శోధించు
శోభించు
శోషింపచేసే
శౌ
శ్
శ్చట్టేర్
శ్యామరావు
శ్రద్ధగలవాడవుగా
శ్రనము
శ్రమపడుతూ
శ్రవణనైపుణ్యం
శ్రాద్ధాదేవుడు
శ్రీ
శ్రీకృష్ణదేవుడు
శ్రీనాథమహాకవి
శ్రీనివాసులురెడ్డి
శ్రీమత్
శ్రీముఖాలు
శ్రీరామమూర్తి
శ్రీశాస్త్రిగారు
శ్రుతివ్యత్యయమైన
శ్రేయోవాదం
శ్రేష్ఠమైన
శ్రౌతం
శ్లాఘించుట
శ్లేష్మగ్రంథి
శ్లోకరీతిగా
శ్వాసకోశ
శ్విత్రి
ష
షటిల్
షడశాము
షడ్రసోపేతం
షరీకుఅవ్వు
షష్ఠఇతి
షా
షాడబం
షారుక్
షి
షికారు
షిప్పింగ్
షిల్లింగ్
షీ
షు
షురూ
షూ
షూమన్
షె
షే
షేకుస్పీరు
షేర్
షై
షొ
షో
షోయింగ్
షౌ
ష్
స
సం
సంకటం
సంకటముగా
సంకరజాతి
సంకల్పమనేవాండ్లు
సంకీర్ణమ్మ
సంకెళ్లు
సంకేతపదం
సంకోంచించుట
సంకోచించే
సంక్య
సంక్షేపం
సంక్ష్హేపం
సంఖ్య
సంగడి
సంగతులను
సంగీతం
సంగీతకచ్చేరి
సంగ్రహం
సంగ్రహించేవాడు
సంఘర్షణచేత
సంచరించబడని
సంచారి
సంచులు
సంజె
సంజ్ఞావాక్యము
సంతనచెయ్యి
సంతానమును
సంతుష్టిగచక
సంతోషం
సంతోషపడేవాణ్ని
సంతోషమని
సంతోషానికి
సంతోసం
సంత్సరము
సందర్భించని
సందిటి
సందెచీకటిగా
సందేశం
సందేహమును
సందేహించినాను
సంధించియున్నవి
సంధిమాట్లాడినాడు
సంపత్కుమార్
సంపాదక
సంపాదించుకొంటున్నావు
సంపుటించు
సంపూర్తియైన
సంప్రదాయవాది
సంప్రదింపు
సంబందం
సంబందించు
సంబంధం
సంబంధించి
సంబరముగా
సంబుద్ధి
సంభవించడము
సంభవించినట్టు
సంభవించేది
సంభావనీయత
సంభాషణ
సంభృతి
సంయమి
సంరంభం
సంరక్షించిన
సంలో
సంవత్సరముల
సంవర్తకుడు
సంవృద్ధి
సంశయార్థక
సంశ్లేషణాత్మక
సంసారముగా
సంసిద్ధుడగు
సంస్కర్త
సంస్కృతం
సంస్కృతమును
సంస్క్రుతం
సంస్థ
సంస్థితఇతి
సంహరించుట
సకర్మకమైన
సకిలించుట
సక్తి
సక్రియత్వము
సగటునష్టం
సగలాతు
సచ్చినార్క్కినియర్
సజెషన్
సజ్జు
సట
సడ
సడెను
సత
సతాయించు
సత్కార్యం
సత్తను
సత్తువగలభూమి
సత్యకాలం
సత్యవంతుడైన
సత్రంఅధికారి
సత్రువు
సత్సేవ
సదసద్యివేచనము
సదావాహిని
సద్గుణం
సద్ధేతువు
సద్యావేసుకొన్న
సన
సనాతనుడు
సన్నగిల్లు
సన్నద్ధం
సన్నపడు
సన్నమేకు
సన్నసనంగా
సన్నిపాతత్వం
సన్నుత
సన్మానము
సన్యటిసేన్
సన్యాసిగా
సపరివారముగా
సప్తచ్ఛదం
సప్తస్వరక్రమముగా
సఫరుజామీను
సఫలమైన
సబ
సబిన్స్పెట్రుబాబు
సబ్దం
సబ్బోరిక్
సభ
సభలో
సభ్య
సభ్యత్వం
సభ్యుడు
సమ
సమకూడు
సమగ్రహం
సమత్వబుద్ధి
సమన్వయాత్మకం
సమభావముగా
సమమౌట
సమయానుకూలంగా
సమరయోధుడు
సమర్థుడు
సమర్ధుడు
సమర్మముగా
సమవేతమైన
సమస్తతగువున్ను
సమాఖ్యసంబంధమైన
సమాచారమైనా
సమాజం
సమాతాస్థితి
సమాధానమునకు
సమాధిస్థలము
సమానమైనది
సమాప్తమైన
సమాళించుట
సమాహ్వయం
సమీక్ష
సమీపమునకు
సముఖం
సముదాయక
సముద్రతీరం
సముద్రమలో
సముద్రములోని
సముపార్జించు
సమూహం
సమేతమయిన
సమ్మతించని
సమ్మతిగా
సమ్మర్ధము
సమ్మెటయెత్తి
సయుక్తికమైన
సరః
సరదాపడు
సరళముగా
సరసంగా
సరసాలాపము
సరస్వంతుడు
సరాసరిన
సరి
సరికొత్త
సరిగ
సరిగ్గా
సరిచూడు
సరితూగుదురు
సరిపడమి
సరిపుచ్చుకోవడమునకై
సరిమూల
సరిసమానం
సరీరం
సరుకుల
సరూప్
సరోవరం
సర్గారోహణము
సర్దు
సర్రున
సర్వతంత్రం
సర్వనామశబ్దము
సర్వయజమానుడు
సర్వర్
సర్వశక్తిత్వము
సర్వసమ్మతమైవాడు
సర్వస్వాపారము
సర్వింగ్
సర్వోత్తముడు
సలహ
సలాములు
సల్పితమైన
సల్ఫూరస్
సల్లాపములాడుట
సళ్ళిన
సవ
సవర
సవరించుట
సవారిలో
సవిమర్శక
సశష
సస్యవర్గం
సహచర
సహజమైన
సహనముగల
సహవాసమును
సహానుభూతి
సహాయం
సహాయపడ్డాడు
సహాయుడవుగా
సహించలేను
సహితమైన
సహ్య
సా
సాంకేతికలిపి
సాంగత్యం
సాంతంచెయ్యి
సాంతి
సాంపరాయం
సాంబ్రాణి
సాకబడ్డ
సాకుడుపిల్లి
సాక్షాత్కరించి
సాక్షిగా
సాక్ష్యం
సాగదీతి
సాగరమంటారు
సాగినప్పుడు
సాగుడు
సాట
సాతు
సాత్వికులు
సాదువ
సాద్యం
సాధనం
సాధనము
సాధారణ
సాధారణమైన
సాధించినాడు
సాధుజలం
సాధ్యం
సాధ్యమయ్యేటట్టు
సానపెట్టుట
సానుభుతి
సాపేక్షం
సాఫ్ట్వేర్
సాఫ్ట్‌వేర్
సాబతుచేసినాడు
సామజం
సామవేదం
సామానుకున్ను
సామాన్యమైనది
సామి
సాముదాయార్ధం
సామ్యవాదం
సాయంకాలమ
సాయించు
సారంతియ్యి
సారములు
సారాంశం
సారాలంకారం
సార్కోస్టెయిల్
సార్థవాహం
సార్వదా
సాలగ్రామశిల
సాలెపట్టు
సాళిగ్రామము
సావయవమైన
సాష్వభౌముడు
సాహసి
సాహిత్
సాహిత్యస్రష్ట
సి
సింక్రోనైజింగ్
సింగారించుకొనుట
సింథటైజ్
సింధ్
సింహపలక
సింహావలోకన
సిక
సిక్స్
సిగ్గుచెడి
సిగ్గుమాలినకొయ్య
సిగ్మాబ్లేడ్
సిడిబండి
సిద్దం
సిద్దమైన
సిద్దీవాడు
సిద్ధం
సిద్ధమవ్వు
సిద్ధలింగయ్య
సిద్ధాయము
సిధ్ధాంతములు
సిపాయికి
సిఫాయలు
సిబ్బితి
సిరాజుద్దీన్
సిలిండ్రికస్
సిల్హౌట్
సివుడు
సిసృక్ష
సిస్టోస్కోప్
సీ
సీడీ
సీతాపహరణం
సీనయ్య
సీమ
సీమపంది
సీమస్థితమైన
సీలర్
సీసపద్యం
సీసాయికి
సు
సుంకం
సుందర
సుఃదుఖఃములకన్నా
సుఖ
సుఖపెట్టు
సుఖము
సుఖవాసియైన
సుఖేచ్ఛ
సుగ్రాహికం
సుడిబడే
సుతిమెత్త
సుదినం
సుధాకరరెడ్డి
సున్
సున్నపువీరయ్య
సున్నా
సున్నితము
సుప్తుడు
సుబేదారుడుగా
సుబ్రహ్మణ్యకవి
సుభం
సుమం
సుముఖం
సురక్షితం
సురక్షితము
సురవరంప్రతాపరెడ్డి
సురేంద్రనాథ్
సులభం
సులభరీతి
సులోచనము
సువాసన
సుశిక్షితమైన
సుషుప్తి
సుస్థిరం
సూ
సూక్ష్మము
సూచన
సూచనచేసిన
సూచ్య
సూతకనివర్తి
సూత్రమును
సూదనం
సూనృతం
సూరకత్తి
సూర్యగమనము
సూర్యుడికి
సృ
సృగాలం
సృష్టి
సృష్టించినాడు
సె
సెంజెర
సెంట్రియోల్
సెకలాతుడు
సెక్సువల్
సెటప్
సెట్టింగ్
సెన్సేషన్
సెఫిర్
సెమ్మంగిరాజు
సెరుసైట్
సెలవివ్వు
సెల్ఫ్
సెల్వాస్
సెషన్
సే
సేకరణ
సేదదేర్చుట
సేనాధిపతికి
సేనుడివంటి
సేబిన్
సేవ
సేవకుడైన
సై
సైకోసిస్
సైగచేసుట
సైటోనైన్
సైట్
సైదాపురం
సైనెన్సిస్
సైన్ఇన్
సైన్యసహాయక
సైన్‌ఇన్
సైయానోఫాజ్
సైహేబ్
సొ
సొంతవాడకాలు
సొగపు
సొగుసుగాండ్లల్లో
సొత్తులను
సొమ్మసిల్లు
సొరవ్వు
సొవ
సొవ్శీల్యం
సో
సోకుట
సోజర్లుకు
సోత్రమైన
సోదె
సోపు
సోమమ్మ
సోమశాస్త్రి
సోమించు
సోరియాసిస్
సోవియట్
సోషల్
సౌ
సౌందర్యముగల
సౌకర్యార్ధం
సౌజ్ఞ
సౌమ్యత
సౌవీరం
స్
స్కంధావారం
స్కాలర్షిప్
స్కేలింగ్
స్కౌట్
స్ఖలనము
స్టఫిలోకోకస్
స్టాంటిన్
స్టాటిస్టిక్స్
స్టాఫర్డ్
స్టాలక్
స్టీపన్
స్టీవెన్స్
స్టెనోగ్రాఫిక్
స్టెరాల్
స్టేడియం
స్టోరేజ్
స్టోర్
స్ట్రింజెంట్
స్ట్రీమ్
స్ట్రో
స్తంభము
స్తంభాలను
స్తబ్దుడు
స్తవనీయ
స్తుతించతగ్గ
స్తేమం
స్తోమముగా
స్త్రీపురుషులు
స్త్రీవశ్యుడు
స్థంభములకు
స్థబ్ధ
స్థలం
స్థలముకు
స్థలాభావం
స్థానమందువేసే
స్థానేశ్వర్
స్థాయి
స్థితి
స్థిరంగాలభ్యమయ్యేస్థితి
స్థిరపెట్టు
స్థిరలైపిడ్
స్థూల
స్థూలార్థికం
స్నానం
స్నిగ్థం
స్నేహమంతా
స్నేహించు
స్నేహితుడు
స్నేహితులతో
స్నేహితులు
స్పతఋషి
స్పర్శజ్ఞానం
స్పష్టం
స్పష్టపడు
స్పస్టం
స్పాట్
స్పామ్
స్పిన్నింగ్
స్పీసీస్
స్పెక్టర్
స్పెషలైజ్డ్
స్పోకెన్
స్ప్రేయర్
స్ఫష్టం
స్ఫురించిన
స్మయం
స్మశానభూమి
స్మితి
స్మేరం
స్యాలకుడు
స్రవం
స్రుక్కబడు
స్రుష్టి
స్లాంక్
స్లాష్
స్లెయిసెస్
స్వంతముగా
స్వగౌరవరక్షి
స్వజాతి
స్వతంత్రస్థితి
స్వతసిద్ధం
స్వదేశము
స్వధర్మము
స్వప్నావస్థ
స్వభావమును
స్వమతములోనే
స్వయంభువు
స్వరగ్రాహము
స్వరవిశిష్టమైన
స్వరూపాత్మకం
స్వర్గస్థ
స్వర్ణమాక్షిక
స్వల్పకావ్యమును
స్వల్పమే
స్వశక్తిచేత
స్వస్తిముఖుడు
స్వస్థలం
స్వాతంత్య్రము
స్వాధీనత
స్వాధీనమైతే
స్వాప్నికం
స్వామిద్రోహం
స్వామ్యం
స్వార్థం
స్వార్థకము
స్వార్ధం
స్విన్న
స్వీడిష్
స్వేచ్ఛాయుతం
స్సాప్ట్
హ
హంటర్
హంసపదం
హః
హక
హక్కులు
హక్కులూకూడడక
హఠము
హతం
హత్తం
హద్దుఏర్పరచు
హనుమకొండ
హబ్
హమీద్
హరకాలా
హరించు
హరిణక్రీడ
హరిభక్తుడు
హరిహరమూర్తి
హర్కార
హర్సట్
హళది
హవాలా
హసించు
హస్తలాఘవము
హా
హాకీం
హాజ్వీత్
హానికరం
హానిచేయుట
హాప్లాయిడ్
హాయనం
హారి
హార్డ్
హాలహలం
హాళి
హాస్య
హాస్యములో
హి
హిండెన్
హిందూ
హింద్
హింసాయుతం
హిజిరీ
హితవరి
హిప్నాటిస్ట్
హిమాచలం
హిమ్సేల్ఙ్
హిస్టారికల్
హీ
హీనముగా
హీరం
హు
హుంకించు
హుజూర్
హురుమంజ
హూ
హూణులు
హృ
హృదయం
హృదయధమని
హృష్టమానసుడు
హె
హెక్సామిథిలీన్
హెచ్చంటే
హెచ్చరిక
హెచ్చుట
హెడేక్
హెన్రీమాంక్
హెమటైట్
హెయిన్
హెలికన్
హెల్మ్
హే
హేచ్చరిక
హేతువానవేవో
హేబర్
హేమియర్
హేలైట్
హైందవ
హైడ్
హైడ్రిన్
హైడ్రోక్వినైన్
హైడ్రోఫిలిక్
హైద్రాబాదు
హైపోఫాస్పారిక్
హైమవతి
హైహయుడు
హొ
హో
హోగన్
హోటల్
హోమిల్టన్
హోరాహోరీగ
హోస్
హోస్టింగ్
హోస్ట్
హౌ
హ్
హ్యాండర్
హ్యాక్
హ్యూమనిస్ట్
హ్రీణ
హ్రుదయం
ా
ి
ీ
ు
ూ
ృ
ౄ
ె
ే
ై
ొ
ో
ౌ
్
ౕ
ౖ
ౠ
ౡ
౦
౧
౨
౩
౪
౫
౬
౭
౮
౯
