սկիզբ մեկնարկ սկսել գործարկում
խանութ շուկա գնում առևտուր
մուտք ներմուտք login մատչում
հաշիվ պրոֆիլ անդամ իմհաշիվը
օգտատեր օգտանուն ինքնություն
ապահով պաշտպանված վստահելի հուսալի
անվտանգություն պաշտպանություն պահպանում վահան
հաստատում ստուգում վավերացում ստուգել
գաղտնաբառ ծածկագիր պին հավատարմագիր
լիազորում նույնականացում թոքեն սեսիա
վերականգնել վերակայել վերադարձնել ապակողպել
աջակցություն օգնություն ծառայություն սպասարկում
կապ կապվել դիմում կոնտակտ
վճարում վճարել դրամարկղ վճարեք
ապրանքագիր անդորրագիր կտրոն հաշվարկ
բանկ ֆինանս փող դրամապանակ
քարտ վարկային դեբետ կանխավճար
փոխանցում գործարք ավանդ կանխիկացում
կրիպտո մետաղադրամ բլոկչեյն մայնինգ
փոստ նամակ հաղորդագրություն մուտքային
ամպ սերվեր հոսթ հոսթինգ
վեբ կայք առցանց ցանց պորտալ
դոմեն հղում հասցե url
նորություններ բլոգ մամուլ մեդիա
անվճար նվեր բոնուս առաջարկ
զեղչ ակցիա վաճառք կուպոն
մրցանակ շահում պարգև վիճակախաղ
լավագույն գագաթ պրեմիում պրո
պաշտոնական իսկական բնօրինակ վավերական
նոր վերջին թարմ ժամանակակից
արագ սրընթաց էքսպրես ակնթարթային
հավելված ծրագիր ծրագրակազմ գործիք
ներբեռնել ստանալ տեղադրել կարգավորում
թարմացնել բարելավել երկարաձգել կարկատան
որոնում գտնել փնտրել հարցում
առաքում ուղարկում ծանրոց հետևում
պատվեր զամբյուղ գնումներ ձևակերպել
հաճախորդ գնորդ բաժանորդ
ադմին կառավարում կոնսոլ վահանակ
կենտրոն գլխավոր ընդհանուր հանգույց
խումբ թիմ ընկերություն կորպորացիա
տվյալներ պահուստ արխիվ պահոց
լուսանկար պատկեր պատկերասրահ նկար
վիդեո հոսք դիտել նվագարկել
երաժշտություն աուդիո ձայն ռադիո
խաղ խաղեր խաղացող արկադ
չաթ զրույց մեսենջեր ուղիղ
սոցիալական համայնք ընկերներ հետևորդներ
աշխատանք գործ կարիերա հավաքագրում
առողջություն բժշկություն կլինիկա դեղատուն
ճանապարհորդություն չվերթ հյուրանոց ամրագրում
սնունդ ռեստորան մենյու խոհանոց
դպրոց ուսուցում դասընթաց կրթություն
օրենք իրավական դատարան իրավունք
կառավարություն պետություն նախարարություն հանրային
հարկ հարկային մաքսային տուրք
ապահովագրություն պոլիս վնաս ծածկույթ
անշարժգույք վարձակալություն տուն սեփականություն
ավտո մեքենա շարժիչ տրանսպորտ
էներգիա հզորություն էլեկտրական գազ
բջջային հեռախոս sms զանգ
զգուշացում ահազանգ ծանուցում շտապ
բաժանորդագրություն անդամակցություն փաթեթ երկարացում
միավորներ հավատարմություն քեշբեք մղոն
կարծիք գնահատական արձագանք դիտողություն
