&
-
.
0
1
10
100
1000
1000000
1000000000
11
12
13
14
15
16
17
18
19
2
20
3
30
4
40
5
50
6
60
7
70
8
80
9
90
@
I
a
b
e
ev
h
l
o
q
r
u
ö
ɑ
Ο
ο
υ
О
Ь
а
е
н
о
ц
є
һ
ӧ
Օ
ա
ամեն
ամէն
այլոք
այլք
այո
ապաշխարել
ապաշխարհել
առաջին
արագ
արիւն
արյուն
բ
բարեւ
բարձր
բարև
բիւր
բյուր
գ
գառնան
գառնանը
գարնան
գարնանը
գիշեր
գծիկ
գոյն
գույն
դ
դանդաղ
դեմ
դէմ
ե
եվրամիության
եվրամիություն
եվրոմիության
եվրոմիություն
երեսուն
երեք
երկիր
երկիրը
երկու
երկրորդ
երրորդ
եւ
զ
զրո
է
ը
ընդամենը
ընդհամենը
թ
թոյն
թույլ
թույն
ժ
ի
ինը
իններորդ
իննսուն
ինչպես
իսրաեի
իսրաել
իսրայեի
իսրայել
իրչպես
իւղ
լ
լավ
լոյս
լույս
խ
խոնարհ
խոնարհել
խոնհար
խոնհարել
ծ
կ
կաին
կային
կեանք
կես
կետ
կետը
կէս
կյանք
հ
հազար
հաղթել
հայաստան
հայաստանի
հայերեն
հայերէն
հայստան
հայստանի
հարգանք
հարյուր
հին
հինգ
հինգերորդ
հիսուն
հույս
հունարեն
հուներեն
ձ
ղ
ճ
մ
մասամբ
մասսամբ
մեծ
մեկ
մեջ
մէջ
միլիարդ
միլիոն
մութ
յ
յաղթել
յարգանք
յոթ
յոթանասուն
յոթերորդ
յոյս
յուղ
ն
նոյն
նոր
նույն
շ
շնիկ
ո
ոչ
որպեզսի
որպեսզի
որևե
որևէ
որևիցե
որևիցէ
ու
ութ
ութանասուն
ութերորդ
ութսուն
ուժեղ
ուղել
ուղղել
ուղղված
ուղված
չ
չորս
չորրորդ
պ
ջ
ռ
ս
սեր
սէր
սիւն
սկիզբ
սկսում
սյուն
սոյն
սույն
ստեղծման
ստենդ
ստենտ
ստղծման
սքսում
վ
վաթսուն
վատ
վերջ
վերք
վեց
վեցերորդ
վէրք
տ
տաս
տասերորդ
տասներեք
տասներկու
տասնինը
տասնիննը
տասնհինգ
տասնմեկ
տասնյոթ
տասնութ
տասնչորս
տասնվեց
տարբեր
տարբէր
տեր
տէր
տնտեսական
տնտեսակն
ր
ց
ցածր
փ
փոքր
ք
քառասուն
քոյր
քույր
քսան
օ
օր
ֆ
և
Ꮒ
