perche perché
cosi così
piu più
qualè quale
perchè perché
poichè poiché
benchè benché
affinchè affinché
sopratutto soprattutto
daccordo accordo
pultroppo purtroppo
propio proprio
scenza scienza
coscenza coscienza
apuntamento appuntamento
avvolte avolte
famigla famiglia
familgia famiglia
ingegniere ingegnere
obbligo obligo
ocasione occasione
piutosto piuttosto
suggerimenti suggerrimenti
xche perché
accellerare accelerare
attaccare attacare
collaborazione colaborazione
comunicazzione comunicazione
eccezzione eccezione
essicare essiccare
proffessore professore
soddisfare sodisfare
sopprattutto soprattutto
