inizio partenza avvio
negozio bottega mercato acquisto
accesso login conto
sicuro protetto affidabile
supporto aiuto servizio assistenza
pagamento saldo fatturazione
banca finanza denaro portafoglio
posta email messaggio casella
nuvola server hosting
web sito online rete portale
notizie blog stampa media
gratis regalo bonus promo
migliore top premium pro
nuovo ultimo recente moderno
rapido veloce espresso
app applicazione software strumento
scaricare ottenere installare
contatto connettere
cerca trova
aggiorna rinnova
