-
.
/
0
1
10
100
1000
1000000
1000000000
11
12
13
14
15
16
17
18
19
2
20
3
30
4
40
5
50
6
60
7
70
8
80
9
90
@
a
abum
academia
academie
acadere
acadeva
acadevano
acadranno
acadrà
accademia
accademie
accadere
accadeva
accadevano
accadranno
accadrà
accelerare
accelerato
acceleratore
accelerazione
accellerare
accellerato
accelleratore
accellerazione
accordo
acqua
addizione
addizzione
ae
aerare
aereo
aereoplano
aereoporto
aeroplano
aeroporto
affinchè
affinché
aggiundere
aggiungere
alassandro
album
alessandro
alleviare
allievare
allorchè
allorché
alto
altretanta
altretante
altretanti
altretanto
altrettanta
altrettante
altrettanti
altrettanto
amare
amministrazione
amminsitrazione
ancorchè
ancorché
angosce
angoscie
anno
anzichè
anziché
aperto
appropiato
appropriato
approssimatamente
approssimativamente
appuntamento
apuntamento
aqua
arance
arancie
areare
areo
armadi
armadii
artefice
arteficie
attacare
attaccare
avolte
avvolte
b
basso
benchè
benché
beneficente
beneficentemente
beneficenti
beneficenza
beneficenze
beneficiente
beneficientemente
beneficienti
beneficienza
beneficienze
bilance
bilancie
blu
blù
bocce
boccie
bohemien
bohémien
bonacce
bonaccie
braccetto
braccietto
bucce
buccie
buono
b̔"
c
cadde
caddè
caffè
caffé
caldo
caltanisetta
caltanissetta
calzoncello
calzonciello
capellino
cappellino
cartacce
cartaccie
cattivo
ceco
celebrale
celine
celo
centesimo
cento
cerebrale
chiaccherone
chiacchierone
chiaro
chicchessia
chichessia
chiocciola
chiuso
cieco
cielo
cinquanta
cinquantesimo
cinque
cioè
cioé
cl
coefficente
coefficiente
colaborazione
collaborazione
collerata
collerate
collerati
collerato
commerciale
commericale
complementarietà
complementarità
comprare
comprensione
compresione
comunicazione
comunicazzione
confa
conferimento
conferiniento
confà
conoscente
conoscenza
conosciente
conoscienza
considerazione
continuamo
continuiamo
copenagen
copenaghen
copenhagen
correlata
correlate
correlati
correlato
correzione
correzzione
cortecce
corteccie
cosce
coscenza
coscenzioso
coscie
coscienza
coscienzioso
cosi
cosiderazione
cospicuo
cospiquo
costantamente
costantemente
così
crescente
cresciente
cuoco
cuore
céline
d
da
daccordo
dare
dasse
dassi
debole
decelerare
decelerazione
decellerare
decellerazione
decimo
decrescente
deficente
deficentemente
deficenti
deficenza
deficenze
deficiente
deficientemente
deficienti
deficienza
deficienze
dekstop
deleterea
deletereo
deleteria
deleterio
dentro
deplian
depliant
descrescente
desktop
desmodromico
desmodronico
desse
dessi
destkop
di
diciannove
diciannovesimo
diciassette
diciassettesimo
diciottesimo
diciotto
dieci
difficile
diminuizione
diminuzione
diplopia
dipoplia
dl
dodicesimo
dodici
dopo
dopodichè
dopodiché
due
dusseldorf
dà
dèplian
dèpliant
déplian
dépliant
düsseldorf
e
eccezionale
eccezione
eccezzionale
eccezzione
ecru
edimburgo
edinburgo
edizione
edizioni
edizone
edizoni
efficace
efficacemente
efficacie
efficaciemente
efficente
efficiente
elettrocuzione
elettrolocuzione
elite
ensamble
ensemble
entusiasta
entusiasto
epidemilogico
epidemiologico
equipe
esemplicativo
esemplificativo
essicamenti
essicamento
essicare
essicata
essicate
essicati
essicato
essicazione
essicazioni
essiccamenti
essiccamento
essiccare
essiccata
essiccate
essiccati
essiccato
essiccazione
essiccazioni
evacuare
evaquare
extraterreste
extraterresti
extraterrestre
extraterrestri
f
fa
facce
faccie
facile
fahrenheit
falso
famigla
famiglia
familgia
fantascenza
fantascienza
farenheit
farhenheit
fettucce
fettuccie
figuracce
figuraccie
finchè
finché
finire
flange
flangie
fondalmentalmente
fondamentalmente
forli
forlì
forte
francoise
françoise
fratempo
frattempo
freddo
fu
fuorchè
fuorché
fuori
fà
fù
fú
g
gandhi
ghandi
giacchè
giacché
giaccia
giacciamo
giacciano
giacciate
giaccio
giacciono
giacia
giaciamo
giaciano
giaciate
giacio
giaciono
giornatacce
giornataccie
giorno
granchè
granché
grande
grattuggia
grattuggiare
grattugia
grattugiare
grige
grigie
guance
guancie
h
hanno
helene
hélène
i
ib
igene
igenico
igiene
igienico
ih
ik
illeggittimità
illeggittimo
illegittimità
illegittimo
imbuti
imbuto
importante
importanza
importazione
imput
inaugurale
inbuti
inbuto
incomprensione
incompresione
incoscente
incoscenza
incosciente
incoscienza
inefficace
inefficacemente
inefficacie
inefficaciemente
inefficenza
inefficienza
ingegnere
ingegniere
ingeniere
ingiuntivo
ingiutivo
iniziare
innaugurale
innocuo
innoquo
inportante
inportanza
inportazione
input
instabul
instambul
instanbul
insufficente
insufficentemente
insufficenti
insufficenza
insufficenze
insufficiente
insufficientemente
insufficienti
insufficienza
insufficienze
interdisciplinarietà
interdisciplinarità
intrinsechi
intrinseci
istanbul
itagliana
itagliano
italiana
italiano
j
k
l
lacrime
laddove
ladove
lagrime
lascerai
lasceremo
lascerete
lascerà
lascerò
lascierai
lascieremo
lascierete
lascierà
lascierò
lb
lc
leggittimo
legittimo
lento
lh
li
lisce
liscie
lk
lontano
lì
m
macchiavellico
machiavellico
manichi
manici
mesiotelioma
mesotelioma
meteorologia
meteorologico
meteorologo
metereologia
metereologico
metereologo
mezzoprano
mezzosoprano
michael
micheal
miglione
miliardesimo
miliardo
milione
milionesimo
milioni
mille
millenial
millenials
millennial
millennials
millesimo
millione
millioni
mitile
mitilo
mome
monologhi
monologi
montreal
montréal
mosaichi
mosaici
mossul
mosul
n
nn
no
nome
nonchè
nonché
nono
notte
nouveau
nouveaux
novanta
novantesimo
nove
noveau
noveaux
nuovo
nè
né
o
obbligo
obligo
ocasione
occasione
odiare
oe
offensiva
offesiva
oreficeria
oroficeria
ospedale
ospidale
ottagenaria
ottagenario
ottanta
ottantesimo
ottavo
ottene
ottiene
otto
ottuagenaria
ottuagenario
overosia
overossia
ovverosia
ovverossia
p
pagella
pagelle
paggella
paggelle
pance
pancie
parrochi
parroci
pascqua
pascua
pasqua
pellicce
pelliccie
perche
perchè
perché
percorsi
percorso
percuotere
perdere
perquotere
persorsi
persorso
philarmonic
philharmonic
piaccia
piacciamo
piacciano
piacciate
piaccio
piacciono
piacia
piaciamo
piaciano
piaciate
piacio
piaciono
piccolo
pieno
pinzimonio
pinziomonio
piu
piutosto
piuttosto
più
poichè
poiché
potè
poté
povero
preassuntivo
predilezione
predilizione
preesistente
preesistenti
premi
premii
prendere
presistente
presistenti
pressapoco
pressappoco
pressochè
pressoché
presto
presuntivo
prima
primo
professore
proffessore
proficuo
profiquo
progettista
proggettista
propietaria
propietario
propietà
propio
proprietaria
proprietario
proprietà
proprio
prospicente
prospicenti
prospiciente
prospicienti
provenendo
proveniendo
psicologhi
psicologi
pultroppo
punto
purisangue
purisangui
purosangue
purosangui
purtroppo
q
qatar
qua
quale
qualè
quaranta
quarantesimo
quarto
quatar
quattordicesimo
quattordici
quattro
qui
quindicesimo
quindici
quinto
quoco
quore
quà
quì
r
raggi
raggii
rappresantabile
rappresantabilità
rappresantare
rappresentabile
rappresentabilità
rappresentare
reciprochi
reciproci
redarre
redigere
relase
release
relique
reliquie
rendicontazione
rendicontazioni
rendiconti
rendiconto
reponsabile
reservazione
responabile
responabilità
responsabile
responsabilità
ricco
riconoscere
ricoscere
risa
riscuotere
riservazione
riso
risquotere
risto
ristò
risà
risò
rn
rr
s
sa
salcicce
salciccia
salciccie
salcicciia
salsicce
salsiccia
salsiccie
salsicciia
samsumg
samsung
sansumg
sansung
scalfittura
scalfitura
scaramucce
scaramuccie
scempio
scenza
sciempio
scienza
scuadra
scuola
scuro
secondo
sedicesimo
sedici
sei
semprechè
sempreché
sessanta
sessantesimo
sesto
settanta
settantesimo
sette
settimo
shangai
shanghai
si
slash
so
socquadro
soddisfare
sodisfare
somatotrofina
somatotropina
sopprattutto
sopra
soprassa
soprasso
soprassà
soprassò
soprattutto
sopratutto
sopresa
soqquadro
sorpresa
sotto
sovrapprezzo
sovraprezzo
spallucce
spalluccie
specchietto
speci
specie
spicchietto
spregevole
spregievole
squadra
squola
ss
ssucessiv
sta
standar
standard
stasse
stassi
statiunitense
statiunitensi
statiunitese
statiunitesi
statunitense
statunitensi
statunitese
statunitesi
stesse
stessi
sto
strasa
straso
strasà
strasò
streccing
stretching
stretcing
strisce
striscie
stà
stò
su
successiv
sufficente
sufficentemente
sufficenti
sufficenza
sufficenze
sufficiente
sufficientemente
sufficienti
sufficienza
sufficienze
suggerimenti
suggerrimenti
superfice
superficie
suspance
suspanse
suspence
suspense
sà
sò
sù
t
taccuini
taccuino
tacia
taciamo
taciano
taciate
tacio
taciono
tacquini
tacquino
tacuini
tacuino
tailandia
tardi
ter
terzo
thailandia
the
thè
tiaccia
tiacciamo
tiacciano
tiacciate
tiaccio
tiacciono
tournee
tournees
tourneè
tourneès
tourneé
tourneés
tournèe
tournèes
tournée
tracce
traccie
transmutazione
trasmutazione
trattino
tre
trecentotre
trecentotré
tredicesimo
tredici
trenta
trentesimo
tris
tè
té
u
uguaglianza
ugualianza
undicesimo
undici
uno
v
va
vada
vadi
valichi
valici
vaselina
vasellina
vecchio
veivoli
veivolo
velivoli
velivolo
veloce
vendere
ventesimo
venti
ventitrè
ventitré
vero
vicino
vincere
vuoto
vv
và
v̇
w
x
xche
y
yacht
yatch
z
zero
zo
zoo
zò
¡
Þ
ß
à
á
â
ã
ä
å
æ
ç
è
é
écru
élite
équipe
ê
ë
ì
í
î
ï
ñ
ò
ó
ô
ö
ø
ù
ú
û
ü
ý
ÿ
ă
ć
ċ
č
đ
ē
ĕ
ė
ę
ě
ğ
ġ
ģ
ĭ
ı
ł
ń
œ
ś
ţ
ŭ
ź
ż
ƈ
ƒ
ơ
ƿ
ǎ
ǐ
ǔ
ǵ
ȧ
ȯ
ɉ
ɑ
ɓ
ɗ
ɡ
ɢ
ɩ
ɫ
ɱ
ɼ
ɽ
ʀ
ʂ
ʏ
ʐ
ʙ
ʝ
ʠ
Ο
γ
ι
κ
μ
ν
ο
ρ
τ
υ
Ϝ
ϲ
ϳ
ϵ
Ϸ
Б
Г
О
Ь
а
е
к
м
н
о
р
с
т
у
х
ц
є
ѕ
і
ј
ѡ
ѵ
Ғ
ҫ
Ү
ҳ
һ
ҽ
ӓ
ӧ
ԁ
Ԍ
ԛ
ԝ
Ս
Օ
ա
գ
զ
ժ
հ
ս
ց
ا
ة
ه
١
٨
Ⴝ
Ꭵ
Ꮒ
Ꮪ
ᴍ
ᴜ
ᴢ
ᴦ
ṃ
ẋ
ạ
ẹ
ọ
ỏ
ⲕ
ꙇ
