abajo arriba
abrir cerrar
alto bajo
arriba abajo
bajo alto
bueno malo
caliente frío frio
cerca lejos
cerrar abrir
comprar vender
dar tomar
debil fuerte
dentro fuera
dia noche
difícil fácil facil
débil fuerte
día noche
empezar terminar
entrar salir
facil difícil
falso verdadero
feliz triste
frio caliente
frío caliente
fuera dentro
fuerte débil debil
fácil difícil
ganar perder
grande pequeño
imposible posible
lejos cerca
lento rápido rapido
lleno vacío vacio
malo bueno
mucho poco
no sí si
noche día dia
nuevo viejo
pequeño grande
perder ganar
pobre rico
poco mucho
posible imposible
rapido lento
rico pobre
rápido lento
salir entrar
si no
sí no
terminar empezar
tomar dar
triste feliz
vacio lleno
vacío lleno
vender comprar
verdadero falso
viejo nuevo
