punto .
arroba @
guion - guión
barra /
arrollo arroyo
asar azar
asia hacia
asta hasta
barón varón
basta vasta
bienes vienes
calló cayó
cerrar serrar
cien sien
ciento siento
cocer coser
halla haya aya
hierba hierva
hierro yerro
hola ola
honda onda
rallar rayar
rebelarse revelarse
sumo zumo
tasa taza
tubo tuvo
hecho echo
vaso baso bazo
casa caza
vaya valla baya
bello vello
baca vaca
votar botar
bota vota
sabia savia
grabar gravar
hojear ojear
horca orca
hora ora
hulla huya
huso uso
ablando hablando
abría habría
ahí hay
alagar halagar
aprehender aprender
arte harte
has haz
ato hato
bacilo vacilo
balido valido
bario vario
basar bazar
basto vasto
bate vate
bello velo vello
cabo cavo
callado cayado
cazo caso
cegar segar
cepa sepa
ciervo siervo
cima sima
cocido cosido
combino convino
consejo concejo
desecho deshecho
encausar encauzar
errar herrar
gragea grajea
graba grava
holla olla
losa loza
malla maya
masa maza
meses meces
pollo poyo
pulla puya
rasa raza
rebosar rebozar
sesión cesión
silva silba
vaya valla
abalar avalar
abocar avocar
acerbo acervo
acechar asechar
bacía vacía
bale vale
cabe cave
cauce cause
cebo sebo
ceda seda
cierra sierra
enebro enhebro
gira jira
rebelar revelar
recabar recavar
