inicio comienzo arranque
tienda comercio mercado compra
acceso ingreso cuenta
seguro protegido confiable
soporte ayuda servicio asistencia
pago cobro facturacion
banco finanzas dinero cartera
correo email mensaje bandeja
nube servidor alojamiento
web sitio enlinea red portal
noticias blog prensa medios
gratis regalo bono promo
mejor top premium pro
nuevo ultimo reciente moderno
rapido veloz express
app aplicacion software herramienta
descargar obtener instalar
contacto conectar
buscar encontrar
actualizar renovar
