-
.
/
0
1
10
100
1000
1000000
1000000000
1000000000000
11
12
13
14
15
16
17
18
19
2
20
21
22
23
24
25
26
27
28
29
3
30
4
40
5
50
6
60
7
70
8
80
9
90
@
a
abajo
abrir
alto
anios
arriba
arroba
aya
años
b
baca
bajo
barra
bello
billon
billón
botar
bueno
b̔"
c
caliente
camion
camión
cancion
canción
casa
catorce
caza
cerca
cero
cerrar
cien
ciento
cierra
cima
cinco
cincuenta
cl
comprar
corazon
corazón
cuarenta
cuarto
cuatro
d
dar
debil
decimo
dentro
di
dia
diecinueve
dieciocho
dieciseis
diecisiete
dieciséis
diez
difícil
dl
doce
dos
débil
décimo
día
e
echo
educacion
educación
empezar
entrar
f
facil
falso
feliz
frio
frío
fuera
fuerte
fácil
g
ganar
grande
guion
guión
h
haber
halla
haver
haya
hecho
hola
hora
i
ib
ih
ik
imposible
informacion
información
j
k
l
lb
lc
lejos
lento
lh
lk
lleno
m
malo
mil
mil millones
millon
millón
milmillones
mucho
n
nino
niño
nn
no
noche
noveno
noventa
nueve
nuevo
o
ochenta
ocho
octavo
ola
once
ora
p
pequeño
perder
pobre
poco
posible
primer
primero
punto
q
quince
quinto
r
rapido
rico
rn
rr
rápido
s
salir
segundo
seis
senor
septimo
sesenta
setenta
sexto
señor
si
sierra
siete
sima
séptimo
sí
t
telefono
teléfono
tercero
terminar
tomar
trece
treinta
tres
triste
tubo
tuvo
u
uno
v
vaca
vacio
vacío
veinte
veinticinco
veinticuatro
veintidos
veintidós
veintinueve
veintiocho
veintiseis
veintisiete
veintiséis
veintitres
veintitrés
veintiuno
vello
vender
verdadero
viejo
votar
vv
v̇
w
x
y
z
¡
Þ
à
á
â
ã
ä
å
ç
è
é
ê
ë
í
î
ï
ñ
ó
ô
ö
ù
ú
û
ü
ý
ă
ć
ċ
đ
ē
ĕ
ė
ę
ě
ğ
ġ
ģ
ĭ
ı
ł
ń
ś
ţ
ŭ
ź
ż
ƈ
ƒ
ơ
ƿ
ǎ
ǐ
ǔ
ǵ
ȧ
ȯ
ɉ
ɑ
ɓ
ɗ
ɡ
ɢ
ɩ
ɫ
ɱ
ɼ
ɽ
ʀ
ʂ
ʏ
ʐ
ʙ
ʝ
ʠ
Ο
γ
ι
κ
μ
ν
ο
ρ
τ
υ
Ϝ
ϲ
ϳ
ϵ
Ϸ
Б
Г
О
Ь
а
е
м
н
о
р
с
т
у
х
ц
є
ѕ
ј
ѡ
ѵ
Ғ
Ү
ҳ
һ
ҽ
ӓ
ӧ
ԁ
Ԍ
ԛ
ԝ
Ս
Օ
ա
գ
զ
ժ
հ
ս
ց
ا
ة
ه
١
٨
Ⴝ
Ꭵ
Ꮒ
Ꮪ
ᴍ
ᴜ
ᴢ
ᴦ
ṃ
ẋ
ạ
ẹ
ọ
ỏ
ⲕ
ꙇ
