abelsin appelsin
ablesin appelsin
addresse adresse
afganistan afghanistan
afganistans afghanistans
aggresiv aggressiv
akkommodasjon akkomodasjon
apetitt appetitt
arkitekturisk arkitektonisk
arkitekturiske arkitektoniske
avise avvise
avlegs avleggs
avlegse avleggse
beijng beijing
beijngs beijings
bejing beijing
bejings beijings
bessastadir bessastaðir
bessastadirs bessastaðirs
bessastađir bessastaðir
bessastađirs bessastaðirs
bokstavlig bokstavelig
bokstavlige bokstavelige
brummundal brumunddal
brummundals brumunddals
brummunddal brumunddal
brummunddals brumunddals
brumundal brumunddal
brumundals brumunddals
chisinau chișinău
chisinaus chișinăus
chišinau chișinău
chišinaus chișinăus
curacao curaçao
curacaos curaçaos
dagesvis dagevis
dagesvise dagevise
deoderant deodorant
dessvere dessverre
dessvære dessverre
dessværre dessverre
desvere dessverre
desverre dessverre
desvære dessverre
desværre dessverre
diskusjon diskusjson
due duge
egentlig egenlig
eksiterende eksisterende
elfenbeinkysten elfenbeinskysten
elfenbeinkystens elfenbeinskystens
elfenbenkysten elfenbenskysten
elfenbenkystens elfenbenskystens
fallt falt
filipinene filippinene
filipinenes filippinenes
fillipinene filippinene
fillipinenes filippinenes
fillippinene filippinene
fillippinenes filippinenes
finnlandsk finlanndsk
finnlandske finlanndske
forran foran
forsett fortsett
fyllt fylt
fyllte fylte
gjevn jevn
grønnland grønland
grønnlands grønlands
henholdvis henholdsvis
hennholdsvis henholdsvis
hennholdvis henholdsvis
hitil hittil
hitill hittil
hittill hittil
hovedsaklig hovedsakelig
hovedsaklige hovedsakelige
hovesakelig hovedsakelig
hovesakelige hovedsakelige
hovesaklig hovedsakelig
hovesaklige hovedsakelige
hvet vet
inneforstått innforstått
inneforståtte innforstått
innenforstått innforståttn
innenforståtte innforståttn
innstillt innstilt
inntill inntil
innvollvere involvere
innvollverer involverer
innvollvering involvering
innvollvert involvert
innvollverte involverte
innvolvere involvere
innvolverer involverer
innvolvering involvering
innvolvert involvert
innvolverte involverte
instilling innstilling
interessant interesant
isreal israel
isreals israels
istedenfo istedenfor
iøyefallende iøynefallende
iøyenfallende iøynefallende
kankje kanskje
kansje kanskje
kasakkhstan kasakhstan
kasakkhstans kasakhstans
kasakstan kasakhstan
kasakstans kasakhstans
kassakhstan kasakhstan
kassakhstans kasakhstans
kassakkhstan kasakhstan
kassakkhstans kasakhstans
kassakstan kasakhstan
kassakstans kasakhstans
katalonia catalonia
katalonias catalonias
komité komitte
kommentar komentar
konferanse konferance
lesothoisk lesothisk
lesothoiske lesothiske
lesothosk lesothisk
lesothoske lesothiske
lesothsk lesothisk
lesothske lesothiske
lesotisk lesothisk
lesotiske lesothiske
lesotoisk lesothisk
lesotoiske lesothiske
lesotosk lesothisk
lesotoske lesothiske
lesotsk lesothisk
lesotske lesothiske
lichtenstein liechtenstein
lichtensteins liechtensteins
mosambiksk mosambikisk
mosambikske mosambikiske
motatt mottatt
namskogan namsskogan
namskogans namsskogans
opptredd opptrådt
opptredde opptrådte
opptrett opptrådt
opptrette opptrådte
opptrådd opptrådt
opptrådde opptrådte
opptrått opptrådt
opptråtte opptrådte
papete papeete
papetee papeete
papetees papeetes
papetes papeetes
pappeete papeete
pappeetee papeete
pappeetees papeetes
pappeetes papeetes
pappete papeete
pappetee papeete
pappetees papeetes
pappetes papeetes
paraguayisk paraguayansk
paraguayiske paraguayanske
paraguaysk paraguayansk
paraguayske paraguayanske
parallell paralell
parana paraná
paranas paranás
pensylvania pennsylvania
pensylvanias pennsylvanias
pristina priština
pristinas prištinas
priŝtina priština
priŝtinas prištinas
priştina priština
priştinas prištinas
priștina priština
priștinas prištinas
párana paraná
páranas paranás
páraná paraná
páranás paranás
restaurant resturant
ronka runka
ronke runke
scort scoret
scorte scoret
sedvanelig sedvanlig
sedvanelige sedvanlige
siluett silhuett
skyltes skyldtes
skårt skåret
skårte skåret
storbritania storbritannia
storbritanias storbritannias
storbrittania storbritannia
storbrittanias storbritannias
storbrittannia storbritannia
storbrittannias storbritannias
suksess sukcess
tallin tallinn
tallins tallinns
tilegg tillegg
timesvis timevis
timesvise timevise
trafikert trafikkert
trafikerte trafikkerte
uannset uansett
uannsett uansett
uanset uansett
ukesvis ukevis
ukesvise ukevise
umiddelbart umidelbart
underholdte underholdt
uruguayisk uruguayansk
uruguayiske uruguayanske
uruguaysk uruguayansk
uruguayske uruguayanske
usedvanelig usedvanlig
usedvanelige usedvanlige
utalelse uttalelse
utalte uttalte
valetta valletta
valettas vallettas
valleta valletta
valletas vallettas
vellyket vellykket
velykket vellykket
yaounde yaoundé
yaoundes yaoundés
åresvis årevis
åresvise årevise
èn én
óg òg
ømtålelig ømtålig
