start begynnelse begynne starte
butikk handel marked kjop
innlogging logg palogging tilgang
konto profil medlem minkonto
bruker brukernavn identitet
sikker beskyttet palitelig trygg
sikkerhet beskyttelse forsvar skjold
verifiser bekreft valider kontroll
passord kode pin legitimasjon
autentisering autoriser token sesjon
gjenopprett tilbakestill lasopp hent
support hjelp service bistand
kontakt na koble henvendelse
betaling betale kasse checkout
fakturering faktura kvittering regning
bank finans penger lommebok
kort kreditt debet forhandsbetalt
overforing transaksjon innskudd uttak
krypto mynt blockchain utvinning
post email melding innboks
sky server host webhotell
web side online nettverk portal
domene lenke adresse url
nyheter blogg presse medier
gratis gave bonus kampanje
rabatt tilbud salg kupong
premie gevinst belonning lotteri
beste topp premium pro
offisiell autentisk ekte original
ny nyeste aktuell moderne
rask kjapp ekspress snar
app applikasjon programvare verktoy
laste hente installere oppsett
oppdater oppgrader forny patch
sok finn soking foresporsel
levering frakt pakke sporing
bestilling handlekurv kurv bestill
kunde kjoper abonnent
admin administrer konsoll dashbord
senter nav hoved generell
gruppe team firma konsern
data backup arkiv lagring
foto bilde galleri bilder
video stream se avspilling
musikk lyd audio radio
spill spille spiller arkade
chat samtale messenger direkte
sosial fellesskap venner folgere
jobb arbeid karriere rekruttering
helse medisin klinikk apotek
reise fly hotell booking
mat restaurant meny kjokken
skole laere kurs studier
lov juridisk domstol rettigheter
regjering stat departement offentlig
skatt skatteetaten toll avgift
forsikring polise skade dekning
eiendom leie hus bolig
bil kjoretoy motor vogn
energi kraft elektrisk gass
mobil telefon sms ringe
varsel alarm advarsel hastende
abonnement medlemskap plan fornyelse
poeng lojalitet cashback miles
anmeldelse vurdering omtale mening
