-
.
/
0
1
10
100
1000
1000000
1000000000
11
12
13
14
15
16
17
18
19
2
20
3
30
4
40
5
50
6
60
7
70
8
80
9
90
@
a
abelsin
ablesin
addresse
adresse
ae
afganistan
afganistans
afghanistan
afghanistans
aggresiv
aggressiv
akkommodasjon
akkomodasjon
andre
apetitt
appelsin
appetitt
arkitektonisk
arkitektoniske
arkitekturisk
arkitekturiske
atten
attende
avise
avleggs
avleggse
avlegs
avlegse
avvise
b
beijing
beijings
beijng
beijngs
bejing
bejings
bessastadir
bessastadirs
bessastaðir
bessastaðirs
bessastađir
bessastađirs
bindestrek
bli
blid
bokstavelig
bokstavelige
bokstavlig
bokstavlige
bra
brummundal
brummundals
brummunddal
brummunddals
brumundal
brumundals
brumunddal
brumunddals
b̔"
c
catalonia
catalonias
chisinau
chisinaus
chišinau
chišinaus
chișinău
chișinăus
cl
curacao
curacaos
curaçao
curaçaos
d
dag
dagesvis
dagesvise
dagevis
dagevise
deoderant
deodorant
dessvere
dessverre
dessvære
dessværre
desvere
desverre
desvære
desværre
di
diskusjon
diskusjson
dl
due
duge
dårlig
e
egenlig
egentlig
eksisterende
eksiterende
elfenbeinkysten
elfenbeinkystens
elfenbeinskysten
elfenbeinskystens
elfenbenkysten
elfenbenkystens
elfenbenskysten
elfenbenskystens
elleve
ellevte
elske
en
etter
f
fallt
falsk
falt
fattig
fem
femte
femten
femtende
femti
femtiende
filipinene
filipinenes
filippinene
filippinenes
fillipinene
fillipinenes
fillippinene
fillippinenes
finlanndsk
finlanndske
finnlandsk
finnlandske
fire
fjerde
fjern
fjorten
fjortende
foran
forran
forsett
fortsett
full
fyllt
fyllte
fylt
fylte
før
første
førti
førtiende
g
gammel
genanse
gi
gjenta
gjerne
gjevn
grønland
grønlands
grønnland
grønnlands
h
hate
henholdsvis
henholdvis
hennholdsvis
hennholdvis
hitil
hitill
hittil
hittill
hjerne
hjord
hjul
hovedsakelig
hovedsakelige
hovedsaklig
hovedsaklige
hovesakelig
hovesakelige
hovesaklig
hovesaklige
hundre
hundrede
hval
hver
hvet
hvis
hvit
hvite
hvitne
hvor
høy
i
ib
ih
ik
inne
inneforstått
inneforståtte
innenforstått
innenforståtte
innforstått
innforståttn
innstilling
innstillt
innstilt
inntil
inntill
innvollvere
innvollverer
innvollvering
innvollvert
innvollverte
innvolvere
innvolverer
innvolvering
innvolvert
innvolverte
instilling
interesant
interessant
involvere
involverer
involvering
involvert
involverte
israel
israels
isreal
isreals
istedenfo
istedenfor
iøyefallende
iøyenfallende
iøynefallende
j
ja
jenta
jevn
jord
jul
k
kald
kankje
kansje
kanskje
kasakhstan
kasakhstans
kasakkhstan
kasakkhstans
kasakstan
kasakstans
kassakhstan
kassakhstans
kassakkhstan
kassakkhstans
kassakstan
kassakstans
katalonia
katalonias
kjede
kjekk
kjole
kjøpe
komentar
komitte
komité
kommentar
konferance
konferanse
krøllalfa
l
langsom
lav
lb
lc
legge
lesothisk
lesothiske
lesothoisk
lesothoiske
lesothosk
lesothoske
lesothsk
lesothske
lesotisk
lesotiske
lesotoisk
lesotoiske
lesotosk
lesotoske
lesotsk
lesotske
lett
lh
lichtenstein
lichtensteins
liechtenstein
liechtensteins
ligge
liten
lk
lukket
lys
lære
lærer
m
milliard
million
mosambikisk
mosambikiske
mosambiksk
mosambikske
motatt
mottatt
mørk
n
namskogan
namskogans
namsskogan
namsskogans
natt
ned
nei
ni
niende
nitten
nittende
nitti
nittiende
nn
null
ny
nær
o
oe
opp
opptredd
opptredde
opptrett
opptrette
opptrådd
opptrådde
opptrådt
opptrådte
opptrått
opptråtte
p
papeete
papeetes
papete
papetee
papetees
papetes
pappeete
pappeetee
pappeetees
pappeetes
pappete
pappetee
pappetees
pappetes
paraguayansk
paraguayanske
paraguayisk
paraguayiske
paraguaysk
paraguayske
paralell
parallell
parana
paranas
paraná
paranás
pennsylvania
pennsylvanias
pensylvania
pensylvanias
pristina
pristinas
priŝtina
priŝtinas
priştina
priştinas
priština
prištinas
priștina
priștinas
punktum
párana
páranas
páraná
páranás
q
r
rask
restaurant
resturant
rik
rn
ronka
ronke
rr
runka
runke
s
sann
scoret
scort
scorte
sedvanelig
sedvanelige
sedvanlig
sedvanlige
seks
seksten
sekstende
seksti
sekstiende
selge
selv
sent
silhuett
siluett
sjede
sjekk
sjenanse
sjette
sjole
sju
sjuende
sjøl
skråstrek
skylde
skyldtes
skylle
skyltes
skåret
skårt
skårte
slutt
ss
start
sterk
stor
storbritania
storbritanias
storbritannia
storbritannias
storbrittania
storbrittanias
storbrittannia
storbrittannias
sukcess
suksess
svak
sytten
syttende
sytti
syttiende
t
ta
tallin
tallinn
tallinns
tallins
tape
ti
tidlig
tiende
tilegg
tillegg
timesvis
timesvise
timevis
timevise
tjue
tjuende
to
tolv
tolvte
tom
trafikert
trafikerte
trafikkert
trafikkerte
tre
tredje
tretten
trettende
tretti
trettiende
tusen
tusende
u
uannset
uannsett
uanset
uansett
ukesvis
ukesvise
ukevis
ukevise
umiddelbart
umidelbart
underholdt
underholdte
uruguayansk
uruguayanske
uruguayisk
uruguayiske
uruguaysk
uruguayske
usedvanelig
usedvanelige
usedvanlig
usedvanlige
utalelse
utalte
ute
uttalelse
uttalte
v
val
valetta
valettas
valleta
valletas
valletta
vallettas
vanskelig
varm
vellyket
vellykket
velykket
verd
verdt
vert
vet
vinne
vis
vit
vite
vitne
vor
vv
vær
v̇
w
x
y
yaounde
yaoundes
yaoundé
yaoundés
z
¡
Þ
ß
à
á
â
ã
ä
å
åpen
åresvis
åresvise
årevis
årevise
åtte
åttende
åtti
åttiende
æ
ç
è
èn
é
én
ê
ë
í
î
ï
ñ
òg
ó
óg
ô
ö
ø
ømtålelig
ømtålig
ù
ú
û
ü
ý
ÿ
ă
ć
ċ
č
đ
ē
ĕ
ė
ę
ě
ğ
ġ
ģ
ĭ
ı
ł
ń
œ
ś
ţ
ŭ
ź
ż
ƈ
ƒ
ơ
ƿ
ǎ
ǐ
ǔ
ǵ
ȧ
ȯ
ɉ
ɑ
ɓ
ɗ
ɡ
ɢ
ɩ
ɫ
ɱ
ɼ
ɽ
ʀ
ʂ
ʏ
ʐ
ʙ
ʝ
ʠ
Ο
γ
ι
κ
μ
ν
ο
ρ
τ
υ
Ϝ
ϲ
ϳ
ϵ
Ϸ
Б
Г
О
Ь
а
е
к
м
н
о
р
с
т
у
х
ц
є
ѕ
і
ј
ѡ
ѵ
Ғ
ҫ
Ү
ҳ
һ
ҽ
ӓ
ӧ
ԁ
Ԍ
ԛ
ԝ
Ս
Օ
ա
գ
զ
ժ
հ
ս
ց
ا
ة
ه
١
٨
Ⴝ
Ꭵ
Ꮒ
Ꮪ
ᴍ
ᴜ
ᴢ
ᴦ
ṃ
ẋ
ạ
ẹ
ọ
ỏ
ⲕ
ꙇ
