агенство агентство
барокко бароко
блять блядь
вийняток виняток
виключенням винятком
виключень винятків
відносно щодо
гіт хіт
дибіл дебіл
дибілка дебілка
дивізіона дивізіону
діяльности діяльності
жюрі журі
магнет магніт
магнети магніти
магнетні магнітні
міроприємство захід
приймати брати
приналежність належність
пункта пункту
района району
регіона регіону
ркоу року
согласно згідно
співпадати збігатися
столітть століть
столітя століття
строганівка строгонівка
тона тонна
узберіжжя узбережжя
цинцинатті цинциннаті
цинциннатті цинциннаті
широкополосна широкосмугова
широкополосне широкосмугове
широкополосний широкосмуговий
широкополосним широкосмуговим
широкополосних широкосмугових
широкополосного широкосмугового
широкополосному широкосмуговому
широкополосною широкосмуговою
широкополосні широкосмугові
ізмаїлщина ізмаїльщина
