початок старт запуск почати
магазин крамниця ринок покупка
вхід логін увійти доступ
акаунт профіль кабінет обліковка
користувач юзер імя особа
безпечний захищений надійний перевірений
безпека захист оборона щит
перевірити підтвердити валідація контроль
пароль код пін ключ
авторизація автентифікація токен сесія
відновити скинути повернути розблокувати
підтримка допомога сервіс сприяння
контакт звязатися підключити запит
оплата платіж каса оплатити
рахунок фактура квитанція чек
банк фінанси гроші гаманець
картка кредит дебет передоплата
переказ транзакція депозит виведення
крипто монета блокчейн майнінг
пошта email повідомлення вхідні
хмара сервер хост хостинг
веб сайт онлайн мережа портал
домен посилання адреса url
новини блог преса медіа
безкоштовно подарунок бонус акція
знижка пропозиція розпродаж купон
приз виграш нагорода лотерея
кращий топ преміум про
офіційний справжній автентичний оригінал
новий останній свіжий сучасний
швидкий хуткий експрес меткий
додаток програма софт інструмент
завантажити отримати встановити налаштування
оновити апгрейд продовжити патч
пошук знайти шукати заявка
доставка відправлення посилка відстеження
замовлення кошик покупки оформити
клієнт покупець передплатник
адмін управління консоль панель
центр вузол головний загальний
група команда компанія корпорація
дані бекап архів сховище
фото зображення галерея знімок
відео стрім дивитися плеєр
музика аудіо звук радіо
гра ігри гравець аркада
чат розмова месенджер прямий
соціальний спільнота друзі стрічка
робота вакансія карєра найм
здоровя медицина клініка аптека
подорож рейс готель бронь
їжа ресторан меню кухня
школа навчання курс освіта
закон юридичний суд права
уряд держава міністерство дія
податок податкова митниця мито
страхування поліс збиток покриття
нерухомість оренда будинок власність
авто машина мотор транспорт
енергія потужність електро газ
мобільний телефон смс дзвінок
попередження тривога сповіщення терміново
підписка членство тариф продовження
бали лояльність кешбек милі
відгук рейтинг оцінка думка
