-
.
/
0
1
10
100
1000
1000000
1000000000
11
12
13
14
15
16
17
18
19
2
20
3
30
4
40
5
50
6
60
7
70
8
80
9
90
@
a
ae
b
b̔"
c
cl
d
di
dl
e
f
g
h
i
ib
ih
ik
j
k
kiev
kyiv
l
lb
lc
lh
lk
m
n
nn
o
oe
p
q
r
rn
rr
s
ss
t
u
v
vv
v̇
w
x
y
z
¡
Þ
ß
à
á
â
ã
ä
å
æ
ç
è
é
ê
ë
í
î
ï
ñ
ó
ô
ö
ø
ù
ú
û
ü
ý
ÿ
ă
ć
ċ
č
đ
ē
ĕ
ė
ę
ě
ğ
ġ
ģ
ĭ
ı
ł
ń
œ
ś
ţ
ŭ
ź
ż
ƈ
ƒ
ơ
ƿ
ǎ
ǐ
ǔ
ǵ
ȧ
ȯ
ɉ
ɑ
ɓ
ɗ
ɡ
ɢ
ɩ
ɫ
ɱ
ɼ
ɽ
ʀ
ʂ
ʏ
ʐ
ʙ
ʝ
ʠ
Ο
γ
ι
κ
μ
ν
ο
ρ
τ
υ
Ϝ
ϲ
ϳ
ϵ
Ϸ
Б
Г
О
Ь
а
б
багатий
близько
брати
брехня
бідний
білль
біль
в
важкий
вгорі
везти
великий
вести
взяти
виграти
високий
внизу
восьмий
всередині
відкритий
відносно
вісім
вісімдесят
вісімдесятий
вісімнадцятий
вісімнадцять
г
гарячий
гостиний
гостинний
греби
гриби
д
далеко
дати
два
двадцятий
двадцять
дванадцятий
дванадцять
дев’яностий
дев’яносто
дев’ятий
дев’ятнадцятий
дев’ятнадцять
дев’ять
день
десятий
десять
дефіс
до
добре
другий
е
ж
життя
з
закритий
захід
збігатися
згідно
зовні
зчепити
и
й
к
келех
келих
київ
кленок
клинок
крапка
кресаня
крисаня
купити
кінець
л
легкий
любити
м
малий
мене
метрополія
мине
митрополія
мільйон
мільйонний
мільярд
мільярдний
міроприємство
н
належність
ненавидіти
низький
новий
нуль
ні
ніч
о
один
одинадцятий
одинадцять
п
перший
плести
плисти
повний
повільний
погано
порожній
початок
правда
приймати
приналежність
програти
продати
пізно
після
п’ятдесят
п’ятдесятий
п’ятий
п’ятнадцятий
п’ятнадцять
п’ять
р
рано
с
світлий
сильний
слабкий
слеш
смерть
собачка
согласно
сорок
сороковий
сотий
співпадати
старий
сто
сьомий
сім
сімдесят
сімдесятий
сімнадцятий
сімнадцять
т
так
темний
тисяча
тисячний
трембіта
третій
три
тридцятий
тридцять
тримбіта
тринадцятий
тринадцять
у
ф
х
холодний
ц
ч
четвертий
чотири
чотирнадцятий
чотирнадцять
ш
швидкий
шостий
шістдесят
шістдесятий
шістнадцятий
шістнадцять
шість
щ
щепити
щодо
ь
ю
я
є
ѕ
і
ї
ј
ѡ
ѵ
ґ
Ғ
ҫ
Ү
ҳ
һ
ҽ
ӓ
ӧ
ԁ
Ԍ
ԛ
ԝ
Ս
Օ
ա
գ
զ
ժ
հ
ս
ց
ا
ة
ه
١
٨
Ⴝ
Ꭵ
Ꮒ
Ꮪ
ᴍ
ᴜ
ᴢ
ᴦ
ṃ
ẋ
ạ
ẹ
ọ
ỏ
ⲕ
ꙇ
