# A number, then the words denoting it: 1 one first
0 nula nultý
1 jeden prvý
2 dva druhý
3 tri tretí
4 štyri štvrtý
5 päť piaty
6 šesť šiesty
7 sedem siedmy
8 osem ôsmy
9 deväť deviaty
10 desať desiaty
11 jedenásť jedenásty
12 dvanásť dvanásty
13 trinásť trinásty
14 štrnásť štrnásty
15 pätnásť pätnásty
16 šestnásť šestnásty
17 sedemnásť sedemnásty
18 osemnásť osemnásty
19 devätnásť devätnásty
20 dvadsať dvadsiaty
21 dvadsaťjeden
22 dvadsaťdva
23 dvadsaťtri
24 dvadsaťštyri
30 tridsať tridsiaty
40 štyridsať štyridsiaty
50 päťdesiat päťdesiaty
60 šesťdesiat šesťdesiaty
70 sedemdesiat sedemdesiaty
80 osemdesiat osemdesiaty
90 deväťdesiat deväťdesiaty
100 sto stý
1000 tisíc tisíci
1000000 milión miliónty
1000000000 miliarda miliardtý
