# The language's vocabulary, one word per line.
-
.
/
0
1
10
100
1000
1000000
1000000000
11
12
13
14
15
16
17
18
19
2
20
3
30
4
40
5
50
6
60
7
70
8
80
9
90
@
_
abi
aboj
aby
ach
adam
admirál
adresa
advokát
agent
agentka
agentúra
agnes
ah
aha
ahij
ahoj
ahojte
aiebo
air
aj
ak
akceptovať
akcia
ako
akobi
akoby
akokoľvek
akonáhle
akosi
akoze
akože
akurat
akurát
aky
akéhokoľvek
akékoľvek
akí
akíkoľvek
akúkoľvek
aký
akýkoľvek
al
alan
alarm
albert
album
aldbo
ale
alebo
alefo
alex
alexander
alfa
alibi
alkohol
am
amanda
amen
americkí
americký
amerika
američan
and
andi
andy
angela
angeles
anglicki
anglicko
anglicky
ani
anjel
anna
ano
any
apartmán
armáda
arnold
as
asi
asistent
asistentka
aspon
aspoň
asy
at
au
auto
autobus
autobuz
avenue
avsak
avšak
az
azda
až
ba
baba
babi
babička
babka
baby
babylon
bacha
back
bal
balík
balíček
banda
bang
banka
bar
barbie
bastard
bat
bavit
baviť
bazén
bať
be
behať
behom
bell
bella
belle
beloch
benzín
bez
bezo
bezpecnost
bezpečne
bezpečnost
bezpečnostný
bezpečnosť
bezpečný
bežať
bežný
bhde
bhdem
bhdeme
bhdeš
bi
bicikel
bicykel
bicykli
bieli
biely
big
bila
bill
bilo
bingo
bistrý
bit
bitka
bitosť
bivol
biznis
biť
biže
bla
blazon
blbec
blbosť
blbí
blbý
blesk
blizko
blok
bláznivý
blázon
blískať
blízko
blízky
blýzko
bo
bob
bod
bodi
body
boh
bohatstvo
bohatí
bohatý
bohu
bohužial
bohužiaľ
boia
boio
boj
bojovat
bojovať
bojovník
bok
bol
bola
bolest
bolesť
bolieť
bolo
bomba
boom
bordel
boris
boss
box
boy
boze
bozk
bozkávať
bože
božemôj
boží
br
brat
bratov
bratranec
bravo
braček
brať
brucho
brána
brániť
buce
bucem
buceš
bud
buddm
buddme
buddš
bude
budehe
budem
budeme
budes
budete
budeš
budova
budu
buduci
buducnost
buducnosť
budú
budúci
budúcnost
budúcnosť
budúcy
bum
by
byll
byt
bytosť
byť
bábika
bábätko
bál
báseň
bát
báť
bík
bívalí
bívať
búrka
bývalý
bývanie
bývať
caj
cakat
cakať
cas
casom
cast
casto
casť
cau
cdlý
ceiý
celkom
cely
celí
celý
cena
cent
centrum
cesta
cestovanie
cestovať
cez
cha
chalan
chaos
charlotte
chciet
chcieť
chcyeť
chiba
chicaga
chicago
chicagu
chitiť
chitrí
chladno
chlap
chlapce
chlapcov
chlapec
chlapik
chlapík
chlapýk
chlapče
chlapček
chleba
chlieb
chod
chodit
chodiť
chodyť
choroba
chory
chorí
chorý
chovať
chranit
chraniť
chrbat
chrbta
chrbte
chrbtom
chrbát
chránit
chrániť
chudák
chut
chuť
chvost
chvíľa
chyba
chytit
chytiť
chytrý
chápať
chíbať
chýbat
chýbať
ci
cia
ciel
cierny
cieľ
cieľom
cirkev
cirkvi
cislo
cisty
cistý
citat
citi
citit
citiť
citlivý
city
clovece
clovek
cm
co
coho
cokolvek
cokoľvek
comu
coskoro
coze
cti
ctihodnost
ctihodnosť
cudzinec
cukor
cvičenie
cvičiť
cyeľ
cyty
císlo
cítať
cítit
cítiť
cýtyť
cťou
dakujem
dalej
daleko
dalsi
další
dama
dan
dana
daniel
dar
darcek
darebák
darček
dat
dav
davat
davať
david
davno
davyd
dačo
dať
dbes
dc
dcera
dcéra
ddti
de
dean
debil
decko
dedina
dedičstvo
dedko
dedo
defi
definitívne
delta
den
denne
denník
desat
desať
desiatnik
detail
detektiv
detektív
detektívka
detektýv
deti
detstvo
dety
detí
detý
deviatej
devät
deväť
dezert
deň
deťmi
deťoch
deťom
diabla
diabol
diamant
diana
diať
dibre
dibrý
dich
didťa
diel
dielo
diera
dieta
dievca
dievcatko
dievča
dievčatko
dieťa
dieťatko
diho
dimov
disk
diskutovať
diskuzia
distať
disť
divadlo
divne
divní
divný
djeťa
dlbo
dlh
dlho
dlhsie
dlhy
dlhí
dlhý
dlhšie
dlhšye
dlžím
dna
dnds
dnes
dneska
dnešní
dnešný
dnešok
dno
dnu
do
doať
doba
dobde
dobdý
dobitok
dobre
dobro
dobrodružstvo
dobrovoľne
dobry
dobrí
dobrý
dobytok
doc
dockat
dodať
dodávka
dofrasa
dofre
dofrý
dohoda
dohodnúť
dohov
dohromadi
dohromady
dojem
dokaz
dokazat
dokazať
dokiaľ
dokola
dokonale
dokonalí
dokonalý
dokonca
dokoncit
dokonciť
dokončit
dokončiť
dokopi
dokopy
doktor
doktorka
doktorov
dokument
dokázat
dokázať
dokým
dole
dolu
dolár
dom
doma
domiv
domov
don
dong
doniesť
donna
donútiť
dookola
dopekla
doprava
dopredu
dopustiť
dorucenie
dosah
dosfať
dosiahnuť
doslova
dospelí
dospelý
dost
dostat
dostatok
dostatočne
dostať
dostojnik
dostqť
dosť
doteraz
dotknúť
dotýkať
dovi
dovidenia
dovnutra
dovnútra
dovod
dovolať
dovolit
dovoliť
dovolyť
dovtedi
dovtedy
down
dozadu
dozvedieť
dočasne
dočerta
dočinenia
dočkat
dočkať
doľava
doňho
došľaka
dr
drahy
drahí
drahý
drevo
drink
drog
druh
druhy
druhí
druhý
druhýkrát
drzat
drzať
držat
držať
duch
duchovia
duša
dva
dvadsať
dvaja
dvakrat
dvakrát
dvanásť
dvd
dve
dvere
dvoch
dvojičky
dvom
dvoma
dvomi
dvor
dych
dyevča
dyevčatko
dyeťa
dym
dáma
dáta
dátum
dávat
dávať
dávno
dážď
démon
díchať
dívať
dôkaz
dôležití
dôležitý
dôstojnik
dôstojník
dôverovať
dôvod
dúfať
dýchanie
dýchať
džús
earl
echo
efekt
eh
ehm
el
elena
em
emili
emily
emocionálne
energia
epizóda
erik
este
eva
ex
excelencia
existovať
experiment
expert
extra
extrémne
ešfe
ešte
fahn
fajn
fajčiť
fakt
faktura
falošní
falošný
fanúšik
farba
fbi
fby
fer
festival
fešák
film
finále
firma
for
forma
fotka
fox
fqjn
frajer
francúzska
francúzski
francúzsky
frank
frasa
from
fuj
fuk
fungovat
fungovať
futbal
fylm
fyzicky
fér
fíha
gabriel
gai
gang
gangu
gauč
gay
gene
general
generál
generátor
geniálne
george
gloria
golf
gps
grace
grand
grant
greg
guvernér
guľka
génius
ha
had
hadam
hadat
hadať
hajzel
halo
haló
han
hanba
hanbiť
happi
happy
hbeď
he
hej
henri
henry
henryho
herec
herečka
heslo
hesolo
hi
história
hit
hitler
hivoriť
hlad
hladat
hladny
hladní
hladný
hlas
hlasnejšie
hlava
hlavne
hlavní
hlavný
hlboko
hliadka
hluchý
hluk
hlupak
hlupy
hlupák
hlásenie
hlúpi
hlúposť
hlúpy
hm
hmiz
hmyz
hndď
hned
hnev
hnevať
hneď
hnusný
hnúť
ho
hoci
hocico
hocikedy
hocikto
hocičo
hocy
hodina
hodini
hodinki
hodinky
hodiny
hodiť
hodyny
hop
hora
hore
horúce
horúci
horúco
horší
hostia
hosť
hot
hotel
hotela
hotovo
hotovosť
hotoví
hotový
hoviriť
hovno
hovor
hovorit
hovoriť
hovorjť
hovorte
hovoryť
how
hra
hrad
hranie
hrat
hračka
hrať
hrdina
hrdlo
hrdy
hrdí
hrdý
hre
hriech
hrob
hrozba
hrozní
hrozný
hrubý
hráč
hudba
huh
humor
hunt
hunter
hurá
hviezd
hviezda
hádam
hádat
hádať
hádzať
háčik
híb
híbať
hýb
hýbať
hľadanie
hľadať
iatý
iba
ibaže
icem
ich
iddm
ide
idem
ideme
identifikovať
ides
idete
ideš
idiot
idu
idú
if
ignorovať
ihned
ihneď
ihrisko
ii
im
in
inak
inam
incident
inde
ine
infarkt
infekcia
informovať
informácia
inokedi
inokedy
inteligentný
internet
interview
iny
ináč
iné
iní
iný
inšpektor
inštinkt
iork
is
isfý
isiel
isla
island
isli
islo
ist
iste
isteže
isto
isty
istí
istý
isť
it
ivan
ivy
izba
išiel
išla
išli
išlo
ja
jablko
jaj
jak
jan
jang
jar
jasne
jasno
jasný
jazda
jazdiť
jazero
jazik
jazyk
jdden
jdho
jean
jebať
jebem
jebo
jecen
jed
jeddn
jeden
jedenie
jedine
jediny
jediní
jediný
jedlo
jedna
jednať
jedneho
jednej
jedno
jednoducho
jednoduchí
jednoduchý
jednotka
jednou
jednoznačne
jedny
jednym
jedného
jednému
jedním
jedným
jedyný
jeho
jej
jemne
jemu
jen
jersei
jersey
jeseň
jest
jesť
jezis
jezisi
ježiš
ježiši
ježyš
ježyšy
jin
john
ju
juan
juh
junior
just
justin
já
kabát
kadiaľ
kalifornii
kam
kamarat
kamarát
kamarátka
kamen
kamera
kameň
kamier
kamkoľvek
kamos
kamoš
kamoška
kampaň
kancelária
kanál
kapela
kapitan
kapitola
kapitán
kapitánka
kapytán
kariéra
karta
kat
katastrofa
kate
kazdopadne
kazdy
kazdý
kažcý
každopádne
každy
každí
každý
kbôli
kdby
kddy
kde
kdekoľvek
kdeže
kebi
keby
kecy
ked
kedi
kedikoľvek
kedisi
kedy
kedykolvek
kedykoľvek
kedysi
kedysy
kedze
kedže
kefy
keď
keďze
keďže
kforý
khrva
kiež
kiežbi
kiežby
kile
kim
king
kislík
kiľko
kladivo
klamat
klamať
klamstvo
klamár
klamárka
kliatba
klient
klobúk
klub
kluc
klud
kludne
klára
klúč
km
kniha
know
koberec
kobila
kod
koho
kohokoľvek
kokaín
kokot
kolac
kolega
kolko
kolo
koláč
kom
komandér
komisár
kompletne
kompliment
komu
komunikovať
konať
koncert
koncom
kone
konecne
konečne
koni
koniec
konkrétne
konkurz
kontakt
kontaktovať
kontrola
kontrolovať
konyec
končiť
kopa
kopať
kopec
kopito
korekcia
korisť
koritnačka
kostol
kostole
kostím
kostým
kosť
kočka
koľio
koľko
koľkokrát
koňa
koža
kqždý
kradnúť
krajina
kral
kralovna
krasny
krat
krava
kravina
kraľ
kreslo
kretén
krik
kriste
kristus
kričať
kriť
krk
krok
kruh
krutý
krv
krvný
krvácanie
krysa
kryste
krytie
kryť
krádež
král
královná
krása
kráska
krásni
krásny
krát
krátki
krátky
kráčať
kráľ
kráľov
kráľovná
kráľovstvo
krém
kríž
ksicht
ktirý
kto
ktodý
ktokolvek
ktokoľvek
ktory
ktorí
ktorý
ktovie
ku
kuchyňa
kudva
kufor
kufrík
kupit
kupiť
kupovať
kura
kurba
kurs
kurt
kurva
kurz
kurča
kus
kusok
kvoli
kvôii
kvôli
kvôly
kyle
kym
kyslík
káva
kíl
kím
kód
kôň
kúpeľ
kúpit
kúpiť
kúpyť
kúski
kúsky
kúsok
kúzlo
kým
kľud
kľudne
kľuč
kľúc
kľúč
kňaz
la
laboratórium
lahko
lano
laska
laskavost
laskavosť
lasky
laura
ldbo
ldpšie
le
lebo
ledva
lefo
legenda
lekár
len
lena
lenže
leo
leonard
lepsi
lepsie
lepsí
lepši
lepšie
lepšje
lepšye
lepší
lepšý
les
lesa
let
letieť
letisko
leto
lev
lex
ležať
libier
liek
lietadlo
lietať
liečba
liečiť
like
linda
linka
list
lisý
liz
liže
ližica
lod
lola
londýn
lord
los
louis
lov
lovec
loviť
loď
lož
lucifer
ludi
ludia
luke
lyetadlo
lyst
láska
láskavost
láskavosť
láskavý
láski
lásky
lístok
lúpež
lži
ma
mac
madam
magor
maha
mahú
maj
majetok
majiteľ
major
majster
majte
maju
majú
maličký
malo
maly
malí
malý
mam
mama
mame
mami
mamička
mamka
mamy
man
manažér
manny
manzel
manzelka
manzelstvo
manžel
manželka
manželstvo
mapa
mari
marie
mars
martin
mary
mas
masky
maslo
maso
masáž
mat
mate
materiál
matka
max
mačka
maš
mať
mbou
me
med
medvede
medveď
medzi
medzitím
medzitým
medzy
mel
mena
menej
meniť
meno
menší
mesiac
mesto
mesyac
meč
meškať
mi
michael
michaela
mieato
mien
mier
miesfo
miestnost
miestnosť
miestny
miesto
mija
mije
mijej
mike
mikrofón
milacik
milačik
milión
milo
milosť
milovaný
milovat
milovať
mily
milácik
miláčik
milí
milý
mimo
mimochodom
mimozemšťania
min
minister
ministerstvo
minule
minulost
minulosť
minuly
minulí
minulý
minut
minút
minúta
minúť
miseľ
misia
misie
mislieť
miss
miš
mišlienka
mižno
mjesto
mlady
mladí
mladý
mladší
mlieko
mlinár
mlč
mm
mmm
mna
mne
mniu
mno
mnoho
mnou
mnozstvo
množstvo
mo
mobil
mobyl
moc
mocný
moct
model
modliť
modrí
modrý
moha
mohe
mohej
moj
moja
mojdj
moje
mojej
mojho
moji
mojich
mojim
mojimi
mojmu
mojom
mojou
moju
mojy
mojych
mojym
mojím
mojým
moment
monk
monsieur
monštrum
mor
mora
more
most
motor
motív
mozno
moznost
moznosť
mozog
možbo
možno
možnost
možnosť
mqjú
mqma
mr
mrcha
mrtvy
mu
musiet
musieť
musyeť
muz
muzi
muzov
muž
muži
mužov
mužy
my
mychael
myesto
myke
myláčyk
mylý
mymo
mynulý
mynút
mysel
myseľ
mysliet
myslieť
myslyeť
myš
myšlienka
má
máfe
mágia
máhe
málo
mám
máme
mária
más
máte
máš
mäso
míl
míliť
míľ
môct
môcť
môhho
môj
môjbo
môjho
môjmu
múdri
múdry
múr
mňa
mŕtvi
mŕtvola
mŕtvy
na
nablízku
nabuduce
nabudúce
naco
nad
nadej
nadšení
nadšený
nahlas
nahlásiť
nahnevaní
nahnevaný
nahor
nahradiť
naháňať
nahý
najavo
najať
najdôležitejšie
najesť
najkrajšie
najlepsie
najlepšie
najlepšye
najmä
najprv
najradšej
najst
najsť
najviac
najvyac
najďalej
nakoniec
nakonyec
nakupovať
nam
nami
namiesto
namy
namyesto
nanešťastie
nanho
nanič
naogaj
naokolo
naopak
naozaj
naozqj
napad
napisat
napisať
napiť
naplno
napokon
napoly
naposledi
naposledy
napraviť
napriek
napriklad
napryek
napríklad
naprýklad
napätie
napísat
napísať
narodenini
narodeniny
nas
nasa
naschvál
nase
nasej
nasho
nasi
nasich
nasim
nasledovať
nasom
nasou
naspat
naspät
naspäť
nasu
nate
nateraz
nato
natoľko
naucit
nauciť
naučit
naučiť
naučyť
naveki
naveky
naviac
naviše
navrhnúť
navstivit
navstíviť
navyse
navyše
navzajom
navzdy
navzájom
navštiviť
navštívit
navštíviť
navždi
navždy
nazad
nazdar
nazive
nazor
nazvať
načas
načase
načasovanie
načo
naďalej
naň
naňho
naš
naša
naše
našej
našho
naši
našich
našim
našimi
našom
našou
naštvaná
naštvaní
naštvaný
našu
našy
našych
naším
našťastie
nažive
naživo
nažyve
ndbude
ndch
ne
nebezpečenstvo
nebhde
nebo
nebol
nebola
nebolo
nebuce
nebude
nebudem
nebudeme
nebudes
nebudete
nebudeš
nebudu
nebudú
nech
nechat
nechať
ned
nedavno
nedh
nedorozumenie
nedostatok
nedávno
neger
nehoda
nehovor
nehovorte
nehíb
nehýb
nejak
nejako
nejaky
nejakí
nejaký
neklam
nelson
nemocnica
nenávidieť
nenávisť
nervózni
nervózny
neter
netvor
neuveriteľne
never
nevesta
nevrav
new
nez
neďaleko
než
nich
nicoho
nidh
nie
niecoho
nieiedy
nieioho
nieito
nieje
niekam
niekde
niekecy
niekedi
niekedy
niekfo
niekobo
niekoho
niekolko
niekom
niekomu
niekoľko
niekoľkokrát
niekto
niektorý
niekym
niekím
niekým
nielen
niesť
niet
niečim
niečoho
niečomu
niidy
niito
nijako
nik
nikam
nikcy
nikde
nikdi
nikdy
nikfo
nikita
nikoho
nikomu
nikto
nikím
nikým
nim
nimi
nina
ničoho
ničom
ničomu
ničí
njch
njekedy
njekoho
njekto
njkdy
njkto
no
noc
noha
nohavice
nohavičky
nom
nora
normalne
normálne
normálni
normálny
nos
nosit
nosiť
nou
novini
novinka
novinki
novinky
noviny
novinár
novy
noví
nový
noz
nočný
nqozaj
nu
nuda
nudný
nula
nuz
nuž
nych
nye
nyeje
nyekam
nyekde
nyekedy
nyekoho
nyekomu
nyekoľko
nyekto
nyekým
nyet
nykam
nykdy
nykoho
nykomu
nykto
nym
nymy
nábitok
náboženstvo
nábytok
nádej
nádhera
nádherne
nádherní
nádherný
nádor
náhle
náhoda
náhrdelník
nájom
nájst
nájsť
náklad
nákladiak
nám
námietka
námorník
nápad
nápoj
náramok
národ
nás
násho
násilie
nástroj
návrat
návrh
návšteva
názor
názov
náčelník
náš
nášho
nášmu
ním
nóbl
nôh
nôz
nôž
ným
oba
obaja
obcas
obchod
obchodník
obdobie
obe
obed
obet
obetovať
obeť
obidvaja
obidve
običaj
običajne
običajní
objatie
objaviť
objednavka
objednať
objekt
oblasť
oblecenie
oblek
oblečenie
oblečený
obliecť
obnoviť
oboch
oboje
obom
obrad
obraz
obrovskí
obrovský
obrátiť
obrázok
obsah
obvikle
obvinenie
obvinení
obvinený
obviniť
obviňovať
obvykle
obyčajne
obyčajný
obzvlášť
obáv
obávať
občan
občas
obľúbení
obľúbený
obťažovať
ocami
oceán
och
ochotní
ochotný
ochrana
ochranka
ochraňovať
ochrániť
ochutnať
oci
ocividne
ocko
oco
od
odchod
odchádzať
oddelenie
oddiel
oddíchnuť
oddýchnuť
odhad
odhaliť
odist
odisť
odkaz
odkedi
odkedy
odkial
odkiaľ
odkyaľ
odložiť
odmena
odmietnuť
odniesť
odo
odolať
odovzdať
odpad
odpor
odporný
odpoved
odpovedať
odpovedz
odpovedzte
odpoveď
odpočinúť
odpočívať
odpustenie
odpustiť
odstrániť
odsúdený
odteraz
odtial
odtialto
odtiaľ
odtiaľto
odtlačok
odtyaľ
odtyaľto
odviesť
odviezť
odvoz
odvtedi
odvtedy
odvážny
odznak
odznova
odíst
odísť
odýsť
of
ofec
off
oh
ohen
oheň
ohromený
ohľadne
ohňa
ohňom
ok
okamih
okamzite
okamžite
okamžyte
okej
oklamať
okno
oko
okolie
okolo
okrem
okuliare
olej
oliver
omar
omil
omnoho
omyl
on
ona
onak
one
onedlho
oni
online
ono
ony
opak
opakovať
opat
opatrne
opatrní
opatrný
operácia
opica
opití
opitý
opraviť
oproti
opustit
opustiť
opustyť
opytat
opytať
opät
opäť
opítať
opýtat
opýtať
orol
osamelí
osamelý
osamote
osem
oslava
oslavovať
oslobodiť
osláviť
osoba
osobne
osobnosť
osobní
osobný
ospravedlnenie
ospravedlnit
ospravedlniť
ospravedlňovať
ostat
ostatne
ostatné
ostať
ostrov
osud
otazka
otcov
otdc
otec
otecko
otočiť
otravovať
otrok
otvor
otvorenie
otvorení
otvorený
otvorit
otvoriť
otvorte
otvoryť
otázka
ou
out
ovela
overiť
oveľa
ovládanie
ovládať
ovocie
oz
ozaj
ozajstný
ozbrojený
oznámenie
oznámiť
ozvi
ozvite
očakávať
očami
oči
očividne
očy
očyvydne
oňho
oženiť
pa
pabe
pacient
pacientov
pacit
palec
palivo
palác
pamätať
pamäti
pamäť
pan
pane
panebože
pani
panna
pany
papa
papier
par
pardon
park
parker
partner
partnera
party
paráda
paríž
paríža
pas
pasca
pastor
pat
paul
pačiť
pdavda
pded
pdedtým
pdesne
pdeto
pdetože
pdeč
pdečo
pdniaze
pdoblém
pdáve
pdíliš
peklo
pekne
pekny
pekní
pekný
peniage
peniaze
penis
penjaze
penni
penny
penyaze
perfektne
perfektní
perfektný
pero
personál
pes
pesnička
peter
petra
pevne
pevnosť
pečeň
pešo
piatich
piatok
piesen
pieseň
piesok
pilot
pimôcť
pit
pitie
pitliak
pivedať
pivo
pizza
piďme
pišní
pištoľ
piť
plakať
plan
planéta
plat
platit
platiť
plač
ples
plin
plitký
pliš
plne
plno
plny
plní
plný
plot
plukovnik
plukovník
plukovnýk
plus
plyn
plán
plávať
plášť
pláž
po
pobozkať
pobrežie
pobyt
pocas
pochopit
pochopiť
pochopyť
pochovaný
pochovať
pocit
pocitac
pockat
pockať
pocut
pocuvat
pocuť
pocyt
pocúvať
pod
podakovat
podať
podeliť
podiel
podla
podme
podnik
podobne
podobný
podozrenie
podozriví
podozrivý
podpis
podporovať
podpísať
podte
podvod
podvodník
podľa
pohib
pohlad
pohnút
pohnúť
pohodlie
pohotovosť
pohov
pohovor
pohovorit
pohovoriť
pohreb
pohyb
pohybovať
pohár
pohárik
pohľad
pohľadať
pointa
poistenie
pokaziť
pokial
pokiaľ
poklad
pokoj
pokojne
pokojný
pokracovat
pokracovať
pokračovat
pokračovať
pokrok
pokus
pokyaľ
pokím
pokúsiť
pokým
pole
policajní
policajný
policajt
policia
polievka
politika
poliš
polovica
položiť
polycajt
polícia
polýcya
pomali
pomaly
pomer
pomerne
pomoc
pomoct
pomoz
pomsta
pomstiť
pomáhať
pomôct
pomôcť
pomôdť
pomôz
pomôž
pondelok
ponuka
ponáhľať
ponúknuť
poobede
popis
poplach
popol
popoludnie
popravde
popri
poprosiť
poradca
poradiť
poraziť
poriadni
poriadny
poriadok
porno
porota
porozpravat
porozpravať
porozprávat
porozprávať
porucha
porucik
porucík
poručik
poručík
poručíčka
poručýk
porušenie
posadiť
posadnutí
posadnutý
poschodie
poskytnúť
poslanie
poslat
poslať
posledny
poslední
posledný
posratý
postarat
postarať
postava
postavenie
postavit
postaviť
postel
posteľ
postoj
postrelený
postup
postupne
posunúť
posádka
potenciál
potešenie
potichu
potrebovat
potrebovať
potvrdenie
potvrdiť
pouzit
pouzivat
pouziť
použit
použitie
použiť
použyť
používat
používať
povddať
povedat
povedať
povedqť
povedzme
povesť
povinnosť
povolenie
povolenye
povrch
pozdrav
pozdraviť
pozemok
pozerat
pozerať
pozhovárať
poziadat
poziadať
poznat
poznať
pozor
pozorne
pozornost
pozornosť
pozorovať
pozriet
pozrieť
pozryeť
pozvanie
pozvať
pozícia
počas
počasie
počet
počkat
počkať
počut
počuvať
počuť
počítač
počítať
počúvat
počúvať
poď
poďakovať
poďhe
poďme
poďte
poškodenie
požehnanie
požiadat
požiadať
požiar
požičať
pqne
prabda
praca
prach
prachi
prachy
pracovat
pracovať
pracovný
prakticki
prakticky
prasa
pravca
pravda
pravdaže
pravdepodobne
prave
pravidelne
pravidlo
pravnik
pravo
pravy
praví
pravý
prd
prdd
prdele
prdto
prdč
prdčo
pre
preane
prebitok
preboha
prebrať
prec
prechádzať
preco
pred
predaj
predat
predať
predmet
prednosť
predo
predovšetkým
predpokladať
predsa
predseda
predstava
predstavenie
predstavit
predstavivosť
predstaviť
predstierať
predtym
predtím
predtým
predávať
prefo
prefože
prehovoriť
prejav
prejst
prejsť
preklad
prekliati
prekliaty
prekonať
prekvapenie
prekvapení
prekvapený
prekvapiť
premeniť
premyslieť
premíšľať
premýšľať
preniesť
prenos
prepac
prepich
prepustený
presbe
preskúmať
presne
presní
presný
prestat
prestať
presunúť
presvedčení
presvedčený
presvedčit
presvedčiť
presťahovať
preteky
preto
pretoze
pretože
preukaz
preveriť
prevziať
prezident
prezidentka
prezit
prezliecť
prezradiť
prezydent
preč
prečo
prečítať
preňho
prežit
prežitie
prežiť
pri
priamy
prianie
priatel
priatelka
priateľ
priateľka
priateľstvo
priateľu
pribeh
približne
priblížiť
prichádzať
pridat
pridať
prieskum
priestor
priezvisko
prihlasenie
prihlasit
prijat
prijať
prikrívka
prilezitost
priležitosť
prilis
priliš
prinajmenšom
princ
princezná
priniest
priniesť
prinútiť
pripad
pripojiť
pripomenúť
pripraveny
pripravení
pripravený
pripravit
pripraviť
prirodzene
prist
pristup
pristáť
prisť
pritom
privela
priveľa
priviesť
priznanie
priznat
priznať
problem
problém
proces
produkt
profesor
profil
proflém
program
projekt
prokurátor
prosim
prosiť
prospech
proste
prostredie
proti
protokol
proty
prsia
prst
prsten
prsteň
prvy
prvykrat
prví
prvíkrát
prvý
prvýkrát
pry
pryateľ
pryateľka
prypravyť
prábe
práca
prádlo
práve
právnik
právnička
právo
prázdni
prázdniny
prázdny
príbeh
príchod
príiiš
príjem
príjemní
príjemný
príkaz
príklad
prílezitosť
príležitost
príležitosť
prílis
príliš
príljš
prípad
prípitok
príroda
príst
prístroj
prístup
prísť
prítomnosť
prízvuk
príčina
príšera
prúd
prýbeh
prýlyš
prýpad
prýstup
prýsť
pršať
psi
psst
pst
publikum
pulz
pusti
pustit
pustite
pustiť
pusty
pustyte
puto
pyeseň
pyvo
pyšný
páciť
pád
pán
pár
párkrát
párti
párty
páry
pás
pátranie
páčit
páčiť
páčyť
päsť
pät
pätnásť
päť
pícha
písat
písať
pítať
píšu
pôvodne
pýtat
pýtať
pľúc
pľúca
raca
rad
rada
radi
radost
radosť
radsej
rady
radšej
raj
rakovina
rameno
rana
ranajky
rande
rano
rasa
raz
raňajki
raňajky
reagovať
reakcia
realita
recept
rekord
reportér
reverend
reálne
reč
rešpekt
rešpektovať
reštaurácia
režisér
riadenie
riaditel
riaditeľ
riaditeľka
riadiť
riadne
riadny
riba
ribiť
richard
rieka
riešenie
riešiť
ringu
riskovať
rit
riti
rituál
riziko
riť
riža
robert
robin
robit
robiť
robjť
robot
robota
robyť
rock
rod
rodina
rodinný
rodyna
rofiť
roh
rok
roman
ron
rovnako
rovnaky
rovnakí
rovnaký
rovno
rozbiť
rozchod
rozdeliť
rozdiel
rozdyel
rozhodne
rozhodnutie
rozhodnút
rozhodnúť
rozhodovať
rozhovor
rozkaz
rozkošný
rozlúčiť
rozmýšľať
rozpravat
rozpravať
rozprávat
rozprávať
rozruch
rozrušený
rozsudok
rozum
rozumieť
rozumný
rozvod
rozísť
ročne
ročník
ročný
rqda
ruk
ruka
rusi
ryba
rychard
rychlo
rytier
ryty
rábo
rád
rádio
ránko
ráno
ríchli
ríchlo
ríchlosť
ríchly
ríma
rípať
rôzne
rúk
rýb
rýcblo
rýchio
rýchlo
rýchlosť
rýchly
sa
sadnút
sadnúť
sako
sakra
sam
sama
sami
samo
samovražda
samozdejme
samozrejhe
samozrejme
samuel
samy
san
sanca
santa
satelit
saty
saul
sboje
sboju
scenár
schopnosť
schopny
schopní
schopný
schovať
scéna
sdba
se
seba
sebe
sebou
sedem
sedenie
sediet
sedieť
sedyeť
sef
sefa
sem
sen
sendvič
senátor
serif
seriál
serzant
seržant
sest
sesternica
sestra
sestrička
sesť
sever
sex
sexi
sexuálne
sexuálny
sfále
show
si
side
siel
sieť
signal
signál
sila
silnejší
silno
silny
silní
silný
simbol
simon
sin
sinak
sinu
sipať
sir
siseľ
sistém
situacia
situácia
sití
sk
sklad
sklamaný
sklo
skoda
skok
skola
skoncit
skonciť
skontrolovat
skontrolovať
skončit
skončiť
skor
skoro
skočiť
skriť
skryť
skrz
skrátka
skrívať
skrývať
skupina
skurvení
skurvený
skusit
skusiť
skutocne
skutocny
skutocný
skutočne
skutočnosť
skutočny
skutoční
skutočný
skvele
skvelo
skvely
skvelí
skvelý
skákať
skóre
skôr
skúsenosť
skúsit
skúsiť
skúsyť
skúšať
skúška
sla
slabosť
slabí
slabý
sladkí
sladký
slecna
sledovanie
sledovat
sledovať
slepí
slepý
slečna
sli
slnko
slo
sloboda
slobodní
slobodný
slolu
slovo
slovíčko
slušne
slušný
služba
sláva
slávni
slávny
slúžiť
slúžka
sme
smer
smiať
smiech
smiesne
smiešne
smiešny
smola
smrad
smrt
smrť
smutní
smutný
smyešne
smútok
snad
snazit
snaziť
snaď
snažit
snažiť
sneh
snád
snáď
snívať
so
som
somár
song
sotva
sou
soľ
spanie
spat
spať
specialne
speciálne
spievat
spievať
spilu
spis
spisovateľ
splniť
spod
spoiu
spojenie
spojiť
spokojní
spokojný
spolocne
spolocnost
spolocnosť
spoločne
spoločnost
spoločnosť
spoločný
spolu
spolubývajúci
spolupracovať
spomaliť
spomenúť
spomienka
sposob
spoznať
spoľahnúť
sprava
spravit
spraviť
spravne
spravny
spravodlivosť
spravyť
spred
sprostí
sprostý
správ
správa
správach
správanie
správať
správca
správne
správni
správny
spustiť
spytat
spytať
spáliť
spánok
spítať
spôsob
spôsobiť
spúšť
spýtat
spýtať
sqmozrejme
sranda
sračka
srať
srdce
srdiečko
sráč
st
stale
stan
stanica
star
starat
starať
starec
starký
starosta
starostlivosť
starosť
stary
starí
starý
starší
stastie
stastny
stat
statočný
stav
staviť
stačiť
stať
ste
stella
stena
stiahnuť
sto
stoj
stoja
stol
stop
stopa
strach
strana
strasne
strata
stratení
stratený
stratit
stratiť
strašne
strašný
strela
strelec
stres
stretnut
stretnutie
stretnuť
stretnút
stretnúť
stretávať
streľba
strielat
strieľať
strih
stroj
strom
stryko
strácať
strán
stránka
stráviť
stráž
strážca
strážiť
strážnik
stríko
strýko
strčiť
stupeň
stupňa
stupňov
stvorenie
styri
stáie
stále
stát
stáť
stôl
stôp
stúpa
su
sud
sudca
suka
sun
super
sused
susedov
svadba
svadobný
svedectvo
svedka
svedkom
svedkov
svedok
svedomie
svedčiť
svet
sveter
svetlo
svije
sviju
svinstvo
sviňa
svohe
svohu
svoj
svoje
svojej
svojho
svojich
svojim
svojimi
svojmu
svojom
svojou
svoju
svojych
svojym
svojím
svojým
svätí
svätý
sy
sydney
sygnál
sylný
symbol
syn
synak
synovec
synu
syr
system
systém
sám
sára
séf
séria
síce
síkorka
sú
súboj
súbor
súcit
súd
súdiť
súdni
súdny
súdruh
súhlas
súhlasiť
súkromie
súkromní
súkromný
súrne
sústrasť
sústrediť
súčasť
súťaž
sľub
sľúbiť
sťastie
sťastný
sťažnosť
sťažovať
ta
tade
tadeto
tadialto
tadiaľ
tadiaľto
tadyaľto
taito
taiý
taiže
tajne
tajní
tajný
tajomstvo
tak
takejto
taketo
takfo
taki
takisto
takmer
takomto
taktiez
taktiež
takto
taktyež
taky
takyto
takze
takáto
takéto
takí
takíchto
takíto
takúto
taký
takýchto
takýmto
takýto
takže
talent
tam
tamten
tamto
tancovat
tancovať
tanec
tanier
tatko
tato
taxi
taxík
tazko
taška
tažko
tboj
tboja
tboje
tdba
tdbe
tdbou
tdda
tdnto
tdochu
tdraz
te
team
teba
tebe
tebiu
tebou
tebto
teca
technicki
technicky
technológia
teda
tedaz
teddy
tefa
tefe
tefou
tej
tejto
telefon
telefonát
telefón
televízor
telo
temnota
ten
tenfo
tento
tentokrat
tentokrát
tentoraz
teoreticky
teplo
teplota
teplý
teraz
termín
terorista
terqz
terri
terry
tesne
test
teta
tetovanie
texase
text
teória
tešiť
that
the
ti
ticho
tichý
tidto
tidž
tie
tiefo
tieto
tiez
tieň
tiež
tiger
tiho
tim
times
timu
tip
tisic
tisíc
tito
titul
tjeto
tjež
tlak
tlač
tlačiť
tma
to
tobi
tobo
toby
tofo
toho
tohoto
tohto
tohu
tolko
tom
tomto
tomu
tomuto
totiž
toto
totálne
tou
touto
tovar
továreň
toľko
tqkto
tqký
tqkže
tradícia
tragédia
traja
treba
trest
tretí
trh
tri
tridsať
trieda
trik
trikrát
tričko
trocbu
troch
trocha
trochu
trodhu
troma
tromi
troška
trpezlivosť
trpieť
trvalo
trvat
trvať
try
trápiť
trápne
tráva
tráviť
tréner
tréning
tréningu
trénovať
trón
tu
tucet
tuna
tunel
tuná
turné
tuto
tuční
tučný
tušenie
tv
tvar
tvij
tvija
tvije
tvoha
tvohe
tvoj
tvoja
tvoje
tvojej
tvojho
tvoji
tvojich
tvojim
tvojimi
tvojmu
tvojom
tvojou
tvoju
tvojy
tvojych
tvojím
tvrdiť
tvrdo
tvrdohlavý
tvrdí
tvrdý
tvár
tváriť
ty
tych
tycho
tychto
tye
tyeto
tyež
tym
tymi
tymito
tymto
typ
tysýc
tyzden
tyzdne
tyzdnov
tyždeň
tyždne
tyždňov
tá
tábor
ták
táto
téma
tí
tích
tíchto
tím
tími
tímito
tímto
títo
tíždeň
tíždne
tíždňov
tón
tú
túto
túžba
tý
tých
týchto
týdh
tým
tými
týmito
týmto
týmy
týto
týzdeň
týzdne
týzdňov
týžden
týždenne
týždeň
týždne
týždnov
týždňov
ublizit
ubližiť
ublíziť
ublížit
ublížiť
ublýžyť
ucet
ucho
ucit
ucitel
uciť
udalosť
udobiť
udrieť
udrzat
udrzať
udržat
udržať
udčite
uh
uhm
uisti
uistit
uistite
uistiť
ujsť
ukazat
ukazať
ukončiť
ukradnúť
ukryť
ukázat
ukázať
ulica
um
umelec
umenie
umiť
umrieť
umyť
umívať
unaveny
unavení
unavený
uniesť
uniknúť
up
uplne
upokojiť
upratať
uprimne
uprimny
uprostred
upír
urcite
urobit
urobiť
urobjť
urobyť
urofiť
určife
určite
určiť
určjte
určyte
us
usa
usta
utekať
uterák
utiect
utiecť
utok
utorok
utrpenie
uvažovať
uvedomiť
uverit
uveriť
uveryť
uvoľni
uvoľnite
uvoľniť
uväznený
uz
uzasny
uzavretý
uzavrieť
uznať
učet
učit
učitel
učiteľ
učiteľka
učiť
ušetriť
uši
už
užasny
užiť
užívať
vacsi
vacsina
vadiť
vajce
val
vam
vami
vamy
van
vankúš
vari
variť
varovanie
varovať
vas
vasa
vase
vasej
vasho
vasi
vasich
vasim
vasom
vasu
vazne
vaš
vaša
vaše
vašej
vašho
vaši
vašich
vašim
vašimi
vašom
vašou
vašu
vašych
vaším
važne
vcera
vchod
vdaka
vddieť
vdčer
vdľa
vdľmi
vec
vecer
vecera
ved
veda
vedec
vedenie
vedidť
vediet
vedieť
vedjeť
vedla
vedomie
vedomý
vedyeť
vedúci
vedľa
vek
vela
velenie
velitel
veliteľ
veličenstvo
velky
velký
velmi
velyteľ
venovať
ver
verejne
verejnosť
verit
veriť
verný
verte
veru
veryť
verzia
vesmír
večdr
večer
večera
večierok
večne
večnosť
veď
veľa
veľhi
veľkosť
veľky
veľkí
veľký
veľmi
veľmy
veľvyslanec
veža
vhodní
vhodný
viac
viacej
viacero
viacerých
vianoce
vianočný
viastne
vibavenie
vibaviť
vibrať
vidať
video
vididť
vidiet
vidieť
vidjeť
vidno
vidržať
viera
viest
viesť
vietor
vihlásenie
vihnúť
vihodiť
vihrať
vijadriť
vijsť
vikend
viktor
vimeniť
vimislieť
vina
vince
vincent
vinimka
viniť
vinní
vinný
vino
violet
vipadnúť
viplatiť
vipnuť
vipnúť
vipočuť
viqc
viraziť
viriešiť
virovnať
viskúšať
visoko
visoká
visokí
vispať
vistopovať
vistrašení
vistúpenie
visvetlenie
visvetliť
visychať
vitaj
vitajte
vitiahnuť
vitvoriť
viužiť
vizdvihnúť
vizerať
vičistiť
više
višetrovanie
vjac
vjdieť
vkus
vlaatne
vlada
vlak
vlastbe
vlastne
vlastny
vlastní
vlastný
vlk
vlna
vláda
vládnuť
vnutri
vnútri
vnútry
vo
vobec
voci
voda
vodca
vodič
vojak
vojenský
vojna
vojsť
volanie
volat
volať
vole
von
vonku
vopred
voz
vozidlo
vozík
voči
voľba
voľno
voľní
voľný
vpliv
vplyv
vpravo
vpred
vpredu
vracať
vrah
vraj
vratit
vratiť
vravieť
vrazda
vražda
vrchol
vrece
vrtuľník
vrátane
vrátit
vrátiť
vrátyť
vsade
vsak
vsetci
vsetkeho
vsetko
vsetky
vsetkych
vsetkym
vsetkymi
vsetkého
vsetkých
vsetkým
vsetkými
vskutku
vstať
vstup
vstávať
vstúpiť
vtedi
vtedy
vtip
vtipní
vtipný
vtyp
vták
vyac
vyanoce
vybavenie
vybaviť
vyber
vyberať
vyborne
vybrat
vybrať
vydať
vydeo
vydržať
vydyeť
vydávať
vyhlásenie
vyhnúť
vyhodiť
vyhrat
vyhrať
vyjadriť
vyjednávať
vyjsť
vykonať
vylet
vyliečiť
vymazať
vymeniť
vymyslieť
vyna
vynikajúci
vynimka
vypadnut
vypadnuť
vypadnút
vypadnúť
vypiť
vypnúť
vypočuť
vyraziť
vyriesit
vyriesiť
vyriešit
vyriešiť
vyrobiť
vyrovnať
vysetrovanie
vysielanie
vyskúšať
vysoko
vysoká
vysoký
vyspať
vysporiadať
vystopovať
vystrašený
vystrašiť
vystúpenie
vystúpiť
vysvetlenie
vysvetlit
vysvetliť
vysvetlyť
vysvetľovať
vytaj
vytajte
vytiahnuť
vytvoriť
využiť
vyzdvihnúť
vyzerat
vyzerať
vyčistiť
vyše
vyšetrovanie
vyšší
vzadu
vzdat
vzdať
vzdelanie
vzdialenosť
vzduch
vzdy
vzhľad
vziat
vziať
vzlikať
vzor
vztah
vzyať
vzácne
vzťah
vám
vás
vásho
vázne
váš
vášeň
vášho
vášmu
vážbe
vážne
vážni
vážny
väcsina
väzenie
väzeň
väzňa
väzňov
väčšina
väčšyna
väčší
víber
víborne
víborní
víbuch
víchod
víhľad
víkend
víkon
vílet
víno
vípoveď
víraz
víročie
vírus
vískum
vísledok
vísosť
vístrel
víznam
víťaz
víťazstvo
vôbdc
vôbec
vôfec
vôľa
vôňa
výber
výborne
výborný
výbuch
východ
výhľad
výkend
výkon
výlet
výnimočný
výpoveď
výraz
výročie
výskum
výsledok
výsluch
výsost
výsosť
výstrel
význam
výzva
výťah
včas
včera
vďaia
vďaka
vďakyvzdanie
vďační
vďačný
vďqka
vľavo
všade
však
všakže
všefci
všefko
všefky
všetci
všetcy
všetdi
všetio
všetiy
všetiých
všetkeho
všetkej
všetki
všetko
všetkou
všetky
všetkych
všetkym
všetkymi
všetkého
všetkému
všetkích
všetkím
všetkími
všetkých
všetkýdh
všetkým
všetkými
všetok
všqk
vžcy
vždi
vždy
vždycky
was
washington
whiskey
whiski
whisky
who
with
won
yba
ych
yde
ydem
ydeme
ydete
ydeš
ydyot
ydú
yhneď
ym
yn
ynak
yné
yný
york
yste
ystý
yt
yšla
yšly
yšyel
za
zabava
zabaviť
zabezpečiť
zabijak
zabit
zabitie
zabití
zabitý
zabiť
zabrať
zabrániť
zabudnut
zabudnuť
zabudnút
zabudnúť
zabyť
zabávať
zabíjanie
zabíjať
zac
zacat
zacať
zachovať
zachranit
zachraniť
zachránit
zachrániť
zachrányť
zachytiť
zaciatok
zadarmo
zadok
zadržať
zahrať
zajtra
zakaznik
zakaždím
zakaždým
zakon
založený
založiť
zamerať
zamestnancov
zamilovaní
zamilovaný
zaneprázdnení
zaneprázdnený
zaoberať
zapamätať
zapas
zaplatit
zaplatiť
zapletení
zapletený
zapnúť
zapojiť
zapáliť
zariadenie
zariadiť
zarobiť
zas
zasa
zase
zaspať
zastavit
zastaviť
zastavyť
zastrelený
zastreliť
zatial
zatiaľ
zatknutí
zatknutý
zatknúť
zato
zatyaľ
zaujem
zaujímaví
zaujímavý
zaujímať
zavolat
zavolať
zavraždení
zavraždený
zavrieť
zaznam
zaútočiť
zač
začat
začať
začiatok
začo
začyatok
zaživa
zažiť
zbabelec
zbaliť
zbavit
zbaviť
zbitočne
zbohom
zbor
zbran
zbraň
zbytok
zbytočne
zdarma
zdať
zdravie
zdravye
zdraví
zdravý
zdroj
zdvihnúť
ze
zelený
zem
zena
zenaty
zhlboka
zhora
zhruba
ziaden
ziadny
zima
zisk
ziskat
ziskať
zisti
zistit
zistite
zistiť
zit
ziva
zivot
ziť
zjavne
zjesť
zlatko
zlato
zlatí
zlatíčko
zlatý
zle
zlepšiť
zlo
zlocin
zlodej
zlom
zlomiť
zločin
zločinec
zložiť
zly
zlyhanie
zlí
zlý
zmena
zmenit
zmeniť
zmenyť
zmisel
zmiznúť
zmluva
zmysel
zmätení
zmätený
zmätok
znak
znamenat
znamenať
znamenie
značka
znicit
zniciť
zniesť
znieť
zničenie
zničení
zničený
zničit
zničiť
znova
znovu
znyčyť
známi
známy
znížiť
zo
zobrat
zobrať
zobudiť
zodpovednost
zodpovednosť
zodpovední
zodpovedný
zohnat
zohnať
zombie
zomriet
zomrieť
zomryeť
zoo
zopakovať
zopar
zopár
zostat
zostať
zozadu
zoznam
zoznámiť
zradca
zrak
zranenie
zranení
zranený
zraniť
zrejme
zrkadlo
zrovna
zrušiť
zub
zubami
zvedaví
zvedavý
zviera
zviesť
zvičajne
zvišok
zvlastne
zvlaštne
zvládnuť
zvlástne
zvláštne
zvláštni
zvláštny
zvlášť
zvnútra
zvuk
zvycajne
zvyk
zvysok
zvyčajne
zvyšok
zvážiť
zvýšiť
zystyť
zábava
zábavní
zábavný
záber
záchod
záchvat
záhada
zájsť
zákaz
zákazník
základ
základňa
zákon
záležitost
záležitosť
zámok
zápach
západ
zápas
zároveň
zásah
zástupca
záujem
záver
závislý
závod
záznam
zázrak
zážitok
získat
získať
zúfalo
zúfalý
zúčastniť
zýskať
zďaleka
áno
áut
íst
ísť
úbohí
úbohý
úcet
údajne
úder
úkryt
úllne
úloha
únik
únos
úpine
úplbe
úplne
úplní
úplný
úprimne
úprimní
úprimný
úprymne
úrad
úroveň
úsmev
úspech
úspešný
ústa
ústup
útek
útok
útočisko
úzasný
územie
účel
účes
účet
úžasne
úžasní
úžasný
ýsť
čaj
čakat
čakať
čarodejnica
čarodejník
čas
časom
časopis
časovanie
čast
často
časť
čau
čaute
čeliť
čerstvý
červení
červený
čest
čestný
česť
či
čias
čierni
čierny
čin
činnosť
čislo
čisto
čistí
čistý
čitať
čiže
člen
členovia
čln
človek
človeku
človeče
článok
čoho
čokolvek
čokoľvek
čomu
čoraz
čosi
čoskoro
čože
čudne
čurák
čy
číslo
čítanie
čítat
čítať
čýslo
ďalej
ďaleko
ďalsí
ďalši
ďalší
ďalšý
ľad
ľahko
ľahnúť
ľahšie
ľhdia
ľucia
ľud
ľudia
ľudja
ľudkovia
ľudskí
ľudský
ľudstvo
ľudya
ľutovať
ňom
ňou
ňu
šalát
šampanské
šampión
šanca
šati
šaty
šatách
šef
šek
šerif
šest
šesť
šialene
šialenec
šialenstvo
šialení
šialený
šiat
šiel
šikovní
šikovný
škandál
škaredý
škoda
škola
šla
šli
šlo
šly
šmíkať
šofér
šoférovať
šok
šou
španielsky
špecialne
špecifiký
špeciálne
špeciálni
špeciálny
špinavý
špión
šport
štandart
štart
štastie
štastný
štedrý
štetka
štiri
štiria
štirmi
štiroch
študent
študovať
štvrtok
štvrtý
štvrť
štyri
štyria
štyrmi
štyroch
štyry
štát
štíl
štít
štúdia
štýl
šup
šyel
šéf
šéfka
šťastie
šťastne
šťastny
šťastní
šťastný
šťastye
ťa
ťah
ťahať
ťazko
ťažko
ťažkí
ťažký
žalúdok
žart
že
žebi
žeby
želanie
žena
ženatí
ženatý
žiadať
žiaden
žiadni
žiadny
žiadosť
žiaľ
žibot
žid
židia
žila
žit
živit
život
životný
živí
živý
žiť
žjvot
žyaden
žyadny
žyvot
žyť
