てん . 点
あっと @ アット
だっしゅ - ダッシュ
すらっしゅ / スラッシュ
保証 保障 補償
対象 対称 対照
関心 感心 歓心
意思 意志 遺志 医師
異動 移動 異同
回答 解答
過程 課程 仮定 家庭
確率 確立
規定 規程
制作 製作
収集 収拾
体制 態勢 体勢 大勢 耐性
追求 追究 追及
平行 並行 平衡 閉口
障害 生涯 傷害
清算 精算 生産 成算
科学 化学
私立 市立
公園 講演 公演 後援
気候 機構 寄稿 紀行
支持 指示 師事
鑑賞 観賞 干渉 感傷
完成 歓声 感性 管制
用件 要件
紹介 照会
意外 以外
公正 構成 校正 厚生 更生
成果 生花 青果 聖火 製菓
身長 慎重 伸長 新調
辞典 事典 時点 自転 次点
青天 晴天
記者 汽車 貴社 帰社
償却 消却 焼却
偏在 遍在
追悼 追討
用語 養護 擁護
新規 神器 心気
少数 小数
平気 兵器 併記
感知 関知 完治
豊富 抱負
進路 針路
競争 競走 狂騒
扶養 不要 不用 浮揚
信仰 進行 振興 新興 親交 侵攻
効果 硬化 降下 高価 硬貨 校歌
思考 嗜好 施行 志向 指向 試行
期間 機関 器官 気管 帰還 基幹
換気 喚起 歓喜 乾季
強行 強硬 恐慌 教皇
時期 時機 磁器 次期 自記
発行 発光 発酵 発効 薄幸
体系 体型 大系 隊形
成長 生長 声調 整腸
機会 機械 器械
以上 異常 異状
最後 最期 細語
保健 保険
特徴 特長
週間 週刊 習慣
返信 返済
