開始 始まり 起動 スタート
店舗 ショップ 市場 購入
ログイン サインイン ログオン アクセス
アカウント プロフィール 会員 マイページ
ユーザー ユーザー名 本人
安全 保護 信頼 安心
セキュリティ 防御 防護 盾
確認 検証 認証 チェック
パスワード 暗証番号 パスコード 認証情報
認可 権限 トークン セッション
復旧 リセット 復元 ロック解除
サポート ヘルプ サービス 支援
連絡 問い合わせ コンタクト 依頼
支払 決済 レジ チェックアウト
請求 請求書 領収書 明細
銀行 金融 お金 財布
カード クレジット デビット プリペイド
送金 取引 入金 出金
仮想通貨 コイン ブロックチェーン マイニング
メール 郵便 メッセージ 受信箱
クラウド サーバー ホスト ホスティング
ウェブ サイト オンライン ネット ポータル
ドメイン リンク アドレス url
ニュース ブログ 報道 メディア
無料 ギフト ボーナス 特典
割引 セール お得 クーポン
賞品 当選 報酬 宝くじ
最高 トップ プレミアム プロ
公式 正規 本物 オリジナル
新しい 最新 新着 現代
高速 迅速 エクスプレス 即時
アプリ アプリケーション ソフト ツール
ダウンロード 取得 インストール 設定
更新 アップグレード 更改 パッチ
検索 探す 調べる クエリ
配送 発送 荷物 追跡
注文 カート 買い物 会計
顧客 購入者 契約者
管理 運営 コンソール ダッシュボード
センター 中央 本部 総合
グループ チーム 会社 法人
データ バックアップ アーカイブ ストレージ
写真 画像 ギャラリー フォト
動画 配信 視聴 再生
音楽 オーディオ 音 ラジオ
ゲーム 遊び プレイヤー アーケード
チャット 会話 メッセンジャー ライブ
ソーシャル ネットワーク コミュニティ 友達
求人 仕事 キャリア 採用
健康 医療 クリニック 薬局
旅行 フライト ホテル 予約
食事 レストラン メニュー キッチン
学校 学習 コース 教育
法律 法務 裁判所 権利
政府 国家 省庁 公共
税 税務 税関 関税
保険 保険証券 損害 補償
不動産 賃貸 住宅 物件
自動車 車 エンジン 車両
エネルギー 電力 電気 ガス
モバイル 電話 sms 通話
アラート 警告 通知 緊急
サブスク 会費 プラン 継続
ポイント ロイヤリティ キャッシュバック マイル
レビュー 評価 フィードバック 意見
