बिंदु .
ऐट @ at
डैश -
स्लैश /
अन्न अन्य
अंश अंस
अचल अचला
अनल अनिल
अवधि अवधी
आदि आदी
कुल कूल
कृति कृती
गुड़ गुड
चरम चर्म
जलज जलद
तरणि तरणी
दिन दीन
नियत नीयत
परुष पुरुष
बदन वदन
बात वात
मणि मणी
लक्ष लक्ष्य
शर सर
समान सामान
सुर शूर
हार हारि
कोश कोष
ग्रह गृह
जगत जगत्
देव दैव
धरा धारा
नीर नीड़
पवन पावन
बल वल
भवन भुवन
मूल मूल्य
शुक्ल शुल्क
सर्ग स्वर्ग
अभिराम अविराम
अनुरक्त अनुरक्ति
असन आसन
कंगाल कंकाल
कटिबंध कटिबद्ध
कुच कूच
गण गण्य
चूर्ण चूर्णि
तरणी तरुणी
दंश दश
निधन निर्धन
परिणाम परिमाण
प्रसाद प्रासाद
बहु बहू
भारती भारतीय
मृग मृगी
राज राज्य
शंकर संकर
सुधि सुधी
हिय हय
