शुरुआत आरंभ प्रारंभ शुरू
दुकान बाजार खरीद स्टोर
लॉगिन प्रवेश साइनइन पहुंच
खाता प्रोफाइल सदस्य मेराखाता
उपयोगकर्ता यूजर नाम पहचान
सुरक्षित संरक्षित विश्वसनीय भरोसेमंद
सुरक्षा रक्षा बचाव कवच
सत्यापन पुष्टि जांच प्रमाणन
पासवर्ड कूटशब्द पिन क्रेडेंशियल
प्राधिकरण प्रमाणीकरण टोकन सत्र
पुनर्प्राप्ति रीसेट बहाली अनलॉक
सहायता मदद सेवा समर्थन
संपर्क जुड़ना पूछताछ अनुरोध
भुगतान अदायगी चेकआउट कैश
चालान रसीद बिल बिलिंग
बैंक वित्त पैसा बटुआ
कार्ड क्रेडिट डेबिट प्रीपेड
स्थानांतरण लेनदेन जमा निकासी
क्रिप्टो सिक्का ब्लॉकचेन माइनिंग
डाक ईमेल संदेश इनबॉक्स
क्लाउड सर्वर होस्ट होस्टिंग
वेब साइट ऑनलाइन नेटवर्क पोर्टल
डोमेन लिंक पता url
समाचार ब्लॉग प्रेस मीडिया
मुफ्त उपहार बोनस ऑफर
छूट सौदा सेल कूपन
इनाम जीत पुरस्कार लॉटरी
सर्वोत्तम शीर्ष प्रीमियम प्रो
आधिकारिक असली प्रामाणिक मूल
नया नवीनतम ताजा आधुनिक
तेज शीघ्र एक्सप्रेस त्वरित
ऐप एप्लिकेशन सॉफ्टवेयर उपकरण
डाउनलोड प्राप्त इंस्टॉल सेटअप
अपडेट अपग्रेड नवीनीकरण पैच
खोज ढूंढ तलाश क्वेरी
डिलीवरी शिपिंग पार्सल ट्रैकिंग
ऑर्डर कार्ट टोकरी खरीदारी
ग्राहक क्रेता सब्सक्राइबर
एडमिन प्रबंधन कंसोल डैशबोर्ड
केंद्र मुख्य सामान्य हब
समूह टीम कंपनी निगम
डेटा बैकअप संग्रह भंडारण
फोटो छवि गैलरी तस्वीर
वीडियो स्ट्रीम देखें चलाएं
संगीत ऑडियो ध्वनि रेडियो
गेम खेल खिलाड़ी आर्केड
चैट बातचीत मैसेंजर लाइव
सोशल समुदाय दोस्त फॉलोअर
नौकरी काम करियर भर्ती
स्वास्थ्य चिकित्सा क्लिनिक फार्मेसी
यात्रा उड़ान होटल बुकिंग
भोजन रेस्तरां मेनू रसोई
स्कूल सीखें कोर्स अध्ययन
कानून कानूनी अदालत अधिकार
सरकार राज्य मंत्रालय सार्वजनिक
कर राजस्व सीमाशुल्क शुल्क
बीमा पॉलिसी दावा कवर
संपत्ति किराया घर मकान
ऑटो कार मोटर वाहन
ऊर्जा बिजली शक्ति गैस
मोबाइल फोन एसएमएस कॉल
अलर्ट चेतावनी सूचना अत्यावश्यक
सदस्यता मेंबरशिप योजना नवीकरण
अंक वफादारी कैशबैक मील
समीक्षा रेटिंग प्रतिक्रिया राय
