-
.
/
0
1
10
100
1000
100000
1000000
10000000
1000000000
11
12
13
14
15
16
17
18
19
2
20
3
30
4
40
5
50
6
60
7
70
8
80
9
90
@
a
ae
at
b
bharat
b̔"
c
cl
d
di
dl
e
f
g
h
i
ib
ih
ik
j
k
l
lb
lc
lh
lk
m
n
nn
o
oe
p
q
r
rn
rr
s
ss
t
u
v
vv
v̇
w
x
y
z
¡
Þ
ß
à
á
â
ã
ä
å
æ
ç
è
é
ê
ë
í
î
ï
ñ
ó
ô
ö
ø
ù
ú
û
ü
ý
ÿ
ă
ć
ċ
č
đ
ē
ĕ
ė
ę
ě
ğ
ġ
ģ
ĭ
ı
ł
ń
œ
ś
ţ
ŭ
ź
ż
ƈ
ƒ
ơ
ƿ
ǎ
ǐ
ǔ
ǵ
ȧ
ȯ
ɉ
ɑ
ɓ
ɗ
ɡ
ɢ
ɩ
ɫ
ɱ
ɼ
ɽ
ʀ
ʂ
ʏ
ʐ
ʙ
ʝ
ʠ
Ο
γ
ι
κ
μ
ν
ο
ρ
τ
υ
Ϝ
ϲ
ϳ
ϵ
Ϸ
Б
Г
О
Ь
а
е
к
м
н
о
р
с
т
у
х
ц
є
ѕ
і
ј
ѡ
ѵ
Ғ
ҫ
Ү
ҳ
һ
ҽ
ӓ
ӧ
ԁ
Ԍ
ԛ
ԝ
Ս
Օ
ա
գ
զ
ժ
հ
ս
ց
ا
ة
ه
١
٨
अ
अँग्रेज़ी
अँधेरा
अंग्रेज़ी
अंतिम
अंतीम
अंदर
अंश
अंस
अगर
अग़र
अचल
अचला
अच्छा
अठारह
अतिशयोक्ति
अतिश्योक्ति
अत्यधिक
अत्याधिक
अधारित
अधीन
अध्यन
अध्ययन
अध्यात्मिक
अनल
अनिल
अनुगृहीत
अनुग्रहित
अनुरक्त
अनुरक्ति
अन्न
अन्य
अभिराम
अमुल्य
अमूल्य
अरब
अवधि
अवधी
अविराम
अशआर
अशार
असन
असान
अस्सी
अहल्या
अहिल्या
आ
आँख
आंख
आगे
आठ
आठवाँ
आदर्श
आदि
आदी
आद्र
आधारित
आधीन
आध्यात्मिक
आना
आर्दश
आर्द्र
आर्शीवाद
आशीर्वाद
आसन
आसान
इ
इजजत
इज़ज़त
इज़्ज़त
इतफ़ाक
इत्तिफ़ाक़
ई
उ
उजला
उज्जवल
उज्ज्वल
उदहारण
उदाहरण
उदाहरन
उन्नीस
ऊ
ऊँचा
ऊपर
ऋतु
ए
एक
ऐ
ऐट
ओ
औ
क
कंकाल
कंगाल
कटिबंध
कटिबद्ध
कठिन
कम
कमजोर
करोड़
कवयित्री
कवियत्री
कवियित्री
कश्ट
कश्मीर
कष्ट
कहाँ
कहां
कार्यकर्म
कार्यक्रम
काश्मीर
कुच
कुल
कूच
कूल
कृति
कृती
कोश
कोष
क्यूँ
क्यूं
क्योंकि
क्योकि
क्षमा
ख
खरीदना
खुला
ग
गण
गण्य
गर्म
गलत
ग़ुरबा
गुड
गुड़
गुप्त
गुप्ता
गुर्बा
गृह
गृहणी
गृहिणी
ग्यारह
ग्रह
घ
घनिष्ट
घनिष्ठ
च
चरम
चर्म
चार
चालीस
चिन्ह
चिह्न
चूर्ण
चूर्णि
चौथा
चौदह
छ
छठा
छमा
छह
छोटा
ज
जगत
जगत्
जनाब
जलज
जलद
ज़नाब
जाएँ
जाएं
जाना
जिसमे
जिसमें
जीत
जेष्ठ
ज्यादा
ज्येष्ठ
झ
झूठ
ट
ठ
ठंडा
ड
डैश
ढ
त
तत्त्व
तत्व
तरणि
तरणी
तरुणी
तलवार
तलवारी
तल्वार
तल्वारी
ताकि
ताकी
तानना
ताना
तीन
तीस
तीसरा
तेज़
तेरह
थ
द
दंश
दश
दस
दसवाँ
दायाँ
दिन
दीन
दुर्दशा
दुर्दषा
दूर
दूसरा
देव
दैव
दो
द्वारका
द्वारिका
ध
धरा
धारा
धीमा
न
नब्बे
नया
नहीं
नाटा
निधन
नियत
निरिक्षण
निरीक्षण
निर्धन
नीचा
नीचे
नीड़
नीयत
नीर
नौ
नौवाँ
प
पंद्रह
पचास
पतला
परिक्षा
परिणाम
परिमाण
परीक्षा
परुष
पवन
पहला
पाँच
पाँचवाँ
पावन
पास
पीछे
पुण्य
पुन्य
पुराना
पुरुष
पूजनीय
पूज्यनीय
प्रदर्शनी
प्रदर्शिनी
प्रमाणिक
प्रशंसा
प्रसंशा
प्रसाद
प्रामाणिक
प्रासाद
फ
फ़िर
फ़ीर
फिर
ब
बँगला
बंद
बजाय
बड़ा
बदन
बल
बहु
बहू
बांग्ला
बात
बायाँ
बारह
बाहर
बिंदु
बिमारी
बिलियन
बीमारी
बीस
बुद्धिमान
बुद्धीमान
बुरा
बेचना
भ
भगवन
भगवान
भवन
भारत
भारती
भारतीय
भारी
भाशा
भाषा
भुगोल
भुवन
भूगोल
म
मखनी
मखानी
मजबूत
मणि
मणी
मरयादा
मर्यादा
महत्त्व
महत्व
मानना
माना
मिलियन
मूल
मूल्य
मृग
मृगी
मैथली
मैथिली
मोटा
य
यहाँ
यहां
याददाश्त
यादाश्त
र
रविंद्र
रवींद्र
राज
राजनीतिक
राजनैतिक
राज्य
रामायण
रामायन
रितु
रोहण
रोहन
ल
लंबा
लकड़ी
लकडी
लक्ष
लक्ष्य
लाख
व
वकत
वक़त
वक़्त
वजाय
वदन
वरिष्ट
वरिष्ठ
वर्षो
वर्षों
वल
वहाँ
वहां
वा
वाँ
वात
वाल्मीकि
वाल्मीकी
विज्ञानिक
विषेला
विषैला
वैज्ञानिक
व्यवसायिक
व्यावसायिक
श
शंकर
शताब्दि
शताब्दी
शर
शुक्ल
शुरु
शुरू
शुल्क
शून्य
शूर
शृंखला
शृंगार
श्रीमति
श्रीमती
श्रृंखला
श्रृंगार
श्वास
ष
स
संकर
संन्यासी
संसारिक
सच
सत्तर
सत्रह
सन्यासी
सफल
सफ़ल
समान
सर
सर्ग
सशक्तिकरण
सशक्तीकरण
सही
साँप
सांप
सांसारिक
साठ
सात
सातवाँ
साधारण
साधारन
सामग्री
सामाग्री
सामान
सुधि
सुधी
सुर
सुस्वागत
सोलह
सौ
स्लैश
स्वरगीय
स्वर्ग
स्वर्गीय
स्वागत
स्वास
ह
हं
हज़ार
हजार
हथियार
हथ्यार
हय
हल्का
हाँ
हार
हारि
हिन्दु
हिन्दू
हिय
हिरण
हिरन
है
Ⴝ
Ꭵ
Ꮒ
Ꮪ
ᴍ
ᴜ
ᴢ
ᴦ
ṃ
ẋ
ạ
ẹ
ọ
ỏ
ⲕ
ꙇ
