batdau khoidau khoichay mokhoi
cuahang shop thitruong mua
dangnhap truycap login vao
taikhoan hoso thanhvien taikhoancuatoi
nguoidung tendangnhap danhtinh
antoan baove tincay dangtincay
anninh baomat phongve khien
xacminh xacnhan kiemtra chungthuc
matkhau matma pin thongtinxacthuc
uyquyen xacthuc token phien
khoiphuc datlai phuchoi mokhoa
hotro giupdo dichvu tuvan
lienhe ketnoi hoidap yeucau
thanhtoan tratien checkout napthe
hoadon bienlai phieuthu cuoc
nganhang taichinh tien vitien
the tindung ghino tratruoc
chuyenkhoan giaodich naptien ruttien
crypto tienao blockchain daotien
thu email tinnhan hopthu
dammay maychu host hosting
web trangweb online mang cong
tenmien lienket diachi url
tintuc blog baochi truyenthong
mienphi quatang thuong khuyenmai
giamgia uudai sale phieugiamgia
giaithuong trungthuong phanthuong xoso
totnhat hangdau premium pro
chinhthuc chinhhang thatsu goc
moi moinhat tuoi hiendai
nhanh maule express tucthi
ungdung phanmem app congcu
taive nhan caidat thietlap
capnhat nangcap giahan valoi
timkiem tim tracuu truyvan
giaohang vanchuyen buukien theodoi
donhang giohang muasam thanhtoanngay
khachhang nguoimua thuebao
admin quantri console bangdieukhien
trungtam chinh tong tongquat
nhom doi congty tapdoan
dulieu saoluu luutru kholuu
anh hinhanh thuvienanh chupanh
video stream xem phat
nhac amthanh audio radio
game troichoi nguoichoi arcade
chat trochuyen messenger tructiep
xahoi mangxahoi congdong banbe
vieclam congviec nghenghiep tuyendung
suckhoe yte phongkham nhathuoc
dulich chuyenbay khachsan datcho
monan nhahang thucdon nhabep
truonghoc hoctap khoahoc giaoduc
luat phaply toaan quyen
chinhphu nhanuoc chinhquyen congcong
thue thuevu haiquan lephi
baohiem hopdong boithuong chitra
batdongsan chothue nha taisan
oto xe dongco phuongtien
nangluong dien dienluc gas
dienthoai mobile sms goi
canhbao baodong thongbao khancap
dangky hoivien goicuoc giahanngay
diem thanthiet hoantien tichluy
danhgia xephang phanhoi ykien
