baslangic start baslat basla
magaza dukkan pazar alisveris
giris oturum login erisim
hesap profil uye hesabim
kullanici kullaniciadi kimlik
guvenli korumali guvenilir emin
guvenlik koruma savunma kalkan
dogrula onayla teyit kontrol
sifre parola pin kimlikbilgisi
yetkilendirme yetki token seans
kurtar sifirla geriyukle kilidiac
destek yardim servis hizmet
iletisim ulas baglan talep
odeme ode kasa checkout
fatura makbuz fis faturalama
banka finans para cuzdan
kart kredi debit onodeme
havale islem yatirim cekim
kripto coin blokzincir madencilik
posta email mesaj gelenkutusu
bulut sunucu host barindirma
web site online ag portal
alanadi link adres url
haber blog basin medya
ucretsiz hediye bonus kampanya
indirim firsat satis kupon
odul kazanc ikramiye piyango
eniyi top premium pro
resmi orijinal gercek otantik
yeni son taze modern
hizli cabuk ekspres seri
uygulama program yazilim arac
indir edin kur kurulum
guncelle yukselt yenile yama
ara bul arama sorgu
teslimat kargo paket takip
siparis sepet sepetim tamamla
musteri alici abone
admin yonetim konsol panel
merkez ana genel kok
grup takim sirket holding
veri yedek arsiv depolama
foto resim galeri gorsel
video stream izle oynat
muzik ses audio radyo
oyun oyunlar oyuncu arcade
sohbet konusma mesajlasma canli
sosyal topluluk arkadas takipci
is kariyer istihdam ilan
saglik tip klinik eczane
seyahat ucus otel rezervasyon
yemek restoran menu mutfak
okul ogren kurs egitim
hukuk yasal mahkeme haklar
devlet hukumet bakanlik kamu
vergi maliye gumruk harc
sigorta police hasar teminat
emlak kira ev mulk
oto araba motor tasit
enerji guc elektrik gaz
mobil telefon sms cagri
uyari alarm bildirim acil
abonelik uyelik tarife uzatma
puan sadakat cashback mil
yorum degerlendirme puanlama gorus
