-
.
/
0
1
10
100
1000
1000000
1000000000
11
12
13
14
15
16
17
18
19
2
20
3
30
4
40
5
50
6
60
7
70
8
80
9
90
@
I
a
adale
adele
adet
ae
ala
alem
almak
altmış
altmışıncı
altı
altıncı
alçak
antreman
antrenman
aydınlık
açık
aşağı
aşık
b
başlangıç
beş
beşinci
bin
bininci
bir
birinci
birsey
birşey
bitiş
boş
büyük
b̔"
c
cl
d
dahi
di
direk
direkt
dl
doksan
doksanıncı
dokuz
dokuzuncu
doküman
dolu
doğru
dâhi
döküman
dördüncü
dört
dış
e
egzoz
eksoz
elli
ellinci
erken
eski
et
evet
eşofman
eşortman
f
fakir
g
gece
gerçek
geç
gün
güçlü
h
hakim
hala
hayır
herkes
herkez
hâkim
hâlâ
hızlı
i
ib
ih
ik
iki
ikinci
inkilap
inkılap
istanbul
iyi
iç
i̇stanbul
j
k
kapalı
kar
karanlık
katil
kaybetmek
kazanmak
kolay
kâr
kâtil
kötü
küçük
kırk
kırkıncı
l
lb
lc
lh
lk
m
makina
makine
milyar
milyarıncı
milyon
milyonuncu
mütevazi
mütevazı
n
nefretetmek
nn
nokta
o
oe
on
onaltı
onaltıncı
onbeş
onbeşinci
onbir
onbirinci
ondokuz
ondokuzuncu
ondördüncü
ondört
oniki
onikinci
onsekiz
onsekizinci
onuncu
onyedi
onyedinci
onüç
onüçüncü
orijinal
orjinal
otuz
otuzuncu
p
poaça
poğaça
q
r
rn
rr
s
sahte
satmak
sekiz
sekizinci
seksen
sekseninci
sevmek
sirket
slash
sonra
soğuk
ss
süpriz
sürpriz
sıcak
sıfır
t
tabi
tabii
tire
turkiye
türkiye
u
uzak
v
varis
vermek
vv
vâris
v̇
w
x
y
yad
yakın
yalnız
yalnış
yanlız
yanlış
yar
yavaş
yaşam
yedi
yedinci
yeni
yetmiş
yetmişinci
yirmi
yirminci
yukarı
yâd
yâr
yüksek
yüz
yüzüncü
z
zayıf
zengin
zor
¡
Þ
ß
à
á
â
âdet
âlem
âlâ
âşık
ã
ä
å
æ
ç
è
é
ê
ë
í
î
ï
ñ
ó
ô
ö
ölüm
önce
ø
ù
ú
û
ü
üç
üçüncü
ý
ÿ
ă
ć
ċ
č
đ
ē
ĕ
ė
ę
ě
ğ
ġ
ģ
ĭ
İ
ı
ł
ń
œ
ś
ş
şarj
şarz
şirket
şura
şûra
ţ
ŭ
ź
ż
ƈ
ƒ
ơ
ƿ
ǎ
ǐ
ǔ
ǵ
ȧ
ȯ
ɉ
ɑ
ɓ
ɗ
ɡ
ɢ
ɩ
ɫ
ɱ
ɼ
ɽ
ʀ
ʂ
ʏ
ʐ
ʙ
ʝ
ʠ
Ο
γ
ι
κ
μ
ν
ο
ρ
τ
υ
Ϝ
ϲ
ϳ
ϵ
Ϸ
Б
Г
О
Ь
а
е
к
м
н
о
р
с
т
у
х
ц
є
ѕ
і
ј
ѡ
ѵ
Ғ
ҫ
Ү
ҳ
һ
ҽ
ӓ
ӧ
ԁ
Ԍ
ԛ
ԝ
Ս
Օ
ա
գ
զ
ժ
հ
ս
ց
ا
ة
ه
١
٨
Ⴝ
Ꭵ
Ꮒ
Ꮪ
ᴍ
ᴜ
ᴢ
ᴦ
ṃ
ẋ
ạ
ẹ
ọ
ỏ
ⲕ
ꙇ
