poczatek start uruchom zacznij
sklep handel rynek zakup
logowanie zaloguj dostep login
konto profil czlonek mojekonto
uzytkownik nazwa tozsamosc
bezpieczny chroniony zaufany pewny
bezpieczenstwo ochrona obrona tarcza
zweryfikuj potwierdz waliduj kontrola
haslo kod pin poswiadczenia
autoryzacja uwierzytelnianie token sesja
odzyskaj zresetuj przywroc odblokuj
wsparcie pomoc serwis asysta
kontakt polacz komunikacja zglos
platnosc zaplac kasa checkout
faktura rachunek paragon rozliczenie
bank finanse pieniadze portfel
karta kredyt debet przedplata
przelew transakcja wplata wyplata
krypto moneta blockchain kopanie
poczta email wiadomosc odebrane
chmura serwer host hosting
web strona online siec portal
domena link adres url
wiadomosci blog prasa media
darmowy prezent bonus promocja
rabat oferta wyprzedaz kupon
nagroda wygrana premia loteria
najlepszy top premium pro
oficjalny autentyczny prawdziwy oryginal
nowy najnowszy swiezy nowoczesny
szybki predki ekspres sprawny
aplikacja program software narzedzie
pobierz uzyskaj zainstaluj konfiguracja
aktualizuj upgrade odnow poprawka
szukaj znajdz wyszukiwarka zapytanie
dostawa wysylka paczka sledzenie
zamowienie koszyk zakupy realizuj
klient kupujacy abonent
admin zarzadzaj konsola panel
centrum wezel glowny ogolny
grupa zespol firma korporacja
dane backup archiwum magazyn
zdjecie obraz galeria fotka
wideo stream ogladaj odtwarzaj
muzyka audio dzwiek radio
gra gry gracz arcade
czat rozmowa komunikator live
spoleczny spolecznosc znajomi obserwujacy
praca zatrudnienie kariera rekrutacja
zdrowie medyczny klinika apteka
podroz lot hotel rezerwacja
jedzenie restauracja menu kuchnia
szkola nauka kurs studia
prawo prawny sad prawa
rzad panstwo ministerstwo publiczny
podatek skarbowy clo oplata
ubezpieczenie polisa szkoda odszkodowanie
nieruchomosc wynajem dom wlasnosc
auto samochod silnik pojazd
energia moc elektryczny gaz
mobilny telefon sms polaczenie
ostrzezenie alarm powiadomienie pilne
subskrypcja czlonkostwo plan przedluzenie
punkty lojalnosc cashback mile
opinia ocena recenzja komentarz
