-
.
/
0
1
10
100
1000
1000000
1000000000
11
12
13
14
15
16
17
18
19
2
20
3
30
4
40
5
50
6
60
7
70
8
80
9
90
@
a
ae
b
biedny
blisko
bogaty
b̔"
c
ciemny
cl
czterdziesty
czterdzieści
czternasty
czternaście
cztery
czwarty
d
daleko
dać
di
dl
dobry
drugi
duży
dwa
dwadzieścia
dwanaście
dwudziesty
dwunasty
dziesiąty
dziesięć
dziewiąty
dziewiętnasty
dziewiętnaście
dziewięć
dziewięćdziesiąt
dziewięćdziesiąty
dzień
dół
e
f
fałsz
g
gorący
góra
h
i
ib
ih
ik
j
jasny
jeden
jedenasty
jedenaście
k
kochać
koniec
kropka
kupić
l
lb
lc
lh
lk
lodz
m
malpa
małpa
mały
miliard
miliardowy
milion
milionowy
myslnik
myślnik
n
nie
nienawidzić
niski
nn
noc
nowy
o
oe
osiem
osiemdziesiąt
osiemdziesiąty
osiemnasty
osiemnaście
otwarty
p
pełny
pierwszy
piąty
piętnasty
piętnaście
pięć
pięćdziesiąt
pięćdziesiąty
po
początek
prawda
przed
przegrać
pusty
późno
q
r
rn
rr
s
setny
siedem
siedemdziesiąt
siedemdziesiąty
siedemnasty
siedemnaście
silny
siódmy
sprzedać
ss
stary
sto
szesnasty
szesnaście
sześć
sześćdziesiąt
sześćdziesiąty
szybki
szósty
słaby
t
tak
trudny
trzeci
trzy
trzydziesty
trzydzieści
trzynasty
trzynaście
tysiąc
tysięczny
u
ukosnik
ukośnik
v
vv
v̇
w
wcześnie
wewnątrz
wolny
wroclaw
wrocław
wygrać
wysoki
wziąć
x
y
z
zamknięty
zero
zewnątrz
zimny
zły
¡
Þ
ß
à
á
â
ã
ä
å
æ
ç
è
é
ê
ë
í
î
ï
ñ
ó
ósmy
ô
ö
ø
ù
ú
û
ü
ý
ÿ
ă
ą
ć
ċ
č
đ
ē
ĕ
ė
ę
ě
ğ
ġ
ģ
ĭ
ı
ł
łatwy
łódź
ń
œ
ś
ţ
ŭ
ź
ż
ƈ
ƒ
ơ
ƿ
ǎ
ǐ
ǔ
ǵ
ȧ
ȯ
ɉ
ɑ
ɓ
ɗ
ɡ
ɢ
ɩ
ɫ
ɱ
ɼ
ɽ
ʀ
ʂ
ʏ
ʐ
ʙ
ʝ
ʠ
Ο
γ
ι
κ
μ
ν
ο
ρ
τ
υ
Ϝ
ϲ
ϳ
ϵ
Ϸ
Б
Г
О
Ь
а
е
к
м
н
о
р
с
т
у
х
ц
є
ѕ
і
ј
ѡ
ѵ
Ғ
ҫ
Ү
ҳ
һ
ҽ
ӓ
ӧ
ԁ
Ԍ
ԛ
ԝ
Ս
Օ
ա
գ
զ
ժ
հ
ս
ց
ا
ة
ه
١
٨
Ⴝ
Ꭵ
Ꮒ
Ꮪ
ᴍ
ᴜ
ᴢ
ᴦ
ṃ
ẋ
ạ
ẹ
ọ
ỏ
ⲕ
ꙇ
