punt .
apenstaartje @
streepje -
slash /
baadt baat
bereiden berijden
gelach gelag
hard hart
eis ijs
jou jouw
lach lag
mail meel
nauw nou
paard paart
peiler pijler
pond pont
reizen rijzen
steil stijl
wei wij
weide wijde
zei zij
meid mijt
leiden lijden
leidt lijdt
mei mij
raad raat
hout houdt
koud kout
vind vindt vint
word wordt
zeide zijde
bout boud
hij hei
rijk reik
lijd leid
rouw rauw
wijden weiden
mijden meiden
raadt raat
laadt laat
wijd weid
hond hont
bond bont
mond mont
grond gront
zand zant
band bant
hand hant
wind wint
vond vont
brood broot
bord bort
