begin start aanvang
winkel shop markt koop
inloggen aanmelden account
veilig beschermd betrouwbaar
support hulp service bijstand
betaling afrekenen facturering
bank financien geld portemonnee
post email bericht inbox
cloud server hosting
web site online netwerk portaal
nieuws blog pers media
gratis cadeau bonus actie
beste top premium pro
nieuw laatste recent modern
snel vlug express
app applicatie software tool
downloaden ophalen installeren
contact verbinden
zoeken vinden
bijwerken vernieuwen
