-
.
/
0
1
10
100
1000
1000000
1000000000
11
12
13
14
15
16
17
18
19
2
20
3
30
4
40
5
50
6
60
7
70
8
80
9
90
@
a
accommodatie
accomodatie
acht
achtste
achttien
achttiende
ae
aggressie
agressie
apartement
apenstaartje
appartement
arm
azerbeidjan
azerbeidzjan
b
baadt
baat
barbecue
barbeque
beginnen
bereiden
berijden
binnen
boven
buiten
b̔"
c
cadeau
caroussel
carrousel
cl
compleet
concensus
consensus
contact
correct
d
daarentegen
daarintegen
dag
derde
dertien
dertiende
dertig
dertigste
di
dichtbij
dl
donker
drie
duizend
duizendste
e
ecuador
een
eengezinswoning
eensgezinswoning
eerste
eindigen
eis
elf
elfde
equador
f
faliekant
falikant
g
gebeurd
gebeurt
gedistingeerd
gedistingueerd
gelach
gelag
gesloten
geven
goed
groot
h
hard
hart
haten
heet
hobbies
hobbys
honderd
honderdste
hoog
houdt
hout
i
ib
identiteid
identiteit
ih
ijs
ik
j
ja
jou
jouw
k
kado
klein
kompleet
kontakt
kopen
korrekt
kosteloos
kostenloos
koud
kout
kwaliteit
kwantiteit
l
laag
laat
lach
lag
langzaam
lb
lc
leeg
leiden
leidt
lh
licht
liefhebben
lijden
lijdt
lineaal
liniaal
lk
m
mail
makkelijk
meel
mei
meid
mij
mijt
mileu
milieu
miljard
miljardste
miljoen
miljoenste
miniscuul
minitieus
minuscuul
minutieus
moeilijk
n
na
nacht
nauw
nee
negen
negende
negentien
negentiende
negentig
negentigste
nemen
nieuw
niveau
nivo
nn
nou
nul
o
oe
onder
onwaar
open
oud
p
paard
paardebloem
paardenbloem
paart
peiler
pijler
polshoogte
pond
pont
poolshoogte
product
produkt
project
projekt
punt
q
r
raad
raat
reizen
rijk
rijzen
rn
rr
s
slash
slecht
slotte
snel
sowieso
sowiezo
spercieboon
sperzieboon
ss
steil
sterk
stijl
streepje
succes
sukses
sympathiek
symphatiek
t
tachtig
tachtigste
tenslotte
tien
tiende
twaalf
twaalfde
twee
tweede
twintig
twintigste
u
uitweiden
uitwijden
v
veertien
veertiende
veertig
veertigste
ver
verkopen
verliezen
vier
vierde
vijf
vijfde
vijftien
vijftiende
vijftig
vijftigste
vind
vindt
vint
vol
voor
vroeg
vv
v̇
w
waar
wei
weide
wij
wijde
winnen
word
wordt
x
y
z
zei
zeide
zes
zesde
zestien
zestiende
zestig
zestigste
zeven
zevende
zeventien
zeventiende
zeventig
zeventigste
zij
zijde
zo
zwak
zó
¡
Þ
ß
à
á
â
ã
ä
å
æ
ç
è
é
ê
ë
í
î
ï
ñ
ó
ô
ö
ø
ù
ú
û
ü
ý
ÿ
ă
ć
ċ
č
đ
ē
ĕ
ė
ę
ě
ğ
ġ
ģ
ĭ
ı
ł
ń
œ
ś
ţ
ŭ
ź
ż
ƈ
ƒ
ơ
ƿ
ǎ
ǐ
ǔ
ǵ
ȧ
ȯ
ɉ
ɑ
ɓ
ɗ
ɡ
ɢ
ɩ
ɫ
ɱ
ɼ
ɽ
ʀ
ʂ
ʏ
ʐ
ʙ
ʝ
ʠ
Ο
γ
ι
κ
μ
ν
ο
ρ
τ
υ
Ϝ
ϲ
ϳ
ϵ
Ϸ
Б
Г
О
Ь
а
е
к
м
н
о
р
с
т
у
х
ц
є
ѕ
і
ј
ѡ
ѵ
Ғ
ҫ
Ү
ҳ
һ
ҽ
ӓ
ӧ
ԁ
Ԍ
ԛ
ԝ
Ս
Օ
ա
գ
զ
ժ
հ
ս
ց
ا
ة
ه
١
٨
Ⴝ
Ꭵ
Ꮒ
Ꮪ
ᴍ
ᴜ
ᴢ
ᴦ
ṃ
ẋ
ạ
ẹ
ọ
ỏ
ⲕ
ꙇ
