# A number, then the words denoting it: 1 one first
# Script: CYRILLIC. Colloquial -найсет forms kept alongside the literary ones.
0 нула нулев
1 едно първи един
2 две втори два
3 три трети
4 четири четвърти
5 пет пети
6 шест шести
7 седем седми
8 осем осми
9 девет девети
10 десет десети
11 единадесет единадесети единайсет
12 дванадесет дванадесети дванайсет
13 тринадесет тринадесети тринайсет
14 четиринадесет четиринадесети четиринайсет
15 петнадесет петнадесети петнайсет
16 шестнадесет шестнадесети шестнайсет
17 седемнадесет седемнадесети седемнайсет
18 осемнадесет осемнадесети осемнайсет
19 деветнадесет деветнадесети деветнайсет
20 двадесет двадесети двайсет
21 двадесетиедно
22 двадесетидве
23 двадесетитри
24 двадесетичетири
30 тридесет тридесети трийсет
40 четиридесет четиридесети четирийсет
50 петдесет петдесети
60 шестдесет шестдесети
70 седемдесет седемдесети
80 осемдесет осемдесети
90 деветдесет деветдесети
100 сто стотен
200 двеста
300 триста
1000 хиляда хиляден
1000000 милион милионен
1000000000 милиард милиарден
