# The language's vocabulary, one word per line.
-
.
/
0
1
10
100
1000
1000000
1000000000
11
12
13
14
15
16
17
18
19
2
20
200
21
22
23
24
3
30
300
4
40
400
5
50
500
6
60
600
7
70
700
8
80
800
9
90
900
@
A
B
C
E
H
K
M
O
P
T
X
Y
_
a
ae
b
b̔"
c
cl
d
di
dl
e
f
g
h
i
ib
ih
ik
j
k
l
lO
lb
lc
lh
lk
m
n
nn
o
oe
p
q
r
rn
rr
s
ss
t
u
url
v
vv
v̇
w
x
y
z
¡
Þ
ß
à
á
â
ã
ä
å
æ
ç
è
é
ê
ë
í
î
ï
ñ
ó
ô
ö
ø
ù
ú
û
ü
ý
þ
ÿ
ă
ć
ċ
č
đ
ē
ĕ
ė
ę
ě
ğ
ġ
ģ
ĭ
ı
ĸ
ł
ń
œ
ś
ţ
ŭ
ź
ż
Ƅ
ƅ
ƈ
ƒ
ơ
Ʒ
ƿ
ǎ
ǐ
ǔ
ǵ
Ȝ
ȧ
ȯ
Ʌ
ɉ
ɑ
ɓ
ɗ
ɜ
ɡ
ɢ
ɣ
ɩ
ɫ
ɯ
ɱ
ɸ
ɼ
ɽ
ʀ
ʂ
ʍ
ʏ
ʐ
ʙ
ʜ
ʝ
ʠ
Ο
γ
ι
κ
μ
ν
ο
ρ
τ
υ
Ϝ
ϲ
ϳ
ϵ
Ϸ
Ѐ
Ё
Ѓ
Ќ
Ѝ
Ў
А
Б
В
Г
Е
Ж
З
И
Й
К
Л
М
Н
О
Р
С
Т
У
Х
Ч
Ь
Ю
а
аайт
аба
абат
абдал
абзац
абонамент
абонат
аборт
аванс
аварски
авеню
авизо
авоар
автентикация
автентичен
авто
автограф
автор
авторизация
ага
агал
агент
агенция
агитирам
агне
агнец
агни
агня
агора
агресор
ад
адаптер
адаш
адепт
адет
аджамия
адит
админ
адрес
адреса
адресник
адресът
адски
аеростат
ажио
ажиотаж
ажиу
ажур
аз
азбест
азиатка
азоиски
азойски
азот
азут
аигурност
аиляк
аиран
аисберг
ай
айляк
айран
айсберг
акал
акар
акаунт
акаунта
акаунтът
акне
акни
ако
акорд
акордеон
акорт
акт
актив
актиф
актйор
актов
актоф
актьор
акула
акциз
акцис
акция
акъл
акър
ала
аларма
албум
але
ален
алея
алиби
алин
алия
алкал
алкид
алкит
аллах
алманах
ало
алое
алои
алпиика
алпийка
алт
алтан
алтов
алтоф
алтън
алуе
алуминий
алфа
алчен
алчност
ама
амеба
аметка
ами
амнистия
амонии
амоний
ампер
амур
анадолец
анал
ангел
анекс
анимация
анимка
анион
анод
анонс
анот
анти
антиквар
антракс
антре
ануд
анус
анфас
анцуг
анцук
аншоа
аорта
аофия
апаш
апел
апил
аплет
апогеи
апогей
апорт
април
аптека
ар
аргон
ареал
арена
арест
ариец
ариика
арииски
арийка
арийски
ария
арка
аркада
армия
арсен
артак
артелчик
артък
арфа
архив
архивар
архиф
аршин
ас
аскер
аскет
асма
асо
астма
ат
атака
аташе
атически
атлаз
атлас
атлет
атол
атом
атомист
атонски
атул
атум
аудио
аула
аура
аут
афект
афера
афикс
афиш
ах
ахам
ахане
ахат
ахвам
ахилесов
ахкам
ахмак
ахмашки
ахчия
ашик
ашуре
аъобщение
аървър
аязмо
б
ба
баба
бабешки
баби
бабин
бабичка
бабка
бабля
бабо
бабря
бабу
бавен
бавя
багаж
багажен
багаш
багер
багра
багря
бада
бадат
баде
бадел
бадем
баден
бадех
бадеш
бадещ
баджа
бади
баене
баз
база
базак
базар
базе
базис
базла
базов
базоф
баико
баиков
баино
баинов
баио
баионет
баир
баирак
баираче
баит
баиц
баицвам
баичо
байко
байков
байно
байнов
байо
байонет
байрак
байраче
байт
байу
байц
байцвам
байчо
бака
бакам
бакар
бакел
бакия
бакла
бакър
бакърен
бал
бала
балак
баламштина
баламщина
бален
балет
балон
балха
балък
бамя
банан
банда
бандитче
банела
банер
банка
баня
бар
бара
бараж
барам
бараш
бард
бардо
бардук
бардуче
барел
барем
баржа
барже
барз
барка
барна
барок
барон
барт
барут
барча
барче
барша
бас
басеин
басейн
басирам
баск
басма
басня
басов
басоф
баста
бастисам
батак
батакчия
батат
бате
бати
батко
батьо
бау
бахар
бахтя
бахур
бахча
бацил
бачва
бачо
бачу
баш
башка
башта
баштин
баштиния
баштински
баштинство
баштица
баштицата
баштици
баштиците
баштицо
баштичко
баща
бащин
бащиния
бащински
бащинство
бащица
бащицата
бащици
бащиците
бащицо
бащичко
бая
баяч
бдене
бдя
бе
бебе
бег
бегал
бегач
бегом
бегъл
беда
беден
бедро
бедя
бежанец
бежов
бежоф
без
безброи
безброй
безводен
безир
безистен
безкраи
безкрай
безок
безопасен
безплатен
безплатно
безумен
безух
беи
беизбол
беиов
беиски
бей
бейзбол
бейов
бейоф
бейски
бек
бекар
бекас
беки
бекон
бекъп
бекяр
бел
белач
белег
бележешт
бележешта
бележешти
бележештия
бележешто
бележещ
бележеща
бележещи
бележещия
бележещо
белек
белея
белилка
белка
белосам
белот
бельо
беля
белязане
бемол
бенка
бент
бера
берач
бес
беса
бесат
беседчик
бесни
бесът
беся
бета
бетер
бетон
беше
бибе
бивак
бивам
бивни
бивол
бивш
бигор
бида
биде
бидеики
бидейки
биди
бидон
бидох
бидя
биене
бижу
бизон
бик
бики
билборд
биле
билет
били
билка
било
билу
билюк
биля
бинго
бином
бинт
биозаштита
биозащита
биофизик
бира
бирен
бирманец
бис
биса
бисер
бистрота
бися
бит
бита
битие
битка
битност
битов
битоф
бич
бича
биче
бичи
бичме
бичувам
бише
бишнат
бия
бияч
биячка
благ
благо
благодара
благодаря
блажа
блазе
блак
бламирам
блатист
блато
блаф
блед
блеизър
блейзър
блесна
блет
блештукам
блештукане
блештя
блещукам
блещукане
блещя
блея
блид
ближа
близо
блия
блог
блок
блокиран
блокчейн
блуза
блук
блъф
блюдо
блян
блясване
боаз
боас
боб
бобар
бобен
бобинаж
бобов
бобоф
бобров
бобслеи
бобслей
бобче
бобър
бовини
бог
богат
богослов
бод
бода
бодар
бодеж
бодеш
бодил
бодлив
бодна
бодър
боеве
боеви
боен
боец
боже
божем
божи
божие
божке
божур
боза
бозав
бозаф
бозая
боздуган
бозка
бозна
боико
боикост
боикот
боилер
боин
боиник
боиница
боиц
бойко
бойкост
бойкот
бойлер
бойник
бойница
бок
бокал
бокс
болен
болея
болид
болит
болка
болничък
болт
бомба
бомбе
бомбичка
бон
боне
бони
бонов
боноф
бонус
боп
бор
борба
борд
бордеи
бордей
бордеро
бореи
борей
борец
боров
бороф
борса
борт
борч
борш
боря
бос
босяк
бот
ботуш
бохем
бохча
боцна
боя
брава
браво
брада
брадат
браз
браилов
брайлов
брак
брана
бране
браниште
бранище
бранш
браня
брат
брата
брате
братувам
братушка
братя
бре
брега
брегови
бреза
бреи
бреиди
брей
брейди
бреме
бридж
бридш
бриз
брий
брис
брич
брод
бродирам
бродя
броен
броец
броика
броилер
броим
бройка
бройлер
бром
броневи
бронз
бронс
броня
брот
броунинг
брошка
броя
брояч
бруд
бруля
брум
брус
бруст
бруся
брутален
бруто
бруя
бръз
бръмване
бръмчило
бръс
бръснар
бръснешт
бръснещ
бръштолевя
бръщолевя
бряг
бряга
бряз
бряк
бряс
бряст
буаз
буба
бубар
бубарник
бубен
буда
буден
будилник
будка
будоар
будя
буен
буец
буже
бужи
буза
бузест
бузка
буин
буиност
буиство
буйност
буйство
бук
бука
букак
буква
букет
букла
букле
буков
букоф
букс
букса
була
булдог
булев
булеф
булка
було
булт
булу
булче
бульон
буля
бум
бумтя
буна
бунак
бунар
буне
буниште
бунище
бунт
бунтар
бургас
бурд
буре
бурен
буренце
бури
бурия
бурма
бурч
бурш
буря
бут
бутам
бутан
бутна
бутон
буфер
бухал
бухам
бухна
бухта
бухтя
буца
буча
бучка
бушел
бушон
бъбля
бъбря
бъда
бъдат
бъде
бъдеики
бъдейки
бъдел
бъдем
бъден
бъдех
бъдеш
бъдешт
бъдеште
бъдештност
бъдещ
бъдеще
бъдещност
бъди
бъз
бъзак
бъзе
бъзи
бъзла
бъзлив
бъзов
бъзоф
бъкам
бъкел
българин
българия
бълха
бърдо
бърже
бърз
бързеи
бързей
бързичък
бъркане
бърна
бърс
бърча
бърша
бъс
бъхтя
бъчва
бъчонка
бюрек
бюро
бюру
бюст
бюфет
бяг
бягам
бяк
бял
бялка
бяс
бяса
бясна
бясно
бях
бяха
бяхме
бяхте
в
вав
вавра
вавре
ваври
вавря
вагон
вада
вадя
важа
важар
важе
важен
ваз
ваза
вазел
ваззе
ваикам
ваикане
вайкам
вайкане
вакал
вакса
ваксина
вакум
вакъл
вал
вале
валеж
валериан
валеш
вали
валидация
валийски
валия
валк
валмо
вална
валс
валута
валц
валче
валчи
валя
валяк
валям
вам
ван
вана
ванка
вар
варба
варвя
варда
вардя
варел
варен
варжа
варл
варна
варов
вароф
варта
вартя
варха
варху
варша
варя
вас
васал
вася
ват
ватак
ватор
ватре
вафла
вахта
ваш
ваша
ваше
ваши
вашите
вашия
вашка
вашла
вая
ваяне
вбеся
вбия
вгана
вгъна
вдавам
вдам
вдан
вдене
вдени
вдухна
вдън
вдъхване
вдявам
вдяна
вдяналия
ведар
ведно
ведро
ведър
веене
вежда
везба
вездесъшт
вездесъщ
везир
везмо
везна
везплатно
везя
веика
вейка
век
вектор
векторен
векувам
велик
велур
велурен
веля
вена
венец
венче
верев
верен
вереф
вери
верни
веронал
верую
веруюшт
верующ
весел
веселя
веселяка
веслар
весло
вест
вестник
вестовой
вестя
веся
вето
ветря
вету
вехна
вехт
вече
вечен
вечер
вешт
вештаене
вештател
вештая
вештеви
вештен
вештерица
вештествен
вештество
вештина
вештица
вещ
вещаене
вещател
вещая
вещеви
вещен
вещерица
веществен
вещество
вещина
вещица
вея
веячка
взвод
взвот
взе
взел
взела
взели
взело
вземе
вземи
взет
взета
взети
взетият
взето
взех
взеха
взил
взит
взих
взлом
взломен
взор
взра
взрив
взриф
взур
вигвам
вид
видел
виден
видео
видеофон
видех
види
видим
видиш
видов
видоф
видра
видя
видял
видян
видяната
видят
видях
виене
виж
вижте
виза
визитен
визов
визон
визоф
визя
вик
викам
викарии
викарий
викач
викна
вила
вилка
виля
виме
вими
вина
винаги
винар
винен
винетка
вино
винт
вину
винце
виня
виола
вир
вираж
вираш
вирея
вири
вирна
вирус
виря
вис
висвам
висна
висок
висота
вист
висш
висша
висше
висши
вися
вит
витамин
витая
витло
вито
вихар
вихт
вихър
виц
вице
вици
виче
виш
вишестояшт
вишестоящ
вишна
вишня
вия
вкарам
вкащи
вкисвам
вклештвам
вклештване
вклештя
вклещвам
вклещване
вклещя
вкова
вкус
вкусвам
вкуся
вкъшти
вкъщи
влага
влагалиште
влагалище
владея
владика
влак
влака
влас
власт
властвашт
властващ
влах
влача
вледеня
вледя
влез
влезе
влек
влес
влетя
влече
влечи
влея
влиз
влизам
влик
влия
влияя
влог
вложа
влок
влоша
влуг
влъхва
влюбя
вляво
вляза
вменя
вмесвам
вмеся
вмета
внасям
внеса
внос
внук
внус
внуче
внуша
воаиор
воайор
воал
вобще
вода
водач
водевил
воден
водешт
водещ
водица
водка
водник
водолеи
водолей
водопои
водопой
водя
воеве
военштина
военщина
вожд
вожт
возач
возя
вои
воивода
воин
воина
воиник
воиника
воинико
воиници
воиниче
воиска
воиште
воище
вой
войвода
войн
война
войник
войника
войнико
войници
войниче
войска
вокал
вол
волан
волев
волен
волеф
воловар
волт
волю
воля
вонешт
вонештица
вонещ
вонещица
вонея
воня
вопал
вопъл
восак
восък
вот
воштеница
вощеница
воя
воят
вперване
вперя
вперям
впиша
впия
впреда
впреки
впряг
впряк
впуштам
впущам
вра
врабчов
врав
враг
вражда
враз
врак
вран
врана
врасли
врастяшт
врастяшта
врастяшти
врастяштия
врастяшто
врастящ
врастяща
врастящи
врастящия
врастящо
врат
врата
врах
врач
врача
вре
вред
вреда
вредя
врежа
вреждане
вреже
врежешт
врежешта
врежештата
врежешти
врежештите
врежештия
врежештият
врежешто
врежештото
врежещ
врежеща
врежещата
врежещи
врежещите
врежещия
врежещият
врежещо
врежещото
врежи
врека
врем
време
врене
врет
вреш
врештене
врештя
врещене
врещя
врид
врим
вриш
вродя
връв
връз
връзка
връс
връф
връх
връцване
връча
връштам
връштане
връщам
връщане
вря
врява
вряза
врязалия
врял
всаде
всадя
все
всевиждашт
всевиждащ
всезнаешт
всезнаещ
всека
всеки
вселя
всемогъшт
всемогъщ
всемоштен
всемощен
всеноштен
всенощен
всеобшт
всеобщ
всече
всечи
всея
всеяден
вси
всичката
всичко
всия
всред
всрет
встъпя
всуе
всуи
всъде
всъштност
всъщност
всяка
всяко
всякои
всякой
втака
втаче
втачи
втека
втикна
втори
втреса
втрештвам
втрештване
втрештен
втрештя
втрештявам
втрещвам
втрещване
втрещен
втрещя
втрещявам
втрия
втъка
втъкаха
втъче
втъчешт
втъчешта
втъчештата
втъчешти
втъчештите
втъчештия
втъчештият
втъчешто
втъчештото
втъчещ
втъчеща
втъчещата
втъчещи
втъчещите
втъчещия
втъчещият
втъчещо
втъчещото
втъчи
вуал
вуда
вудя
вужд
вуз
вузя
вуин
вуина
вуичо
вуичов
вуйн
вуйна
вуйчо
вуйчов
вулт
вулю
вуля
вуня
вургас
вус
вуят
вход
входник
входов
входяшт
входящ
входящи
вхот
вхуд
вчера
вчета
вчеша
вшия
във
въвра
въвре
въврели
въври
въвря
въглишта
въглиштар
въглиштата
въглиштен
въглища
въглищар
въглищата
въглищен
въдя
въжар
въжделен
въже
въжен
въжи
въз
възбуден
възврат
възвръштам
възвръщам
въздух
въздушен
въздълъг
въздържи
въздъх
възел
въззе
възземи
въззето
възлагам
възлезте
възмъжан
възмъжеешт
възмъжеещ
възправя
възпроизведи
възпян
възсиньо
възсиня
възстанови
възхитен
възходен
възходяшт
възходящ
вългария
вълк
вълколак
вълна
вълче
вълчи
вън
вънка
въобште
въобще
въпиешт
въпиещ
въпреки
върба
вървя
вържа
вързоп
върл
върна
върни
въртя
върха
върхар
върхове
върху
върша
вършано
вършачка
вършеешт
вършеешта
вършеешти
вършеештия
вършеешто
вършеещ
вършееща
вършеещи
вършеещия
вършеещо
вършеи
вършей
вършейте
въс
въся
вътор
вътре
вътък
въф
въшка
въшла
въшлив
вял
вям
вяра
вярвам
вярвашт
вярващ
вярна
вярно
вятар
вятър
г
габа
габав
габар
габен
габър
гавазин
гавак
гавот
гавра
гавря
гага
гагаузин
гагна
гад
гадая
гадел
гаден
гадже
гадност
гадя
газ
газен
газирам
газка
газов
газоф
газя
гаида
гаидар
гаика
гаиле
гаитан
гайда
гайдар
гайка
гайле
гайтан
гакам
гала
галаб
гален
галерия
галон
галоп
галош
галча
галя
гама
гамаш
гамба
гамен
гамжа
гамза
гана
ганаика
ганайка
ганка
ганьо
гара
гараж
гараш
гарба
гарбя
гарга
гаргара
гард
гарда
гарка
гарко
гарло
гарля
гарма
гармя
гарна
гарне
гарнирам
гаров
гароф
гарт
гарци
гарч
гарча
гас
гасар
гасе
гасен
гаска
гасна
гаснешт
гаснещ
гасок
гаст
гася
гат
гатам
гатер
гатна
гаф
гаче
гачи
гаши
гаштат
гаштета
гаштетата
гашти
гаштите
гаштички
гаштичките
гаштник
гащат
гащета
гащетата
гащи
гащите
гащички
гащичките
гащник
гвоздеи
гвоздей
где
гдето
гевезя
геврек
гега
геизер
геим
геиша
гейзер
гейм
гейша
гемия
ген
гении
гений
геодезен
геология
гепя
герак
герб
герен
герои
герой
герп
гестапо
гето
гету
ги
гибел
гибон
гига
гид
гиди
гидия
гизда
гиздя
гийм
гилда
гилза
гина
гипс
гипя
гира
гирб
гит
гито
гише
гиши
глава
главен
главоч
главя
главявам
глад
гладория
гладя
гланц
глас
глася
глат
глач
гледай
гледиште
гледище
глезя
глеч
гликоза
глина
глист
глич
глоба
глобя
глог
глок
глуг
глума
глумя
глух
глуша
глушалия
глушана
глушахте
глушеи
глушей
глътна
глъч
гнева
гневът
гневя
гнет
гнетя
гнида
гниещ
гнил
гнит
гния
гноен
гноене
гноиник
гнойник
гном
гноя
гну
гнум
гнус
гнуся
гнуя
гняв
гнява
гняф
го
говея
говор
годе
годеж
годен
годеш
годи
годишен
годя
годявам
гозба
гол
голея
голов
голоф
голтака
голтакът
голф
голям
гонг
гонител
гонк
гонка
гонче
гоня
гора
горак
горд
горе
горелка
горен
горене
горещ
гори
горист
горт
горча
горък
горя
госен
гост
гостя
готвя
готин
готов
готоф
гоя
граб
грабвам
грабване
грабител
грабя
град
града
градът
градя
граифер
грайфер
грак
грам
гранатен
гранд
грант
граня
грапа
грапя
грат
гратис
граф
графа
график
графиня
грах
грача
греба
гребенче
гребец
греда
греивам
греидер
греика
греина
грейвам
грейдер
грейка
грейна
грес
греха
греша
грешка
грея
греян
грива
гривна
грижа
гриза
гризу
грил
грим
грип
грис
гриф
грия
гроб
грог
грозд
грозде
грозен
грозт
грозя
грок
громя
гроп
гроса
грот
грохам
грош
груб
грубоват
груг
грунд
грунт
груп
група
групичка
грут
груш
гръб
гръд
грък
гръм
гръндж
грънци
гръп
грът
губер
губя
гугла
гугутка
гуде
гудя
гузен
гукам
гулаш
гулия
гулф
гуляи
гуляй
гуляя
гума
гумен
гунг
гуня
гура
гурд
гуре
гуря
гусла
густ
гуша
гушав
гушаф
гушка
гушна
гущер
гущеров
гъба
гъбав
гъбар
гъбаф
гъбен
гъвък
гъгна
гъдел
гъкам
гъквам
гълча
гълъб
гълъбица
гълъп
гъмжа
гъмза
гъна
гънка
гърба
гърбом
гърбя
гъргоря
гърда
гърка
гъркиня
гърко
гърло
гърля
гърма
гърмът
гърмя
гърна
гърне
гърци
гърч
гърча
гъсар
гъсе
гъси
гъска
гъсок
гъст
гъстея
гътам
гътна
гъши
гьол
гьон
гьул
гьун
гюбре
гювеч
гюл
гюле
гюли
гюлле
гюлов
гюлоф
гюм
гюме
гюми
гюрук
гяур
д
да
даб
дабак
дабов
давам
давка
давча
давя
дага
дагов
даденост
дажба
дажд
даже
дажи
даире
дай
дайре
дакел
далаг
далак
далг
далеч
далжа
далия
дам
дамга
дами
дамо
даму
дан
данак
данен
данер
данки
данни
дано
дану
данък
данъчна
даня
дар
дарак
дарба
дарва
дарво
дарение
даржи
дарител
дарля
дарма
даром
дарт
даря
даска
дата
датски
дах
дахав
дахам
дахна
дача
два
двадесет
двадесети
двадесетидве
двадесетиедно
двадесетитри
двадесетичетири
дваж
дваисе
дваисти
двайсе
двайсет
двайсти
двама
дванадесет
дванадесети
дванайсет
двата
дваш
две
двери
двеста
двете
движа
двоен
двоика
двоиник
двоичен
двойка
двойник
двор
двоя
двояк
двубои
двубой
двувръх
двугърба
двуокис
двуостър
двур
двуя
де
дебат
дебел
дебелея
дебит
дебна
дебнещ
дебра
дебют
дева
девер
девет
деветдесет
деветдесети
девети
деветнадесет
деветнадесети
деветнайсет
девиз
девис
девоика
девоики
девоико
девоиче
девойка
девойки
девойко
девойче
деди
дедите
деен
деец
деиност
деиствие
дейност
действие
декалог
декан
деканат
декар
деколте
декор
делба
делва
делен
делим
дело
делта
делу
деля
демек
демо
демон
дему
ден
дена
денди
дене
денел
денело
денем
денех
денехте
денеш
дени
денк
деня
денят
депо
депозит
депу
дера
дерби
дере
деребеи
деребей
дерма
дерт
десен
десертен
десет
десети
десни
детаил
детайл
дете
дето
детритен
дету
деца
дечица
джав
джаз
джас
джаул
джаф
джезве
джелатин
джин
джинс
джип
джиро
джоб
джоп
джуб
джудо
джука
джуна
джунгла
диаграма
див
дива
дивак
диван
диване
дивен
дивеч
дивея
дивя
дига
дигам
дигна
диди
диез
диен
диес
диета
диетика
диец
дизаин
дизайн
дизайнер
дизел
дии
дииз
дий
диканя
диктувам
дикция
дилар
дилаф
дило
дилър
диля
дим
димен
димо
димя
дина
динамо
динар
дине
динен
дини
динк
диня
диод
диот
дипла
дипломат
дипля
дипо
дира
дире
дирек
дирен
дирма
дирт
диря
дисидент
диск
дискета
дисплеи
дисплей
дите
дито
диуд
диф
дихател
дица
дишам
длаб
длаж
длан
длап
длето
длъж
длъш
днес
дни
днис
дните
до
доаиен
доайен
доба
добавям
добар
добив
добиф
добия
добре
добрувам
добър
довея
довижване
довиждане
довия
довлекат
довлечи
довличам
довод
довот
довържа
дог
догаряне
догма
догоре
додам
додея
доен
доене
дожаля
доза
доида
доидат
доиде
доидел
доидела
доидели
доидело
доидем
доидете
доидех
доидеха
доидеш
доидеше
доиди
доидох
доидоха
доизнося
доика
доин
дойда
дойдат
дойде
дойдел
дойдела
дойдели
дойдело
дойдем
дойдете
дойдех
дойдеха
дойдеш
дойдеше
дойди
дойдох
дойдоха
дойка
док
доказуем
докам
докачлив
докер
докла
докладна
докраи
докрай
докторат
докъм
дол
долап
долар
долен
долея
долма
долначерта
долу
дом
домат
домеин
домейн
домелела
домелели
домелете
домелех
домелеше
домен
доминион
домия
домля
домов
домоф
домошар
дон
дона
донасяне
доникъде
донос
допея
допир
допиране
допия
допра
допустим
допуша
дорасла
дорасло
дореждам
дорежем
дорежете
дорежеха
дорест
дореша
дори
досаждам
досам
досег
досек
досечете
досея
досие
дословен
доспа
доспели
доспещи
доспи
доспиш
доспя
дост
доставка
достижим
достои
достой
достъп
достъпен
досущ
досъхвам
дотам
дотук
дотъкана
дотъкано
дотъкаха
дотърча
дотъчела
дотъчеш
дотъчеше
доуча
доучване
доход
дохот
доцеждам
дочен
дочуя
дошал
дошла
дошли
дошло
дошъл
доя
доядам
доям
дояч
драг
драгост
драж
драже
драив
драивер
драйв
драйвер
драйф
драк
драка
драма
драскане
дращене
дращя
дребен
дреиф
дрейф
дремя
дреха
дрипа
дроб
дробя
дрозд
дрозт
дроп
дропс
друб
друг
дружа
дружба
друза
друк
друм
друмя
друскам
дръж
дрънна
дръш
дрян
дрянов
дуба
дубал
дубле
дубъл
дувар
дудук
дуел
дуен
дует
дуза
дуил
дуит
дук
дукат
дуло
дулу
дум
дума
думам
думба
думица
думна
дуна
дунда
дуо
дупе
дупи
дупка
дупча
дурак
дури
дуст
дух
духам
духач
духна
духов
духом
духоф
душ
душа
душен
душица
душка
душманин
душманка
душов
душоф
дуя
дуям
дуяч
дъб
дъбак
дъбов
дъбоф
дъвка
дъвча
дъвчене
дъга
дъгов
дъгоф
дъжд
дъжт
дълг
дългоног
дължа
дълк
дълъг
дълък
дън
дънен
дънер
дънки
дъно
дъну
дъня
дъп
дърва
дървесен
дърво
държава
държелия
държехме
държи
дърля
дърма
дърт
дъска
дъх
дъхав
дъхам
дъхаф
дъхна
дъщерен
дюбел
дюдюкане
дюза
дюим
дюйм
дюкян
дюлев
дюлеф
дюля
дюна
дюшек
дявам
дявол
дядка
дядо
дядов
дядоф
дяду
дякон
дял
дялам
дялов
дялоф
дяна
дянал
дяналите
дянат
дянато
дянах
дясна
дясната
дясно
е
еабота
евин
евнух
евреика
еврейка
евтин
егеиски
егейски
егида
его
егоизъм
едар
едва
едвам
еди
един
единадесет
единадесети
единайсе
единайсет
единия
единосъщ
една
едни
едничък
едно
едну
едрея
едър
еж
ежа
ежба
ежов
ежоф
ежув
езда
ездач
езеро
език
езиче
езуит
ей
ек
екам
екане
еквам
екип
еклер
еклив
еклиф
екна
екот
екран
експерт
експресен
екстра
екстракт
екут
ела
елек
елен
еленски
елече
елин
елинка
елипса
елит
елмаз
елмас
елов
елоф
елув
елф
елха
елхов
елхоф
елша
емаил
емаилов
емайл
емайлов
емблема
емвам
емир
емна
ему
енергия
енориаш
енфие
еня
еолит
епидемия
епика
епос
епоха
епус
ера
ербап
ерген
ергенея
ерес
ерзац
еркер
еров
ерос
еротизъм
ероф
ерув
ерус
есе
есеистка
есен
есени
есенни
ескадра
еснаф
естер
естество
естет
етаж
етан
етап
еташ
етер
етернит
етика
етил
ето
етюд
етют
ефект
ефенди
ефир
ех
ехо
ехтеж
ехтеш
ехтя
еча
ечене
ж
жаба
жабар
жабка
жабок
жабче
жабясвам
жаден
жажда
жак
жакет
жал
жалад
жалак
жалба
жалеика
жалейка
жален
жалея
жалон
жалт
жалуз
жалус
жалък
жаля
жана
жанр
жар
жарак
жарсе
жарта
жарък
жатва
жега
жегна
жежак
жежък
жезал
жезъл
желад
желан
желая
желе
желъд
желът
жена
женен
жених
жено
жену
женя
жерав
жераф
жест
жетва
жетварка
жетон
жив
живак
живец
живея
живо
живот
живущ
жига
жизнерад
жила
жилав
жилаф
жиле
жилищен
жилка
жилна
жило
жилу
жиля
жина
жино
жиня
жираф
жист
житар
жител
житен
житие
житница
жито
житу
жиф
жица
жичен
жичка
жлач
жлеб
жлеза
жлеп
жлиб
жлъч
жокеи
жокей
жонгльор
жребии
жребий
жребя
жрец
жриц
жрица
жужа
жужукане
жулна
жуля
жумя
жупел
жури
жълт
жълъд
жълът
жъна
жътва
з
за
заб
забавен
забар
забат
забежка
забеля
забелям
забен
забер
забец
забия
заблатен
заблуден
забоен
забои
забоина
забой
забойна
забче
забя
забягнал
завален
заварка
заваря
завеся
завет
завея
завзе
завзел
завидян
завидяна
завидяно
завиж
зависим
завиш
завия
завлякла
завлякъл
завод
завои
завой
завот
завра
завтъкна
завчера
завърна
завърши
завяване
загар
загиване
загоя
заграбя
загрубея
загръщам
загуби
загъна
загърляч
зад
задаване
задавен
задам
заден
заденела
заденело
задето
задиря
задочник
задоя
задух
задуха
задуя
задъхвам
задяна
задянали
зае
заек
заека
заел
заела
заели
заело
заем
заемане
заеме
заемка
зает
заетост
заех
заеха
заженвам
зазна
зазубрен
заида
заидат
заиде
заидел
заидем
заидех
заидеш
заиди
заидох
заик
заика
заил
заим
заит
заих
заици
заичар
заиче
зайда
зайдат
зайде
зайдел
зайдем
зайдех
зайдеш
зайди
зайдох
зайка
зайци
зайчар
зайче
заканвам
закачам
закича
закла
заклала
закле
заклех
заклеха
заклиня
заколеше
заколиш
закон
закрякам
закъдрям
закълнел
зал
зала
залайвам
залак
залая
залва
залеж
залез
залезеха
залепвам
залес
залеш
залея
залив
залиф
залог
залок
залоя
залп
залъжеше
залък
залюбвам
залязла
залян
замазвам
замак
замах
замая
замелела
замеля
заменяем
замеся
заметна
замия
замля
замляха
заморен
замра
замре
замрете
замри
замря
замък
замънкам
замърся
замятане
занаят
занижа
заник
заобля
заора
заострен
запад
запас
запася
запат
запек
запеням
запея
запис
запитване
запия
запладня
заплача
заплаша
заплета
заплувам
запойка
запор
запоря
започни
запоя
запра
заправям
зар
заради
заран
зарасна
зараста
зарати
зарежела
зарека
зареча
зарея
заридая
зария
зарна
зарно
зароден
заронвам
зароя
заръфам
заря
заряд
зарят
засадя
засечете
засея
засеян
заслуга
засмивам
засмоля
засмян
засне
заспа
заспейки
заспи
заспя
заспяло
заспяхме
застарея
застои
застой
застраховка
застроя
застудя
застъпя
зат
затая
затаявам
затворен
затуи
затуй
затулвам
затупкам
затурвам
затъквам
затъпея
зауча
захар
захарин
захваля
захлупак
заход
захот
зачувам
зачуя
зашал
зашия
зашла
зашли
зашло
зашъл
защита
защитен
защо
защу
защуране
заявка
заявя
заядам
заяждам
заям
зван
званя
звено
зверя
звук
звуча
звън
звънкам
звъня
звяр
звяра
здрав
здраве
здравеи
здравей
здраф
здрач
зебло
зебра
зеивам
зеика
зейвам
зейка
зеле
зелев
зелен
зеленило
зеленоок
зелеф
зелка
земен
земляк
земя
зенит
зер
зет
зетко
зетьо
зетьов
зетя
зетят
зефир
зея
зид
зидам
зидар
зиле
зима
зимас
зиме
зимен
зими
зимъс
зимя
зина
зит
зитя
зифт
злат
злато
златоуст
златя
злач
зле
злина
зло
злоба
зловреден
злодеи
злодей
злодумен
злонамерен
злорад
злословя
злост
злота
злояд
злоят
злъч
змеи
змей
змея
змеят
змииче
змий
змийче
змия
змияр
знаен
знак
знам
знаме
знача
зная
зноен
знои
зной
зноя
зноят
знуй
знуя
зоб
зобам
зобна
зобница
зобя
зов
зова
зодия
золюция
зомби
зона
зоология
зоп
зор
зора
зорак
зорък
зоф
зра
зреене
зрея
зрия
зрял
зубар
зубря
зубър
зубя
зува
зулум
зумер
зуна
зура
зурла
зъб
зъбар
зъбат
зъбен
зъбер
зъбец
зъбче
зъбя
зъзна
зъл
зълва
зъп
зърна
зърно
зян
зяносвам
зяпам
зяпач
зяпване
и
ибис
ивин
ивица
игла
иглен
игленик
иглу
иго
игра
играч
играя
игрек
игри
игрив
игриф
ида
идат
идва
идвам
идване
иде
идеал
идеен
идеики
идейки
идел
идела
идели
идело
идем
иден
идете
идех
идеха
идеш
идеше
идещ
идеща
идещи
идещо
идея
иди
идил
идим
идин
идиом
идиот
идих
идиш
идищ
идия
идна
идни
идно
идол
идул
идущ
идър
иезуит
иена
иерарх
ижба
ижов
из
изба
избавяне
избен
избера
избесвам
избия
изблещя
избор
избуя
избълвам
изван
извардя
извая
извеждам
извенявай
известие
изветрял
извея
извив
извивам
извиквам
извинявай
извит
извиф
извия
извлечем
извлечен
извлечех
извод
извор
извот
извря
извън
извържа
извършал
извяване
изгасяне
изгния
изговоря
изгукам
изда
издам
издател
издатък
издигнат
издиряне
издоя
издумам
издут
издуя
издържан
издържим
издялкам
издянал
издянат
изеча
изжегля
иззад
иззат
иззе
иззел
иззелата
изземеше
иззет
иззета
иззети
иззех
иззи
иззимя
изик
изкажа
изказ
изкас
изкла
изклана
изклучение
изключен
изключение
изколещи
изкоп
изкривя
изкукане
изкуфея
излаз
излак
излапане
излас
излая
излез
излезеше
излес
излет
излетя
излея
изливане
излитам
излишък
излоча
излъгах
излъгаха
излъскам
излягам
излян
измама
измацам
измацвам
измелела
измеля
изменчив
измет
измислям
измия
измля
измокря
измра
измре
измрете
измри
измря
измърся
изнасяне
изневяра
износ
износвам
изображение
изобретя
изобщо
изопщо
изора
изпадане
изпатя
изпея
изпипан
изпипвам
изпит
изпитвам
изпия
изповед
изпод
изподера
изпоряза
изпосека
изпосече
изпот
изпран
изпращам
изпъквам
изпънат
изпървен
изпъстря
израз
израс
изрежат
изрежел
изрез
изрес
изресвам
изрив
изриф
изрия
изрод
изроня
изрот
изроя
изръчкам
изряза
изрязал
изрязани
изсечеше
изсипвам
изсмея
изстои
изстой
изстояха
изстуден
изстърга
изтегли
изтерзая
изтикане
изтлея
изток
изтракам
изтъка
изтъкали
изтъках
изтърся
изумя
изумял
изуча
изуя
изфъфля
изход
изхот
изцапвам
изцепка
изцяло
изчерня
изчисля
изшаря
изшия
изява
изявя
изям
изясня
икам
икип
икна
икона
икот
илач
илек
илен
или
илик
илин
илит
илов
илха
илша
илюзорен
им
имам
имамин
имане
име
имейл
имен
имена
именит
името
имидж
имидш
имин
имир
имна
имот
импас
империя
имут
инак
инаквото
инат
инатя
иначе
инвенция
инверсор
ингресия
индус
инжекция
иновация
инсталирай
инструмент
интересен
интерессен
интернет
интирнет
интуиция
инч
иога
иод
иоден
иодов
ион
ионен
иот
ипос
ирес
иригатор
иридии
иридий
ирис
ирландец
иров
ирос
исен
иск
искам
исков
искоф
искра
искря
исландец
ислям
истина
истински
итаж
итан
итап
итер
итил
итстъпка
итюд
иферта
ифир
ихтиолог
ихтя
ишиас
ищах
ищец
ищиц
ищца
й
йарта
йезуит
йена
йерарх
йина
йлиент
йога
йод
йоден
йодов
йодоф
йон
йонен
йонтакт
йот
йуга
йупувач
к
каба
кабел
кавак
кавал
кавга
кадар
каде
кадем
кадемлия
кадене
кадет
кадия
кадмии
кадмий
кадря
кадър
кадя
каене
кажа
казак
казан
казах
казино
казус
каизер
каима
каимак
каиман
каинак
каисия
каиш
кайзер
кайма
каймак
кайман
кайнак
кайсия
как
кака
какав
какао
каква
какви
какво
каки
какин
како
какря
както
каку
какъв
какъф
кал
калаи
калай
калап
калаф
калач
калба
калбо
калбя
калва
кале
калем
кален
калеска
кали
калии
калий
калинка
калка
калн
калне
калня
калта
калфа
калции
калций
калча
калъп
калъф
калъч
каля
калявам
калям
кам
кама
камак
камаш
камба
камбии
камбий
камък
камъните
камъш
кана
канал
канап
канела
кания
канка
канон
кански
кант
кану
канче
каня
капа
капак
капан
капела
капия
капка
капна
капо
капра
капрал
капу
капя
кар
каравана
карам
карат
карбид
каре
кари
кариер
кариера
карма
каро
карт
карта
картинен
кару
каря
кас
каса
касая
касис
каска
касов
касоф
каста
кат
каталог
катар
катедрен
катер
катерене
катет
катил
като
катод
катот
кату
катун
катурна
катър
каубои
каубой
кауза
кауш
кафе
кафез
кафен
кафениче
кафес
кафи
кафяв
кафяф
кахар
кахър
каца
кацам
кацар
кацна
кач
кача
качамак
каче
качество
качи
каша
кашав
кашалот
кашаф
кашица
кашон
кашу
каща
каюта
каютен
кая
каяк
квакер
квант
кварц
квас
квася
квитанция
квича
квота
кебап
кебапче
кегел
кегла
кедар
кедър
кеи
кеик
кеиове
кей
кейк
кейове
кекав
кекаф
кекс
келеш
келт
келяв
келяф
кенар
кепе
кесар
кесийка
кесим
кесия
кеф
кефал
кефир
кефна
кец
кеч
кече
кеш
кешбек
кешки
кея
кеят
ки
кибик
киви
кивот
кийк
кикот
кикс
кил
кила
килер
килим
килия
килна
кило
килт
килу
кимам
кимна
кино
кину
киоск
кипвам
кипе
кипеж
кипеш
кипна
кипря
кипя
кипял
кир
киреч
кирия
кирка
кисел
кисна
киста
кит
кител
китен
китка
китов
китоф
китя
кифла
кихам
кихна
кич
кича
киче
кичур
киша
кишав
кишаф
кият
кла
клада
клан
клана
клане
клани
кланият
клано
клапа
кларинет
кларнет
клас
класа
класене
клася
клатя
клах
клаха
кле
клеи
клеимо
клеимя
клей
клеймо
клеймя
клел
клела
клели
клело
клема
клен
клепачен
клепя
клет
клех
клеха
клеча
клещи
клея
клеят
клиент
клий
клика
клил
клин
клиника
клинч
клип
клипс
клир
клисура
клит
клих
клише
клия
клокот
клон
клона
клонът
клоня
клоун
клуб
клун
клуп
клъцвам
кльомба
клюка
клюн
ключ
кмет
кмит
кнехт
книга
книжа
княже
княз
княза
князе
княс
коала
коалирам
кобра
кобур
кобя
кова
ковак
ковач
ковък
кога
кого
код
кодек
кодер
кодов
кое
което
кожа
кожар
кожен
кожух
коз
коза
козар
козе
козел
кози
козия
козле
козов
козя
козяк
кои
коика
които
кой
койка
който
кок
кокал
кокошкар
кокс
кол
кола
колаж
колаи
колай
колак
колан
колар
колач
колаче
колба
колеж
колел
колелото
колет
колех
колещ
колие
колим
колит
количка
колиш
колко
колос
колче
коля
колят
кома
комаи
комай
комар
комат
комик
комин
комисия
комка
комкам
компютар
компютър
кому
кон
конак
конвои
конвой
коне
конен
конец
конзола
кони
конникът
коноп
контакт
конте
контекст
конто
контрол
контя
конус
концесия
конче
коня
коняк
коняр
конят
копа
копаене
копан
копар
копач
копая
копие
копка
копна
копои
копой
копче
копър
кора
кораб
корав
коравина
корал
коран
корда
кордела
корем
корен
кореня
коритар
кория
корк
кормя
корпорация
корпусен
корт
коря
кос
коса
косам
косат
косач
косене
косо
кост
косъм
кося
кот
кота
котак
котва
коте
котел
котен
коти
котка
котле
котя
кофа
кофар
коч
кочан
коче
кочи
кочия
кош
кошер
кошия
кошничка
кошуля
кошче
коя
която
краб
крав
крава
краваи
кравай
краве
кравя
краг
крада
краен
кража
краи
край
крак
крака
крале
кралю
краля
кран
крап
красив
красота
краст
крастав
крася
краткост
крах
крача
краче
крачол
края
краят
креда
кредит
кредитен
кредо
крем
креол
крепител
крепост
крепък
крепя
крещя
крив
криволя
кривоног
кривя
криза
крик
криле
крим
кримка
крин
крина
крипто
критичен
критичка
криф
крия
кроеж
кроене
кроика
кройка
крона
крос
кроя
крояч
крус
крут
круша
круя
кръв
кръвнина
кръг
кръжа
крък
кръпка
кръст
кръф
кръшен
кръщелен
кръщение
куб
кубе
куби
кубик
кубче
кубя
кува
кувейтка
куга
куго
кужа
куза
кузе
кузя
кука
кукам
кукер
куки
кукла
куко
кукс
куку
кула
кулак
култ
куля
кум
кума
куманин
кумец
кумир
кумов
куму
кумя
куне
кунка
куня
куп
купа
купе
купел
купешки
купи
купол
купом
купон
купувач
купче
купя
кура
кураж
курк
куркане
курс
курсант
курт
куря
куса
кусам
кусна
кусо
куст
кусур
куся
кута
куте
кутия
кутре
кутя
куфа
куфар
кух
кухня
куц
куцам
куча
куче
кучи
кучия
кучка
къде
къди
къдря
къкря
кълба
кълбо
кълбя
кълва
кълка
кълн
кълне
кълнелия
кълнещия
кълня
кълча
към
къна
кънка
кънтя
къпален
къпя
кър
кървя
кърма
кърмилка
кърмя
кърпа
кърпя
кърт
къртя
кърша
къря
кърят
къс
късам
късен
късно
късче
кът
кътам
кътен
кътче
къч
къшеи
къшей
къща
къщен
кьорав
кьосе
кьоше
кюлоти
кюлче
кюмбе
кюмюр
кюнец
кюп
кюпче
кюрд
кюре
кюри
кюрт
кюспе
кюта
кютук
кютюк
кюфте
кючек
кяр
л
лав
лава
лавка
лавра
лавър
лага
лагер
ладия
лаеве
лаене
лажа
лаже
лазарен
лазене
лазер
лазерен
лазур
лазя
лаивам
лаик
лаика
лаинер
лайвам
лайка
лайнер
лак
лака
лакеи
лакей
лакирам
лаков
лаком
лакта
лала
лале
лали
лама
лампа
ламтя
ламя
ланец
ланшен
лаоски
лапа
лапад
лапам
лапна
ларва
ларго
ласка
ласкав
ласо
ластичен
ласу
лаф
лафет
лах
лач
лача
лачен
лащя
лая
ле
лебед
лев
левак
левачка
левга
левица
левов
легат
легация
леген
легия
легло
легна
лед
леден
леене
лежа
лежачка
лежащ
леиди
леика
лейди
лейка
лек
лекар
лекарка
лекаря
лекарят
леке
лекоумие
лекторат
лекция
леле
лелея
лелка
леля
лемур
лен
ленен
ленив
ленно
лента
лентяи
лентяй
леня
лепенка
лепка
лепкав
лепна
лепнещ
лепта
лепя
лес
леса
лесен
леска
лет
лета
летва
лете
летеж
летен
летец
летни
летя
леф
лефер
леха
леш
леща
лещак
лещен
лея
леяр
леярница
ли
лиана
либе
либерал
либи
либийски
ливна
лига
лигав
лигавче
лигла
лидер
лижа
лизна
лик
лика
лике
лико
ликов
лику
лилав
лиле
лилиев
лилия
лиля
лимба
лимит
лимон
лимонен
лимфа
лин
линея
линия
линк
линч
линя
липа
липак
липов
липса
липя
лира
лирик
лис
лиса
лисване
лисна
лист
листи
листо
листове
лита
лите
литии
литий
литна
литра
литри
литър
литя
лифт
лиха
лихва
лице
лицев
лицеи
лицей
лиценз
лицензен
лици
лича
личба
личен
личност
лиша
лишавам
лишаване
лишеи
лишей
лишен
лища
лияр
лобен
лобут
лов
ловен
ловец
ловък
ловя
логик
логин
лого
лодка
лоен
ложа
ложе
ложи
лоза
лозар
лозе
лози
лозов
лои
лоин
лоита
лой
лойта
локал
локам
локва
локум
лом
ломя
лоно
лорд
лорт
лос
лост
лот
лото
лотос
лоф
лоча
лош
лошав
лоялност
лоясвам
лувя
луга
лугав
луго
луд
лудея
луен
лужа
луже
луза
лузе
лук
лукав
луканка
луков
лукс
луксозен
лула
лумба
лумна
лумя
луна
лунав
лунапарк
лунен
луно
лупа
лупам
лупинг
лупна
лурд
луст
лут
лутам
лутаница
луто
луфт
луча
лучен
лъв
лъвче
лъга
лъгал
лъгала
лъган
лъгах
лъжа
лъжат
лъже
лъжел
лъжелия
лъжело
лъжем
лъжех
лъжец
лъжеш
лъжещ
лъжи
лъжла
лъжовен
лък
лъка
лъков
лъсна
лъф
лъх
лъхам
лъхане
лъхна
лъхтя
лъч
лъча
лъчев
лъщя
любим
любимец
любов
любя
люк
люков
люлея
люлка
люляк
люпя
люспа
лют
лютив
лютивина
лютиче
лютня
лютя
люшна
лющя
ляв
лягам
лятна
лятната
лятно
лятос
ляф
м
ма
мавър
маг
магазин
маган
магия
магма
магнии
магний
маж
мажа
маже
мажо
мажор
маза
мазач
мазе
мазен
мазна
мазня
мазол
мазут
маи
маика
маики
маико
маина
маиор
маиски
маитап
маичин
май
майка
майки
майките
майко
маймунка
маймунскоа
майна
майор
майски
майтап
майчин
майчичка
мак
мака
макак
макар
макет
маков
малак
малко
малц
малцов
малък
мама
мамин
мамини
мамка
мамон
мамул
мамут
мамя
мана
манаф
мангал
манго
маневра
манеж
маниер
мания
манна
мантиса
манто
манш
мар
маразъм
марж
мари
марка
марля
март
марш
маса
масаж
масив
маска
маскаря
масларка
маслинов
масло
масов
масон
маст
мастит
масур
мат
матка
матов
матя
мафия
мах
махам
махвам
махна
махов
маца
мацам
мацване
мацка
мацна
мач
мача
мачта
маша
мащаб
мая
маяк
ме
мебел
мед
медал
медар
меден
медец
медиана
медии
медик
медия
медов
между
мезе
мек
мекост
мелба
меле
мелез
мелел
мелела
мелех
мелехме
мелещ
мелещо
мелим
мелис
мелиш
меля
мелят
мемоар
мен
мене
менза
менингит
мента
менче
меню
меня
мера
мерак
мерач
мерен
мерки
мерси
меря
меса
месар
месач
месен
месец
месинджър
месия
месо
местене
место
местя
месу
меся
мет
мета
метал
металик
метан
метач
метеж
метил
метис
метла
метна
метод
метох
метреса
метрика
метро
метър
мех
механик
мехур
меца
меч
мече
мечешки
мечи
мечка
мечок
мечта
мешам
мешан
меше
мивка
миг
мигам
мигар
мигач
мигла
мигна
мигом
мида
миден
миене
мижа
мижав
миза
мик
микро
микроб
мил
милея
мили
милиард
милиарден
милион
милионен
мим
мимик
мина
минал
минен
минзухар
минии
миний
миниране
министерство
минор
минус
мир
мираж
мирен
мирис
миро
миров
миру
миря
мирянин
мис
мисир
мисис
мисия
мисля
мистерия
мистик
мисъл
мит
митница
мито
миту
мицел
миши
мишка
мишле
мишница
мишок
мишца
мия
мияч
млад
млак
млат
млатя
млекарка
млеко
млели
млети
мливо
млък
мля
мляко
млял
мляла
мляло
млян
мляскам
млят
млята
млято
млях
мляха
мнение
мним
много
многолик
множа
множимо
моаре
мобилен
мога
могат
могла
могли
моглия
могло
могъл
могъщ
мода
модел
модем
моден
модерен
модул
мое
моему
моето
можа
можах
може
можел
можем
можех
можеш
можещ
можещия
мозаичен
мозък
мои
моите
мой
мокет
мокря
мокър
мол
молба
молец
молив
молла
моля
мома
момея
момин
момко
момци
момче
момък
монах
монета
монолог
мор
морав
морал
морга
море
морен
морж
морз
морс
морук
морш
моря
моряк
мост
мострен
мотам
мотая
мотел
мотив
мото
мотор
мохер
мочур
мощ
мощен
мощност
моя
моят
моята
моятпрофил
мра
мрави
мравчи
мраз
мразовит
мразя
мрак
мраморен
мрас
мрат
мрача
мре
мрежа
мрели
мрем
мрени
мрете
мреш
мреше
мри
мръзна
мръкване
мръсен
мръщя
мря
мрял
мряла
мряло
мряна
мрях
мряха
мряхме
му
муга
муда
муден
мужа
муже
мужик
муза
музеен
музеи
музей
музика
мукам
мулат
муле
муля
мума
мумия
мундир
мура
муре
мурж
мурз
муря
муселин
муска
мускус
мускусен
мусон
муст
муся
муто
мутра
муфа
муфел
муфт
муфта
муха
мухам
мухла
мухъл
муча
муша
мушка
мушна
мушу
муят
мъгла
мъдрец
мъдря
мъдър
мъж
мъжа
мъждукам
мъждя
мъже
мъжки
мъжле
мъжо
мъжов
мъжу
мъжът
мъзга
мъка
мъкна
мълва
мълвя
мълча
мълчание
мъмря
мъник
мър
мързи
мърла
мърлив
мърля
мърся
мърша
мъст
мъстя
мътен
мътност
мътя
мъх
мъхав
мъхат
мъхов
мъча
мъчен
мъш
мюре
мязам
мякам
мякане
мяра
мяркам
мярката
мярна
място
мятам
мяукам
мяуча
мях
мяха
н
на
набая
набег
набера
набит
набия
наблея
набор
набрашня
набуча
набързо
навалям
навеи
навей
навеки
навес
навея
навзе
навик
навирям
навия
навлечеш
навлизам
навло
наводня
навои
навой
навра
навря
навуща
навъждам
навън
навърша
нагазин
наган
нагар
нагласа
нагон
наготово
нагоя
нагоявам
награда
нагрявка
нагъвам
нагъл
над
надалеч
надаря
надве
надвесен
надвзе
надвзет
надвзеха
надежден
наденели
надея
надзе
надземи
надои
надой
надойде
надойди
надошло
надоя
надпера
надпиша
надрасте
надрасти
надрежеш
надрежещ
надрежи
надскоча
надувам
надут
надуя
надя
надям
нае
наежа
наел
наела
наелата
наели
наело
наем
наемане
наеме
наемем
наемен
наемех
нает
наех
наеха
назад
назе
назел
назет
назетата
назетото
назех
назъбя
наи
наивница
наилон
наистена
наистина
най
най-голям
най-добър
най-накрая
най-новият
найголям
найдобър
найлон
найнакрая
найновият
накача
накипрям
накит
накла
наклоненачерта
наколят
накраи
накрай
накуп
накупя
налапане
налая
налеп
налея
нали
наливане
налог
наломя
налудея
налъм
нам
намаля
намек
намелиш
намери
наместо
намля
намляха
намокря
намъдрям
нане
нани
наниз
нанос
нанякъде
напад
напаря
напасвам
напев
наперяне
напет
напечеля
напея
напипвам
напирам
напия
напои
напой
напомадя
напор
напоя
направя
напраша
напук
напън
нар
нараждам
нараслия
нарастял
нарастях
наред
нарежещ
нарез
наричам
нария
народ
народя
нароча
нароя
наръфвам
наръч
наряд
нас
насам
насветля
насечен
насея
насип
наспа
наспалия
наспи
наспя
наспялия
наспяло
настои
настой
настоял
настоях
настрой
насън
насъщ
нат
натам
натегна
натепя
натрии
натрий
натъжа
натъкал
натъкано
натъчеше
наука
наум
наумя
науча
наушник
нафта
нахал
нахвана
нахут
нация
нацупя
начало
начета
начеша
начин
начислен
начуквам
наш
наша
наше
нашиване
нашийник
нашир
нашия
нащърбям
наяве
наям
не
небарнат
небе
небелен
небен
небит
небце
неведнъж
неведом
невеж
невен
невери
невесел
невещ
невкусен
невропат
невям
невярно
негли
него
негов
неговият
негроид
негу
негър
негърски
недаващ
недалеко
недеи
недей
неделови
неделящ
неден
недовиж
недоимък
недопит
недра
недро
недъг
нежелаещ
нежен
нежив
нежит
незабавен
незаконен
незакрит
неи
неиде
неизтрит
неин
неина
неини
неиния
неино
неисе
неискрен
неистина
ней
нейде
нейна
нейни
нейния
нейно
нейсе
нека
нелек
нелеп
нелош
немаи
немай
немец
немея
немил
немилост
немит
немкиня
немощ
нему
необучен
необходим
неодялан
неокосен
неолит
неон
неопходим
неохота
неоценен
непалски
неплатен
непокаян
неправ
непразен
неприет
нерад
нерв
нереален
нерез
нерф
нерядка
несвяст
несериен
нескован
несмутен
неспир
неспъван
несрещан
нестинар
несъден
несъщ
нетен
нето
нету
неуважен
неудобно
неудопно
неук
неумиращ
неумирим
неун
неусвоен
неустоим
нефт
нехая
нехранен
неценен
нечие
нечии
нечий
нечия
нечут
нещастен
нещичко
нещо
нещу
нея
ни
нива
нивга
ниво
ниву
ние
нижа
низ
низов
низш
низша
низшата
низше
низши
низък
нииде
нийде
никак
никаквец
никакъв
никел
никна
никога
никое
никои
никой
никоя
нима
нимфа
нипел
нис
нисш
нисша
нисше
нисшето
нисши
нисък
нит
нито
нитов
ниту
ничие
ничии
ничий
ничия
ниша
нишан
нишка
нишки
нищета
нищо
нищу
нищя
но
нобилен
нов
новак
новела
новини
нога
ноев
ноеф
нож
ножар
ножче
нозе
нокти
нокът
номад
номер
номерата
норка
норма
норматив
нос
носач
носен
носене
носия
носов
нося
нота
нотен
нотка
ноф
нош
нощ
нощем
нощен
нощес
нощувам
нрав
нравя
нраф
нрежа
нуга
нуев
нужда
нужен
нузе
нузика
нула
нулев
нули
нулирай
нунции
нунций
нуся
нута
нюанс
нюх
нявга
някак
някое
някои
някой
някоя
ням
нямам
нянка
о
оагня
оазаруване
оазис
оари
оарола
обагрям
обадя
обаждане
обал
обаче
обая
обаян
обвея
обвия
обгар
обгоря
обе
обед
обезпеча
обезсиля
обезсоля
обект
обел
обела
обелване
обело
обеля
обем
обеме
обера
обесвам
обеся
обет
обето
обех
обеха
обехме
обеца
обещая
обзе
обзел
обзет
обзетия
обзето
обзех
обзор
обида
обидя
обиждам
обиждане
обир
обирач
обиск
обица
обич
обичаи
обичай
обичам
облак
област
облепвам
облече
облечете
облечеше
облея
облик
облог
обля
облякло
обмен
обнови
ободря
обоз
обои
обой
обор
оборотен
оборя
обос
образ
обран
обрастем
обрат
обратен
обред
обреже
обрежеха
обрив
обривам
обриване
оброк
обръч
обръщам
обрязах
обсаден
обсег
обсегна
обсечем
обсечеш
обстрел
обтакам
обтегач
обут
обуча
обучение
обуща
обуя
обход
обшия
общ
обществен
общинен
общност
объл
обърсвам
обява
обявен
обявя
обяд
обяздя
обят
обятие
овал
овен
овес
овея
овощи
овраг
овца
овце
овча
овчар
овчарски
овче
овчи
овчия
овършаха
оган
оглед
оглушееш
огнен
огняр
оголя
огреба
огрев
огрея
огрян
огрят
огън
огъна
огъня
огънят
ода
одар
одая
одве
одеве
одера
оджак
одимя
одит
одометър
одър
одърпам
ожалване
ожаля
ожена
оженя
оживя
ожуля
ожъна
озаря
озова
озон
озоря
озъбя
ой
ок
ока
окадя
окажа
окапвам
окапя
окача
окая
окаян
окаяност
океан
окис
окисен
окича
око
окова
окозя
около
окоп
окося
окото
окотя
окръг
оксид
октет
окумвам
окумя
окуця
окуча
окучвам
окъпя
окъсване
окъсявам
олащане
оле
олеле
олелия
олея
олижа
олимпиец
олио
оловдив
олово
олтар
олтарен
олук
олющя
омаен
омажа
омар
омара
омая
омаян
омбре
омбрела
омега
омеся
омета
омлет
омъжа
онази
оная
онези
онзи
ония
онлаин
онлайн
онлайнмагазин
онова
онуи
онуй
оньор
оньорен
оня
ооддръжка
оомощ
ооръчка
оотребител
ооща
опазване
опазя
опак
опал
опалвам
опаля
опан
опаря
опаса
опасвам
опасен
опасност
опвам
опека
опело
опера
оперя
опечаля
опея
опиат
опивам
опии
опий
опиля
опис
опит
опиум
опиша
опия
оплюя
опна
опора
опра
опразня
оптик
опуйчвам
опуля
опус
опуша
опция
опън
опъна
опържвам
ора
оравителство
оране
оратка
орач
орган
оргия
орда
орден
ордер
орева
орежа
ореже
орежете
орежех
орежещия
орежещо
орежи
орел
орен
ореол
орех
оригинал
ориз
орис
орле
орлов
орляк
орница
ороверка
ороня
орося
ортак
оряза
орязах
орязаха
орязахме
ос
оса
освен
осека
осекване
осекна
осел
осем
осемдесет
осемдесети
осемнадесет
осемнадесети
осемнайсет
осен
осеня
осече
осечи
осея
осеян
осигуря
осил
осияя
оскверня
оскърбя
ослабям
осмея
осми
особа
осов
осоля
ософ
остана
остен
острие
острижещ
остря
остър
осъдя
осякохме
от
отава
отавя
отбегна
отбив
отбир
отбия
отбои
отбой
отбор
отвес
ответ
отвея
отвия
отвлече
отвлечех
отвод
отводня
отвор
отворен
отвъд
отвън
отгатна
отгде
отговоря
отдаден
отдам
отде
отдел
отделям
отдето
отдих
отека
отеля
отец
отзад
отзвуча
отзе
отзел
отзелите
отзет
отзети
отзех
отзив
отида
отиде
отиделия
отиди
отказ
откак
откарам
отклик
отклоня
отключи
откопчей
откос
откраднат
откраи
открай
откуп
откъм
откърмя
откъртя
откъс
отлепям
отлея
отлив
отличен
отломя
отмахвам
отмахна
отмерен
отмия
отморя
отмра
отмре
отмреш
отмреше
отмри
отмря
отмяната
отне
отнел
отнела
отнелата
отнемеш
отнет
отнех
оток
отология
отопя
отпея
отпия
отплатя
отпор
отпоя
отправя
отпуша
отрая
отред
отрежем
отрез
отриване
отрия
отрок
отряд
отряден
отсам
отсенка
отсея
отспа
отспи
отспите
отспя
отстои
отстой
отстрана
отстъпка
отсъждам
оттам
отток
оттук
отуча
отучвам
отчая
отче
отчет
отчетен
отчужден
отшия
отща
отщат
отще
отщем
отщеш
отщипвам
отщя
отщял
отщях
отъпча
отям
оферта
офис
официален
офлаин
офлайн
офсаид
офсайд
офсет
ох
охвам
охкам
охлаждам
охлюв
охна
охота
охра
охрана
охуля
оцапване
оцеждам
оценка
оценя
оцет
оцъкля
очен
очерк
очертан
очеша
очи
очила
очите
ошав
ошарен
ошаф
ошутя
ощавя
още
ощетя
ощипя
оям
п
па
паваж
паве
павирам
пагон
падам
падеж
падна
падя
паеве
паж
пазар
пазаруване
пазач
пазва
пазя
паи
пай
пак
пакет
пакт
палав
палат
палач
пале
палеж
палет
палец
палка
палма
пална
палома
палто
паля
памет
памид
памук
пан
панамец
панда
панделка
пане
панел
панер
паника
паникьор
панкреас
пано
панта
пантоф
пап
папа
папам
папие
папирус
папка
папур
пара
парад
паразит
параф
парен
пари
парии
парий
парк
парков
парна
парно
парола
парти
парфе
парче
паря
парясник
пас
паса
пасаж
пасат
пасбищен
пасив
пасмина
паст
паста
пасха
пат
пате
пати
патка
патлак
патов
паток
патос
патриарх
патя
пауза
паун
паунд
паус
пача
пачка
паш
паша
пашалък
пашов
пая
паяжинен
паяк
паят
пеан
певец
пегас
педал
педиатър
педикюр
педя
пеене
пеизаж
пеика
пейзаж
пейзажен
пейка
пек
пека
пекар
пекарка
пекване
пекна
пелерина
пелин
пемза
пени
пенис
пенс
пеня
пепел
пепеляв
пепит
пер
пера
перач
пердаша
перде
перка
перла
перна
перо
перон
перце
перча
перя
пес
песар
песен
песни
пестицид
пестник
пестя
пет
пета
петак
петдесет
петдесети
петел
пети
петимен
петле
петнадесет
петнадесети
петнайсет
петно
петня
петорен
петте
петък
печал
печалба
печален
печат
печатане
печелещ
печен
печка
пеш
пешак
пеши
пешка
пещ
пещен
пея
пиано
пиаца
пиво
пивък
пигмеи
пигмей
пиене
пиеса
пиивам
пиина
пийвам
пийна
пик
пика
пикая
пикел
пикет
пикла
пикоч
пила
пилаф
пиле
пилеене
пилея
пилон
пилот
пилотен
пиля
пин
пингвин
пиния
пипав
пипам
пипе
пипер
пипетен
пипка
пипна
пир
пират
пиреи
пирей
пирит
пиров
пирог
пирон
писалище
писан
писар
писач
писвам
писец
пискюл
писмо
писна
писта
писукам
писък
пита
питам
питая
питие
питка
питон
пиукам
пица
пич
пиша
пишещ
пищен
пищов
пищя
пищял
пия
пиявица
пиян
пияч
плав
плавен
плавя
пладнина
плаж
плака
плам
пламтеж
план
пласт
плат
плата
плати
платинов
платка
платнен
плато
платя
плаф
плах
плац
плач
плача
плаш
плаша
плащ
плащайсега
плащане
плащяне
плебеи
плебей
плевя
плезя
племе
плен
пленница
пленя
плесна
плет
плета
плещ
плещя
плеър
плик
плисе
плитко
пловдив
плод
плодя
плот
плотер
плоча
площ
плуване
плуг
плук
плуя
плъзвам
плъзгам
плъзна
плъст
плът
плъх
плюна
плюс
плюш
плющене
плющя
плюя
плява
пляс
по
побая
побирам
побия
поближа
побои
побой
побоя
побягна
повеи
повей
повет
повея
повивам
повидела
повидян
повиж
повик
повия
повод
повратим
повреда
повря
повърна
повъртя
повярвам
погалвам
погасим
погладя
погна
погостя
под
подам
подарък
подбода
подваря
подвиг
подвижа
подвоумя
подготвя
подгърбя
поддръжка
поде
подел
поделия
подело
подем
поденели
поденело
поденете
подет
подето
подех
подзе
подземи
подигам
подир
подирам
подлепя
подлепям
подлостя
подлъже
подмажа
подмолие
поднасям
поднеса
поднови
подновяване
подобря
подов
подозрителен
подотдел
подоя
подпис
подрайон
подрасло
подрасте
подрежи
подривам
подритна
подсирям
подтекст
подут
подуя
подход
подчертавка
подшия
подъл
подям
подянат
пое
поел
поела
поелият
поело
поема
поеме
поемеха
поемеше
поен
поет
поетия
поето
поех
поеха
пожар
пожарен
пожълтя
поза
позарежа
позаряза
позаспи
позаспят
позволя
позив
позирам
позна
познавам
познаи
познай
познал
познахте
позор
поизмъча
поизнося
поизора
поизпия
поизрежи
поизсечи
поило
показ
покачвам
покая
покер
покле
поклякам
покои
покой
покраи
покрай
покритие
покруса
покупка
пол
пола
полая
поле
полеви
полет
полея
полза
ползувам
поливане
поливач
полиглот
полином
полип
полица
полк
полка
полов
половина
полог
получен
полъгали
полъжещо
полъх
полюс
полюшвам
поляк
полярен
помак
помая
помен
помета
помешчик
помия
помля
помляла
помлян
помляно
помлях
помляхте
помня
помолвам
помощ
помпа
помпон
помпя
помра
помре
помрете
помри
помря
помряха
помушвам
понавия
понагрея
поне
понечвам
пони
понякога
пооперя
поора
поотидех
поотишло
поощря
поп
попека
попея
попипане
пописвам
попия
поплувам
попрелея
попреям
попукам
попче
попщина
пор
пора
порастеш
поред
порежеща
порест
порив
порна
порои
порой
порок
порт
порта
портал
портокал
портфейл
поругая
порутвам
поръбяне
поръчител
поръчка
поря
порязал
посвестя
посев
посегна
посечем
посечеш
посея
поскане
после
последен
последователи
последя
посмелел
посмля
посмляло
посмляно
посока
поспа
поспахте
поспи
поспя
пост
постал
постилам
постови
постои
постой
постя
посядане
пот
поташ
потая
потвърди
потен
потир
поток
потомко
потон
потоп
потрая
потребител
потта
потулям
потъпча
потя
поувлека
поувлечи
поука
поуспало
поуспах
поуспиш
поуспят
поуча
похапвам
похищвам
похлопам
поход
похот
почва
почернея
почет
почин
почит
почитаем
почитане
почна
почти
почувам
почуя
пошаввам
пошта
пошъл
поща
пощада
пощат
поще
пощем
пощеш
пощя
пощял
пощяло
пощях
поя
поява
появя
поям
пояс
прав
права
правдив
правен
правителство
право
правя
праг
праз
празен
прак
пране
прас
прасе
прася
прат
пратка
пратя
праф
прах
прач
праша
пращя
пребежка
пребидох
пребогат
превзело
превод
превоз
превреш
прегъвам
пред
преда
предвид
предвит
преди
предидущ
предишен
предлог
предплатена
предупреждение
през
прекарам
прекипя
преливам
прелог
премелех
премета
премиера
премиум
премия
премлени
премлята
премряло
преносен
преправя
препълзя
прес
преса
пресека
пресипя
пресищам
преспало
пресрамя
пресуча
пресякъл
прет
претроша
претъкан
преучвам
преча
преям
преятно
при
прибавям
прибои
прибой
придавам
придвижа
придойда
придойде
прие
приел
прием
приет
приех
приеха
приз
призная
призори
прииом
прийом
прикарам
прилежащ
приложение
приложим
прилъжеш
прим
прима
примажа
примигам
примоля
примра
примрял
принуден
принц
прирасъл
прис
присадка
присвия
приспим
пристъп
присъщ
присягам
приток
прища
прище
прищеше
прищя
прищявам
приют
приям
приятели
приятеля
приятелят
приятно
про
проба
пробив
проблема
проблемът
пробои
пробой
пробойна
проверен
провери
проверка
провидях
провирам
прогноза
програма
прогрес
продавач
продай
продан
продупча
проектен
проза
прокоба
прокси
пролитам
пролом
промоция
промъкна
пропаст
пропелер
пропълзя
пророк
просече
просител
проследяване
просо
проспали
проспете
проспи
проспял
прост
простра
прося
просяк
просякъл
протест
протягам
профил
профилен
прощавка
проям
пружинен
пруски
пруст
пръв
пръквам
пръскач
пръст
прът
пръф
пръч
пряк
прям
прясното
псалм
псалт
псе
психо
псувам
птица
птиче
птичи
птичка
публичен
пудел
пудра
пудря
пуика
пуича
пуиче
пуичи
пуичия
пуйка
пуйча
пуйче
пуйчи
пуйчите
пуйчия
пукал
пукам
пукане
пукване
пукна
пукот
пул
пуле
пулп
пулс
пулсар
пулт
пуля
пума
пункт
пунш
пура
пусия
пуск
пусна
пуст
пуста
пуф
пуфтя
пух
пухам
пухен
пухна
пухов
пухтя
пухче
пуша
пушач
пушек
пушен
пушене
пушилка
пушка
пушна
пущам
пуяк
пфу
пчела
пчелен
пчелник
пъдар
пъдпъдък
пъдя
пъзел
пъзла
пък
пъкна
пъкъл
пълен
пълзене
пълзя
пълничък
пълня
пън
пъп
пъпен
пъпеш
пъпка
пъпля
първи
първичен
пържа
пързалка
пърля
пършив
път
пътем
пътен
пъти
пътувам
пътуване
пътя
пътят
пъхам
пъхна
пъхтя
пъча
пюре
пяна
пясък
р
раб
рабат
работа
рабя
раван
равен
равин
равня
рагу
радар
радея
радиан
радиатор
радии
радий
радио
радост
раж
раждане
раз
разбирам
разбои
разбой
разбутам
развала
развлече
развои
развой
развържа
разгеле
разглася
разговор
раздавам
разделя
раздера
разен
раззе
раззели
раззети
раззетия
раззехме
разказче
различим
размножа
размразя
разни
разора
разорен
разпадам
разпадна
разпарям
разпис
разписка
разправа
разпращя
разпродажба
разпът
разровя
разрушим
разсека
разтъкал
разузная
разум
разумен
разчитам
разшивам
разюздан
разям
раи
раибер
раие
раиове
раион
раиски
рай
райбер
райе
райове
район
районен
райски
рак
рака
ракия
ракла
раков
рали
рало
рама
рамената
рамка
рамо
рампа
рамя
рана
ранг
ранен
ранк
рано
ранчо
раня
рас
раса
расла
расли
расло
расна
расо
расов
раст
раста
расте
растежен
расти
расъл
рася
ратаи
ратай
ратен
ратя
рафт
рахат
рахит
раце
рачел
рая
раят
реагирам
реакция
реал
реален
ребро
ребус
рев
рева
реване
ревер
ревла
ревна
ревю
регистрацея
регистрация
регрес
ред
реден
редея
редица
редки
редникът
редници
редов
редом
редут
редя
реене
режа
режат
реже
режел
режела
режелата
режем
режех
режеш
режещ
режи
режим
режисйор
режисьор
режия
резач
резба
резе
резедав
резен
резервация
резец
резил
резка
резон
резоньор
резус
реид
реидов
реис
реисов
рейд
рейдов
рейс
рейсов
рейт
рейтинг
река
реквием
рекорден
реле
релеф
релефон
релса
реми
ремък
ренде
рента
репеи
репей
репи
ресекция
ресна
ресор
рестарт
ресто
ресторант
рет
ретуш
реф
рефер
рехав
рехавост
реч
речев
речен
речица
реша
решен
решим
решимост
рея
риба
рибар
рибарка
рибен
рибка
риган
рид
ридая
риж
риза
рикша
рима
римен
рина
ринг
ринк
рипам
рипна
рис
риск
рисов
рит
ритам
ритла
ритна
ритник
ритъм
риф
рифов
рицар
рицин
риш
рия
роб
роба
робия
робот
ров
ровък
ровя
рог
рогат
рогач
рогов
рогче
род
роден
родео
родея
родов
родом
родство
родя
роеве
роене
рожба
роза
розов
рок
рокля
рола
ролка
роля
ром
роман
ромб
ромбче
ромеи
ромей
ромол
ромон
ромп
ронлив
роня
роп
ропот
роса
росен
рося
рот
рота
ротен
ротор
роф
рохък
роша
рошав
рошла
роя
рояк
роял
роялист
рубин
рубла
ругая
руда
рудар
руден
руен
руж
ружа
руина
руйна
рукна
руло
румб
румба
румен
румп
рунд
руно
рунт
рупа
рупия
рупор
рус
русалка
русея
русин
руски
русло
русокос
рутя
рухна
руча
ручеи
ручей
руш
руша
рушене
ръб
ръбат
ръбя
ръгам
ръгна
ръж
ръжда
ръжен
ръка
ръкав
ръкавел
ръмеж
ръмжа
ръмжене
ръмя
ръп
ръсвам
ръсване
ръсене
ръст
ръся
рътя
ръфам
ръце
ръчен
ръченица
ръчка
ръчна
ръш
рядка
рядко
рядък
ряза
рязал
рязан
рязах
рязка
рязко
рязък
ряпа
с
са
сабя
савак
саван
саварина
сага
сад
садене
садя
сажда
саибия
саит
сайбия
сайт
сайта
сайтът
сак
сакат
сако
саксиен
сакън
сал
салам
салдо
сало
салон
салто
салца
салют
сам
самар
самба
самбо
самец
самка
самоличност
самун
самур
самуров
сан
санък
саня
сап
сапун
сапунар
сар
сараи
сарай
сараф
сарач
сарма
сарп
сарф
сас
сатен
сатир
сатър
сатърче
сауна
сач
сачма
сащ
саюз
сая
сбера
сбит
сбия
сблъскам
сбор
сборя
сбърчвам
свада
свако
сваля
сваря
сват
сватов
сватя
сведа
свеж
свекърва
свеня
сверя
свесвам
свестни
светване
свети
светъл
светя
свеш
свещ
свивам
свидя
свила
свине
свиневъд
свиня
свирачка
свирна
свиря
свит
свита
свитост
свише
свия
свлачище
свод
сводка
сводник
свое
свои
свой
свот
своя
своят
свра
сврачият
свръзка
свръх
свръщам
свържи
свързан
свъртане
свършек
свършен
свъся
свян
свяст
свят
святкане
сгазя
сган
сгащя
сговорен
сгода
сгодя
сгоря
сграбча
сгрея
сгур
сгуша
сгъна
сгърбен
сгърбуша
сдавя
сдам
сдрес
сдръж
сдуша
сдърпвам
се
сеанс
себе
себичен
севда
север
сега
сегиз
седем
седемдесет
седемдесети
седемнадесет
седемнадесети
седемнайсет
седеф
седло
седми
седна
седя
сеене
сезирам
сезон
сеим
сеир
сеиф
сейм
сейф
сека
секат
секач
секли
секлите
секна
секс
секси
секта
секторен
селда
село
селце
селя
селяк
селям
семе
семенник
семинар
семит
семка
семков
сенат
сенен
сенки
сено
сепия
сепна
септима
сервиз
серен
сери
серив
серия
серни
серт
серум
сесия
сестрица
сет
сетен
сетер
сетне
сетре
сетя
сефте
сеч
сече
сечел
сечелото
сечем
сечен
сечех
сечеш
сещам
сея
сеяч
си
сив
сивея
сигма
сигурен
сигурност
сила
силаж
силен
силов
силоз
силом
силя
симбиоза
син
синап
синеок
синец
синея
сини
синия
синка
синкав
синов
синод
синор
синус
синусен
синьо
синьото
сипвам
сипеи
сипей
сипка
сипна
сипя
сирак
сираци
сирен
сирене
сиреч
сироп
сиря
сит
ситен
ситня
сито
сиф
сифон
сияен
сияя
ска
сказка
скала
скалп
скап
скапвам
скапя
скара
скастрям
скат
скаут
скачане
скеле
скеля
скимтене
скиор
скиорка
скица
склад
склещвам
склон
скоба
сков
скова
сковавам
скок
сконтов
скопя
скорец
скоро
скоропис
скося
скот
скотски
скоуш
скоф
скоча
скреж
скрепвам
скривам
скрин
скриптя
скрит
скрия
скроя
скръб
скръцвам
скубане
скубвам
скубя
скука
скула
скумрия
скут
скъп
скъпя
скърпвам
скъся
слаб
слава
славеи
славей
славя
сладкиш
сладя
слама
слана
слап
сласт
след
следа
следя
слез
слезе
слезлите
слезлият
слепок
слепя
слес
слет
слетя
слеш
слея
слива
сливица
слово
словоред
сложа
сломя
слон
слот
слоя
слуга
служа
служба
слуз
слука
слус
слух
случа
случаи
случай
слъга
слъгвам
слъжа
слъже
слъжи
слюда
слюнчен
сляза
слязлата
слян
сляп
слят
смажа
смаля
смая
смаян
сме
смел
смелел
смелели
смелелия
смелехме
смелехте
смеля
сменя
смерч
смес
смеся
смет
смета
сметанов
сметка
смеха
смехове
смеховит
смешльо
смея
смил
смиля
смиря
смия
смлелият
смля
смлял
смлян
смлят
смлята
смлятият
смлях
смог
смок
смола
смоля
смрад
смразя
смс
смукване
смут
смутя
смуча
смучене
смуша
смъдя
смърт
смърч
снага
снадя
снажност
снаха
сне
снега
снежа
снел
снела
снели
снело
снеме
снемела
снемете
снеми
снеса
снет
снета
снети
снетия
снето
снех
снеха
снижа
снизя
снизявам
снимка
сниша
сноб
снова
сноп
сноша
сношение
снощи
сняг
сняга
сняк
соаре
соба
собственост
сова
совам
совна
сода
соден
содов
содомия
соев
соеве
соен
соеф
сои
соика
сой
сойка
сок
сокаи
сокай
сокак
сокет
сокол
сол
солен
соло
солов
соля
сом
сомейн
сомов
сонар
сонда
сонет
сопа
сопам
сопване
сопна
сопол
сорт
сос
составка
софа
софистка
софистки
софия
софра
софтуер
социален
социолог
соча
сочен
соя
соят
спа
спад
спадна
спазя
спал
спала
спали
спалня
спало
спам
спане
спаря
спася
спасяем
спат
спах
спаха
спеики
спейки
спека
спели
спестя
спете
спец
спечели
спеша
спеше
спешен
спешно
спешност
спещи
спи
спим
спирка
спирт
спиртник
спите
спица
спиш
спиша
сплав
сплетня
сплут
споен
споика
спойка
сполаи
сполай
спор
спора
според
спорет
спорност
спорт
споря
споя
спра
справям
спреи
спрей
спрея
спъна
спя
спял
спяла
спялият
спяло
спят
спях
спяха
спящ
спяща
спящо
сразя
срам
срамен
срамя
срасъл
сред
среда
срежа
среже
срежелия
срежи
срет
срета
среша
среща
срещен
срещу
срив
срина
сриф
срия
сродя
срок
срутя
сряда
сряза
срязала
срязалия
срязан
става
ставя
стаден
стадии
стадий
стадо
стаен
стаж
стан
стана
станок
стар
старолик
старт
стартирай
стартов
сташ
стая
ствол
сте
стек
стека
стеля
стена
стенопис
степ
степвам
стерео
стесня
стигам
стигане
стик
стил
стимул
стипца
стислив
стих
стихия
сто
стоеж
стои
стоик
стоика
стоим
стоите
стоиш
стой
стойка
стойност
стойте
стока
стоковед
стол
столче
стомашен
стомна
стон
стоп
стопя
сторя
стоте
стотен
стотна
стоя
стоял
стоят
стоях
стояхте
стоящ
стоящите
страж
странен
странни
страх
стрес
стригало
стрижело
стрийм
стрия
строг
строя
струг
струя
стръв
стръвник
стрък
стръмен
студ
студен
студя
стут
стъбълце
стъклар
стъклен
стъкло
стъкмя
стълб
стълбче
стълп
стъпя
стяг
стяк
суета
суетя
суинг
сукно
сулфид
сума
сумка
сумтя
супа
супен
супер
сур
суров
сутрешен
суфле
суфлирам
сух
сухар
суча
суша
сушав
сушен
сушилен
суяк
сфера
схапвам
схема
сцена
сцепвам
сцепя
счепквам
счета
счупя
счуя
съблечен
съблякла
събор
събота
събуване
събуя
съвет
съвзе
съвзета
съд
съдба
съдействие
съдия
съдов
съдържим
съдя
съеша
съжалявам
съжелявам
съзвучен
съзра
сълза
сълзя
съм
съмна
сън
сънен
сънла
сънчо
съня
сънят
съобщение
сър
сърбя
сървър
сърдитко
сърдя
сържава
сърма
сърна
сърне
сърп
сърф
сърфирам
сърце
със
съсед
съсек
съсел
съсечех
съсечеше
съсловен
съсловие
състои
състой
състойте
състоя
съсък
съсякла
сът
съученик
съхна
съчка
съчма
съшиване
съшия
същ
същия
същият
съюз
съюзя
съюс
сюжет
сюита
сюрия
сядам
сякаш
сякла
сякло
сяклото
сякох
сякъл
сянка
сяра
сярна
сярно
т
та
табак
табан
табла
табло
табор
табу
табун
тава
таван
таг
тага
таен
таене
тажа
таз
тази
тазов
таига
таина
таитски
таифа
таифун
тай
тайга
тайна
тайфа
тайфун
так
така
такава
таке
такса
такси
такт
такъв
такъм
талаз
талаш
талия
талк
талон
талпа
там
тама
таман
тамбура
тамян
тана
танго
танинов
танк
тантиема
танто
танц
таня
тап
тапа
тапет
тапир
тапия
тапя
тара
тараба
таран
тарг
тарга
тарел
тарикат
тарифа
тартор
тас
таст
татарка
тате
татко
татул
татък
тафта
тахан
тач
тача
таче
тачене
тачи
таща
тая
твар
твое
твои
твой
творя
твоя
твоят
твърд
те
теб
тебе
тегел
теглене
тегло
тегля
тегна
тежа
тежнение
тежък
теза
тезис
теико
теиков
теист
тейко
тейков
тек
тека
текна
текст
текущ
тел
теле
телекс
телен
телефон
телец
телце
телче
теля
теляк
тема
теме
темел
темерут
темп
темпо
тен
тенис
тения
тенор
теолог
теп
тепам
тепе
тепих
терен
терзая
териер
терк
терм
терор
терца
тесам
тесен
тесла
тесни
тест
тесте
тестикул
тесто
тетка
техен
техни
технико
технолог
теч
течен
ти
тиара
тиган
тигел
тигър
тик
тикам
тиква
тикна
тиков
тиксо
тил
тилда
тилен
тилов
тим
тимов
тиня
тип
типаж
типов
типограф
тираж
тиран
тире
тиролски
тисов
титан
титла
титра
титул
титулен
тиф
тифус
тих
тичам
тия
тлака
тлеещ
тленен
тлея
тлъст
тлъстея
то
тоалет
това
товар
товарен
тога
тогиз
того
тоест
този
тои
той
ток
тока
токен
токов
току
токче
том
томбола
томче
тон
тонаж
тонер
тоник
тонов
тонус
топ
топаз
топване
топен
топене
топка
топля
топна
топор
топуз
топче
топчия
топъл
топя
тор
торба
торбар
торбест
торен
тормоз
торнадо
торов
торс
торта
торф
торфен
торя
тост
тотем
тото
точа
точен
точка
точки
тоя
тояга
траен
трак
трал
тран
транс
трансакция
трансфер
трап
трапче
трапчив
трасе
траур
трая
требя
трева
тревога
тревожа
трезв
трела
трема
тренд
тренирам
трепя
треса
трети
трефа
трещя
три
трибои
трибой
трибунал
тривога
тридесет
тридесети
трижичен
триисе
трийсе
трийсет
трик
трико
трима
трина
тринадесет
тринадесети
тринайсет
трио
триод
трион
триор
триплекс
триста
трите
трица
трицепс
трия
тровя
троен
троика
тройка
тролеи
тролей
трон
тропвам
тропване
тропна
трофеи
трофей
троха
троша
трояк
труд
труден
трудя
труп
трупа
трупен
трупче
трус
трут
труфя
тръба
тръбя
тръкване
трън
тръне
трънка
тръпка
тръст
трюм
тряс
трясване
тряскам
ту
туба
туз
туи
туй
тук
тука
тулум
тулуп
туля
тумба
тумор
туна
тунел
туп
тупам
тупе
тупирам
тупна
туптя
тур
тура
турна
турне
турци
турците
турча
туря
турям
тус
тутам
туткам
туфа
тухла
тухлар
тучен
туш
тъга
тъжа
тъжба
тъжен
тъи
тъй
тъка
тъкал
тъкан
тъкат
тъках
тъкач
тъкмо
тъкмя
тълпа
тълпя
тъма
тъмен
тъмня
тъна
тънещ
тънея
тънтя
тънък
тъня
тъп
тъпак
тъпан
тъпея
тъпичък
тъпча
тъпчене
тъпя
търг
търгаш
търк
търнокоп
търпя
търсене
търси
търся
търтеи
търтей
търтя
търча
тъст
тътен
тътна
тътря
тъч
тъче
тъчел
тъчелия
тъчелото
тъчем
тъчех
тъчехме
тъчеш
тъчещ
тъчещото
тъчи
тъща
тюл
тюлен
тюрма
тютюн
тя
тяга
тяло
тялом
тям
тясна
тясно
тях
тяхна
тяхно
у
убая
убегна
убед
убедя
убел
убем
убет
убех
убзе
убиец
убиица
убийца
убир
убит
убич
убия
убля
убода
убоз
убой
убор
убут
убягна
уважа
уведомя
уверение
уверя
увеся
увирам
увия
увлечел
увлечеше
увод
увот
увра
уврат
увре
уврем
увреш
увря
угадя
угар
угася
угния
угода
угодя
угоя
угра
удавник
удавя
удам
удар
ударение
ударя
удача
удачност
удвоен
удвоя
удивя
удръж
удрям
удуша
удържите
уеб
уединя
уедря
уеп
уж
ужас
ужася
ужиля
ужким
узбек
узная
узо
узрея
узрял
уиски
укажа
указ
укас
уклон
укор
укоря
украса
укрия
укротя
улав
улаф
улеи
улей
улика
улица
улича
улов
уловя
улоф
улук
улуча
ум
умалител
умаля
умейл
умел
умен
умерен
умеря
умеся
умея
умивалня
умивам
умиля
умиря
умия
умник
умора
уморя
умра
умрат
умре
умрем
умреш
умри
умря
умрял
умрях
умряха
унася
уневерситет
унес
унеса
университет
унижа
унизя
унил
униформа
уния
унция
упадане
уплах
уплашен
упоен
упоика
упойка
упокои
упокой
упор
упоя
управление
упрек
упътване
упътя
ура
уран
уранов
урва
уред
уредя
урет
урина
уринирам
урна
урод
урожаи
урожай
урок
уроки
урология
уроня
урот
усвоя
уседя
усет
усетя
усилване
усиля
усоен
усои
усой
успа
успал
успало
успах
успете
успех
успея
успи
успим
успиш
успяване
успящ
успящия
успящият
уста
устав
устат
устен
устие
устискам
устна
устои
устой
устойчив
устоявам
устояхме
усуча
утаен
утаика
утайка
утая
утаяване
утежнея
утесня
утеха
утеша
утешавам
утешен
утоля
утрая
утре
утрин
утро
уф
ух
ухаен
ухам
ухане
ухапване
ухапя
ухая
ухиля
ухна
ухо
ухото
уцеля
уча
участ
учащ
учен
учене
учещ
училище
учителя
учителят
учком
учтив
учудя
ушен
ушите
ушия
ущърб
уют
уютен
уязвя
уяснение
уясня
ф
фабулен
фагот
фаза
фазан
фазов
фаида
фаил
фаилов
фаитон
файда
файл
файлов
файтон
факел
факир
факла
факс
факт
фактура
фалит
фалос
фалта
фалц
фалш
фалшив
фалшивя
фамилия
фанте
фар
фаров
фарс
фас
фасет
фасон
фасул
фаулирам
фауна
фаянс
федер
фен
фенер
феникс
фенол
ферма
фес
фест
фетиш
фехтувам
фея
фиба
фибра
фибър
фиде
фиев
фиеф
физик
физиолог
фии
фий
фикус
филе
филиз
филия
филм
филц
фин
финал
финанси
финес
финт
фиорд
фира
фирма
фиск
фит
фитил
фитирия
фиш
фишек
фишинг
флаг
флак
фланг
флаш
флеита
флейта
флирт
флопи
флора
флот
флотски
флотура
флуид
флуор
флуорид
фоаие
фоайе
фобия
фога
фокстрот
фокус
фолио
фон
фонд
фонов
фонт
форзац
форма
форматен
формен
формя
форт
форум
форца
фосген
фото
фотон
фотос
фраза
фрак
фрактура
франк
фрегата
фреза
фреим
фрейм
френски
фризирам
фронт
фуга
фугас
фукам
фукла
фукна
фукня
фуния
фунт
фураж
фурия
фурма
фурна
фурор
фуста
фут
фута
фуча
фъкам
фъфля
фюрер
фючър
х
ха
хаб
хабен
хабер
хабя
хава
хаван
хавлиен
хаджи
хазна
хазър
хаи
хаиван
хаивер
хаиде
хаидук
хаика
хаилаз
хаита
хай
хайван
хайвер
хайде
хайдук
хайдушки
хайка
хайлаз
хайлайф
хайта
хак
хакам
хакер
хакнат
хал
хала
халат
халба
халва
хале
халеев
халиф
халка
халм
халос
хамак
хамут
хан
ханджия
ханш
хаос
хап
хапка
хапна
хапче
хапя
харем
харен
харпия
харта
хартия
харч
харча
хасе
хасен
хатър
хаш
хашиш
хвала
хвалене
хваля
хвана
хвоина
хвойна
хвойнов
хвощ
хе
хеи
хей
хек
хектар
хелии
хелий
хем
хергеле
херинга
хи
хидра
хиена
хижа
хии
хий
хикс
хилав
хилка
хилус
хиля
хиляда
хиляден
химик
химикал
химия
химн
хинди
хинин
хипи
хистолог
хит
хитър
хич
хищен
хлад
хладя
хлапе
хласвам
хлат
хлебен
хленч
хлипам
хлопване
хлор
хлорид
хлъзна
хлътвам
хлъцвам
хляб
хляп
хм
хмел
хоби
хобот
ход
ходов
ходом
ходя
хоикам
хойкам
хокам
хокеи
хокей
хол
холан
хомот
хоп
хор
хорал
хорда
хоризонт
хоро
хоров
хост
хостинг
хот
хотел
храм
храмов
храна
хранилище
хранилка
храня
храст
храча
хрема
хремав
хрип
хром
хрупам
хрускане
хрущя
хрян
хубав
хукване
хукна
хула
хулен
хуля
хума
хумор
хумус
хунски
хунта
хурка
хусар
хусарски
хъб
хъкам
хълм
хъмкане
хъп
хърба
хъхря
хъш
ц
цака
цакам
цап
цапам
цапна
цар
царе
царев
царна
царствен
царю
царя
цаца
цвеклов
цвета
цвете
цветист
цветът
цвиля
цвят
цвята
цев
цевен
цедка
цедя
цезии
цезий
цел
целя
цена
ценен
ценз
ценител
ценов
ценс
цент
център
ценя
цепене
цепка
цепна
цепя
цер
церов
церя
цесия
цеф
цех
цехов
циан
цивка
цивря
циганор
цигара
цигла
цидео
цикла
цикля
цикъл
циментен
цинизъм
циник
цинк
циолог
цип
ципа
циреи
цирей
цирк
циста
цитат
цитра
цифра
цица
цицам
циция
цицка
цицна
цокам
цокъл
цол
цолов
цопам
цопна
цукам
цупя
цход
цъкам
цъкане
цъкна
цъфна
цъфтя
цъфтящ
цял
цяр
цяра
ч
чавка
чадо
чадър
чаеве
чаен
чаи
чаика
чаина
чаиник
чай
чайка
чайна
чайник
чак
чакал
чакам
чактисам
чакъл
чалване
чалга
чалдисам
чалма
чална
чалъм
чам
чамов
чанта
чао
чапла
чар
чарк
час
часов
часови
част
частен
чат
чатал
чаталест
чаткане
чатна
чауш
чаша
чашка
чая
чаят
чвор
че
чебър
чегъртам
чедо
чедър
чезна
чеиз
чеис
чек
чекия
чекна
чеков
челен
челик
чело
челяд
чемшир
ченге
ченгел
чене
чеп
чепат
чепик
чепка
чер
червеи
червей
червейче
черво
червя
червясам
черга
черен
череп
черешак
черковен
черникав
черня
черпя
черта
чертичка
чест
честя
чесън
чет
чета
четало
четвърт
четвърти
четен
четец
четим
четири
четиридесет
четиридесети
четирийсет
четиринадесет
четиринадесети
четиринайсет
четка
четмо
чех
чехъл
чехълче
чеша
чешит
чешки
чешма
чибук
чивия
чие
чието
чизм
чии
чиито
чий
чийто
чилик
чим
чин
чинар
чинел
чинен
чиния
чиня
чип
чипкам
чирак
чирако
чироз
число
числя
чист
чистя
читав
читаем
читак
чифт
чифте
чифут
чичко
чичо
чичов
чия
чиято
член
членство
чобан
човек
човка
чокои
чокой
чомак
чоп
чопля
чорап
чорба
чорбест
чорла
чорля
чоха
чохен
чрез
чрес
чувал
чувам
чувен
чугун
чудак
чудакът
чудат
чуден
чудеса
чудо
чудовище
чудя
чужд
чужденец
чужт
чук
чука
чукам
чукан
чукар
чукна
чукче
чул
чума
чумав
чумен
чумосвам
чупка
чупя
чурвам
чурук
чутно
чучулат
чучур
чушка
чуя
ш
шаблон
шавам
шавар
шавна
шаиба
шаика
шайба
шайка
шал
шалвар
шалче
шаман
шамар
шанс
шанц
шанца
шап
шапка
шаран
шаранов
шарен
шарж
шарка
шарф
шарш
шаря
шаси
шатра
шатър
шафер
шах
шахта
шашав
шашка
шашма
шаяк
шваба
швед
швет
шев
шевен
шега
шегобиец
шеикър
шеина
шеих
шейкър
шейна
шейх
шекер
шелф
шемет
шепа
шепна
шепот
шептя
шериф
шерп
шест
шестдесет
шестдесети
шести
шестнадесет
шестнадесети
шестнайсет
шетам
шетня
шеф
шефка
шибам
шибна
шибои
шибой
шибър
шивач
шиен
шиене
шиика
шийка
шик
шикан
шиле
шило
шиля
шина
шинел
шиник
шинирам
шип
шипест
шипка
шир
ширен
ширит
ширна
широк
широчина
ширта
ширя
шит
шифър
шиш
шише
шишкав
шишко
шишче
шия
шкарп
шкаф
шкафче
школа
школо
школовка
шлака
шланг
шлеиф
шлейф
шлем
шлеп
шлиц
шлюз
шлюс
шляп
шляя
шмиргел
шницел
шнола
шнур
шок
шоков
шоп
шопар
шопка
шорти
шосе
шоу
шофйор
шофьор
шпага
шпаик
шпайк
шпац
шперц
шпиц
шпор
шпора
шпоря
шприц
шпула
шпулка
шрифт
шуба
шубе
шуга
шугав
шукна
шуле
шум
шума
шумак
шумат
шумен
шуменец
шумер
шумка
шумна
шумов
шумол
шумтя
шумя
шунка
шупла
шуплив
шупна
шуреи
шурей
шурна
шуртя
шут
шушка
шушна
шушон
шушу
шушумига
шхуна
щ
ща
щаб
щабен
щавя
щадя
щаига
щайга
щам
щампа
щанга
щангист
щанд
щант
щап
щарк
щастее
щастие
щастлив
щат
щатен
щатски
ще
щедър
щека
щекер
щели
щелия
щем
щение
щерка
щета
щете
щеш
щеше
щик
щиков
щипвам
щипец
щипка
щипна
щипок
щипя
щипящ
щир
щит
щифт
що
щом
щото
щраих
щрайх
щрак
щраус
щрих
щриховка
щръбльо
щука
щуквам
щукна
щур
щурав
щурак
щурам
щурец
щурея
щурм
щурмовак
щурчо
щуцер
щъкам
щърк
щя
щял
щяла
щяло
щялото
щях
щяха
щяхме
щяхте
ъ
ъглов
ъгъл
ъпгрейд
ъчилище
ы
ь
э
ю
юбилеи
юбилей
юг
юда
юдеи
юдеика
юдей
юдейка
южен
южняк
юз
юзда
юзина
юзър
юлар
юли
юлски
юмрук
юнак
юнака
юнако
юнаци
юначе
юначен
юнга
юни
юница
юнкер
юноша
юнски
юрвам
юрган
юрдек
юрдечка
юрист
юркам
юрна
юрски
юрта
юруш
юта
ютен
ютия
юфка
я
яблан
ябълчен
яваш
явен
явка
явор
явя
явяване
ягода
ягодов
ягуар
яд
ядвам
яден
ядене
ядец
ядка
ядлив
ядна
ядрен
ядро
яз
язак
язва
язвен
яздя
язък
яице
яичар
яичен
яичник
яйце
яйчар
яйчен
яйчник
як
яка
яке
якост
ялов
ялоф
ям
яма
янки
ярак
ярд
яре
яребичен
ярем
ярина
ярма
ярост
ярт
ярък
ясен
ясла
ясмин
яснея
ясносиня
ясня
ястие
ят
ятак
ятака
ятако
ятаци
ято
яхам
яхане
яхар
яхвам
яхна
яхния
яхта
яхър
яшмак
ящен
ѐ
ё
ѓ
є
ѕ
і
ј
ќ
ѝ
ѝащита
ѝдраве
ў
ѡ
ѣ
ѫ
ѵ
Ғ
ҫ
Ү
ҳ
һ
ҽ
Ӂ
ӂ
Ӑ
ӑ
Ӓ
ӓ
Ӗ
ӗ
Ӝ
ӝ
Ӟ
ӟ
Ӣ
ӣ
Ӥ
ӥ
Ӧ
ӧ
Ӯ
ӯ
Ӱ
ӱ
Ӳ
ӳ
Ӵ
ӵ
ԁ
Ԍ
ԛ
ԝ
Ս
Օ
ա
գ
զ
ժ
հ
ս
ց
ا
ة
ه
١
٨
Ⴝ
Ꭵ
Ꮒ
Ꮪ
ᴄ
ᴈ
ᴋ
ᴍ
ᴎ
ᴏ
ᴑ
ᴙ
ᴛ
ᴜ
ᴡ
ᴢ
ᴦ
ᴫ
ᶌ
ṃ
ẋ
ạ
ẹ
ọ
ỏ
ỿ
ⲕ
ꙇ
Ꝫ
Ɜ
Ꭓ
Ꞵ
ꬲ
ꬽ
ꭇ
ꭈ
ꭚ
