ponto .
arroba @
hifen - hífen
cozer coser
nós noz
senso censo
tachou taxou
auto alto
seda ceda
pode pôde
cervos servos
sessão seção cessão
incerto inserto
espiavam expiavam
cheque xeque
cesto sexto
caçado cassado
conserto concerto
acendeu ascendeu
cocho coxo
hera era
cinto sinto
estratos extratos
fases fazes
mal mau
ouve houve
coxa cocha
lasso laço
seara ceara
asso aço
viagem viajem
ruços russos
ora hora
sem cem
vaso vazo
cauda calda
acender ascender
acento assento
apreçar apressar
arrochar arroxar
bucho buxo
cegar segar
cela sela
cerrar serrar
comprimento cumprimento
concertar consertar
conselho concelho
descriminar discriminar
despensa dispensa
emergir imergir
emigrante imigrante
esperto experto
espiar expiar
estático extático
flagrante fragrante
paço passo
peão pião
ratificar retificar
tachar taxar
tráfego tráfico
absolver absorver
arrear arriar
aspecto aspeto
atuar actuar
bocal vocal
caçar cassar
cessão sessão
cesta sexta
cidra sidra
deferir diferir
delatar dilatar
descrição discrição
destratar distratar
eminente iminente
empoçar empossar
estrato extrato
incipiente insipiente
infligir infringir
intercessão interseção
mandado mandato
recrear recriar
ruço russo
vultoso vultuoso
