inicio comeco partida iniciar
loja comercio mercado compra
acesso entrar login
conta perfil membro minhaconta
usuario utilizador identidade
seguro protegido confiavel
seguranca protecao defesa escudo
verificar confirmar validar checar
senha palavra pin credencial
autenticacao autorizar token sessao
recuperar redefinir restaurar desbloquear
suporte ajuda servico assistencia
contato contacto conectar
pagamento pagar checkout
faturamento fatura recibo boleto
banco financas dinheiro carteira
cartao credito debito prepago
transferencia transacao deposito saque
cripto moeda blockchain mineracao
correio email mensagem caixa
nuvem servidor host hospedagem
web site online rede portal
dominio link endereco url
noticias blog imprensa midia
gratis presente bonus promo
desconto oferta promocao cupom
premio ganhar recompensa loteria
melhor top premium pro
oficial autentico genuino original
novo ultimo recente moderno
rapido veloz expresso agil
app aplicativo software ferramenta
baixar obter instalar configurar
atualizar upgrade renovar correcao
buscar procurar encontrar pesquisa
entrega envio encomenda rastreio
pedido carrinho cesta comprar
cliente comprador assinante
admin gerenciar console painel
centro nucleo principal geral
grupo equipe empresa corp
dados backup arquivo armazenamento
foto imagem galeria retrato
video stream assistir reproduzir
musica audio som radio
jogo jogos jogador arcade
chat conversa mensageiro aovivo
social comunidade amigos seguidores
emprego trabalho carreira contratar
saude medico clinica farmacia
viagem voo hotel reserva
comida restaurante menu cozinha
escola aprender curso estudo
lei legal tribunal direitos
governo estado ministerio publico
imposto receita alfandega tributo
seguros apolice sinistro cobertura
imovel aluguel casa propriedade
auto carro motor veiculo
energia poder eletrico gas
movel telefone sms chamada
alerta aviso notificacao urgente
assinatura adesao plano renovacao
pontos fidelidade cashback milhas
avaliacao nota opiniao comentario
