-
.
0
1
10
100
1000
1000000
1000000000
11
12
13
14
15
16
17
18
19
2
20
3
30
4
40
5
50
6
60
7
70
8
80
9
90
@
a
aberto
acender
acendeu
acento
adivinhar
advinhar
ae
agente
alto
amar
antes
apartir
apressar
apreçar
arroba
arrochar
arroxar
ascender
ascendeu
assento
asso
asterisco
asterístico
auto
aço
b
baixo
beneficente
beneficiente
beneficiência
beneficência
bicicleta
bicicreta
bilhao
bilhão
biliao
bilião
bom
bucho
buxo
b̔"
c
cabeleireiro
cabelereiro
calda
carangueijo
caranguejo
cassado
catorze
cauda
caçado
ceara
ceda
cedo
cegar
cela
cem
censo
cerrar
certeza
cervos
cessão
cesto
cheio
cheque
chícara
cima
cinco
cinquenta
cinto
cl
claro
cocha
cocho
comecar
começar
comprar
comprimento
concelho
concertar
concerteza
concerto
conselho
consertar
conserto
coracao
coração
coser
coxa
coxo
cozer
cumprimento
d
dar
dentro
depois
derrepente
descriminar
desinteria
despensa
dez
dezasseis
dezassete
dezenove
dezesseis
dezessete
dezoito
di
dia
difícil
discriminar
disenteria
dispensa
dl
dois
doze
décimo
e
emergir
emigrante
empecilho
era
escuro
esperto
espiar
espiavam
esplêndido
estratos
estrupo
estupro
estático
excessão
exceção
experto
expiar
expiavam
expléndido
extratos
extático
f
facil
falso
fases
fazes
fechado
flagrante
fora
forte
fraco
fragrante
frio
frustado
frustrado
fácil
g
ganhar
geleia
geléia
gente
grande
h
hera
hifen
hora
houve
humidade
hífen
i
ib
ih
ik
imergir
imigrante
impecilho
incerto
informacao
informação
inserto
iogurte
iorgute
j
k
l
lagarto
largato
lasso
laço
lb
lc
lento
lh
lk
longe
m
maisena
maizena
mal
mantegueira
manteigueira
mau
menas
mendigo
mendingo
menos
meteorologia
metereologia
mil
milhao
milhão
mortadela
mortandela
n
nao
nn
noite
nono
nove
noventa
novo
noz
não
nós
o
odiar
oe
oitavo
oitenta
oito
onze
ora
ouve
p
paralelepipedo
paralelepípedo
partir
passo
paço
peneu
pequeno
perder
perto
peão
pissicólogo
pião
pneu
pobre
pode
ponto
prazeirosamente
prazerosamente
previlégio
primeiro
privilégio
propaganda
propoganda
psicólogo
pôde
q
quarenta
quarto
quatorze
quatro
quente
quinto
quinze
r
rapido
ratificar
repente
retificar
rico
rn
rr
russos
ruços
rápido
s
salchicha
salsicha
seara
seda
segar
segundo
seis
seja
seje
sela
sem
senso
seringa
serrar
servos
sessenta
sessão
sete
setenta
sexto
seção
sim
sinto
siringa
sobrancelha
sobrancelia
ss
sétimo
t
tachar
tachou
tarde
taxar
taxou
terceiro
terminar
tomar
treze
trinta
tráfego
tráfico
três
u
um
umidade
v
vaso
vazio
vazo
velho
vender
verdadeiro
viagem
viajem
vinte
voce
você
vv
v̇
w
x
xeque
xícara
y
z
zero
¡
Þ
ß
à
á
â
ã
ä
å
æ
ç
è
é
ê
ë
í
î
ï
ñ
ó
ô
õ
ö
ø
ù
ú
û
ü
ý
ÿ
ă
ć
ċ
č
đ
ē
ĕ
ė
ę
ě
ğ
ġ
ģ
ĭ
ı
ł
ń
œ
ś
ţ
ŭ
ź
ż
ƈ
ƒ
ơ
ƿ
ǎ
ǐ
ǔ
ǵ
ȧ
ȯ
ɉ
ɑ
ɓ
ɗ
ɡ
ɢ
ɩ
ɫ
ɱ
ɼ
ɽ
ʀ
ʂ
ʏ
ʐ
ʙ
ʝ
ʠ
Ο
γ
ι
κ
μ
ν
ο
ρ
τ
υ
Ϝ
ϲ
ϳ
ϵ
Ϸ
Б
Г
О
Ь
а
е
к
м
н
о
р
с
т
у
х
ц
є
ѕ
і
ј
ѡ
ѵ
Ғ
ҫ
Ү
ҳ
һ
ҽ
ӓ
ӧ
ԁ
Ԍ
ԛ
ԝ
Ս
Օ
ա
գ
զ
ժ
հ
ս
ց
ا
ة
ه
١
٨
Ⴝ
Ꭵ
Ꮒ
Ꮪ
ᴍ
ᴜ
ᴢ
ᴦ
ṃ
ẋ
ạ
ẹ
ọ
ỏ
ⲕ
ꙇ
