dag nat
dårlig god
efter før
elske hade
falsk sand
fattig rig
fjern nær
fuld tom
før efter
gammel ny
give tage
god dårlig
hade elske
hurtig langsom
høj lav
inde ude
ja nej
kold varm
købe sælge
langsom hurtig
lav høj
let svær
lille stor
lukket åben
lys mørk
mørk lys
nat dag
ned op
nej ja
ny gammel
nær fjern
op ned
rig fattig
sand falsk
sent tidlig
slut start
start slut
stor lille
stærk svag
svag stærk
svær let
sælge købe
tabe vinde
tage give
tidlig sent
tom fuld
ude inde
varm kold
vinde tabe
åben lukket
