abbonere abonnere
abbonereede abonnereede
abbonerer abonnerer
abboneres abonneres
abboneret abonneret
abbonnere abonnere
abbonnereede abonnereede
abbonnerer abonnerer
abbonneres abonneres
abbonneret abonneret
abonere abonnere
abonereede abonnereede
abonerer abonnerer
aboneres abonneres
aboneret abonneret
addresse adresse
addressen adressen
addresser adresser
addresserne adresserne
adskellige adskillige
advokado avokado
afbudene afbuddene
afbudet afbuddet
aggresiv aggressiv
akkomodation akkommodation
alligevel ligevel
apperat apparat
apperater apparater
apperaterne apparaterne
apperaternes apparaternes
apperaters apparaters
apperatet apparatet
apperatets apparatets
apperats apparats
artikelen artiklen
artikelens artiklens
artikeler artikler
artikelerne artiklerne
artikelernes artiklernes
artikelers artiklers
bekræftige bekræfte
bekræftigede bekræftede
bekræftiger bekræfter
bekræftiget bekræftet
budet buddet
celcius celsius
cencur censur
cencuren censuren
cencurens censurens
cencurere censurere
cencureres censureres
cencureret censureret
checke tjekke
checker tjekker
checket tjekket
danere daner
diamentral diametral
diciplin disciplin
diciplinen disciplinen
diciplinens disciplinens
dicipliner discipliner
diciplinerne disciplinerne
diciplinernes disciplinernes
dicipliners discipliners
diciplins disciplins
diletant dilettant
diletanten dilettanten
diletantens dilettantens
diletanter dilettanter
diletanterne dilettanterne
diletanternes dilettanternes
diletanters dilettanters
diletants dilettants
dilletant dilettant
dilletanten dilettanten
dilletantens dilettantens
dilletanter dilettanter
dilletanterne dilettanterne
dilletanternes dilettanternes
dilletanters dilettanters
dilletants dilettants
diskution diskussion
dødstraf dødsstraf
egentlig egenlig
eksempelvist eksempelvis
estnisk estisk
estniske estiske
externe eksterne
faldgrubbe faldgrube
faldgrubben faldgruben
faldgrubbens faldgrubens
faldgrubber faldgruber
faldgrubberne faldgruberne
faldgrubbernes faldgrubernes
faldgrubbers faldgrubers
faldgrubbes faldgrubes
faldgruppe faldgrube
faldgruppen faldgruben
faldgruppens faldgrubens
faldgrupper faldgruber
faldgrupperne faldgruberne
faldgruppernes faldgrubernes
faldgruppers faldgrubers
faldgruppes faldgrubes
financiere finansiere
financiereede finansiereede
financiereende finansiereende
financierer finansierer
financieres finansieres
financieret finansieret
financiering finansiering
financieringen finansieringen
financieringens finansieringens
financieringer finansieringer
financieringerne finansieringerne
financieringernes finansieringernes
financieringers finansieringers
financierings finansierings
forbudene forbuddene
forbudet forbuddet
foreslag forslag
foreslagene forslagene
foreslagenes forslagenes
foreslaget forslaget
foreslagets forslagets
foreslags forslags
forholdte forholdt
forståes forstås
fortrække foretrække
fredsløs fredløs
fredsløse fredløse
fredsløst fredløst
fåes fås
følgeligt følgelig
gallionsfigur galionsfigur
gallionsfiguren galionsfiguren
gallionsfigurens galionsfigurens
gallionsfigurer galionsfigurer
gallionsfigurerne galionsfigurerne
gallionsfigurernes galionsfigurernes
gallionsfigurers galionsfigurers
gallionsfigurs galionsfigurs
gjordt gjort
gletcher gletsjer
gletchere gletsjere
gletcheren gletsjeren
gletcherens gletsjerens
gletcheres gletsjeres
gletcherne gletsjerne
gletchernes gletsjernes
gletchers gletsjers
gletscher gletsjer
gletschere gletsjere
gletscheren gletsjeren
gletscherens gletsjerens
gletscheres gletsjeres
gletscherne gletsjerne
gletschernes gletsjernes
gletschers gletsjers
grundliggende grundlæggende
guldgruppe guldgrube
gulerød gulerod
gæstebudene gæstebuddene
gæstebudet gæstebuddet
hemmeligtstemple hemmeligstemple
hemmeligtstemplede hemmeligstemplede
hemmeligtstempler hemmeligstempler
hemmeligtstemplet hemmeligstemplet
hieraki hierarki
hierakier hierarkier
hierakierne hierarkierne
hierakiernes hierarkiernes
hierakiers hierarkiers
hierakiet hierarkiet
hierakiets hierarkiets
hierakis hierarkis
himbær hindbær
holdte holdt
hovede hoved
hovedes hoveds
hundredetusindevis hundredtusindvis
hundredevis hundredvis
hva hvad
højste højeste
ikek ikke
inddelning inddeling
inddelningen inddelingen
inddelningens inddelingens
inddelninger inddelinger
inddelningerne inddelingerne
inddelningernes inddelingernes
inddelningers inddelingers
inddelnings inddelings
især isaer
katalansk catalansk
katalanske catalanske
kirug kirurg
kiruger kirurger
kirugerne kirurgerne
kirugernes kirurgernes
kirugers kirurgers
kirugi kirurgi
kirugien kirurgien
kirugisk kirurgisk
kirugiske kirurgiske
klampt klamt
klokkeslet klokkeslæt
klokkeslets klokkeslæts
klokkeslettene klokkeslættene
klokkeslettenes klokkeslættenes
klokkeslettet klokkeslættet
klokkeslettets klokkeslættets
kollision kollission
kollosal kolossal
kollosale kolossale
kollosalt kolossalt
kollossal kolossal
kollossale kolossale
kollossalt kolossalt
kolosal kolossal
kolosale kolossale
kolosalt kolossalt
komitte komité
kommentar komentar
koncensus konsensus
konferance konference
korrespondence korrespondance
korrespondencen korrespondancen
korrespondencens korrespondancens
korrespondencer korrespondancer
korrespondencerne korrespondancerne
korrespondencernes korrespondancernes
korrespondencers korrespondancers
korrespondences korrespondances
kotume kutyme
leverence leverance
leverencen leverancen
leverencens leverancens
leverencer leverancer
leverencerne leverancerne
leverencernes leverancernes
leverencers leverancers
leverences leverances
linie linje
linien linjen
liniens linjens
linier linjer
liniere linjere
linieres linjeres
liniering linjering
linierings linjerings
linierne linjerne
liniernes linjernes
liniers linjers
linies linjes
liniær lineær
liniære lineære
liniært lineært
majonæse mayonnaise
majonæsen mayonnaisen
majonæsens mayonnaisens
majonæser mayonnaiser
majonæserne mayonnaiserne
majonæsernes mayonnaisernes
majonæsers mayonnaisers
majonæses mayonnaises
mauritan mauretan
mauritanien mauretanien
mauritaniens mauretaniens
mauritanier mauretanier
mauritaniere mauretaniere
mauritanierne mauretanierne
mauritansk mauretansk
mauritanske mauretanske
mayonaise mayonnaise
mayonaisen mayonnaisen
mayonaisens mayonnaisens
mayonaiser mayonnaiser
mayonaiserne mayonnaiserne
mayonaisernes mayonnaisernes
mayonaisers mayonnaisers
mayonaises mayonnaises
medlemsskab medlemskab
medlemsskaber medlemskaber
medlemsskaberne medlemskaberne
medlemsskabernes medlemskabernes
medlemsskabers medlemskabers
medlemsskabet medlemskabet
medlemsskabets medlemskabets
medlemsskabs medlemskabs
meteologi meteorologi
meteologien meteorologien
meteologiens meteorologiens
meteologis meteorologis
meteologisk meteorologisk
navnligt navnlig
nemligt nemlig
og at
paralell parallel
parantes parentes
parantesen parentesen
parantesens parentesens
paranteser parenteser
paranteserne parenteserne
parantesernes parentesernes
parantesers parentesers
parantess parentess
philippin filippin
philippiner filippiner
philippinere filippinere
philippinerne filippinerne
philippinernes filippinernes
philippinsk filippinsk
philippinske filippinske
pizzaria pizzeria
psykriater psykiater
påbudene påbuddene
påbudet påbuddet
referance reference
referancen referencen
referancens referencens
referancer referencer
referancerne referencerne
referancernes referencernes
referancers referencers
referances references
reflektion refleksion
reflektionen refleksionen
reflektionens refleksionens
reflektioner refleksioner
reflektionerne refleksionerne
reflektionernes refleksionernes
reflektioners refleksioners
reflektions refleksions
regelen reglen
resturant restaurant
retteligt rettelig
sanskrift sanskrit
sanskrifts sanskrits
sekundløjtnant sekondløjtnant
sekundløjtnanten sekondløjtnanten
sekundløjtnanter sekondløjtnanter
sekundløjtnanterne sekondløjtnanterne
selvskab selskab
sendebudene sendebuddene
sendebudet sendebuddet
skagerak skagerrak
skageraks skagerraks
slidtage slitage
slidtagen slitagen
sovjettisk sovjetisk
staniol stanniol
succes sukces
svampignon champignon
sædvanligtvis sædvanligvis
sædvanligtvist sædvanligvis
sædvanligvist sædvanligvis
temmeligt temmelig
tilbudene tilbuddene
tilbudet tilbuddet
traffik trafik
traffikere trafikere
traffikerede trafikerede
traffikerer trafikerer
traffikeres trafikeres
traffikeret trafikeret
traffikken trafikken
traffikkens trafikkens
traffiks trafiks
trafikkere trafikere
trafikkerede trafikerede
trafikkerer trafikerer
trafikkeres trafikeres
trafikkeret trafikeret
transperant transparent
tredie tredje
treds tres
tusindevis tusindvis
tøer tør
udbudene udbuddene
udbudet udbuddet
udemærket udmærket
umidelbart umiddelbart
underholdningbidrag underholdsbidrag
underholdningbidragene underholdsbidragene
underholdningbidraget underholdsbidraget
underholdningsbidrag underholdsbidrag
underholdningsbidragene underholdsbidragene
underholdningsbidraget underholdsbidraget
undervisitet universitet
unægteligt unægtelig
venster venstre
viktoriansk victoriansk
viktorianske victorianske
vædske væske
vædsken væsken
vædskens væskens
vædsker væsker
vædskerne væskerne
vædskernes væskernes
vædskers væskers
vædskes væskes
yngling yndling
ærgelig ærgerlig
øjehøjde øjenhøjde
øjehøjdeer øjenhøjdeer
øjehøjdeerne øjenhøjdeerne
øjehøjdeernes øjenhøjdeernes
øjehøjdeers øjenhøjdeers
øjehøjden øjenhøjden
øjehøjdens øjenhøjdens
øjehøjdes øjenhøjdes
