start begyndelse begynde starte
butik handel marked kob
login logon adgang indlogning
konto profil medlem minkonto
bruger brugernavn identitet
sikker beskyttet palidelig tryg
sikkerhed beskyttelse forsvar skjold
verificer bekraeft valider kontrol
adgangskode kode pin legitimation
autentificering autoriser token session
gendan nulstil genskab laasop
support hjaelp service bistand
kontakt na forbinde henvendelse
betaling betale kasse checkout
fakturering faktura kvittering regning
bank finans penge pung
kort kredit debet forudbetalt
overforsel transaktion indbetaling udbetaling
krypto mont blockchain minedrift
post email besked indbakke
sky server host webhotel
web side online netvaerk portal
domaene link adresse url
nyheder blog presse medier
gratis gave bonus kampagne
rabat tilbud udsalg kupon
praemie gevinst belonning lotteri
bedste top premium pro
officiel autentisk aegte original
ny nyeste aktuel moderne
hurtig kvik ekspres rap
app applikation software vaerktoj
hente downloade installere opsaetning
opdater opgrader forny patch
sog find sogning foresporgsel
levering forsendelse pakke sporing
bestilling kurv indkobskurv betal
kunde kober abonnent
admin administrer konsol dashboard
center hub hoved generel
gruppe team firma koncern
data backup arkiv lagring
foto billede galleri billeder
video stream se afspil
musik lyd audio radio
spil spille spiller arkade
chat samtale messenger direkte
socialt faellesskab venner folgere
job arbejde karriere rekruttering
sundhed medicin klinik apotek
rejse fly hotel booking
mad restaurant menu kokken
skole laere kursus studie
lov juridisk domstol rettigheder
regering stat ministerium offentlig
skat told afgift moms
forsikring police skade daekning
ejendom leje hus bolig
bil koretoj motor vogn
energi kraft elektrisk gas
mobil telefon sms opkald
advarsel alarm notifikation hastende
abonnement medlemskab plan fornyelse
point loyalitet cashback miles
anmeldelse vurdering bedommelse mening
