-
.
/
0
1
10
100
1000
1000000
1000000000
11
12
13
14
15
16
17
18
19
2
20
3
30
4
40
5
50
6
60
7
70
8
80
9
90
@
a
ae
anden
atten
attende
b
bindestreg
b̔"
c
cl
d
dag
di
dl
dårlig
e
efter
elfte
elleve
elske
en
f
falsk
fattig
fem
femte
femten
femtende
fire
firs
fjerde
fjern
fjorten
fjortende
fuld
fyrre
før
første
g
gammel
give
god
h
hade
halvfems
halvfjerds
halvtreds
hundrede
hurtig
høj
i
ib
ih
ik
inde
j
ja
k
kold
købe
l
langsom
lav
lb
lc
let
lh
lille
lk
lukket
lys
m
milliard
million
mørk
n
nat
ned
nej
ni
niende
nitten
nittende
nn
nul
ny
nær
o
oe
op
otte
ottende
p
punktum
q
r
rig
rn
rr
s
sand
seks
seksten
sekstende
sent
sjette
skraastreg
skråstreg
slut
snabela
ss
start
stor
stærk
svag
svær
sytten
syttende
syv
syvende
sælge
t
tabe
tage
ti
tidlig
tiende
to
tolv
tolvte
tom
tre
tredive
tredje
tres
tretten
trettende
tusind
tyve
tyvende
u
ude
v
varm
vinde
vv
v̇
w
x
y
z
¡
Þ
ß
à
á
â
ã
ä
å
åben
æ
ç
è
é
ê
ë
í
î
ï
ñ
ó
ô
ö
ø
ù
ú
û
ü
ý
ÿ
ă
ć
ċ
č
đ
ē
ĕ
ė
ę
ě
ğ
ġ
ģ
ĭ
ı
ł
ń
œ
ś
ţ
ŭ
ź
ż
ƈ
ƒ
ơ
ƿ
ǎ
ǐ
ǔ
ǵ
ȧ
ȯ
ɉ
ɑ
ɓ
ɗ
ɡ
ɢ
ɩ
ɫ
ɱ
ɼ
ɽ
ʀ
ʂ
ʏ
ʐ
ʙ
ʝ
ʠ
Ο
γ
ι
κ
μ
ν
ο
ρ
τ
υ
Ϝ
ϲ
ϳ
ϵ
Ϸ
Б
Г
О
Ь
а
е
к
м
н
о
р
с
т
у
х
ц
є
ѕ
і
ј
ѡ
ѵ
Ғ
ҫ
Ү
ҳ
һ
ҽ
ӓ
ӧ
ԁ
Ԍ
ԛ
ԝ
Ս
Օ
ա
գ
զ
ժ
հ
ս
ց
ا
ة
ه
١
٨
Ⴝ
Ꭵ
Ꮒ
Ꮪ
ᴍ
ᴜ
ᴢ
ᴦ
ṃ
ẋ
ạ
ẹ
ọ
ỏ
ⲕ
ꙇ
