gmail.com
googlemail.com
yahoo.com
ymail.com
rocketmail.com
outlook.com
hotmail.com
hotmail.co.uk
live.com
msn.com
icloud.com
me.com
mac.com
proton.me
protonmail.com
pm.me
aol.com
gmx.com
gmx.net
gmx.de
zoho.com
zohomail.com
mail.com
email.com
yandex.com
yandex.ru
fastmail.com
fastmail.fm
hey.com
tutanota.com
tuta.io
tutamail.com
hushmail.com
mailfence.com
posteo.de
mailbox.org
disroot.org
web.de
t-online.de
freenet.de
orange.fr
laposte.net
free.fr
sfr.fr
libero.it
naver.com
daum.net
hanmail.net
qq.com
163.com
126.com
sina.com
foxmail.com
rediffmail.com
seznam.cz
wp.pl
o2.pl
mail.ru
bk.ru
inbox.ru
list.ru
rambler.ru
ukr.net
comcast.net
verizon.net
att.net
sbcglobal.net
cox.net
btinternet.com
sky.com
