github https://github.com/%s
gitlab https://gitlab.com/%s
bitbucket https://bitbucket.org/%s
gitea https://gitea.com/%s
sourceforge https://sourceforge.net/u/%s
launchpad https://launchpad.net/~%s
twitter https://twitter.com/%s
x https://x.com/%s
instagram https://www.instagram.com/%s
facebook https://www.facebook.com/%s
reddit https://www.reddit.com/user/%s
youtube https://www.youtube.com/@%s
tiktok https://www.tiktok.com/@%s
linkedin https://www.linkedin.com/in/%s
medium https://medium.com/@%s
twitch https://www.twitch.tv/%s
pinterest https://www.pinterest.com/%s
telegram https://t.me/%s
mastodon https://mastodon.social/@%s
keybase https://keybase.io/%s
hackernews https://news.ycombinator.com/user?id=%s
stackoverflow https://stackoverflow.com/users/%s
dockerhub https://hub.docker.com/u/%s
npm https://www.npmjs.com/~%s
pypi https://pypi.org/user/%s
gravatar https://gravatar.com/%s
soundcloud https://soundcloud.com/%s
vimeo https://vimeo.com/%s
dribbble https://dribbble.com/%s
behance https://www.behance.net/%s
deviantart https://www.deviantart.com/%s
flickr https://www.flickr.com/people/%s
500px https://500px.com/p/%s
patreon https://www.patreon.com/%s
producthunt https://www.producthunt.com/@%s
devto https://dev.to/%s
hashnode https://hashnode.com/@%s
codepen https://codepen.io/%s
replit https://replit.com/@%s
kaggle https://www.kaggle.com/%s
aboutme https://about.me/%s
linktree https://linktr.ee/%s
kofi https://ko-fi.com/%s
buymeacoffee https://www.buymeacoffee.com/%s
chess https://www.chess.com/member/%s
lichess https://lichess.org/@/%s
lastfm https://www.last.fm/user/%s
goodreads https://www.goodreads.com/%s
letterboxd https://letterboxd.com/%s
imgur https://imgur.com/user/%s
quora https://www.quora.com/profile/%s
wellfound https://wellfound.com/u/%s
steam https://steamcommunity.com/id/%s
snapchat https://www.snapchat.com/add/%s
vk https://vk.com/%s
hackerone https://hackerone.com/%s
bugcrowd https://bugcrowd.com/%s
tryhackme https://tryhackme.com/p/%s
leetcode https://leetcode.com/%s
codeforces https://codeforces.com/profile/%s
hackerrank https://www.hackerrank.com/%s
exercism https://exercism.org/profiles/%s
pastebin https://pastebin.com/u/%s
spotify https://open.spotify.com/user/%s
telegram-channel https://t.me/s/%s
roblox https://www.roblox.com/user.aspx?username=%s
