آقا آغا
اتفاقا اتفاقاً
احتيات احتیاط
اشکار آشکار
اشگ اشک
اصلا اصلاً
اطو اتو
الكترونيك الکترونیک
امنيت امنیت
امها امحا
ايران ایران
ايميل ایمیل
اينترنت اینترنت
بانك بانک
برسی بررسی
بزار بذار
تخاص تقاص
تلفني تلفنی
حراس هراس
حسابي حسابی
خاب خواب
خاهر خواهر
خد خود
خواستن خاستن
خوانواده خانواده
خواهش خاهش
درب در
رشگ رشک
زبانا زبانی
زندگي زندگی
سوس سس
سپاسگزار سپاسگذار
شئ شیء
شبكه شبکه
شکرگزار شکرگذار
شیش شش
صبا صباح
غر قر
غلط غلت
فارسي فارسی
فروشگاي فروشگاهی
قائل قایل
كاربر کاربر
كارت کارت
كتاب کتاب
كليك کلیک
كه که
لطفا لطفاً
لقو لغو
لينك لینک
مارکت مارکیت
مساله مسئله
مسول مسئول
مشتري مشتری
مغوله مقوله
موبايل موبایل
مي می
هیات هیئت
يا یا
يك یک
پرداختي پرداختی
پزشكي پزشکی
پشتيباني پشتیبانی
چوقور چقر
کاغز کاغذ
کپن کوپن
گاها گاهی
