شروع آغاز ابتدا اجرا
فروشگاه مغازه بازار خرید
ورود لاگین دسترسی وارد
حساب پروفایل عضو حسابمن
کاربر نامکاربری هویت
امن محافظت مطمئن ایمن
امنیت حفاظت دفاع سپر
تایید بررسی احراز کنترل
رمز گذرواژه پین پسورد
مجوز احرازهویت توکن نشست
بازیابی بازنشانی برگردان بازکردن
پشتیبانی کمک خدمات یاری
تماس ارتباط پیامرسان درخواست
پرداخت تسویه صندوق بپرداز
فاکتور رسید صورتحساب قبض
بانک مالی پول کیف
کارت اعتباری نقدی پیشپرداخت
انتقال تراکنش واریز برداشت
کریپتو سکه بلاکچین استخراج
پست ایمیل پیام صندوقورودی
ابر سرور میزبانی هاست
وب سایت آنلاین شبکه درگاه
دامنه لینک آدرس url
اخبار بلاگ مطبوعات رسانه
رایگان هدیه پاداش ارمغان
تخفیف پیشنهاد حراج کوپن
قرعهکشی برد بختآزمایی شانس
بهترین برتر ویژه پریمیوم
رسمی اصل واقعی اورجینال
جدید تازه نو مدرن
سریع تند اکسپرس فوری
اپلیکیشن برنامه نرمافزار ابزار
دانلود دریافت نصب راهاندازی
بروزرسانی ارتقا تمدید وصله
جستجو یافتن جست پرسوجو
تحویل ارسال بسته رهگیری
سفارش سبد خریدها ثبت
مشتری خریدار مشترک
ادمین مدیریت کنسول پنل
مرکز اصلی هسته کلی
گروه تیم شرکت هلدینگ
داده پشتیبان آرشیو ذخیره
عکس تصویر گالری اسنپشات
ویدیو استریم تماشا پخش
موسیقی صدا آهنگ رادیو
بازی بازیها بازیکن آرکید
چت گفتگو مسنجر زنده
اجتماعی انجمن دوستان فالوور
شغل کار حرفه استخدام
سلامت پزشکی کلینیک داروخانه
سفر پرواز هتل رزرو
غذا رستوران منو آشپزخانه
مدرسه یادگیری دوره تحصیل
قانون حقوقی دادگاه حقوق
دولت کشور وزارت عمومی
مالیات دارایی گمرک عوارض
بیمه بیمهنامه خسارت پوشش
املاک اجاره خانه ملک
خودرو ماشین موتور وسیله
انرژی برق نیرو گاز
موبایل تلفن پیامک زنگ
هشدار اخطار اعلان اضطراری
اشتراک عضویت طرح تجدید
امتیاز وفاداری کشبک مایل
نظر رتبه بازخورد دیدگاه
