-
.
/
0
1
10
2
3
4
5
6
7
8
9
@
I
l
آ
آسان
آلم
أ
ؤ
إ
ئ
ا
ات
اتفاقا
اتفاقاً
اثاث
اثر
ارز
ارض
اساس
اسلش
اصلا
اصلاً
امل
اول
ب
باختن
باز
بالا
بحر
بد
بردن
بزرگ
بسته
بعد
بلند
بله
بها
بهاء
بهر
بیست
ة
ت
تاریک
تحدید
تحریر
تقریر
تهدید
توفان
ث
ثواب
ج
جدید
جزا
جضا
ح
حور
حیات
حیاط
خ
خار
خارج
خاست
خاستن
خان
خاهش
خرد
خریدن
خطتیره
خوار
خواست
خواستن
خوان
خواهش
خوب
خورد
خویش
خیش
د
داخل
دادن
درست
دشمن
ده
دهم
دو
دوازده
دور
دوست
دوم
دیر
ذ
ر
رازی
راست
راضی
روز
روشن
ز
زندگی
زود
زیاد
س
سخت
سرد
سریع
سفر
سه
سوم
سپاسگذار
سپاسگزار
سی
سیزده
ش
شانزده
شب
شروع
شش
ششم
شصت
شکرگذار
شکرگزار
ص
صد
صفر
صواب
ض
ضعیف
ط
طوفان
ظ
ع
عالم
عرض
عصر
عمل
عیار
غ
غدر
غذا
غریب
غلت
غلط
ف
فترت
فروختن
فطرت
ق
قائل
قایل
قبل
قدر
قدیم
قریب
قضا
قوی
ك
ل
لطفا
لطفاً
م
محرم
مرگ
مسئله
مسئول
مساله
مسول
مهرم
مي
می
میلیارد
میلیون
ن
نزدیک
نزر
نظر
نقطه
نه
نهم
نود
نوزده
ه
هجده
هرگز
هزار
هشت
هشتاد
هشتم
هفت
هفتاد
هفتم
هفده
همیشه
هور
و
ى
ي
٠
١
٢
٣
٤
٥
٦
٧
٨
٩
ٱ
پ
پانزده
پایان
پایین
پنج
پنجاه
پنجم
چ
چهار
چهارده
چهارم
چهل
چپ
ژ
ک
کم
کند
کوتاه
کوچک
گ
گرفتن
گرم
ۀ
ی
یار
یازده
یک
۰
۱
۱۰
۱۰۰
۱۰۰۰
۱۰۰۰۰۰۰
۱۰۰۰۰۰۰۰۰۰
۱۱
۱۲
۱۳
۱۴
۱۵
۱۶
۱۷
۱۸
۱۹
۲
۲۰
۳
۳۰
۴
۴۰
۵
۵۰
۶
۶۰
۷
۷۰
۸
۸۰
۹
۹۰
ﻙ
ﻩ
ﻱ
