punkt .
klammeraffe @
bindestrich -
slash /
aale ahle
aalen ahlen
achsel axel
alfa alpha
aigen eigen
ängste engste
annalen analen
äste este
aussäen aussähen
backen bakken
bad bat
bähte bäte
bald ballt
bällen bellen
band bannt
beete bete
bis biss
block blog
blüte blühte
bohle bowle
boot bot
boote bote
brausen browsen
bug buk
bund bunt
campten kempten
celle zelle
chor korps
code kot
coup kuh
crêpes krebs krepps
cross kross
das dass
dealen dielen
dehnen denen
dschinn gin
erhält erhellt
fähre faire
fälle felle
fällt feld
färse ferse verse
fast fasst
fetter vetter
fiel viel
fiber fieber
ficks fix
finish finnisch
fließt fliehst fliest
frisst frist
friese frise
gase gaze
gäste geste
gehste geste
geld gellt
gewand gewandt
grad grat
graf graph
grus gruß
hacken hecken
halt hallt
hallte halte
hält held hellt
hämmer hemmer
handysch händisch
hängst hengst
harrt hart
hasst hast
häute heute
häutig heutig
hechse hexe
heer hehr her
heerfahrt herfahrt
hemd hemmt
hohl hol
hohlen holen
hund hunt
ihre ire
isst ist
jagd jagt
kain kein
kälte kelte
kälten kelten
kannte kante
käse keese
kid kit kitt
klos kloß
kneipen kneippen
konnten konten
küsste küste
lachs lax lacks
laib leib
laichen leichen
laicht leicht
laie leihe
lände lende
lasst last
lärche lerche
läuten leuten
leader lieder
leere lehre
leeren lehren
leerstelle lehrstelle
leid leiht
lid lied
lies ließ
liest least liehst
liegen ligen
loser luser
luchs lux
maar mahr
mahl mal
mähre märe
maisen meisen
mahlen malen
mais maiß
main mein
mainz meins
man mann
märkte merkte
mathe matte
meer mehr
mehlieren melieren
miene mine
misst mist
mob mopp
mohr moor
mopps mops
mühten mythen
mund munt
nachnahme nachname
nahmen namen
nitrid nitrit
packt pakt
paps pubs
peak pik
phi vieh
pisste piste
poop pup
prinz prints
rächen rechen
rächt recht
rächte rechte
radschlag ratschlag
rahmen ramen
rad rat
raid reet
rain rein
rändern rendern
ränken renken
rede reede
rederei reederei
reinfall rheinfall
reis reiß
reist reißt reihst
ruhte rute route
säen sähen
sämann seemann
sänge senge
sätzen setzen
saite seite
schafft schaft
schallten schalten
schänke schenke
schellte schelte
schlächter schlechter
schlämme schlemme
schoppen shoppen
schwälle schwelle
schwämme schwemme
sechs sex
seen sehen
seid seiht seit
sieg sikh
siegel sigel
sohle sole
sold sollt
späht spät
spind spinnt
stadt statt
städte stätte
ställe stelle
starrt start
steak steg
stehlen stelen
stiehl stiel stil
strenge stränge
thot tod tot
toast tost
trend trennt
uhrzeit urzeit
umfeld umfällt
vasen wasen
verband verbannt
verben werben
vergas vergaß
verleasen verliesen
verließ verlies
verwaist verweist
verzinst verzinnst
villen willen
volt wollt
waage vage wage
waagen wagen
wahl wal
wahr war
wahre ware
wahren waren
währen wären
waid weiht weit
waise weise
wald wallt walt
wälle welle
wände wende
wand want
weck weg
wehr wer
wehrt wert währt wärt
weis weiß
weist weißt weihst
werg werk
wieder wider
wird wirt
zunahme zuname
