aaachen aachen
abenteur abenteuer
aberufen abgerufen
abgekürtzt abgekürzt
abhängikeit abhängigkeit
abhängkeit abhängigkeit
abolvieren absolvieren
abolviert absolviert
abschliessen abschließen
abschliessend abschließend
abschliessende abschließende
abschliessenden abschließenden
abschliessender abschließender
abschliessendes abschließendes
abschliesst abschließt
absorbtion absorption
abszeße abszesse
abszeßes abszesses
abzuschliessen abzuschließen
achzig achtzig
addresse adresse
addressiert adressiert
adjudant adjutant
adminstration administration
adminstrative administrative
adminstrator administrator
aeropag areopag
aeropagos areopag
affähre affäre
agberufen abgerufen
agendas agenden
agerufen abgerufen
agraisch agrarisch
agressiv aggressiv
ahmadinedschad ahmadineschad
akkomodation akkommodation
akkupunktur akupunktur
akkustik akustik
akreditiert akkreditiert
aktivitiäten aktivitäten
aktzeptanz akzeptanz
aler aller
alerdings allerdings
algorhitmus algorithmus
algoritmus algorithmus
aliiert alliiert
allgmein allgemein
alliert alliiert
allredings allerdings
alstadt altstadt
amatur armatur
amerikanich amerikanisch
amerikansch amerikanisch
amerkanisch amerikanisch
amtsitz amtssitz
anaesthesie anästhesie
anderere andere
andereren anderen
andererer anderer
andereseits andererseits
anderseits andererseits
angelsächisch angelsächsisch
angelsächsiche angelsächsische
angelsächsichen angelsächsischen
anlaesslich anlässlich
anlaeßlich anlässlich
annektion annexion
annerkannt anerkannt
annerkannte anerkannte
annerkennung anerkennung
annuliert annulliert
annulierung annullierung
annährend annähernd
annährung annäherung
anordung anordnung
anschaung anschauung
anschliessen anschließen
anschliessend anschließend
anschliessende anschließende
anschliessendem anschließendem
anschliessenden anschließenden
anschliessender anschließender
anschliessendes anschließendes
anschliesst anschließt
anschlieβend anschließend
anstoss anstoß
antiphatie antipathie
anullieren annullieren
anulliert annulliert
anwendund anwendung
aparat apparat
apartheit apartheid
apell appell
aquirieren akquirieren
aquise akquisition
aquisition akquisition
archeologe archäologe
archillesferse achillesferse
archälogische archäologische
archälogischen archäologischen
arikel artikel
arithmetrisch arithmetisch
armeisen ameisen
artzt arzt
assozial asozial
atacke attacke
atackieren attackieren
atakieren attackieren
athmosphäre atmosphäre
atrappe attrappe
aufenhalt aufenthalt
aufgehangen aufgehängt
aufname aufnahme
auforderung aufforderung
aufsteig aufstieg
aufstiess aufstieß
aufstossen aufstoßen
auftieg aufstieg
auftretenen auftretenden
auftretten auftreten
aufzustossen aufzustoßen
augenlied augenlid
auser außer
auserdem außerdem
auserhalb außerhalb
ausgangpunkt ausgangspunkt
ausgiessen ausgießen
ausicht aussicht
ausmass ausmaß
ausprache aussprache
auspruch ausspruch
ausschliessen ausschließen
ausschliesslich ausschließlich
ausschliesst ausschließt
ausschwitz auschwitz
aussen außen
aussenminister außenminister
aussenpolitik außenpolitik
aussenpolitiker außenpolitiker
aussenpolitisch außenpolitisch
aussenpolitische außenpolitische
aussenpolitischen außenpolitischen
aussenpolitischer außenpolitischer
aussenpolitisches außenpolitisches
ausser außer
ausserdem außerdem
aussergewöhnlich außergewöhnlich
aussergewöhnlichen außergewöhnlichen
ausserhalb außerhalb
ausserirdisch außerirdisch
ausserirdische außerirdische
ausserirdischen außerirdischen
ausserordentlich außerordentlich
ausserordentliche außerordentliche
ausserordentlichem außerordentlichem
ausserordentlichen außerordentlichen
ausserordentlicher außerordentlicher
ausserordentliches außerordentliches
aussschliesslich ausschließlich
aussschließlich ausschließlich
austattung ausstattung
austellung ausstellung
austellungen ausstellungen
austerben aussterben
authenzität authentizität
author autor
authorisieren autorisieren
authorisiert autorisiert
authorität autorität
autorenschaft autorschaft
außschließlich ausschließlich
balett ballett
barke bake
bassierend basierend
batallion bataillon
bauerhof bauernhof
bauerhöfe bauernhöfe
bedeutendeste bedeutendste
bedeutesten bedeutendsten
bedürfniss bedürfnis
beeinflußen beeinflussen
beeinflußung beeinflussung
beeinhalten beinhalten
beeinhaltet beinhaltet
begrüssen begrüßen
begrüsst begrüßt
begrüsste begrüßte
begrüssten begrüßten
begrüssung begrüßung
begrüssungen begrüßungen
beherrbergt beherbergt
beherschen beherrschen
beindrucken beeindrucken
beinflussen beeinflussen
beispielswiese beispielsweise
beispielweise beispielsweise
beitag beitrag
bekammen bekamen
benefitz benefiz
bennant benannt
bennenung benennung
berechung berechnung
berfung berufung
berreich bereich
berücksichtig berücksichtigt
berücksichtung berücksichtigung
berümt berühmt
berümte berühmte
besass besaß
besassen besaßen
beschliessen beschließen
beschäftig beschäftigt
besitzten besitzen
bespiel beispiel
bestandtteil bestandteil
bestimmmt bestimmt
bestreitete bestritt
betreung betreuung
beutend bedeutend
bevökerung bevölkerung
beweiß beweis
bezeichent bezeichnet
bezeichet bezeichnet
bilard billard
billiard billard
biograpfie biografie
bischen bisschen
bischofsitz bischofssitz
biskwit biskuit
bisquit biskuit
biße bisse
bißen bissen
bißes bisses
bloss bloß
blosse bloße
blossen bloßen
blosser bloßer
blosses bloßes
bombadieren bombardieren
bombadiert bombardiert
bombadierung bombardierung
boolsch boolesch
brilliant brillant
brillianten brillanten
brillianter brillanter
britsch britisch
britsche britische
britschen britischen
britscher britischer
britsches britisches
buchse buxe
bundesaussenminister bundesaußenminister
bundestraße bundesstraße
böötchen bötchen
büffett büfett
bügermeister bürgermeister
cafes cafés
chinesiche chinesische
chinesichen chinesischen
chinesicher chinesischer
chirugie chirurgie
chonik chronik
chonist chronist
chonologisch chronologisch
chrysanteme chrysantheme
cirka zirka
couseng cousin
czeche tscheche
czechen tschechen
czechien tschechien
czechin tschechin
czechinnen tschechinnen
czechisch tschechisch
czechische tschechische
czechischen tschechischen
czechischer tschechischer
czechisches tschechisches
czechoslovakei tschechoslowakei
czechoslovakisch tschechoslowakisch
czechoslovakische tschechoslowakische
czechoslovakischen tschechoslowakischen
czechoslovakischer tschechoslowakischer
czechoslovakisches tschechoslowakisches
czechoslowake tschechoslowake
czechoslowakei tschechoslowakei
czechoslowaken tschechoslowaken
czechoslowakisch tschechoslowakisch
czechoslowakische tschechoslowakische
czechoslowakischen tschechoslowakischen
czechoslowakischer tschechoslowakischer
czechoslowakisches tschechoslowakisches
dadruch dadurch
daduch dadurch
danaben daneben
danch danach
dannach danach
daruf darauf
darufhin daraufhin
daüber darüber
debutalbum debütalbum
definiton definition
definitv definitiv
defintion definition
dekolltee dekolleté
deligiert delegiert
denoch dennoch
desshalb deshalb
detalliert detailliert
dezeit derzeit
dezmber dezember
diarröh diarrhö
differentation differentiation
diffiziel diffizil
digiatlisat digitalisat
digitalsiat digitalisat
dikator diktator
dikatur diktatur
dilletant dilettant
dillettant dilettant
dillettantisch dilettantisch
diphterie diphtherie
diphtong diphthong
disaster desaster
discografie diskografie
discographie diskographie
diskreminieren diskriminieren
diskusion diskussion
disseration dissertation
dollmetscher dolmetscher
draufhin daraufhin
draussen draußen
dreick dreieck
dreissig dreißig
dreissiger dreißiger
druch durch
druchgeführt durchgeführt
duch durch
duchführen durchführen
duchführung durchführung
duchgeführt durchgeführt
duchschnitt durchschnitt
durchschlagkraft durchschlagskraft
durchsetztung durchsetzung
durschnitt durchschnitt
durschnittlich durchschnittlich
durschnittliche durchschnittliche
durschnittlichen durchschnittlichen
ebefalls ebenfalls
ebendso ebenso
ebenfall ebenfalls
ebenfals ebenfalls
editon edition
edtion edition
eifelturm eiffelturm
eigendlich eigentlich
einfluß einfluss
einflüße einflüsse
einfuss einfluss
einge einige
eingen einigen
eingentlich eigentlich
einger einiger
einges einiges
eingesetz eingesetzt
eingesetzen eingesetzten
einklich eigentlich
einordung einordnung
einschliessen einschließen
einschliesslich einschließlich
einschliesst einschließt
einzelen einzelne
einzigste einzig
eleminieren eliminieren
eleminiert eliminiert
elephant elefant
emigiert emigriert
emigiriert emigriert
emmigrant emigrant
emmigration emigration
emmigriert emigriert
emphatie empathie
emprisch empirisch
emsemble ensemble
enfernt entfernt
enfernte entfernte
enfernung entfernung
enfernungen entfernungen
engeneering engineering
enhalten enthalten
enhält enthält
enscheidung entscheidung
enstand entstand
enstanden entstanden
enstehen entstehen
ensteht entsteht
enstehung entstehung
entgeld entgelt
entgültig endgültig
entstandende entstandene
entstandt entstand
ereichen erreichen
ereignise ereignisse
ereignisen ereignissen
ereigniss ereignis
erfog erfolg
erfogreich erfolgreich
erfolgslos erfolglos
erfolgsversprechend erfolgversprechend
erfurcht ehrfurcht
ergebniss ergebnis
erkentnis erkenntnis
erkentnisse erkenntnisse
erklährt erklärt
erorbert erobert
ersmals erstmals
erstaustrahlung erstausstrahlung
erwachsenalter erwachsenenalter
erziehlen erzielen
erziehlt erzielt
estisch estnisch
ettlich etlich
eurkaryoten eukaryoten
examplar exemplar
excellent exzellent
exellent exzellent
existens existenz
expediton expedition
experimentiell experimentell
extase ekstase
famile familie
februrar februar
feburar februar
festellen feststellen
festellung feststellung
fiedrich friedrich
filmusical filmmusical
firnament firmament
fittness fitness
flektion flexion
fliessen fließen
fliesst fließt
fokusieren fokussieren
fokusiert fokussiert
fokusierung fokussierung
foschung forschung
fotographie fotografie
fotographien fotografien
fotographiert fotografiert
freidrich friedrich
freimauerei freimaurerei
friedenschluss friedensschluss
friedich friedrich
frima firma
frnaz franz
frohndienst frondienst
frohnleichnahm fronleichnam
frohnleichnam fronleichnam
fröhnen frönen
frühjar frühjahr
frühre frühere
fuenf fünf
fuer für
fuss fuß
fussball fußball
fussballer fußballer
fussballerin fußballerin
fussballspieler fußballspieler
fussballspielerin fußballspielerin
fusse fuße
fußballstadium fußballstadion
füsse füße
füst fürst
gaderobe garderobe
gallerie galerie
gallerien galerien
gallionsfigur galionsfigur
galloppieren galoppieren
garnision garnison
gebahren gebaren
gebaude gebäude
gebaüde gebäude
gebornen geborenen
gebäde gebäude
gebähren gebären
gebäuder gebäude
gedult geduld
gefäss gefäß
gegebenfalls gegebenenfalls
gegener gegner
gegn gegen
gegnüber gegenüber
gehöhren gehören
gekko gecko
gekührt gekürt
gelantine gelatine
gellery gallery
gemeinsammen gemeinsamen
gemeisam gemeinsam
gemäss gemäß
genant genannt
genanten genannten
geniessen genießen
georf georg
gesammt gesamt
gesammten gesamten
gesammter gesamter
geschichtschreiber geschichtsschreiber
geschichtschreibung geschichtsschreibung
geschiet geschieht
geschlosssen geschlossen
gesetztlich gesetzlich
gesichtpunkt gesichtspunkt
gesäht gesät
gewissermassen gewissermaßen
ghandi gandhi
giebt gibt
giessen gießen
gogle google
gothik gotik
gothisch gotisch
grabmahl grabmal
gradwanderung gratwanderung
grafitti graffiti
grießgrämig griesgrämig
groesse größe
groeße größe
grossaufgebot großaufgebot
grossbritanien großbritannien
grossbritannien großbritannien
grossbrittanien großbritannien
grossbrittannien großbritannien
grosse große
grossem großem
grossen großen
grossenteils großenteils
grosser großer
grosses großes
grossteil großteil
grossteils großteils
großbritanien großbritannien
großbrittanien großbritannien
großbrittannien großbritannien
gröhlen grölen
grösse größe
grösser größer
grössere größere
grösserem größerem
grösseren größeren
grösserer größerer
grösseres größeres
grösste größte
grössten größten
grösstenteils größtenteils
grösster größter
grösstes größtes
größenteils größtenteils
grüssen grüßen
grüsste grüßte
grüssten grüßten
guerillia guerilla
guiness guinness
guinnes guinness
guiseppe giuseppe
haetten hätten
hahnebüchen hanebüchen
handelnahme handelname
handelschiff handelsschiff
handies handys
harsadeur hasardeur
hattte hatte
haupstadt hauptstadt
haupstädte hauptstädte
haupsächlich hauptsächlich
hedgefond hedgefonds
heiratetet heiratet
heiss heiß
heisser heißer
heisst heißt
herausvorderung herausforderung
herraus heraus
herrausragend herausragend
herrrschaft herrschaft
herrrscher herrscher
herschaft herrschaft
herscher herrscher
hervorragenste hervorragendste
hexensabbatte hexensabbate
hexensabbatten hexensabbaten
hierachie hierarchie
hierachisch hierarchisch
hierführ hierfür
hiess hieß
hilfsfond hilfsfonds
hingegegen hingegen
hintegrund hintergrund
hintergund hintergrund
hinterliess hinterließ
hinterliessen hinterließen
hobbie hobby
hobbies hobbys
hochaus hochhaus
hochäuser hochhäuser
hofffnung hoffnung
hoffung hoffnung
homage hommage
häckchen häkchen
hälst hältst
höhren hören
höhrt hört
idenfiziert identifiziert
imbus inbus
imbusschlüssel inbusschlüssel
imbusschraube inbusschraube
immmer immer
inbesondere insbesondere
inclusive inklusive
independet independent
indeß indes
individiuell individuell
industie industrie
industriealisierung industrialisierung
inerhalb innerhalb
infantrie infanterie
ingeneur ingenieur
ingesamt insgesamt
ingredenzien ingredienzien
inhaltstoff inhaltsstoff
initative initiative
initator initiator
initialie initiale
initialien initialen
initieren initiieren
initiert initiiert
inititative initiative
iniziative initiative
innenaustattung innenausstattung
innenstädtisch innerstädtisch
innnerhalb innerhalb
insbruck innsbruck
insgesammt insgesamt
insitut institut
insitution institution
instituion institution
instiut institut
instiution institution
inszinieren inszenieren
inszinierung inszenierung
integiert integriert
intenational international
intepretiert interpretiert
interesant interessant
interese interesse
interesiert interessiert
intergration integration
intergriert integriert
internetpräsens internetpräsenz
interresiert interessiert
interresse interesse
interressiert interessiert
interseite internetseite
intiative initiative
inverstor investor
inwischen inzwischen
italiensch italienisch
jahhundert jahrhundert
jahhunderte jahrhunderte
jahhunderts jahrhunderts
jahrhudert jahrhundert
jahrhunder jahrhundert
jahrundert jahrhundert
jahrunderte jahrhunderte
jahrunderts jahrhunderts
jahrzent jahrzehnt
jahrzente jahrzehnte
jahundert jahrhundert
jahunderte jahrhunderte
jahunderts jahrhunderts
jakett jackett
janur januar
jarh jahr
jarhundert jahrhundert
jarhunderte jahrhunderte
jarhunderts jahrhunderts
jdoch jedoch
jedch jedoch
jeoch jedoch
jeodch jedoch
jeweil jeweils
jeweis jeweils
jospeh joseph
jounalist journalist
jubiliäum jubiläum
justitz justiz
jägerbatallion jägerbataillon
jäner jänner
kabaret kabarett
kaiserlautern kaiserslautern
kanaillie kanaille
kanaillien kanaillen
kandidad kandidat
kanditat kandidat
kappelle kapelle
karierre karriere
karisma charisma
karnibale kannibale
karrikaturist karikaturist
karrikieren karikieren
karrosserie karosserie
karrussell karussell
kasachsten kasachstan
katastrofal katastrophal
katastrofe katastrophe
katerogie ka­te­go­rie
kathegorisch kategorisch
kenntnise kenntnis
kenntniss kenntnis
kennzeichnug kennzeichnung
kentnis kenntnis
kentnisse kenntnisse
kirchtum kirchturm
klassich klassisch
klassiche klassische
klassichen klassischen
klassicher klassischer
kollonade kolonnade
kollosal kolossal
kollossal kolossal
komandant kommandant
komandanten kommandanten
komando kommando
komandos kommandos
komentar kommentar
komerziell kommerziell
komilitone kommilitone
komissar kommissar
komissariat kommissariat
komission kommission
komlett komplett
kommilitionen kommilitonen
kommision kommission
kommitee komitee
kommittee komitee
kommmen kommen
kommunkation kommunikation
kompentenz kompetenz
kompletieren komplettieren
konförderierte konföderierte
konkurenz konkurrenz
konservationslexikon konversationslexikon
konte konnte
konventionnell konventionell
korigieren korrigieren
koriphäe koryphäe
korregieren korrigieren
korregiert korrigiert
krakehlen krakeelen
krankenaus krankenhaus
kreissaal kreißsaal
kriche kirche
kriegschiff kriegsschiff
kummulieren kumulieren
kunstoff kunststoff
kunstoffe kunststoffe
könföderierte konföderierte
könglich königlich
köngreich königreich
königsreich königreich
königstum königtum
könnnen können
kügellein kügelein
künster künstler
landesaustellung landesausstellung
landesprache landessprache
landsmannschaftschaftliche landsmannschaftliche
landwirschaft landwirtschaft
landwirschaftlich landwirtschaftlich
langlich länglich
langläufig landläufig
lapalie lappalie
lassithi lasithi
lateinsch lateinisch
leibzig leipzig
leichnahm leichnam
letze letzte
letzem letztem
letzen letzten
letzendlich letztendlich
letzer letzter
letzere letztere
letzerem letzterem
letzeren letzteren
letzerer letzterer
letzeres letzteres
letzes letztes
letzlich letztlich
lexikas lexika
liason liaison
liess ließ
liesse ließe
liessen ließen
lieβ ließ
lilliputaner liliputaner
literaisch literarisch
literatisch literarisch
londonder londoner
looser loser
louisana louisiana
lousiana louisiana
luwig ludwig
lybien libyen
lybisch libysch
lybische libysche
lybischem libyschem
lybischen libyschen
lybischer libyscher
lybisches libysches
läd lädt
läser laser
läst lässt
läßt lässt
machmal manchmal
mandariene mandarine
manhatan manhattan
manhatten manhattan
manhetten manhattan
manmschaft mannschaft
mannhattan manhattan
mannschaf mannschaft
mannschaftt mannschaft
mannöver manöver
mansardach mansarddach
manschaft mannschaft
manssarddach mansarddach
markplatz marktplatz
maroko marokko
marrokko marokko
marroko marokko
marytrium martyrium
maschiene maschine
maschienen maschinen
mass maß
massgabe maßgabe
massgaben maßgaben
massgebend maßgebend
massgebende maßgebende
massgebendem maßgebendem
massgebenden maßgebenden
massgebender maßgebender
massgebendes maßgebendes
massgeblich maßgeblich
massgebliche maßgebliche
massgeblichem maßgeblichem
massgeblichen maßgeblichen
massgeblicher maßgeblicher
massgebliches maßgebliches
masslos maßlos
masslose maßlose
masslosen maßlosen
massloser maßloser
massloses maßloses
massnahme maßnahme
massnahmen maßnahmen
matematisch mathematisch
matraze matratze
medailie medaille
medaillie medaille
medailliengewinner medaillengewinner
medailliengewinnerin medaillengewinnerin
medaillion medaillon
medallie medaille
medalliengewinner medaillengewinner
medalliengewinnerin medaillengewinnerin
medizisch medizinisch
meerespiegel meeresspiegel
meeresspegel meeresspiegel
mehere mehrere
meheren mehreren
meherer mehrerer
mehrerere mehrere
mehrtätige mehrtägige
meisst meist
meistbesuchtesten meistbesuchten
meits meist
mengemässig mengenmäßig
mengenmässig mengenmäßig
mensche menschen
menscheit menschheit
menschens menschen
messystem messsystem
metereologe meteorologe
metereologie meteorologie
metereologisch meteorologisch
meterologie meteorologie
meterologisch meteorologisch
mettal metall
miesere misere
miglied mitglied
milionen millionen
militärdikatur militärdiktatur
millarde milliarde
millenium millennium
millione millionen
millitär militär
millitärisch militärisch
millon million
millonen millionen
miltitär militär
miltitärisch militärisch
miltär militär
miltärisch militärisch
minimalste minimale
minimalster minimaler
minimalstes minimales
ministerpäsident ministerpräsident
minnimal minimal
mitgleid mitglied
mitlerweile mittlerweile
mitlied mitglied
mittelater mittelalter
mittelaterlich mittelalterlich
mittelständige mittelständische
mittelständigen mittelständischen
mittelständiger mittelständischer
mittelständiges mittelständisches
mitteralter mittelalter
mitteralterlich mittelalterlich
mittglied mitglied
mittlerweilen mittlerweile
mittschnitt mitschnitt
mobilar mobiliar
mordern modern
morderne moderne
mordernen modernen
morderner moderner
mordernes modernes
morgends morgens
museeum museum
mutmasslich mutmaßlich
mutmassliche mutmaßliche
mutmasslichem mutmaßlichem
mutmasslichen mutmaßlichen
mutmasslicher mutmaßlicher
mutmassliches mutmaßliches
märtyrium martyrium
mässig mäßig
mässige mäßige
mässigem mäßigem
mässigen mäßigen
mässiger mäßiger
mässiges mäßiges
nachkommens nachkommen
nahaufname nahaufnahme
nahegelegenste nächstgelegene
naheste nächste
nahesten nächsten
namenlich namentlich
namenslos namenlos
namne namen
narzistisch narzisstisch
nationalsozialimus nationalsozialismus
nciht nicht
nervösität nervosität
neugründeten neugegründeten
nich nicht
niedersächisch niedersächsisch
niedrieg niedrig
niesche nische
nihct nicht
nix nichts
nordeutsch norddeutsch
nordeutschland norddeutschland
nordlich nördlich
numehr nunmehr
nähmlich nämlich
objekiv objektiv
obrige obige
obrigen obigen
obriger obiger
offizer offizier
offiziel offiziell
offziell offiziell
offzielle offizielle
omlett omelett
optimalste optimale
optimalster optimaler
optimalstes optimales
ordnug ordnung
organistion organisation
organsiation organisation
organsich organisch
organsisation organisation
orgeon oregon
orginal original
orginale originale
orginalen originalen
orginell originell
orignal original
orignell originell
ortstei ortsteil
ortteil ortsteil
overtüre ouvertüre
pabst papst
panel paneel
pappenstil pappenstiel
paralell parallel
parallell parallel
perifer peripher
persöhnlich persönlich
pfurzes furzes
pfürze fürze
pfürzen fürzen
phillipinen philippinen
phlöem phloëm
pinwand pinnwand
plazieren platzieren
plebiszid plebiszit
portemonee portemonnaie
progrom pogrom
prostitutierte prostituierte
präfferieren präferieren
ralleyfahrer rallyefahrer
rauh rau
rebublik republik
rechtspruch rechtsspruch
rechtstaat rechtsstaat
rechtstaatlich rechtsstaatlich
rechtwinklich rechtwinklig
rechtwinkling rechtwinklig
rechzeitig rechtzeitig
redundand redundant
reduntant redundant
reeling reling
reflektion reflexion
regelmässig regelmäßig
regelmässige regelmäßige
regelmässigem regelmäßigem
regelmässigen regelmäßigen
regelmässiger regelmäßiger
regelmässiges regelmäßiges
relgiös religiös
religiösität religiosität
religon religion
religonen religionen
religös religiös
religösen religiösen
relion religion
reliösen religiösen
remineszenz reminiszenz
rendevous rendezvous
rennaisance renaissance
rennaissance renaissance
rennome renommee
renntier rentier
renomee renommee
renomiert renommiert
renomme renommee
reperatur reparatur
repäsentieren repräsentieren
repäsentiert repräsentiert
resourcen ressourcen
ressigeur regisseur
ressurce ressource
resümmee resümee
retorik rhetorik
retorisch rhetorisch
rhytmen rhythmen
rhytmisch rhythmisch
rhytmische rhythmische
rhytmus rhythmus
richtline richtlinie
richung richtung
rigde ridge
rihgt right
riskio risiko
risko risiko
rossevelt roosevelt
russich russisch
russiche russische
russichen russischen
russicher russischer
russsich russisch
russsisch russisch
russsische russische
russsischen russischen
rythmen rhythmen
rythmisch rhythmisch
rythmische rhythmische
rythmus rhythmus
rückgrad rückgrat
rückrad rückgrat
rückrat rückgrat
sarkopharg sarkophag
sassen saßen
sattelit satellit
satzungsgemäss satzungsgemäß
schafte schaffte
scheiz schweiz
schiev schief
schlawittchen schlafittchen
schliessen schließen
schliesslich schließlich
schliesst schließt
schlieβlich schließlich
schriftseller schriftsteller
schwerpunktsmäßig schwerpunktmäßig
seeman seemann
seemänisch seemännisch
sehenwert sehenswert
sehenwürdigkeit sehenswürdigkeit
sehenwürdigkeiten sehenswürdigkeiten
seinerzeits seinerzeit
seperat separat
seperate separate
seperatem separatem
seperaten separaten
seperation separation
septmber september
septmeber september
seriösität seriosität
silouette silhouette
siluette silhouette
simmulieren simulieren
sinvoll sinnvoll
sisiphusarbeit sisyphusarbeit
situtation situation
skagerak skagerrak
skurill skurril
slowakien slowakei
sodaß sodass
sogenante sogenannte
sogenanten sogenannten
sonder sondern
souterain souterrain
souveranität souveränität
sowietunion sowjetunion
spatzieren spazieren
speziel speziell
spritualität spiritualität
sprituell spirituell
spühlen spülen
spühren spüren
staddteil stadtteil
stadmauer stadtmauer
stadtor stadttor
standart standard
standarts standards
stehgreif stegreif
stellverteten stellvertreten
stellverteter stellvertreter
stiess stieß
stimmulation stimulation
stoss stoß
stossen stoßen
stossfänger stoßfänger
stossstange stoßstange
strasse straße
strofe strophe
stömung strömung
stösst stößt
subsummieren subsumieren
subtiel subtil
sumieren summieren
sumiert summiert
sylvester silvester
symetrie symmetrie
sympatisch sympathisch
symphatie sympathie
symphatisiert sympathisiert
synomym synonym
synomyn synonym
syphon siphon
sytem system
sytematik systematik
sytematisch systematisch
sächsich sächsisch
sächsiche sächsische
sächsichen sächsischen
säkulär säkular
teakwondo taekwondo
teiweise teilweise
terasse terrasse
terassen terrassen
terrabyte terabyte
tieger tiger
tollerant tolerant
tolleranz toleranz
tollerieren tolerieren
tolleriert toleriert
totkrank todkrank
traditionel traditionell
tragikkomödie tragikomödie
trielogie trilogie
triologie trilogie
triptichon triptychon
triumf triumph
triumpf triumph
trotzdessen trotzdem
trozdem trotzdem
tryptichon triptychon
tryptychon triptychon
turismus tourismus
turist tourist
uber über
ukrainie ukraine
umbedingt unbedingt
umbennant umbenannt
umbennen umbenennen
umbennenen umbenennen
umbennennen umbenennen
umbennennung umbenennung
umbennenung umbenennung
umgangsprache umgangssprache
umgangsprachlich umgangssprachlich
umgangsprachliche umgangssprachliche
umgangsprachlicher umgangssprachlicher
umittelbar unmittelbar
unabhängikeit unabhängigkeit
unabhängkeit unabhängigkeit
unabhänig unabhängig
unabhänigkeit unabhängigkeit
unauthorisiert unautorisiert
unendgeltlich unentgeltlich
ungekehrt umgekehrt
unsymetrisch unsymmetrisch
unsympatisch unsympathisch
untergund untergrund
untericht unterricht
unterichtet unterrichtet
unteriridisch unterirdisch
unterstüzt unterstützt
unterstüzung unterstützung
urkaine ukraine
urprung ursprung
ursurpator usurpator
variert variiert
verabeitet verarbeitet
veranwtortung verantwortung
vereiningt vereinigt
vergissmeinicht vergissmeinnicht
vergleichweise vergleichsweise
vergrössern vergrößern
vergrössert vergrößert
vergrösserte vergrößerte
vergrösserten vergrößerten
vergrösserter vergrößerter
vergrössertes vergrößertes
vergrösserung vergrößerung
vergrösserungen vergrößerungen
verhaeltnismaessig verhältnismäßig
verheiratetet verheiratet
verhälst verhältst
verhältnismässig verhältnismäßig
verkündetet verkündet
verliess verließ
vermeindlich vermeintlich
verplichtet verpflichtet
verpöhnt verpönt
verschiederne verschiedene
verschleiss verschleiß
verschohnen verschonen
verspühren verspüren
verspührt verspürt
verständis verständnis
vertaglich vertraglich
verteidung verteidigung
vertäge verträge
verwaltungsitz verwaltungssitz
verwandschaft verwandtschaft
verwandschaftlich verwandtschaftlich
verzeichniss verzeichnis
veröffendlicht veröffentlicht
veröffendlichung veröffentlichung
vetrag vertrag
vetraglich vertraglich
vetraut vertraut
veträge verträge
vieleicht vielleicht
vorang vorrang
vorausichtlich voraussichtlich
vorgesetze vorgesetzte
vorkommene vorkommende
vormachtsstellung vormachtstellung
vorraussetzung voraussetzung
vorraussichtlich voraussichtlich
wachholder wacholder
walfahrer wallfahrer
warheit wahrheit
warscheinlich wahrscheinlich
webpräsens webpräsenz
wehrmutstropfen wermutstropfen
weiss weiß
weisswein weißwein
weiterere weitere
weitereren weiteren
weitesgehend weitestgehend
weißmachen weismachen
wesendlich wesentlich
wichig wichtig
wichtigeste wichtigste
widerstandkämpfer widerstandskämpfer
widerum wiederum
wiedererichtung wiedererrichtung
wiederrum wiederum
wiedersacher widersacher
wiedersetzen widersetzen
wiederspiegeln widerspiegeln
wiedersprechen widersprechen
wiedersprechend widersprechend
wiedersprechende widersprechende
wiederspruch widerspruch
wiedersprüche widersprüche
wiedersprüchlich widersprüchlich
wiedersprüchliche widersprüchliche
wiedersprüchlichen widersprüchlichen
wiederstand widerstand
wiederstandskampf widerstandskampf
wiederstehen widerstehen
wiederzuspiegeln widerzuspiegeln
wihelm wilhelm
wikipeda wikipedia
wikpedia wikipedia
wirtschaflich wirtschaftlich
wissenschaflich wissenschaftlich
wissenschafltich wissenschaftlich
wochende wochenende
wohlgesonnen wohlgesinnt
wolfang wolfgang
wolgang wolfgang
wurd wurde
währendessen währenddessen
wärend während
würtemberg württemberg
würtembergische württembergische
ziehmlich ziemlich
zuchini zucchini
änlich ähnlich
ärgerniss ärgernis
äussere äußere
äusseren äußeren
äusserer äußerer
äusseres äußeres
äussern äußern
äusserung äußerung
äusserungen äußerungen
öffenlich öffentlich
überflußes überflusses
überlicherweise üblicherweise
übersäht übersät
übrigends übrigens
