start beginn anfang starten
shop laden markt kauf
anmeldung login einloggen zugang
konto profil mitglied meinkonto
benutzer nutzer benutzername identitaet
sicher geschuetzt vertrauenswuerdig serioes
sicherheit schutz abwehr schild
pruefen bestaetigen verifizieren kontrolle
passwort kennwort pin zugangsdaten
authentifizierung autorisieren token sitzung
wiederherstellen zuruecksetzen entsperren erholen
support hilfe service beistand
kontakt erreichen verbinden anfrage
zahlung bezahlen kasse checkout
rechnung abrechnung beleg quittung
bank finanzen geld brieftasche
karte kredit debit prepaid
ueberweisung transaktion einzahlung auszahlung
krypto muenze blockchain mining
post email nachricht postfach
cloud server host hosting
web seite online netz portal
domain link adresse url
nachrichten blog presse medien
gratis geschenk bonus aktion
rabatt angebot ausverkauf gutschein
preis gewinn belohnung lotterie
beste top premium pro
offiziell authentisch echt original
neu neueste aktuell modern
schnell rasch express flink
app anwendung software werkzeug
herunterladen holen installieren einrichten
aktualisieren upgrade erneuern patch
suche finden suchen abfrage
lieferung versand paket sendung
bestellung warenkorb korb einkauf
kunde kaeufer abonnent
admin verwalten konsole uebersicht
zentrum zentrale haupt allgemein
gruppe team firma konzern
daten backup archiv speicher
foto bild galerie aufnahme
video stream ansehen abspielen
musik audio klang radio
spiel spiele spieler arcade
chat gespraech messenger direkt
sozial netzwerk gemeinschaft freunde
job arbeit karriere einstellung
gesundheit medizin klinik apotheke
reise flug hotel buchung
essen restaurant menue kueche
schule lernen kurs studium
recht juristisch gericht rechte
regierung staat ministerium oeffentlich
steuer finanzamt zoll abgabe
versicherung police schaden deckung
immobilien miete haus eigentum
auto wagen motor fahrzeug
energie strom elektrisch gas
mobil telefon sms anruf
warnung alarm hinweis dringend
abonnement mitgliedschaft tarif verlaengerung
punkte treue cashback meilen
bewertung note rezension meinung
