-
.
/
0
1
10
100
1000
1000000
1000000000
11
12
13
14
15
16
17
18
19
2
20
3
30
4
40
5
50
6
60
7
70
8
80
9
90
@
a
acht
achte
achtzehn
achtzehnte
achtzig
achtzigste
ae
alt
anfangen
arm
aufhören
außen
b
bindestrich
b̔"
c
cl
d
das
dass
di
dl
drei
dreizehn
dreizehnte
dreißig
dreißigste
dritte
dunkel
e
eins
elf
elfte
erste
f
falsch
fern
früh
fuenf
fünf
fünfte
fünfzehn
fünfzehnte
fünfzig
fünfzigste
g
geben
geschlossen
gewinnen
gross
groß
gut
h
hassen
heiß
hell
hoch
hundert
hundertste
i
ib
ih
ik
innen
j
ja
k
kalt
kaufen
klammeraffe
klein
l
langsam
lb
lc
leer
leicht
lh
lieben
lk
m
milliarde
milliardste
million
millionste
n
nach
nacht
nah
nehmen
nein
neu
neun
neunte
neunzehn
neunzehnte
neunzig
neunzigste
niedrig
nn
null
o
oben
oe
offen
p
punkt
q
r
reich
rn
rr
s
schlecht
schnell
schwach
schwer
sechs
sechste
sechzehn
sechzehnte
sechzig
sechzigste
seid
seit
sieben
siebte
siebzehn
siebzehnte
siebzig
siebzigste
slash
spät
ss
stark
strasse
straße
t
tag
tausend
tausendste
u
uber
unten
v
verkaufen
verlieren
vier
vierte
vierzehn
vierzehnte
vierzig
vierzigste
voll
vor
vv
v̇
w
wahr
x
y
z
zehn
zehnte
zwanzig
zwanzigste
zwei
zweite
zwölf
zwölfte
¡
Þ
ß
à
á
â
ã
ä
å
æ
ç
è
é
ê
ë
í
î
ï
ñ
ó
ô
ö
ø
ù
ú
û
ü
über
ý
ÿ
ă
ć
ċ
č
đ
ē
ĕ
ė
ę
ě
ğ
ġ
ģ
ĭ
ı
ł
ń
œ
ś
ţ
ŭ
ź
ż
ƈ
ƒ
ơ
ƿ
ǎ
ǐ
ǔ
ǵ
ȧ
ȯ
ɉ
ɑ
ɓ
ɗ
ɡ
ɢ
ɩ
ɫ
ɱ
ɼ
ɽ
ʀ
ʂ
ʏ
ʐ
ʙ
ʝ
ʠ
Ο
γ
ι
κ
μ
ν
ο
ρ
τ
υ
Ϝ
ϲ
ϳ
ϵ
Ϸ
Б
Г
О
Ь
а
е
к
м
н
о
р
с
т
у
х
ц
є
ѕ
і
ј
ѡ
ѵ
Ғ
ҫ
Ү
ҳ
һ
ҽ
ӓ
ӧ
ԁ
Ԍ
ԛ
ԝ
Ս
Օ
ա
գ
զ
ժ
հ
ս
ց
ا
ة
ه
١
٨
Ⴝ
Ꭵ
Ꮒ
Ꮪ
ᴍ
ᴜ
ᴢ
ᴦ
ṃ
ẋ
ạ
ẹ
ọ
ỏ
ⲕ
ꙇ
