# Words that sound alike, one group per line.
# Bangla (Bengali script). Graphemes from CLDR exemplarCharacters for bn.
বিন্দু .
অ্যাট @ at
ড্যাশ -
স্ল্যাশ /
আন্ডারস্কোর _
অন্ন অন্য
অংশ অংস
অনিল অনীল
অন্ত অন্ত্য
অবিরাম অভিরাম
আসা আশা
আপণ আপন
আবরণ আভরণ
আসক্তি আসত্তি
ইতি ইতী
উদ্ধত উদ্ধৃত
কণা কনা
কুল কূল
কেশ কেস
কোষ কোশ
কৃতি কৃতী
ক্ষুধা খুধা
গুড় গুড
চির চীর
জাত যাত
জ্বর জর
দিন দীন
দ্বিপ দ্বীপ
ধনী ধ্বনি
নীর নীড়
পণ পন
পাণি পানি
পাশ পাস
বল বাল
বাণ বান
বাদ বাধ
ভাষা ভাসা
মণি মনি
মন মণ
মূল মুল
শকট সকট
শব সব
শর সর
শাপ সাপ
শীত সিত
শুর সুর শূর
শোনা সোনা
সকল শকল
সরা শরা
হাঁস হাস
নিরত নিরথ
সমান সামান
কর্তা কর্ত্তা
দ্বীপ দীপ
নিরদ নীরদ
বিজন বীজন
সুত সূত
স্বর সর
হরি হরী
কূট কুট
