# Words habitually confused for each other, one group per line.
# Bangla (Bengali script).
# Pairs are 'wrong right'. Sourced from bn.wikipedia AutoWikiBrowser/Typos
# (the machine-readable equivalent of the common-misspellings list), plus
# hrasva/dirgha (ি/ী, ু/ূ), sibilant (শ/ষ/স), retroflex-nasal (ণ/ন) and
# য়/য confusions, and Latin transliterations of Bangla names.
bangla বাংলা
bangladesh বাংলাদেশ
bengali বাংলা
dhaka ঢাকা
chittagong চট্টগ্রাম
kolkata কলকাতা
sylhet সিলেট
rajshahi রাজশাহী
khulna খুলনা
barisal বরিশাল
rangpur রংপুর
mymensingh ময়মনসিংহ
taka টাকা
padma পদ্মা
kobita কবিতা
বাংলাদেশী বাংলাদেশি
ইংরেজী ইংরেজি
সরকারী সরকারি
বেসরকারী বেসরকারি
ব্যাক্তি ব্যক্তি
ব্যাক্তিগত ব্যক্তিগত
শ্রেণী শ্রেণি
জীবীকা জীবিকা
প্রতিযোগীতা প্রতিযোগিতা
পরিস্কার পরিষ্কার
আশ্বস্থ আশ্বস্ত
মুহুর্ত মুহূর্ত
সমপর্ক সম্পর্ক
সন্মান সম্মান
কর্তিপক্ষ কর্তৃপক্ষ
গ্রহন গ্রহণ
বর্ননা বর্ণনা
কারন কারণ
মরন মরণ
প্রয়োজনিয় প্রয়োজনীয়
সম্ভবনা সম্ভাবনা
উপরোক্ত উপর্যুক্ত
স্বরন স্মরণ
পুরষ্কার পুরস্কার
আকাংখা আকাঙ্ক্ষা
ব্যাবহার ব্যবহার
ব্যাবসা ব্যবসা
অভ্যান্তরীণ অভ্যন্তরীণ
নিরব নীরব
নিরিক্ষা নিরীক্ষা
বুদ্ধিজীবি বুদ্ধিজীবী
প্রতিদ্বন্দী প্রতিদ্বন্দ্বী
সংগে সঙ্গে
আঙ্গুল আঙুল
বাঙ্গালী বাঙালি
বাঙ্গালি বাঙালি
বেশী বেশি
কোটী কোটি
মুল্য মূল্য
মুল মূল
পুর্ব পূর্ব
পুর্ণ পূর্ণ
সুচনা সূচনা
সুত্র সূত্র
দুর দূর
দুরত্ব দূরত্ব
নুতন নতুন
ভুমি ভূমি
ভুগোল ভূগোল
ক্ষুদা ক্ষুধা
জিনিষ জিনিস
বিষেশ বিশেষ
বিশ্বাশ বিশ্বাস
পাসোয়ার্ড পাসওয়ার্ড
একাউন্ট অ্যাকাউন্ট
এ্যাকাউন্ট অ্যাকাউন্ট
সফটওয়ার সফটওয়্যার
হার্ডওয়ার হার্ডওয়্যার
নিরাপওা নিরাপত্তা
ঠীকানা ঠিকানা
লগ‌ইন লগইন
অংক অঙ্ক
অংকন অঙ্কন
অংকুর অঙ্কুর
অংগ অঙ্গ
অংগন অঙ্গন
অংগাংগী অঙ্গাঙ্গি
অকল্যান অকল্যাণ
অকারন অকারণ
অগ্রগন্য অগ্রগণ্য
অগ্রহায়ন অগ্রহায়ণ
অচিন্ত অচিন্ত্য
অচিন্ত্যনীয় অচিন্তনীয়
অঞ্জলী অঞ্জলি
অণ্বেষণ অন্বেষণ
অতিথী অতিথি
অতিব অতীব
অতিষ্ট অতিষ্ঠ
অত্যাধিক অত্যধিক
অত্যান্ত অত্যন্ত
অদ্ভূত অদ্ভুত
অদ্যপি অদ্যাপি
অদ্যবদি অদ্যাবধি
অধঃস্তন অধস্তন
অধিকরন অধিকরণ
অধীনস্ত অধীনস্থ
অধ্যাবসায় অধ্যবসায়
অধ্যায়ণ অধ্যয়ন
অধ্যূষিত অধ্যুষিত
অনিন্দসুন্দর অনিন্দ্যসুন্দর
অনু অণু
অনুকুল অনুকূল
অণুযায়ী অনুযায়ী
অণুসারে অনুসারে
অনুর্ধ্ব অনূর্ধ্ব
অনুসঙ্গ অনুষঙ্গ
অন্তকরণ অন্তঃকরণ
অন্তর্ভূক্ত অন্তর্ভুক্ত
অন্তর্মুখি অন্তর্মুখী
অন্যমনষ্ক অন্যমনস্ক
অপসৃয়মান অপসৃয়মাণ
অপাংক্তেয় অপাঙ্‌ক্তেয়
অপেক্ষমান অপেক্ষমাণ
অভিভুত অভিভূত
অভিমুখি অভিমুখী
অভ্যন্তরিক আভ্যন্তরিক
অভ্যস্থ অভ্যস্ত
অমানুসিক অমানুষিক
অমাবশ্যা অমাবস্যা
অমিতাক্ষর অমিত্রাক্ষর
অর্ধ্ব অর্ধ
অর্পণা অপর্ণা
অলংঘ অলঙ্ঘ্য
অশিরিরী অশরীরী
অসুয়া অসূয়া
অস্তমান অস্তায়মান
অহঃরহ অহরহ
অশ্রুজল অশ্রু
অধীনস্থ অধীন
অর্জ্জন অর্জন
আঁড়াআড়ি আড়াআড়ি
আঁড়িপাতা আড়িপাতা
আকষ্কিক আকস্মিক
আকাবাকা আঁকাবাঁকা
আকুতি আকূতি
আকূল আকুল
আক্রমন আক্রমণ
আটপৌড়ে আটপৌরে
আড়ষ্ঠ আড়ষ্ট
আড়ৎ আড়ত
আতংক আতঙ্ক
আত্মস্যাৎ আত্মসাৎ
আদ্যান্ত আদ্যন্ত
আদ্র আর্দ্র
আনবিক আণবিক
আনুষাঙ্গিক আনুষঙ্গিক
আপাতঃদৃষ্টে আপাতদৃষ্টে
আপাততঃ আপাতত
আপোষ আপোস
আভ্যন্তরীণ অভ্যন্তরীণ
আয়ত্ব আয়ত্ত
আয়ত্বাধীন আয়ত্তাধীন
আরাম্ভ আরম্ভ
আলিংগন আলিঙ্গন
আলোচ্যমান আলোচ্য
আশংকা আশঙ্কা
আশক্তি আসক্তি
আস্তাকুঁড় আঁস্তাকুড়
ইংগিত ইঙ্গিত
ইতঃস্তত ইতস্তত
ইতিপূর্বে ইতঃপূর্বে
ইতিমধ্যে ইতোমধ্যে
ইদানিং ইদানীং
ইয়ত্বা ইয়ত্তা
ইষ্ঠ ইষ্ট
ইষৎ ঈষৎ
ঈস্পিত ঈপ্সিত
উচিৎ উচিত
উচ্চৈস্বরে উচ্চৈঃস্বরে
উচ্ছ্বল উচ্ছল
উজ্বল উজ্জ্বল
উত্তরন উত্তরণ
উত্তরসুরী উত্তরসূরি
উত্তলন উত্তোলন
উত্যক্ত উত্ত্যক্ত
উদীচি উদীচী
উদ্দান উদ্যান
উদ্দ্যোগ উদ্যোগ
উদ্ধত্য ঔদ্ধত্য
উদ্বিঘ্ন উদ্বিগ্ন
উদ্ভিজ উদ্ভিজ্জ
উদ্ভুত উদ্ভূত
উনবিংশ ঊনবিংশ
উপকুল উপকূল
উপচার্য উপাচার্য
উপলক্ষ্য উপলক্ষ
উভয়চর উভচর
উদযাপন উদ্‌যাপন
উদযাপিত উদ্‌যাপিত
উদঘাটন উদ্‌ঘাটন
উদগ্রীব উদ্‌গ্রীব
উর্ধ্ব ঊর্ধ্ব
উর্মি ঊর্মি
উশৃঙ্খল উচ্ছৃঙ্খল
উষর ঊষর
উহ্য ঊহ্য
উৎকর্ষতা উৎকর্ষ
ঊনিশ উনিশ
এককৃত একীকৃত
একনিষ্ট একনিষ্ঠ
একভূত একীভূত
একাধিক্রমে একাদিক্রমে
এক্ষুণি এক্ষুনি
এতদ্‌সঙ্গে এতৎসঙ্গে
এতদ্‌সত্ত্বেও এতৎসত্ত্বেও
এশিয় এশীয়
ঐকবদ্ধ ঐক্যবদ্ধ
ঐক্যতা একতা
ঐক্যতান ঐকতান
ঐক্যমত ঐকমত্য
ওতঃপ্রোত ওতপ্রোত
ঔচিত্ত ঔচিত্য
কংকণ কঙ্কণ
কংকাল কঙ্কাল
কচিৎ ক্বচিৎ
কটুক্তি কটূক্তি
কতৃক কর্তৃক
কতৃত্ত্ব কর্তৃত্ব
কতৃপক্ষ কর্তৃপক্ষ
কথপোকথন কথোপকথন
কদাচিত কদাচিৎ
কনা কণা
কনিষ্ট কনিষ্ঠ
কন্ঠশিল্পী কণ্ঠশিল্পী
কন্ঠস্ত কণ্ঠস্থ
কয়েদী কয়েদি
করনিক করণিক
কর্তী কর্ত্রী
কর্মচারি কর্মচারী
কলংক কলঙ্ক
কলসী কলসি
কল্যান কল্যাণ
কল্যানীয়াষু কল্যাণীয়াসু
কল্যানীয়েসু কল্যাণীয়েষু
কষ্ঠি কষ্টি
কাঁচ কাচ
কাঁছাকাছি কাছাকাছি
কাংখিত কাঙ্খিত
কাকলী কাকলি
কাচা কাঁচা
কাতলা কাৎলা
কার্যতঃ কার্যত
কিংবদন্তী কিংবদন্তি
কিম্বা কিংবা
কুটনীতি কূটনীতি
কুৎসিৎ কুৎসিত
কূটিল কুটিল
কৃচ্ছতা কৃচ্ছ্রতা
কৃচ্ছসাধন কৃচ্ছ্রসাধন
কৃষিজীবি কৃষিজীবী
কৃষ্টিবান কৃষ্টিমান
কেন্দ্রিয় কেন্দ্রীয়
কেরাণী কেরানি
কোণাকুণি কোনাকুনি
কৌতুহল কৌতূহল
কৌতূক কৌতুক
ক্রুর ক্রূর
ক্ষীয়মান ক্ষীয়মাণ
ক্ষুন্ন ক্ষুণ্ণ
ক্ষুব্দ ক্ষুব্ধ
ক্ষেপন ক্ষেপণ
ক্ষেপনাস্ত্র ক্ষেপণাস্ত্র
খঞ্জনী খঞ্জনি
খুটিনাটি খুঁটিনাটি
খুড়ী খুড়ি
খুশী খুশি
খেতমজুর ক্ষেতমজুর
খেলাধূলা খেলাধুলা
খেলোয়ার খেলোয়াড়
খোজ খোঁজ
খোলাখোলি খোলাখুলি
গোলাপী গোলাপি
গংগা গঙ্গা
গগণ গগন
গড্ডালিকা গড্ডলিকা
গত্যান্তর গত্যন্তর
গন গণ
গননা গণনা
গনিত গণিত
গন্য গণ্য
গন্‌জ গঞ্জ
গণ্ডার গন্ডার
গবেষনা গবেষণা
গরীব গরিব
গর্ধব গর্ধভ
গাড়ী গাড়ি
গার্হস্থ গার্হস্থ্য
গীর্জা গির্জা
গুড়া গুঁড়া
গুড়ো গুঁড়ো
গৃহস্ত গৃহস্থ
গৃহিনী গৃহিণী
গৃহিত গৃহীত
গোধুলি গোধূলি
গোষ্ঠি গোষ্ঠী
গোস্পদ গোষ্পদ
গ্রন্থী গ্রন্থি
গ্রহিতা গ্রহীতা
গ্রামীন গ্রামীণ
গ্রীক গ্রিক
গ্রীস গ্রিস
ঘনিষ্ট ঘনিষ্ঠ
ঘরণী ঘরনি
ঘাটি ঘাঁটি
ঘুরাঘুরি ঘোরাঘুরি
ঘুর্ণীয়মান ঘূর্ণায়মান
ঘুর্নি ঘূর্ণি
ঘুসখোর ঘুষখোর
ঘূণ ঘুণ
ঘোষনা ঘোষণা
ঘ্রান ঘ্রাণ
চাষী চাষি
চত্তর চত্বর
চরক চড়ক
চাকরানী চাকরানি
চাকরী চাকরি
চট্রগ্রাম চট্টগ্রাম
চাতুর্যতা চাতুর্য
চীৎকার চিৎকার
চুড়মার চুরমার
চুড়ান্ত চূড়ান্ত
চূষ্য চোষ্য
চৌচিড় চৌচির
ছাকনি ছাঁকনি
ছাকা ছাঁকা
ছাত্রীবাস ছাত্রীনিবাস
ছোওয়া ছোঁয়া
ছোকড়া ছোকরা
ছোটখাট ছোটোখাটো
ছোটাছোটি ছোটাছুটি
জংগল জঙ্গল
জগত জগৎ
জঘণ্য জঘন্য
জটীল জটিল
জবানবন্দী জবানবন্দি
জরুরী জরুরি
জাগরুক জাগরূক
জাতী জাতি
জাতীয়করন জাতীয়করণ
জানুয়ারী জানুয়ারি
জেষ্ঠ্য জ্যেষ্ঠ
জৈষ্ঠ্য জ্যৈষ্ঠ
জ্বরাজীর্ণ জরাজীর্ণ
টাকশাল টাঁকশাল
টেঁকসই টেকসই
ঠাণ্ডা ঠান্ডা
ডাইনী ডাইনি
ডীন ডিন
তক্ষুণি তক্ষুনি
তছরূপ তছরুপ
তড়িত তড়িৎ
ততক্ষণাৎ তৎক্ষণাৎ
ততধিক ততোধিক
তথ্যসুত্র তথ্যসূত্র
তত্তজ্ঞান তত্ত্বজ্ঞান
তত্তাবদায়ক তত্ত্বাবধায়ক
তত্তাবধান তত্ত্বাবধান
তদসংক্রান্ত তৎসংক্রান্ত
তদানুসারে তদনুসারে
তদ্রুপ তদ্রূপ
তফাত তফাৎ
তরংগ তরঙ্গ
তরান্বিত ত্বরান্বিত
তর্জনি তর্জনী
তষ্কর তস্কর
তাঁতী তাঁতি
তাবত তাবৎ
তিতীক্ষা তিতিক্ষা
তিরষ্কার তিরস্কার
ত্বরিৎ ত্বরিত
ত্যজ্য ত্যাজ্য
ত্রান ত্রাণ
ত্রিভূজ ত্রিভুজ
তৎবিষয়ক তদ্বিষয়ক
থুত্থুরে থুত্থুড়ে
দক্ষিন দক্ষিণ
দণ্ডবত দণ্ডবৎ
দরকারী দরকারি
দরুণ দরুন
দারুন দারুণ
দিকভ্রান্ত দিগভ্রান্ত
দিক্ষা দীক্ষা
দিঘী দিঘি
দীর্ঘসূত্রিতা দীর্ঘসূত্রতা
দুতাবাস দূতাবাস
দুরবীক্ষন দূরবীক্ষণ
দুরাবস্থা দুরবস্থা
দুষ দোষ
দুষ্কৃতীকারী দুষ্কৃতকারী
দূরবীক্ষন দূরবীক্ষণ
দূরবীণ দূরবীন
দূরারোগ্য দুরারোগ্য
দূরুহ দুরূহ
দূর্গ দুর্গ
দৃঢ়করণ দৃঢ়ীকরণ
দৃষ্টিকোন দৃষ্টিকোণ
দৃষ্ঠিভঙ্গি দৃষ্টিভঙ্গি
দেদীপ্যমাণ দেদীপ্যমান
দেরী দেরি
দোষনীয় দূষণীয়
দ্বন্দ দ্বন্দ্ব
দ্বিতীয়তঃ দ্বিতীয়ত
ধজা ধ্বজা
ধরণ ধরন
ধাধা ধাঁধা
ধারন ধারণ
ধারনা ধারণা
ধুমপান ধূমপান
ধুর্ত ধূর্ত
ধুলি ধূলি
ধুসর ধূসর
ধূলা ধুলা
ধ্বনী ধ্বনি
ধ্বস ধস
ধ্বস্তাধ্বস্তি ধস্তাধস্তি
নচেত নচেৎ
নবীণ নবীন
নমষ্কার নমস্কার
নিক্কন নিক্বণ
নিন্দ্যনীয় নিন্দনীয়
নিরস নীরস
নিরুপন নিরূপণ
নিরোগ নীরোগ
নির্দোষী নির্দোষ
নির্ধনী নির্ধন
নির্নয় নির্ণয়
নিস্কাশন নিষ্কাশন
নিস্প্রভ নিষ্প্রভ
নিস্প্রয়োজন নিষ্প্রয়োজন
নিহারীকা নীহারিকা
নীচে নিচে
নীজ নিজ
নীরলস নিরলস
নূন্যতম ন্যূনতম
নৃসংশ নৃশংস
নৈশব্দ্য নৈঃশব্দ্য
ন্যয় ন্যায়
ন্যয্য ন্যায্য
নোটিস নোটিশ
পংক পঙ্ক
পংক্তি পঙক্তি
পঁচা পচা
পক্ক পক্ব
পড়শী পড়শি
পড়াশুনা পড়াশোনা
পথমধ্যে পথিমধ্যে
পথিকৃত পথিকৃৎ
পন্য পণ্য
পরবর্তীতে পরবর্তীকালে
পরমানু পরমাণু
পরষ্পর পরস্পর
পরাস্থ পরাস্ত
পরিনাম পরিণাম
পরিবহণ পরিবহন
পরিমান পরিমাণ
পরিষ্ফুট পরিস্ফুট
পশ্চাদপট পশ্চাৎপট
পশ্চাদপদ পশ্চাৎপদ
পশ্চাৎগামী পশ্চাদগামী
পশ্চাৎভূমি পশ্চাদভূমি
পারদর্শীতা পারদর্শিতা
পারমানবিক পারমাণবিক
পার্বন পার্বণ
পালংক পালঙ্ক
পাষান পাষাণ
পিচাশ পিশাচ
পির পীর
পিঠস্থান পীঠস্থান
পিপিলিকা পিপীলিকা
পুংখানুপুংখ পুঙ্খানুপুঙ্খ
পুজা পূজা
পুণবিবেচনা পুনর্বিবেচনা
পুন্য পুণ্য
পুর্ন পূর্ণ
পুস্করিনী পুষ্করিণী
পূজো পুজো
পূবালী পুবালি
পূর্ণগঠন পুনর্গঠন
পৈত্রিক পৈতৃক
পোষাক পোশাক
পৌনঃপৌনিক পৌনঃপুনিক
পৌরহিত্য পৌরোহিত্য
প্রজ্জলন প্রজ্বলন
প্রজ্জলিত প্রজ্বলিত
প্রণয়ণ প্রণয়ন
প্রতিকুল প্রতিকূল
প্রত্যয়ণ প্রত্যায়ন
প্রথমতঃ প্রথমত
প্রধানতঃ প্রধানত
প্রনালী প্রণালি
প্রণালী প্রণালি
প্রনয়ন প্রণয়ন
প্রনিধান প্রণিধান
প্রবাহমাণ প্রবহমান
প্রবীন প্রবীণ
প্রভুত প্রভূত
প্রয়ান প্রয়াণ
প্রশস্থ প্রশস্ত
প্রসংগ প্রসঙ্গ
প্রসংশা প্রশংসা
প্রাংগন প্রাঙ্গণ
প্রাণপন প্রাণপণ
প্রানীজগৎ প্রাণীজগৎ
প্রানীবিদ্যা প্রাণীবিদ্যা
ফলতঃ ফলত
ফলপ্রসু ফলপ্রসূ
ফাল্গুণ ফাল্গুন
ফেব্রুয়ারী ফেব্রুয়ারি
বংগ বঙ্গ
বনষ্পতি বনস্পতি
বনিক বণিক
বন্টন বণ্টন
বন্দোপাধ্যায় বন্দ্যোপাধ্যায়
বয়ষ্ক বয়স্ক
বয়োকনিষ্ট বয়ঃকনিষ্ঠ
বর্ণালী বর্ণালি
বর্ত্তমান বর্তমান
বর্ষন বর্ষণ
বাঁশী বাঁশি
বাকদত্তা বাগদত্তা
বাঞ্চনীয় বাঞ্ছনীয়
বাঞ্চা বাঞ্ছা
বাড়ী বাড়ি
বাদুর বাদুড়
বানিজ্য বাণিজ্য
বিদ্যান বিদ্বান
বিবাদমান বিবদমান
বিপদগ্রস্থ বিপদগ্রস্ত
বিপদজনক বিপজ্জনক
বিপনন বিপণন
বিপনী বিপণী
বিশ্বস্থ বিশ্বস্ত
বিষ্ফোরণ বিস্ফোরণ
বীভৎস্য বীভৎস
ব্যকরণ ব্যাকরণ
ব্যপক ব্যাপক
ব্যহত ব্যাহত
ব্যাতিক্রম ব্যতিক্রম
ব্যাথা ব্যথা
ব্যাপি ব্যাপী
ব্যাবধান ব্যবধান
ব্যাভিচার ব্যভিচার
ব্যায় ব্যয়
ব্যার্থ ব্যর্থ
ব্যুৎপত্তি বুৎপত্তি
ব্রাক্ষণ ব্রাহ্মণ
ভংগ ভঙ্গ
ভংগী ভঙ্গি
ভংগুর ভঙ্গুর
ভনিতা ভণিতা
ভবিষ্যৎবাণী ভবিষ্যদ্বাণী
ভরনপোষণ ভরণপোষণ
ভষ্ম ভস্ম
ভাষ্কর ভাস্কর
ভিখারী ভিখারি
ভিরু ভীরু
ভীড় ভিড়
ভুড়ি ভুঁড়ি
ভুতপূর্ব ভূতপূর্ব
ভুমিষ্ট ভূমিষ্ঠ
ভুয়সী ভূয়সী
ভুরিভোজন ভূরিভোজন
ভূবন ভুবন
ভূয়া ভুয়া
ভূল ভুল
ভৌগলিক ভৌগোলিক
ভ্রমন ভ্রমণ
ভ্রাম্যমান ভ্রাম্যমাণ
ভ্রুক্ষেপ ভ্রূক্ষেপ
মজুরী মজুরি
মণিষা মনীষা
মনমালিন্য মনোমালিন্য
মনিষী মনীষী
মন্ত্রনালয় মন্ত্রণালয়
ময়ুর ময়ূর
মরুদ্যান মরূদ্যান
মশারী মশারি
মস্তিস্ক মস্তিষ্ক
মহত্ত মহত্ত্ব
মহামতী মহামতি
মহামারি মহামারী
মহিয়সী মহীয়সী
মাংশ মাংস
মানিক্য মানিক
মাসী মাসি
মাহাত্ম মাহাত্ম্য
মিতালী মিতালি
মিমাংসা মীমাংসা
মিরিচিকা মরীচিকা
মুখস্ত মুখস্থ
মুঢ় মূঢ়
মুত্র মূত্র
মুদ্রন মুদ্রণ
মুমুর্ষ মুমূর্ষ
মুর্খ মূর্খ
মুর্তি মূর্তি
মুর্ধন্য মূর্ধন্য
মুষ্ঠি মুষ্টি
মুহূর্মুহু মুহুর্মুহু
মুহ্যবান মোহ্যমান
মূখ্য মুখ্য
মূল্যায়ণ মূল্যায়ন
মৃয়মান ম্রিয়মাণ
মোটামোটি মোটামুটি
মৌনতা মৌন
যক্ষা যক্ষ্মা
যথেষ্ঠ যথেষ্ট
যদ্যাপি যদ্যপি
যন্ত্রনা যন্ত্রণা
যাদুঘর জাদুঘর
রংগ রঙ্গ
রঙিণ রঙিন
রঙ্গিণ রঙ্গিন
রূপালী রুপালি
রথি রথী
রসায়ণ রসায়ন
রাংগামাটি রাঙ্গামাটি
রামায়ন রামায়ণ
রাষ্ট্রিয় রাষ্ট্রীয়
রূপায়ন রূপায়ণ
রোপন রোপণ
লংকা লঙ্কা
লংঘন লঙ্ঘন
লক্ষী লক্ষ্মী
লক্ষ্যণীয় লক্ষণীয়
লঘুকরণ লঘূকরণ
লজ্জাষ্কর লজ্জাকর
লবন লবণ
লাইব্রেরী লাইব্রেরি
লাবন্য লাবণ্য
শংকর শঙ্কর
শংকা শঙ্কা
শংকিত শঙ্কিত
শরীক শরিক
শশাংক শশাঙ্ক
শশুর শ্বশুর
শশ্মান শ্মশান
শাড়ী শাড়ি
শারীরীক শারীরিক
শাশুড়ী শাশুড়ি
শিরচ্ছেদ শিরশ্ছেদ
শিরধার্য শিরোধার্য
শিরনাম শিরোনাম
শিরমণি শিরোমণি
শুভাকাংখী শুভাকাঙ্খী
শুশ্রুষা শুশ্রূষা
শূণ্য শুন্য
শৃংখলা শৃঙ্খলা
শ্বাশত শাশ্বত
শ্রদ্ধাঞ্জলী শ্রদ্ধাঞ্জলি
শ্রদ্ধাভাজনীয় শ্রদ্ধাভাজন
শ্রদ্ধাষ্পদ শ্রদ্ধাস্পদ
শ্রমজীবি শ্রমজীবী
শ্রাবন শ্রাবণ
শ্রীমতি শ্রীমতী
শ্রেষ্ট শ্রেষ্ঠ
ষষ্ট ষষ্ঠ
ষষ্ঠদশ ষোড়শ
সংগা সংজ্ঞা
সংগী সঙ্গী
সখ শখ
সতীন সতিন
সত্বেও সত্ত্বেও
সত্যয়িত সত্যায়িত
সদ্যজাত সদ্যোজাত
সদ্যস্নাত সদ্যঃস্নাত
সৌন্দর্য্য সৌন্দর্য
স্বাগতম স্বাগত
সৌজন্যতা সৌজন্য
সনাক্ত শনাক্ত
সন্মানীত সম্মানীত
সন্মুখ সম্মুখ
সন্মেলন সম্মেলন
সমীচিন সমীচীন
সম্বরণ সংবরণ
সম্বর্ধনা সংবর্ধনা
সম্বলিত সংবলিত
সরণী সরণি
সরনী সরণি
সর্বাঙ্গীন সর্বাঙ্গীণ
সলজ্জিত সলজ্জ
সশংকিত সশঙ্ক
সহকারি সহকারী
সাংগ সাঙ্গ
সাক্ষাতকার সাক্ষাৎকার
সাড়াশী সাঁড়াশি
সাধারন সাধারণ
সান্তনা সান্ত্বনা
সামগ্রীক সামগ্রিক
সৌখিন শৌখিন
স্বচ্ছল সচ্ছল
স্বরস্বতী সরস্বতী
স্বস্ত্রীক সস্ত্রীক
স্বাতন্ত্র স্বাতন্ত্র্য
স্বাধীকার স্বাধিকার
স্বায়ত্ত্বশাসন স্বায়ত্তশাসন
স্মরন স্মরণ
স্রোতঃস্বতী স্রোতস্বতী
হীনমন্যতা হীনম্মন্যতা
হৃদপিণ্ড হৃৎপিণ্ড
হৃদস্পন্দন হৃৎস্পন্দন
হৃৎরোগ হৃদরোগ
