# A number, then the words denoting it: 1 one first
# Bangla (Bengali script). Graphemes from CLDR exemplarCharacters for bn.
0 শূন্য
1 এক প্রথম
2 দুই দ্বিতীয়
3 তিন তৃতীয়
4 চার চতুর্থ
5 পাঁচ পঞ্চম
6 ছয় ষষ্ঠ
7 সাত সপ্তম
8 আট অষ্টম
9 নয় নবম
10 দশ দশম
11 এগারো একাদশ
12 বারো দ্বাদশ
13 তেরো ত্রয়োদশ
14 চোদ্দ চতুর্দশ
15 পনেরো পঞ্চদশ
16 ষোলো ষোড়শ
17 সতেরো সপ্তদশ
18 আঠারো অষ্টাদশ
19 উনিশ ঊনবিংশ
20 বিশ বিংশ
21 একুশ একবিংশ
22 বাইশ দ্বাবিংশ
23 তেইশ ত্রয়োবিংশ
24 চব্বিশ চতুর্বিংশ
30 ত্রিশ ত্রিংশ
40 চল্লিশ চত্বারিংশ
50 পঞ্চাশ পঞ্চাশত্তম
60 ষাট ষষ্টিতম
70 সত্তর সপ্ততিতম
80 আশি অশীতিতম
90 নব্বই নবতিতম
100 একশো শততম
1000 হাজার সহস্র
100000 লাখ লক্ষ
1000000 মিলিয়ন
10000000 কোটি
1000000000 বিলিয়ন
