# Words of like meaning, one group per line.
# Bangla (Bengali script). Graphemes from CLDR exemplarCharacters for bn.
শুরু আরম্ভ সূচনা চালু
দোকান বাজার স্টোর কেনাকাটা
লগইন প্রবেশ সাইনইন প্রবেশাধিকার
অ্যাকাউন্ট প্রোফাইল হিসাব সদস্য
ব্যবহারকারী ইউজার নাম পরিচয়
নিরাপদ সুরক্ষিত বিশ্বস্ত ভরসা
নিরাপত্তা সুরক্ষা প্রতিরক্ষা ঢাল
যাচাই নিশ্চিত পরীক্ষা প্রমাণীকরণ
পাসওয়ার্ড গুপ্তকথা পিন সংকেত
অনুমোদন প্রমাণীকরণ টোকেন সেশন
পুনরুদ্ধার রিসেট ফিরিয়ে আনলক
সহায়তা সাহায্য সেবা সাপোর্ট
যোগাযোগ সংযোগ অনুসন্ধান অনুরোধ
পরিশোধ পেমেন্ট চেকআউট টাকাদিন
বিল চালান রসিদ বিলিং
ব্যাংক অর্থ টাকা মানিব্যাগ
কার্ড ক্রেডিট ডেবিট প্রিপেইড
স্থানান্তর লেনদেন জমা উত্তোলন
ক্রিপ্টো কয়েন ব্লকচেইন মাইনিং
ডাক ইমেইল বার্তা ইনবক্স
ক্লাউড সার্ভার হোস্ট হোস্টিং
ওয়েব সাইট অনলাইন নেটওয়ার্ক পোর্টাল
ডোমেইন লিংক ঠিকানা url
সংবাদ ব্লগ প্রেস মিডিয়া
ফ্রি উপহার বোনাস অফার
ছাড় ডিসকাউন্ট সেল কুপন
পুরস্কার জয় ইনাম লটারি
সেরা শীর্ষ প্রিমিয়াম প্রো
অফিসিয়াল আসল খাঁটি মূল
নতুন সর্বশেষ তাজা আধুনিক
দ্রুত ঝটপট এক্সপ্রেস তাৎক্ষণিক
অ্যাপ অ্যাপ্লিকেশন সফটওয়্যার টুল
ডাউনলোড নামান ইনস্টল সেটআপ
আপডেট আপগ্রেড নবায়ন প্যাচ
খোঁজ অনুসন্ধান সার্চ কোয়েরি
ডেলিভারি শিপিং পার্সেল ট্র্যাকিং
অর্ডার কার্ট ঝুড়ি কেনা
গ্রাহক ক্রেতা ক্লায়েন্ট সাবস্ক্রাইবার
অ্যাডমিন ব্যবস্থাপনা কনসোল ড্যাশবোর্ড
কেন্দ্র প্রধান মূল হাব
দল টিম কোম্পানি প্রতিষ্ঠান
ডেটা ব্যাকআপ আর্কাইভ স্টোরেজ
ছবি ইমেজ গ্যালারি ফটো
ভিডিও স্ট্রিম দেখুন প্লে
সংগীত অডিও শব্দ রেডিও
গেম খেলা খেলোয়াড় আর্কেড
চ্যাট আলাপ মেসেঞ্জার লাইভ
সোশ্যাল কমিউনিটি বন্ধু ফলোয়ার
চাকরি কাজ ক্যারিয়ার নিয়োগ
স্বাস্থ্য চিকিৎসা ক্লিনিক ফার্মেসি
ভ্রমণ ফ্লাইট হোটেল বুকিং
খাবার রেস্তোরাঁ মেনু রান্নাঘর
স্কুল শিখুন কোর্স পড়াশোনা
আইন আইনি আদালত অধিকার
সরকার রাষ্ট্র মন্ত্রণালয় সরকারি
কর রাজস্ব শুল্ক ভ্যাট
বিমা পলিসি দাবি কভার
সম্পত্তি ভাড়া বাড়ি জমি
অটো গাড়ি মোটর যানবাহন
বিদ্যুৎ শক্তি পাওয়ার গ্যাস
মোবাইল ফোন এসএমএস কল
সতর্কতা সাবধান বিজ্ঞপ্তি জরুরি
সাবস্ক্রিপশন সদস্যপদ প্ল্যান নবায়ন
পয়েন্ট লয়্যালটি ক্যাশব্যাক মাইল
রিভিউ রেটিং মতামত মন্তব্য
