# A number, then the words denoting it: 1 one first
# Kazakh in Cyrillic script (42 letters). The Latin alphabet Kazakhstan is transitioning to is deliberately not used here; pkg/kb ships kbdkaz (Cyrillic) and CLDR kk is Cyrillic.
0 нөл нөлінші
1 бір бірінші
2 екі екінші
3 үш үшінші
4 төрт төртінші
5 бес бесінші
6 алты алтыншы
7 жеті жетінші
8 сегіз сегізінші
9 тоғыз тоғызыншы
10 он оныншы
11 онбір онбірінші
12 онекі онекінші
13 онүш онүшінші
14 онтөрт онтөртінші
15 онбес онбесінші
16 оналты оналтыншы
17 онжеті онжетінші
18 онсегіз онсегізінші
19 онтоғыз онтоғызыншы
20 жиырма жиырмасыншы
21 жиырмабір
22 жиырмаекі
23 жиырмаүш
24 жиырматөрт
30 отыз отызыншы
40 қырық қырқыншы
50 елу елуінші
60 алпыс алпысыншы
70 жетпіс жетпісінші
80 сексен сексенінші
90 тоқсан тоқсаныншы
100 жүз жүзінші
200 екіжүз
300 үшжүз
400 төртжүз
500 бесжүз
600 алтыжүз
700 жетіжүз
800 сегізжүз
900 тоғызжүз
1000 мың мыңыншы
1000000 миллион миллионыншы
1000000000 миллиард миллиардыншы
