# Words of like meaning, one group per line.
# Kazakh in Cyrillic script (42 letters). The Latin alphabet Kazakhstan is transitioning to is deliberately not used here; pkg/kb ships kbdkaz (Cyrillic) and CLDR kk is Cyrillic.
бастау старт басталу ашу
дүкен маркет базар сатыпалу
кіру логин кіріс қолжетімділік
аккаунт профиль кабинет есептікжазба
пайдаланушы қолданушы логин атау
қауіпсіз сенімді қорғалған тексерілген
қауіпсіздік қорғаныс күзет қалқан
тексеру растау расталу бақылау
құпиясөз пароль пин код
авторизация аутентификация токен сеанс
қалпынакелтіру тіктеу қайтару ашу
қолдау көмек қызмет жәрдем
байланыс хабарласу қосылу сұраныс
төлеу төлем касса төлемақы
шот фактура түбіртек шотфактура
банк қаржы ақша әмиян
карта несие дебет кредит
аударым транзакция салым шешу
крипто монета блокчейн майнинг
пошта email хабарлама хат
бұлт сервер хост хостинг
веб сайт онлайн желі портал
домен сілтеме мекенжай url
жаңалық блог баспасөз медиа
тегін сыйлық бонус промо
жеңілдік сатылым ұсыныс купон
жүлде ұтыс сыйақы лотерея
үздік топ премиум про
ресми шынайы түпнұсқа нағыз
жаңа соңғы жаңарған заманауи
жылдам тез шапшаң экспресс
қосымша бағдарлама софт құрал
жүктеу алу орнату баптау
жаңарту жаңғырту ұзарту патч
іздеу табу сұрау іздеңіз
жеткізу жөнелту сәлемдеме қадағалау
тапсырыс себет сатыпалу рәсімдеу
клиент тұтынушы жазылушы сатыпалушы
әкімші басқару консоль панель
орталық түйін негізгі жалпы
топ команда компания корпорация
деректер сақтықкөшірме мұрағат қойма
фото сурет галерея кескін
видео стрим көру ойнату
музыка аудио дыбыс радио
ойын ойындар ойыншы аркада
чат сөйлесу мессенджер тікелей
әлеуметтік желі қауымдастық достар
жұмыс вакансия мансап жалдау
денсаулық медицина клиника дәріхана
саяхат рейс қонақүй брондау
тамақ мейрамхана мәзір асхана
мектеп оқу курс білім
заң заңды сот құқық
үкімет мемлекет министрлік мемқызмет
салық кіріс кеден баж
сақтандыру полис талап өтемақы
жылжымайтын жалдау үй мүлік
авто көлік мотор автокөлік
энергия қуат электр газ
мобильді телефон смс қоңырау
ескерту дабыл хабарландыру шұғыл
жазылым мүшелік тариф ұзарту
ұпай бонустар кэшбэк миль
пікір рейтинг баға көзқарас
