# The language's vocabulary, one word per line.
# Kazakh in Cyrillic script (42 letters). The Latin alphabet Kazakhstan is transitioning to is deliberately not used here; pkg/kb ships kbdkaz (Cyrillic) and CLDR kk is Cyrillic.
%
*
+
-
.
/
0
1
10
100
1000
1000000
1000000000
11
12
13
14
15
16
17
18
19
2
20
200
21
22
23
24
3
30
300
4
40
400
5
50
500
6
60
600
7
70
700
8
80
800
9
90
900
@
A
B
C
E
H
I
K
M
O
P
T
X
Y
_
a
ae
b
bl
b̔"
c
cl
d
di
dl
e
email
f
g
h
i
ib
ih
ik
j
k
l
lO
lb
lc
lh
lk
m
n
nn
o
oe
p
q
r
rn
rr
s
ss
t
u
url
v
vv
v̇
w
x
y
z
¡
Þ
ß
à
á
â
ã
ä
å
æ
ç
è
é
ê
ë
í
î
ï
ñ
ó
ô
ö
ø
ù
ú
û
ü
ý
þ
ÿ
ă
ć
ċ
č
đ
ē
ĕ
ė
ę
ě
ğ
ġ
ģ
ĭ
ı
ĸ
ł
ń
œ
ś
ţ
ŭ
ź
ż
Ƅ
ƅ
ƅi
ƈ
Ə
ƒ
Ɩ
ơ
Ʒ
ƿ
ǀ
ǎ
ǐ
ǔ
ǝ
ǵ
Ȝ
ȧ
ȯ
Ʌ
ɉ
ɑ
ɓ
ɗ
ə
ɜ
ɡ
ɢ
ɣ
ɩ
ɪ
ɫ
ɯ
ɱ
ɸ
ɼ
ɽ
ʀ
ʂ
ʍ
ʏ
ʐ
ʙ
ʜ
ʝ
ʠ
Ο
γ
ι
κ
μ
ν
ο
ρ
τ
υ
Ϝ
ϲ
ϳ
ϵ
Ϸ
Ѐ
Ё
Ѓ
І
Ї
Ќ
Ѝ
Ў
А
Б
В
Г
Е
Ж
З
И
Й
К
Л
М
Н
О
Р
С
Т
У
Х
Ч
Ы
Ь
Э
Ю
а
аайнинг
аайыз
аалым
аалқын
аанель
аароль
аатч
аатыпалу
ааяхат
аақсат
авоо
авто
автобус
автоеөлік
автоколик
автоколік
автокөлик
автокөліа
автокөлік
авторизациф
авторизация
авторрзация
авть
ага
агаш
адаа
адам
адрес
адресс
адсм
аебеп
аегізінші
аезім
аексен
аемлекет
аенімді
аз
аиллиард
ай
айел
айкулак
айкұлақ
айқулақ
айқүлақ
айқұлак
айқұлақ
айқұлаө
акау
акаунт
акаунтым
аке
акикат
акимши
акиқат
аккауни
аккаунт
аккаунтым
акксунт
акша
акімші
алаяктык
алаяктық
алаящтық
алаяқтыз
алаяқтык
алаяқтық
алга
алеуметтик
алеуметтік
алея
алка
аллея
алмати
алматч
алматы
алмсты
алпывыншы
алпыс
алпысыншв
алпысыншы
алпыч
алрыс
алсиз
алсіз
алтуншы
алтц
алты
алтыжуз
алтыжүз
алтыжүө
алтыншф
алтыншы
алтяжүз
алу
альы
алға
алғк
амиян
ана
аонета
аотор
апа
апарат
аппарат
апра
апта
аптобус
аптс
араан
арип
аркада
аркадк
аркпда
аркылы
арман
армап
аррқа
артең
артка
артқа
артқп
аріп
арқылч
арқылы
арқялы
ас
асаан
аскерту
аспан
аспап
астана
астанк
астанна
астпна
астынгысызык
астынғысызық
астысызык
астысызық
астысызыө
астычызық
астыңгысызық
астыңғысызык
астыңғысызыщ
астыңғысызық
астыңғясызық
асхана
асхане
асхмна
атак
атау
атву
атрим
аувр
аударым
аударыс
аудерым
аудил
аудио
аулио
аурет
аурухана
ауруханк
ауруъана
аутентийикация
аутентификациф
аутентификация
ауцл
аучз
ауыд
ауыз
ауыл
ауын
ауыр
ауыь
ашу
аыйақы
аысық
аяк
аяқ
аіздің
аға
ағаш
ағаү
ағкш
ақ
ақау
ақац
ақеу
ақикат
ақиқар
ақиқат
ақиөат
ақша
ақше
ақұа
аң
аүлік
аұраныс
аұрағат
аәдениет
аәзір
аөзқарас
аөйлесу
аөмек
б
ба
бабыл
бавы
бага
багдарлама
багк
баж
базар
базат
бай
байланыс
байланыч
байлсныс
бакылау
бакытты
бала
балв
балык
балық
балыұ
банк
бану
бапрау
баптак
баптау
бардық
барлык
барлық
барлыұ
бас
басиау
баскару
басоалу
баспасоз
баспасөз
баспасөщ
баспесөз
басталу
басталц
бастау
бастаі
басы
бася
басқару
басқарң
басөару
бауыс
баща
бащық
баыу
баяу
баяі
баға
бағдарлама
бағдарламе
бағдатлама
бағм
бақар
бақутты
бақцлау
бақылау
бақылаі
бақыттф
бақытты
баңа
бе
бейбитшилик
бейбитшілік
бейбіршілік
бейбітшилік
бейбітшілик
бейбітшілів
бейбітшілік
беректер
бес
бесжуз
бесжүз
бесжүқ
бесинши
бесинші
бесэүз
бесінши
бесіншц
бесінші
бесңнші
би
биз
биздин
биздің
билик
билим
билік
билім
биліу
бир
бирак
бирақ
биринши
бирінші
бищік
блог
блоквейн
блокчейе
блокчейн
блор
бльг
богус
боз
болим
болме
болім
бонуатар
бонув
бонус
бонустап
бонустар
бос
бостар
броедау
брондак
брондау
бугатталган
бугин
бугін
бузылган
бузылған
бул
булт
буғатталған
бідім
біз
біздиң
біздін
біздіғ
біздің
бізлің
біиақ
білим
біліа
білім
бір
бірак
бірақ
біраұ
біринші
бірінши
біріншц
бірінші
бірңнші
бүгин
бүгіе
бүгін
бүүін
бұгатталған
бұзылган
бұзылғаг
бұзылған
бұзышған
бұл
бұлт
бұль
бұшт
бұғатталган
бұғатталған
бұғатталғар
бұғатьалған
бәрі
бәрігер
бөбім
бөдме
бөлим
бөлме
бөлмн
бөліи
бөлім
в
вабинет
вакансиф
вакансия
вакарсия
валық
вапалы
вату
ватыпалушы
вағат
вақтықкөшірме
ввтокөлік
веб
вебет
вегіз
вегізжүз
ведей
вейін
вигус
видел
видео
вилео
вирус
вируч
влиент
влпыс
влты
влға
вобака
воғыс
вркада
встана
вурухана
вуыр
вуық
вуәлік
выйлық
выртында
вілтеме
вітап
вқиқат
вәлем
вәсіп
г
газ
галереы
галерея
галлерея
галнрея
гана
гемесе
гміт
гнсегізінші
гнүш
грам
грамм
грнату
гул
гылым
гүкте
гүл
д
да
дабыл
дабыщ
дала
далс
даптер
дари
даригер
дарихана
дарі
дарігер
даріхана
дастау
дауап
дауым
дауыс
даша
даьыл
даяу
дағдарлама
даңалық
даңалықтар
даңарған
даңды
даңсыз
даңыс
де
дебео
дебет
деее
дейин
дейін
дейіп
деккөру
делет
дене
денп
денсаулык
денсаулық
денсаулыө
денсвулық
деректег
деректер
дереғтер
десжүз
деті
дефис
дефич
децис
децін
деңіл
диырмаекі
диянкес
доиен
домен
домер
дос
досиық
доспар
досрар
достаг
достар
достык
достық
достыө
дрондау
дукен
дыбыв
дыбыс
дыюыс
діздің
дүкег
дүкен
дүуен
дұзылған
дұлт
дәпиер
дәптео
дәптер
дәри
дәригер
дәрихана
дәрі
дәрігег
дәрігер
дәрізана
дәріхана
дәріханп
дәрң
дәрәгер
дәті
дөлім
е
еана
еауқас
еесие
еино
еки
екижуз
екижүз
екинши
екинші
екі
екігші
екіжуз
екіжүз
екіжүқ
екінши
екіншц
екінші
екіэүз
ел
елпысыншы
елу
елуинши
елуинші
елуінши
елуіншц
елуінші
елуңнші
ем
еортал
ер
ередит
ериең
ерофиль
ерта
ерте
ертен
ертеғ
ертең
ертқа
ерье
есептикжазба
есептікжазба
есептікжазбм
есептіңжазба
есик
ескерту
ескертц
ески
есккрту
ескі
ескә
еспан
есук
есік
есіғ
есңі
ет
етау
еудио
еупон
ешки
ешку
ешкі
ешғі
еэшбэк
еіріс
ең
еүзет
еүндіз
еөңіл
ж
жабв
жабу
жавыл
жаду
жаз
жаза
жазп
жазулым
жазыбушы
жазылушу
жазылушы
жазылым
жазылыс
жаиық
жакап
жаксы
жала
жалган
жалдау
жалдац
жалзау
жалкан
жалпы
жалпя
жалған
жалғап
жамаг
жаман
жана
жаналык
жаналыктар
жаналық
жаналықтар
жанарган
жанарту
жанарған
жанбыр
жангырту
жане
жанғырту
жардем
жарык
жарыщ
жарық
жас
жасан
жасыл
жасыщ
жауа
жауае
жауап
жашпы
жаща
жащсы
жақсу
жақсы
жаңа
жаңалуқтар
жаңалык
жаңалыктар
жаңалық
жаңалықтап
жаңалықтар
жаңалыұ
жаңапған
жаңарган
жаңарту
жаңартц
жаңарған
жаңарғап
жаңбыг
жаңбыр
жаңгырту
жаңерту
жаңлыр
жаңп
жаңплық
жаңғырту
жаңғыртң
жаңғярту
жеиі
жеккору
жеккөру
жеккөры
жекғөру
жел
жели
желц
желі
жене
женил
женилдик
женилис
женис
женіл
женілдік
женіліс
женіс
жер
жети
жетижуз
жетижүз
жетинши
жетинші
жетиіс
жеткiзу
жеткизу
жеткізк
жеткізу
жетпис
жетписинши
жетписінші
жетпім
жетпімінші
жетпіс
жетпісинші
жетпісінши
жетпісіншц
жетпісінші
жетунші
жетуізу
жеті
жетіжуз
жетіжүз
жетіжүқ
жетінши
жетінші
жетіншә
жетң
жетәжүз
жеуіс
жещі
жеііл
жеңил
жеңилдік
жеңиліс
жеңис
жеңуліс
жеңіа
жеңіл
жеңілдик
жеңілдік
жеңілдің
жеңілис
жеңіліс
жеңіліч
жеңіс
жеңішдік
жеңіщ
жиыриабір
жиыриаүш
жиырма
жиырмабир
жиырмабіп
жиырмабір
жиырмаеки
жиырмаекі
жиырмаекә
жиырмасыншв
жиырмасыншы
жиырматорт
жиырматөри
жиырматөрт
жиырмауш
жиырмаүл
жиырмаүш
жиырмвсыншы
жиырме
жиырметөрт
жиырпаекі
жиытма
жогары
жок
жол
жонелту
жосмар
жоспар
жоспат
жостық
жоғарц
жоғары
жоғпры
жоқ
жуз
жузинши
жузінші
жуктеу
жулде
жулдыз
жулдызша
жумыс
журек
жыбы
жыдқы
жыл
жылдаа
жылдам
жылжам
жылжыиайтын
жылжымайтын
жылжымайтыр
жылкы
жылу
жылы
жылқц
жылқы
жүгек
жүз
жүзинші
жүзцнші
жүзінши
жүзіншу
жүзінші
жүкреу
жүктек
жүктеу
жүлде
жүлдк
жүоде
жүрек
жүреу
жұлдвзша
жұлдыз
жұлдызша
жұлдызшк
жұлдыщ
жұлзыз
жұмым
жұмыс
жұсыс
және
жәнғ
жәрбем
жәрдеа
жәрдем
жәре
жөнелту
жөнелты
жөнплту
з
завыт
зазылушы
залай
залдау
залық
замаеауи
заманауи
заманаут
зан
занды
зансыз
зара
зауды
зауыт
зауыь
зауіп
зауіпті
зақсы
заң
заңбыр
заңвыз
заңдв
заңды
заңсыз
заңсых
звездочка
звездочкк
звезжочка
зебет
зейін
зенсаулық
зеткізу
зетпісінші
ззен
зиырмабір
зияекес
зияндц
зиянды
зиянкем
зиянкес
зияпды
зиғашсызық
злім
золданушы
золдау
зорғалған
зосылу
зоңыр
зтемақы
зызыл
зылдам
зүзінші
зүкен
зүктеу
зұпиясөз
зұрал
зұттықтау
зәптер
зәріхана
и
иайдаланушы
иалап
иансап
иаркет
иедиа
иейс
иекеме
иектеп
иемқызмет
иерезе
издениз
издеу
издеңіз
ииллиардыншы
ииллион
иинус
ини
интеинет
интернер
интернет
интернетт
ині
иокен
иоғызыншы
иоқсаныншы
ит
ишинде
ишінде
иыңыншы
иікелей
иіктеу
иұрын
иұғалім
иә
иәуелсіздік
й
йлсіз
ймиян
к
кабинет
кабинеь
кабмнет
кагта
кадагалау
кадағалау
каз
казак
казакстан
казақ
казақстан
кайда
кайтару
какансия
кала
калай
калам
калкан
калпынакелтиру
калпынакелтіру
калқан
кампания
камса
кан
кант
кар
кара
карангы
караңғы
каржы
карта
картв
карындас
кас
каса
касип
касса
кассв
касіп
кате
кауип
кауипсиз
кауипсиздик
кауипти
кауымдастык
кауымдастық
кауіп
кауіпсіз
кауіпсіздік
кауіпті
кашан
квто
квторизация
кдам
кедей
кеден
кедеп
кедеф
кейин
кейіг
кейін
келей
кескин
кескін
кескіп
кесғін
кецін
кеш
кеша
кеше
кешириниз
кеширіңіз
кешіриңіз
кешірініз
кешіріңиз
кешіріңід
кешіріңіз
кешітіңіз
кеще
кеюен
кигашсызык
кидео
ким
кино
кинт
кирис
киро
киру
киріс
китап
киши
киші
киғашсызық
кккаунт
ккіжүз
ккінші
клас
класс
клигика
клиено
клиент
клиника
клиникв
клиғнт
клматы
клтыжүз
код
коз
козкарас
козқарас
кой
койма
кок
коктем
кол
колданушы
колдау
колектив
колжетимдилик
колжетімділік
колик
коллектив
колік
команда
команде
комек
комерция
комисия
комиссия
коммерция
коммнда
компаниы
компания
компбютер
компмния
компьютеп
компьютер
конакуй
конақүй
конгрес
конгресс
конил
консолб
консоль
кончоль
коныр
конырау
коп
коргалган
корганыс
корпооация
корпорациы
корпорация
кору
корғалған
корғаныс
косу
косылу
косымша
кофе
кофэ
кош
коше
коңыр
коңырау
коңіл
кредио
кредит
крещит
криито
крипто
криптш
крқылы
кстыңғысызық
куалик
куалік
куат
кудикти
кудікті
куеон
кужат
куз
кузет
куй
кукык
кулак
кун
кундиз
кундіз
куос
купиясоз
купог
купон
курал
курс
курч
кус
кутентификация
куттыктау
куш
кушти
кушті
куәлик
куәліе
куәлік
куәоік
кшкі
кыз
кызмет
кызыл
кылым
кыркыншы
кырык
кырық
кырқыншы
кыс
кыска
кысқа
кэшбек
кэшбэк
кэшбэң
кэшьэк
кім
кініс
кірап
кірис
кіру
кіры
кірім
кіріс
кітап
кітар
кіту
кіши
кіші
кішә
кіщі
күдикті
күдцкті
күдікти
күдікту
күдікті
күжет
күз
күзет
күзеь
күй
күн
күндиз
күндіз
күндіқ
күнщіз
күш
күшти
күшту
күшті
күұті
кұжат
кұлақ
кұпиясөз
кұрал
кұс
кұттықтау
кұқық
кәвіп
кәсип
кәсіп
кәсір
көз
көзкарас
көзқарас
көзқарач
көзқсрас
көк
көктеа
көктем
көкьем
көл
көлик
көлік
көліу
көмек
көмеғ
көніл
көоу
көп
көпек
көрв
көру
көша
көше
көще
көщік
көііл
көңил
көңіл
көңіь
л
лайланыс
лалық
ларлық
ласпасөз
ласталу
лақытты
лйнату
лйын
ллокчейн
лнбесінші
лнекінші
лнжетінші
логин
логип
логын
лонин
лонустар
лотереф
лотерея
лоткрея
лыбыс
лірақ
лқушы
лүгін
лөлме
м
ма
мабақ
мадениет
мазир
мазір
май
майнинг
майнинр
майпинг
максат
мал
манвап
мансан
мансап
марает
маркео
маркет
мақаат
мақсаи
мақсат
мақтандыру
ме
медиа
медис
медицина
медицинм
медиәина
мееің
мейраихана
мейрамхана
мейрамханм
мекегжай
мекеме
мекемғ
мекенжай
мекенжаф
мекпме
мекреп
мектеп
мектер
мемкызмет
мемлекеи
мемлекет
мемлекеттик
мемлекеттік
мемлекеттіғ
мемлеңеттік
мемлккет
мемқцзмет
мемқызмео
мемқызмет
мен
менин
мениң
менім
менін
меніғ
менің
мервер
мессегджер
мессенджер
мессенджет
метал
металл
мещиа
мибь
милб
милбион
милиард
милион
миллиапдыншы
миллиард
миллиардыншв
миллиардыншы
миллиарщ
миллион
миллионыншч
миллионыншы
миллиоп
миллитныншы
миллрард
миль
минисирлік
министрлик
министрліе
министрлік
минуа
минус
мирус
млтыншы
млэш
мнтернет
мобильди
мобильдц
мобильді
мобищьді
монета
монетм
монкта
мооор
мотоп
мотор
мофт
моңы
мтарт
мугалим
мударым
музей
музеә
музчка
музыка
музыке
мулик
мулік
мурагат
мурағат
мурын
мухей
мушелик
мушелік
муғалім
мыаық
мызықша
мын
мыныншы
мысал
мысащ
мысык
мысық
мысыұ
мычал
мың
мыңчншы
мыңыншу
мыңыншы
мқау
мүлик
мүлік
мүліғ
мүшелик
мүшелів
мүшелік
мүшплік
мүьік
мұгалім
мұнын
мұрагат
мұрау
мұрағаи
мұрағат
мұрақ
мұрсғат
мұрын
мұрып
мұғалим
мұғалім
мұғаліп
мұғвлім
мәдениеи
мәдениет
мәдепиет
мәдір
мәзир
мәзіп
мәзір
н
нагыз
надио
наеыз
налерея
нан
натиже
наукас
науқав
науқас
науөас
нағыз
нағыщ
нақмет
не
негизги
негизгі
негізги
негізгі
негізгң
негәзгі
немесе
немесн
немие
немксе
несие
несик
нлюс
нол
нолинши
нолт
ноль
нолінші
нощь
нроцент
нсептікжазба
нукте
нікір
нүате
нүкте
нүктк
нәтиже
нәтижғ
нәтмже
нөл
нөлинші
нөлунші
нөлінши
нөлінші
нөліншә
о
оарих
оасталу
оехника
оеңіз
озен
оире
ой
ойнату
ойнаті
ойнкту
ойцн
ойыг
ойыедар
ойын
ойындаг
ойындар
ойыншц
ойыншы
ойыпшы
оку
окушы
ол
олаг
олапдың
олар
олардын
олардығ
олардың
олим
олмр
олім
омир
омір
он
онай
оналиыншы
оналтв
оналты
оналтыншу
оналтыншы
онаоты
онбес
онбесинши
онбесинші
онбесінши
онбесінші
онбесіншң
онбеч
онбечінші
онбир
онбиринши
онбирінші
онбін
онбір
онбіринші
онбірінши
онбірінші
онбіріншң
онбітінші
ондес
ондір
онеки
онекинши
онекинші
онекц
онекі
онекінши
онекінші
онекіншң
онекәнші
онер
онжерінші
онжети
онжетинши
онжетинші
онжеті
онжетінши
онжетіншу
онжетінші
онжетә
онжпті
онлайн
онлайр
онлпйн
оннкі
онсегиз
онсегизинши
онсегизінші
онсегузінші
онсегіз
онсегізинші
онсегізінши
онсегізінші
онсегізіншә
онсегіх
онспгіз
онтогыз
онтогызыншы
онторт
онтортинши
онтортінші
онтоғчзыншы
онтоғыз
онтоғызыншу
онтоғызыншы
онтоғыщ
онтшғыз
онтһрт
онтөрр
онтөррінші
онтөрт
онтөртинші
онтөртінши
онтөртіншу
онтөртінші
онуш
онушинши
онушінші
онфң
онык
онын
оныншф
оныншы
оныпшы
оның
онүш
онүшинші
онүшінши
онүшінші
онүшіншң
онүшәнші
онүұ
онұш
оотфактура
ормаг
орман
орнату
орнатң
орнсту
орсан
орталыз
орталык
орталық
ортвлық
осы
от
оте
отемакы
отемақы
отиниш
отирик
отуз
отыз
отызчншы
отызыншу
отызыншы
отыщ
отініш
отірік
оуралы
оығу
оқвшы
оқу
оқушы
оқушя
оң
оңай
оңац
оңей
оүйе
оұтынушы
оөлем
п
па
пайдаланушф
пайдаланушы
пайдащанушы
пайыж
пайыз
панело
панель
панкль
парлль
парол
паролл
пароло
пароль
патч
паты
пафыз
паьч
пе
пегізгі
пенің
песми
пикир
пикір
пиль
пин
пинистрлік
пйқұлақ
плбс
плуінші
плюа
плюс
поезд
пойзд
полиа
полис
полта
пороал
портаб
портал
почта
пошис
пошта
поштс
ппта
пргмо
премиуи
премиум
пресиум
прман
про
програма
программа
пройент
пройиль
промо
промт
професор
профессор
профило
профиль
процент
процень
процес
процесс
прте
пстысызық
пузыка
пуыл
пысал
пікир
пікіо
пікір
піуір
пғаш
пүшелік
пәсімдеу
пәтиже
р
рабио
рабу
радио
радиь
ракмет
рамаша
рариф
расимдеу
расоау
расралу
расталу
расталі
растау
растац
расімдеу
рағыз
рақмеи
рақмет
рақпет
реами
рейм
рейс
рейтинг
рейтинү
рейьинг
рексеру
релефон
ресми
ресмм
рефс
рйыншы
рнбір
рнлайн
рнтөрт
ролис
ролы
роль
рошта
рремиум
рромо
ріркеу
рүпнұсқа
рәсимдеу
рәсіидеу
рәсімдев
рәсімдеу
рөлеу
рөлінші
рөлқұжат
рөртінші
с
сабаз
сабак
сабақ
сабым
сагат
сагы
саеат
сайр
сайт
сайыт
сактандыру
сактыккоширме
сактықкөшірме
салақ
салем
салемдеме
салкын
салыи
салык
салым
салық
салыұ
салқыг
салқын
салұын
сан
саоу
сапалф
сапалы
сапелы
сарф
сары
сату
сатц
сатыеалу
сатылыа
сатылым
сатыпалу
сатыпалушц
сатыпалушы
сатыпалі
сатыпплушы
сатялым
сафт
саьық
саяхат
саяхаь
саяһат
сағаи
сағат
сақтандыру
сақтандыры
сақтардыру
сақтыккөшірме
сақтықеөшірме
сақтықкошірме
сақтықкөширме
сақтықкөшірма
сақтықкөшірме
сеанв
сеанс
себеи
себен
себеп
себет
сегиз
сегизжуз
сегизжүз
сегизинши
сегизінші
сегіж
сегіз
сегізжуз
сегізжүз
сегізжүө
сегізинші
сегізінши
сегізінші
сегізіншң
сегіқжүз
сегің
сегіөінші
седет
седицина
сезим
сезіи
сезім
сейрамхана
секенжай
сексег
сексегінші
сексен
сексенинши
сексенинші
сексенінши
сексеніншц
сексенінші
секчен
семлекеттік
сен
сеним
сенимди
сенимді
сенин
сениң
сенім
сенімди
сенімді
сенімдң
сенін
сеніп
сеніу
сенің
сенәмді
сепнс
сервеи
сервер
серуер
серім
сесия
сессенджер
сессия
сешіз
сеьеп
сеөім
сивр
сиз
сиздин
сиздің
силлионыншы
силтеме
сирус
сиын
сиыр
сиякты
сияқтф
сияқты
сияөты
слаяқтық
слъш
слэш
слэү
смс
собака
собакк
собильді
собпка
согыс
соз
сойлесу
сол
сонгы
соны
сонғы
сот
соуы
софо
софт
соят
соғыс
соғыч
соғғы
соңгы
соңу
соңы
соңыс
соңғф
соңғы
спаа
спам
сппм
ссхана
старо
старт
стврт
стним
стрии
стрим
су
сувқ
сузей
супет
сур
сурак
сураныс
сурау
сурақ
сурет
суреь
сут
суыз
суык
суық
суыұ
сую
сызчқша
сызыкша
сызықша
сызықше
сыйакы
сыйақы
сыйақя
сыйдық
сыйкқы
сыйлык
сыйлық
сыйлыұ
сыртунда
сыртында
сыртындв
сіз
сіздиң
сіздін
сіздіғ
сіздің
сізюің
сілоеме
сілтеме
сілтемп
сқша
сүт
сүю
сұнақ
сұр
сұраз
сұрак
сұраным
сұраныс
сұрау
сұраы
сұрақ
сұркныс
сұтау
сәдем
сәлеидеме
сәлем
сәлемдеме
сәлемдемк
сәлес
сөз
сөйбесу
сөйлесу
сөйлесы
т
та
тааақ
табв
табу
тагиф
таду
талаа
талап
тамаз
тамак
тамаша
тамашк
тамақ
тампша
тан
тапих
тапсцрыс
тапсырыа
тапсырыс
тариф
тарих
тариъ
тариы
тас
тастау
тау
тауелсиздик
тауелсіздік
тащап
таң
те
теато
театр
тевтр
тегин
тегін
тегіп
тез
тейтинг
тек
текаеру
тексепілген
тексерилген
тексеру
тексеруу
тексерц
тексерілген
тексерілгеп
телефое
телефон
телифон
телнфон
телофон
тениз
теніз
теразе
терезе
терезк
територия
территория
техеика
техника
техникс
теііз
теңиз
теңіз
теңіх
теүін
тикелей
тиктеу
тил
тире
тиркеу
тирп
тис
тите
тйындар
тлар
тналтыншы
тнбірінші
тнтоғызыншы
тнтөртінші
тогыз
тогызжуз
тогызжүз
тогызыншы
тоз
токен
токер
токсан
токсаныншы
толем
толемакы
толемақы
толеу
толкужат
толч
толы
толқұжат
томен
топ
торт
тортжуз
тортжүз
тортинши
тортінші
тос
точка
точкс
тоыка
тоьы
тоғыдыншы
тоғыжжүз
тоғыз
тоғызжуз
тоғызжүз
тоғызжүқ
тоғызыншф
тоғызыншы
тоғых
тоқван
тоқсагыншы
тоқсан
тоқсаныншц
тоқсаныншы
тоқсап
тоңен
тоңыз
транзакциы
транзакция
транзмкция
трман
ттызыншы
тубиртек
тубіртек
туз
туйе
туйин
туйін
тун
тупнуска
тупнұсқа
тур
туралы
тураля
турклы
тус
тутынушы
тікелей
тікелец
тікнлей
тіктев
тіктеу
тікьеу
тіл
тірвеу
тіркеу
тіркец
тіс
түбиртек
түбінтек
түбіртек
түбіртең
түйа
түйе
түйин
түйін
түйіп
түн
түпнусқа
түпнщсқа
түпнұска
түпнұсқа
түпнұсқм
түр
түс
түфін
түәе
тұз
тұтыеушы
тұтынушы
тұтынушя
тәуелміздік
тәуелсиздік
тәуелсіздик
тәуелсіздік
тәуелсіздіғ
төаен
төдеу
төз
төлеаақы
төлев
төлеи
төлем
төлемакы
төлемақы
төлемақя
төлеу
төлкұжат
төлқужат
төлқщжат
төлқұжаи
төлқұжат
төмен
төмеп
төнт
төоем
төро
төрржүз
төрт
төртжуз
төртжүд
төртжүз
төртинші
төртунші
төртінши
төртінші
төртіншә
төс
у
уакыт
уақыт
уақыь
уаұыт
уеше
узарту
уздик
уздік
узын
укимет
укімет
улкен
улт
умит
уміт
уорпорация
упай
урланган
урланған
усыныс
утыс
уурс
ушжуз
ушжүз
ушин
ушинши
ушін
ушінші
уіші
уөктем
уөру
уөше
ф
факиура
фактура
фактуре
фишинг
фишинн
фиштнг
фооо
фото
фотр
фстық
х
хабанлама
хабанласу
хабап
хабар
хабарлама
хабарламс
хабарландыру
хабарландырң
хабарласу
хабарласі
хабарлма
хабарлсндыру
хабу
хадар
хадық
хазылым
халпы
халык
халық
халыұ
хаманауи
хат
хауыт
хаңа
хеңіліс
хиырмасыншы
хмір
хнер
хнергия
хоат
хокей
хоккей
хоси
хосоинг
хост
хостинг
хостинн
хоғары
хылы
хүрек
хұлдызша
хәрдем
ц
цактура
цздеңіз
цріп
цшінде
ч
чайт
чары
чат
чатылым
чеанс
чексенінші
ченің
чиыр
чияқты
чоңғы
чпам
чәлемдеме
ш
шай
шапоаң
шапшан
шапшаі
шапшаң
шеоу
шешу
шешц
шздік
шлардың
шналты
шнсегіз
шның
шнүшінші
шоп
шот
шотерея
шотфактура
шотфактурп
шотфаутура
шрталық
шсыныс
шугыл
шуғыл
шшжүз
шшін
шыгу
шынайф
шынайы
шындык
шындық
шындыұ
шынейы
шынзық
шығк
шығу
шыңу
шұгыл
шұеыл
шұғыл
шұғыо
шөп
щ
щала
щалам
щалпынакелтіру
щалқан
щант
щате
щауымдастық
щвездочка
щефис
щиянды
щойма
щомен
щоңырау
щтыс
щысқа
щұлақ
ъ
ъабарлама
ъабарласу
ъкспресс
ълектр
ы
ыақыт
ыишинг
ыстык
ыстыщ
ыстық
ысьық
ь
ьазар
ьала
ьамақ
ьанк
ьапсырыс
ьасқару
ьаға
ьеатр
ьегін
ьексерілген
ьесінші
ьилік
ьнбес
ьнекі
ьнжеті
ьнтоғыз
ьныншы
ьогин
ьонус
ьочка
ьоғыз
ьоғызжүз
ьоқсан
ьранзакция
ьтыз
ьілім
ьірінші
ьңай
ьүбіртек
ьүйін
ьұғатталған
ьөлемақы
ьөмен
ьөрт
ьөртжүз
э
эабарландыру
эаза
эалған
эаман
эарық
эасыл
эаңғырту
эетпіс
эетіжүз
эетінші
эеңіс
эиырма
эиырматөрт
эиырмаүш
экспиесс
экспресс
экспресч
электо
электр
элеутр
эненгия
энергич
энергия
эост
эостинг
эұлдыз
эұмыс
эәне
эөнелту
ю
юаптау
юасы
юақылау
юаңарту
юейбітшілік
юелі
юеңілдік
юлог
юылжымайтын
юылқы
юүлде
я
яото
ѐ
ё
ѓ
є
ѕ
і
із
іздаңіз
ізденіз
іздеу
іздеы
іздеңиз
іздеңіз
іздеңіө
ізюеу
ійел
ікімші
ілеуметтік
іни
іні
іс
ішинде
ішінде
ішіндн
ішіпде
ї
ј
ќ
ѝ
ў
ѡ
ѵ
Ғ
ғ
ғага
ғана
ғанм
ғарта
ғасса
ғлиника
ғомпьютер
ғскі
ғсік
ғылыа
ғылым
ғыщым
ғөлік
қ
қабай
қавіп
қадагалау
қадакалау
қадам
қадағалав
қадағалау
қажақ
қаз
қазаз
қазак
қазакстан
қазащстан
қазақ
қазақстан
қазақстанн
қазақстап
қазақстн
қаижы
қайда
қайдм
қайрару
қайтарк
қайтару
қала
қалай
қалам
қалас
қалаә
қалзан
қалкан
қалм
қалпынавелтіру
қалпынакелтиру
қалпынакелтіру
қалпынакелтірц
қалқае
қалқан
қан
қана
қани
қант
қаое
қапт
қар
қара
қаранғы
қараңгы
қараңғч
қараңғы
қаржч
қаржы
қарс
қарсңғы
қарыгдас
қарындав
қарындас
қас
қате
қатк
қауип
қауипсіз
қауипсіздік
қауипті
қауымдастык
қауымдастық
қауымдастыұ
қауымзастық
қауіисіз
қауім
қауіп
қауіпвіздік
қауіпсиз
қауіпсиздік
қауіпсід
қауіпсіз
қауіпсіздик
қауіпсіздік
қауіпсіздің
қауіпти
қауіпті
қауіптң
қауәпті
қацда
қашан
қашар
қаьа
қаүан
қзарту
қигашсызық
қиғашсызык
қиғашсызық
қиғашсызыө
қиғашчызық
қову
қой
қойма
қоймк
қол
қолдак
қолданушу
қолданушы
қолдау
қолдмнушы
қолжетимділік
қолжетімдилік
қолжетімділик
қолжетімділік
қолжетімділіу
қолжетңмділік
қоллау
қонакүй
қонақуй
қонақүй
қонақүә
қонмқүй
қоныр
қонырау
қоргалған
қорганыс
қорғалган
қорғалғаг
қорғалған
қорғаныа
қорғаныс
қорғвлған
қорғкныс
қоск
қосу
қосцмша
қосчлу
қосылу
қосылы
қосымша
қосымшс
қофма
қош
қоіыр
қоңыо
қоңыр
қоңырау
қоңыраң
қоңярау
қпай
қрланған
қтініш
қуар
қуат
қует
қужат
қулақ
қупиясөз
қурал
қус
қуттықтау
қуқық
қыақа
қыгық
қыжыл
қыз
қызиет
қызмер
қызмет
қызыл
қызымет
қызыь
қыркыншы
қырык
қырыщ
қырық
қырқыншч
қырқыншы
қырқяншы
қыс
қыска
қысқа
қысқм
құжар
құжат
құкық
құлак
құлақ
құлаұ
құнал
құпифсөз
құпиясоз
құпиясөд
құпиясөз
құрал
құраь
құс
құттфқтау
құттыктау
құттықтак
құттықтау
құщық
құьақ
құэат
құқыз
құқык
құқық
ң
ңеден
ңескін
ңешіріңіз
ңздеу
ңоманда
ңомпания
ңонсоль
ңрипто
ңіру
ңүдікті
ңүшті
ҫ
Ү
ү
үзбік
үздик
үздік
үздіғ
үзын
үй
үкимет
үкімеи
үкімет
үкіпет
үлеен
үлкее
үлкен
үмит
үміт
үміь
үмәт
үш
үшжуз
үшжүз
үшжүх
үшзүз
үшин
үшинші
үшун
үшігші
үшіе
үшін
үшінши
үшіншц
үшінші
ұ
ұадағалау
ұайда
ұапшаң
ұараңғы
ұаржы
ұарындас
ұашан
ұешу
ұзарту
ұзарты
ұзатту
ұзвн
ұзын
ұзыр
ұкімет
ұлкен
ұлт
ұолжетімділік
ұпай
ұпац
ұпкй
ұрланган
ұрланған
ұрланғап
ұрларған
ұсыныс
ұсыныч
ұсыпыс
ұтчс
ұтым
ұтыс
ұуат
ұшінші
ұызмет
ұынайы
ұындық
ұырық
ұырқыншы
ұұжат
ұұғыл
ҳ
һ
һабар
һтірік
ҽ
Ӂ
ӂ
Ӑ
ӑ
Ӓ
ӓ
Ӗ
ӗ
Ә
ә
әйел
әйеш
әйғл
әке
әкимші
әкімши
әкімші
әкімшң
әкісші
әлаіз
әлеуметтик
әлеуметтів
әлеуметтік
әлеумнттік
әлсиз
әлсіз
әлсіщ
әмиян
әмияп
әмпян
ән
әр
әрип
әруп
әріи
әріп
Ӛ
ӛ
Ӝ
ӝ
Ӟ
ӟ
Ӣ
ӣ
Ӥ
ӥ
Ӧ
ӧ
Ө
ө
өазақ
өазақстан
өайтару
өауіпсіз
өауіпсіздік
өзан
өзее
өзен
өлим
өлум
өлім
өліс
өмир
өміг
өмір
өмәр
өнеи
өнер
өнғр
өонақүй
өорғаныс
өосу
өосымша
өте
өтемакы
өтемақф
өтемақы
өтепақы
өтиніш
өтирік
өтігіш
өтіниш
өтініг
өтініш
өтіпік
өтірик
өтіріе
өтірік
өұқық
Ӫ
ӫ
Ӭ
ӭ
Ӯ
ӯ
Ӱ
ӱ
Ӳ
ӳ
Ӵ
ӵ
Ӹ
ӹ
ԁ
Ԍ
ԛ
ԝ
Ս
Օ
ա
գ
զ
ժ
հ
ս
ց
ا
ة
ه
١
٨
Ⴝ
Ꭵ
Ꮒ
Ꮪ
ᴄ
ᴈ
ᴋ
ᴍ
ᴎ
ᴏ
ᴑ
ᴙ
ᴛ
ᴜ
ᴡ
ᴢ
ᴦ
ᴫ
ᶌ
ṃ
ẋ
ạ
ẹ
ọ
ỏ
ỿ
ⲕ
ꙇ
Ꝫ
Ɜ
Ꭓ
Ꞵ
ꬲ
ꬽ
ꭇ
ꭈ
ꭚ
