پیل شروع پیلامه پیلول
پلورنځی بازار پیرودل هټۍ
ننوتل ننوتنه لاسرسی login
حساب پروفایل غړی زماحساب
کارن کارنوم پیژندنه
خوندي ساتل باوري ډاډمن
امنیت ساتنه دفاع ډال
تایید تصدیق پلټنه ډاډ
پټنوم رمز پین پیژندپاڼه
واک تصدیقول ټوکن ناسته
بیاترلاسه بیاتنظیم راګرځول خلاصول
ملاتړ مرسته خدمت لاسنیوی
اړیکه وصل غوښتنه تماس
تادیه ورکړه صندوق پیسېورکړه
بیلنګ رسید انوایس محاسبه
بانک مالي پیسې کڅوړه
کارت اعتباري ډیبیټ مخکېورکړل
لیږد راکړه زېرمه ایستل
کریپټو سکه بلاکچین کیندنه
پست بریښنالیک پیغام راغلي
ورېځ سرور هوسټ کوربتوب
ویب پاڼه آنلاین شبکه پورټال
ډومین لینک پته url
خبرونه بلاګ مطبوعات رسنۍ
وړیا ډالۍ انعام وړاندیز
تخفیف بیه پلور کوپن
جایزه ګټل بدله لاټري
غوره لوړ ممتاز پرو
رسمي اورجینل ریښتینی اصیل
نوی وروستی تازه عصري
چټک ګړندی اکسپرس سمدستي
اپلیکیشن پروګرام سافټویر وسیله
ډاونلوډ ترلاسه نصب تنظیم
تجدید اپګریډ نویکول پیچ
لټون موندل پلټل پوښتنه
رسول واستول بسته څارنه
فرمایش ټوکرۍ پیرودنه بشپړول
پیرودونکی پیرونکی ګډونوال
اډمین اداره کنسول پینل
مرکز اصلي عمومي غوټه
ډله ټیم شرکت کمپنۍ
معلومات بیکاپ ارشیف زېرمتون
عکس انځور ګالري تصویر
ویډیو سټریم کتل غږول
موسیقي غږ اډیو راډیو
لوبه لوبې لوبغاړی ارکید
چټ خبرې مسنجر ژوندی
ټولنیز ټولنه ملګري څارونکي
دنده کار مسلک ګمارنه
روغتیا طبي کلینیک درملتون
سفر الوتنه هوټل بکنګ
خواړه رستوران مینو پخلنځی
ښوونځی زده کورس تعلیم
قانون حقوقي محکمه حقونه
حکومت دولت وزارت عامه
مالیه عواید ګمرک محصول
بیمه پالیسي زیان پوښښ
ملکیت کرایه کور جایداد
موټر ګاډی انجن وسایط
انرژي بریښنا ځواک ګاز
موبایل تلیفون پیغامونه زنګ
خبرداری الارم اطلاع بیړني
ګډون غړیتوب پلان اوږدول
ټکي وفاداري کیشبیک میل
کتنه درجه غبرګون نظر
