-
.
0
1
10
2
3
4
5
6
7
8
9
@
آ
أ
أحمد
ؤ
إ
إسلام
ئ
ا
اتم
اته
اتیا
احمد
اسلام
اووم
اووه
اویا
اټ
ب
بد
ة
ت
تالب
ث
ثابت
ج
ح
حال
حساب
خ
د
درې
درېیم
دوه
دوهم
دېرش
ذ
ذکر
ر
ز
زر
زرور
زلم
زکر
س
سابت
سبر
سل
سهت
سړه
ش
شل
شپږ
شپږم
شپېته
ص
صبر
صحت
صفر
ض
ضرور
ط
طالب
ظ
ظلم
ع
غ
ف
ق
ك
كي
ل
لس
لسم
لومړی
لوړ
م
ن
نقطه
نه
نهم
نهه
نوي
ه
هال
هساب
هو
و
ى
ي
يې
٠
١
١٠
٢
٣
٤
٥
٦
٧
٨
٩
ٱ
ټ
ټکي
ټیټ
پ
پنځم
پنځه
پنځوس
ځ
څ
څلور
څلورم
څلوېښت
چ
ډ
ډش
ړ
ږ
ژ
ښ
ښه
ک
کې
ګ
ګرمه
گ
ڼ
ۀ
ی
یو
یې
ۍ
ې
۰
۱
۱۰
۱۰۰
۱۰۰۰
۲
۲۰
۳
۳۰
۴
۴۰
۵
۵۰
۶
۶۰
۷
۷۰
۸
۸۰
۹
۹۰
ﻙ
ﻩ
ﻱ
